Component: ARM Compiler 5.06 update 1 (build 61) Tool: armlink [4d35a8]

==============================================================================

Section Cross References

    main.o(i.assert_nrf_callback) refers to app_error.o(i.app_error_handler) for app_error_handler
    main.o(i.battery_level_meas_timeout_handler) refers to ble_bas.o(i.ble_bas_battery_level_update) for ble_bas_battery_level_update
    main.o(i.battery_level_meas_timeout_handler) refers to app_error.o(i.app_error_handler_bare) for app_error_handler_bare
    main.o(i.battery_level_meas_timeout_handler) refers to main.o(.data) for .data
    main.o(i.battery_level_meas_timeout_handler) refers to main.o(.bss) for .bss
    main.o(i.ble_evt_dispatch) refers to device_manager_peripheral.o(i.dm_ble_evt_handler) for dm_ble_evt_handler
    main.o(i.ble_evt_dispatch) refers to ble_cscs.o(i.ble_cscs_on_ble_evt) for ble_cscs_on_ble_evt
    main.o(i.ble_evt_dispatch) refers to ble_bas.o(i.ble_bas_on_ble_evt) for ble_bas_on_ble_evt
    main.o(i.ble_evt_dispatch) refers to ble_conn_params.o(i.ble_conn_params_on_ble_evt) for ble_conn_params_on_ble_evt
    main.o(i.ble_evt_dispatch) refers to bsp_btn_ble.o(i.bsp_btn_ble_on_ble_evt) for bsp_btn_ble_on_ble_evt
    main.o(i.ble_evt_dispatch) refers to main.o(i.on_ble_evt) for on_ble_evt
    main.o(i.ble_evt_dispatch) refers to ble_advertising.o(i.ble_advertising_on_ble_evt) for ble_advertising_on_ble_evt
    main.o(i.ble_evt_dispatch) refers to main.o(.bss) for .bss
    main.o(i.ble_stack_init) refers to softdevice_handler.o(i.softdevice_handler_init) for softdevice_handler_init
    main.o(i.ble_stack_init) refers to app_error.o(i.app_error_handler_bare) for app_error_handler_bare
    main.o(i.ble_stack_init) refers to softdevice_handler.o(i.softdevice_enable_get_default_config) for softdevice_enable_get_default_config
    main.o(i.ble_stack_init) refers to softdevice_handler.o(i.sd_check_ram_start) for sd_check_ram_start
    main.o(i.ble_stack_init) refers to softdevice_handler.o(i.softdevice_enable) for softdevice_enable
    main.o(i.ble_stack_init) refers to softdevice_handler.o(i.softdevice_ble_evt_handler_set) for softdevice_ble_evt_handler_set
    main.o(i.ble_stack_init) refers to softdevice_handler.o(i.softdevice_sys_evt_handler_set) for softdevice_sys_evt_handler_set
    main.o(i.ble_stack_init) refers to main.o(.bss) for .bss
    main.o(i.ble_stack_init) refers to main.o(i.ble_evt_dispatch) for ble_evt_dispatch
    main.o(i.ble_stack_init) refers to main.o(i.sys_evt_dispatch) for sys_evt_dispatch
    main.o(i.bsp_event_handler) refers to main.o(i.sleep_mode_enter) for sleep_mode_enter
    main.o(i.bsp_event_handler) refers to app_error.o(i.app_error_handler_bare) for app_error_handler_bare
    main.o(i.bsp_event_handler) refers to ble_advertising.o(i.ble_advertising_restart_without_whitelist) for ble_advertising_restart_without_whitelist
    main.o(i.bsp_event_handler) refers to main.o(.data) for .data
    main.o(i.conn_params_error_handler) refers to app_error.o(i.app_error_handler_bare) for app_error_handler_bare
    main.o(i.csc_meas_timeout_handler) refers to main.o(i.csc_sim_measurement) for csc_sim_measurement
    main.o(i.csc_meas_timeout_handler) refers to ble_cscs.o(i.ble_cscs_measurement_send) for ble_cscs_measurement_send
    main.o(i.csc_meas_timeout_handler) refers to app_error.o(i.app_error_handler_bare) for app_error_handler_bare
    main.o(i.csc_meas_timeout_handler) refers to ble_sc_ctrlpt.o(i.ble_sc_ctrlpt_rsp_send) for ble_sc_ctrlpt_rsp_send
    main.o(i.csc_meas_timeout_handler) refers to main.o(.bss) for .bss
    main.o(i.csc_meas_timeout_handler) refers to main.o(.data) for .data
    main.o(i.csc_sim_measurement) refers to sensorsim.o(i.sensorsim_measure) for sensorsim_measure
    main.o(i.csc_sim_measurement) refers to uidiv.o(.text) for __aeabi_uidivmod
    main.o(i.csc_sim_measurement) refers to idiv.o(.text) for __aeabi_idivmod
    main.o(i.csc_sim_measurement) refers to main.o(.bss) for .bss
    main.o(i.csc_sim_measurement) refers to main.o(.data) for .data
    main.o(i.device_manager_evt_handler) refers to app_error.o(i.app_error_handler_bare) for app_error_handler_bare
    main.o(i.device_manager_init) refers to pstorage.o(i.pstorage_init) for pstorage_init
    main.o(i.device_manager_init) refers to app_error.o(i.app_error_handler_bare) for app_error_handler_bare
    main.o(i.device_manager_init) refers to device_manager_peripheral.o(i.dm_init) for dm_init
    main.o(i.device_manager_init) refers to memseta.o(.text) for __aeabi_memclr
    main.o(i.device_manager_init) refers to device_manager_peripheral.o(i.dm_register) for dm_register
    main.o(i.device_manager_init) refers to main.o(i.device_manager_evt_handler) for device_manager_evt_handler
    main.o(i.device_manager_init) refers to main.o(.data) for .data
    main.o(i.gap_params_init) refers to app_error.o(i.app_error_handler_bare) for app_error_handler_bare
[...]
    command_end_procedure_run                0x0001cf2d   Thumb Code    56  pstorage.o(i.command_end_procedure_run)
    i.compare_reg_update                     0x0001cf68   Section        0  app_timer.o(i.compare_reg_update)
    compare_reg_update                       0x0001cf69   Thumb Code   142  app_timer.o(i.compare_reg_update)
    i.conn_int_encode                        0x0001d010   Section        0  ble_advdata.o(i.conn_int_encode)
    conn_int_encode                          0x0001d011   Thumb Code   130  ble_advdata.o(i.conn_int_encode)
    i.conn_params_error_handler              0x0001d098   Section        0  main.o(i.conn_params_error_handler)
    conn_params_error_handler                0x0001d099   Thumb Code     8  main.o(i.conn_params_error_handler)
    i.conn_params_negotiation                0x0001d0a0   Section        0  ble_conn_params.o(i.conn_params_negotiation)
    conn_params_negotiation                  0x0001d0a1   Thumb Code    92  ble_conn_params.o(i.conn_params_negotiation)
    i.connection_instance_find               0x0001d108   Section        0  device_manager_peripheral.o(i.connection_instance_find)
    connection_instance_find                 0x0001d109   Thumb Code    38  device_manager_peripheral.o(i.connection_instance_find)
    i.connection_instance_init               0x0001d138   Section        0  device_manager_peripheral.o(i.connection_instance_init)
    connection_instance_init                 0x0001d139   Thumb Code    30  device_manager_peripheral.o(i.connection_instance_init)
    i.csc_feature_char_add                   0x0001d15c   Section        0  ble_cscs.o(i.csc_feature_char_add)
    csc_feature_char_add                     0x0001d15d   Thumb Code   132  ble_cscs.o(i.csc_feature_char_add)
    i.csc_meas_timeout_handler               0x0001d1e4   Section        0  main.o(i.csc_meas_timeout_handler)
    csc_meas_timeout_handler                 0x0001d1e5   Thumb Code    80  main.o(i.csc_meas_timeout_handler)
    i.csc_measurement_char_add               0x0001d244   Section        0  ble_cscs.o(i.csc_measurement_char_add)
    csc_measurement_char_add                 0x0001d245   Thumb Code   158  ble_cscs.o(i.csc_measurement_char_add)
    i.csc_measurement_encode                 0x0001d2e8   Section        0  ble_cscs.o(i.csc_measurement_encode)
    csc_measurement_encode                   0x0001d2e9   Thumb Code   102  ble_cscs.o(i.csc_measurement_encode)
    i.csc_sensor_loc_char_add                0x0001d350   Section        0  ble_cscs.o(i.csc_sensor_loc_char_add)
    csc_sensor_loc_char_add                  0x0001d351   Thumb Code   150  ble_cscs.o(i.csc_sensor_loc_char_add)
    i.csc_sim_measurement                    0x0001d3ec   Section        0  main.o(i.csc_sim_measurement)
    csc_sim_measurement                      0x0001d3ed   Thumb Code   162  main.o(i.csc_sim_measurement)
    i.ctrlpt_rsp_encode                      0x0001d49c   Section        0  ble_sc_ctrlpt.o(i.ctrlpt_rsp_encode)
    ctrlpt_rsp_encode                        0x0001d49d   Thumb Code    52  ble_sc_ctrlpt.o(i.ctrlpt_rsp_encode)
    i.data_page_erase_state_run              0x0001d4d0   Section        0  pstorage.o(i.data_page_erase_state_run)
    data_page_erase_state_run                0x0001d4d1   Thumb Code    80  pstorage.o(i.data_page_erase_state_run)
    i.data_to_swap_write_state_run           0x0001d524   Section        0  pstorage.o(i.data_to_swap_write_state_run)
    data_to_swap_write_state_run             0x0001d525   Thumb Code    34  pstorage.o(i.data_to_swap_write_state_run)
    i.detection_delay_timeout_handler        0x0001d54c   Section        0  app_button.o(i.detection_delay_timeout_handler)
    detection_delay_timeout_handler          0x0001d54d   Thumb Code    90  app_button.o(i.detection_delay_timeout_handler)
    i.device_context_store                   0x0001d5ac   Section        0  device_manager_peripheral.o(i.device_context_store)
    device_context_store                     0x0001d5ad   Thumb Code   152  device_manager_peripheral.o(i.device_context_store)
    i.device_instance_allocate               0x0001d65c   Section        0  device_manager_peripheral.o(i.device_instance_allocate)
    device_instance_allocate                 0x0001d65d   Thumb Code    74  device_manager_peripheral.o(i.device_instance_allocate)
    i.device_instance_find                   0x0001d6b0   Section        0  device_manager_peripheral.o(i.device_instance_find)
    device_instance_find                     0x0001d6b1   Thumb Code    68  device_manager_peripheral.o(i.device_instance_find)
    i.device_instance_free                   0x0001d6f8   Section        0  device_manager_peripheral.o(i.device_instance_free)
    device_instance_free                     0x0001d6f9   Thumb Code    40  device_manager_peripheral.o(i.device_instance_free)
    i.device_manager_evt_handler             0x0001d724   Section        0  main.o(i.device_manager_evt_handler)
    device_manager_evt_handler               0x0001d725   Thumb Code    14  main.o(i.device_manager_evt_handler)
    i.device_manager_init                    0x0001d734   Section        0  main.o(i.device_manager_init)
    device_manager_init                      0x0001d735   Thumb Code    94  main.o(i.device_manager_init)
    i.dm_ble_evt_handler                     0x0001d79c   Section        0  device_manager_peripheral.o(i.dm_ble_evt_handler)
    i.dm_handle_initialize                   0x0001db70   Section        0  device_manager_peripheral.o(i.dm_handle_initialize)
    i.dm_init                                0x0001db8c   Section        0  device_manager_peripheral.o(i.dm_init)
    i.dm_pstorage_cb_handler                 0x0001dc50   Section        0  device_manager_peripheral.o(i.dm_pstorage_cb_handler)
    dm_pstorage_cb_handler                   0x0001dc51   Thumb Code   340  device_manager_peripheral.o(i.dm_pstorage_cb_handler)
    i.dm_register                            0x0001ddb0   Section        0  device_manager_peripheral.o(i.dm_register)
    i.elapsed_ticks_acquire                  0x0001de24   Section        0  app_timer.o(i.elapsed_ticks_acquire)
    elapsed_ticks_acquire                    0x0001de25   Thumb Code    58  app_timer.o(i.elapsed_ticks_acquire)
    i.flash_api_err_code_process             0x0001de64   Section        0  pstorage.o(i.flash_api_err_code_process)
    flash_api_err_code_process               0x0001de65   Thumb Code    28  pstorage.o(i.flash_api_err_code_process)
    i.flash_operation_success_run            0x0001de84   Section        0  pstorage.o(i.flash_operation_success_run)
    flash_operation_success_run              0x0001de85   Thumb Code   114  pstorage.o(i.flash_operation_success_run)
    i.flash_page_erase                       0x0001df04   Section        0  pstorage.o(i.flash_page_erase)
    flash_page_erase                         0x0001df05   Thumb Code    10  pstorage.o(i.flash_page_erase)
    i.flash_write                            0x0001df0e   Section        0  pstorage.o(i.flash_write)
    flash_write                              0x0001df0f   Thumb Code    10  pstorage.o(i.flash_write)
    i.gap_params_init                        0x0001df18   Section        0  main.o(i.gap_params_init)
    gap_params_init                          0x0001df19   Thumb Code    72  main.o(i.gap_params_init)
    i.gattc_context_apply                    0x0001df70   Section        0  device_manager_peripheral.o(i.gattc_context_apply)
    gattc_context_apply                      0x0001df71   Thumb Code     4  device_manager_peripheral.o(i.gattc_context_apply)
    i.gattc_context_load                     0x0001df74   Section        0  device_manager_peripheral.o(i.gattc_context_load)
    gattc_context_load                       0x0001df75   Thumb Code     4  device_manager_peripheral.o(i.gattc_context_load)
    i.gattc_context_store                    0x0001df78   Section        0  device_manager_peripheral.o(i.gattc_context_store)
    gattc_context_store                      0x0001df79   Thumb Code     4  device_manager_peripheral.o(i.gattc_context_store)
    i.gatts_context_apply                    0x0001df7c   Section        0  device_manager_peripheral.o(i.gatts_context_apply)
    gatts_context_apply                      0x0001df7d   Thumb Code   160  device_manager_peripheral.o(i.gatts_context_apply)
    i.gatts_context_load                     0x0001e02c   Section        0  device_manager_peripheral.o(i.gatts_context_load)
    gatts_context_load                       0x0001e02d   Thumb Code    44  device_manager_peripheral.o(i.gatts_context_load)
    i.gatts_context_store                    0x0001e05c   Section        0  device_manager_peripheral.o(i.gatts_context_store)
    gatts_context_store                      0x0001e05d   Thumb Code   158  device_manager_peripheral.o(i.gatts_context_store)
    i.gattsc_context_apply                   0x0001e108   Section        0  device_manager_peripheral.o(i.gattsc_context_apply)
    gattsc_context_apply                     0x0001e109   Thumb Code     8  device_manager_peripheral.o(i.gattsc_context_apply)
    i.gattsc_context_load                    0x0001e110   Section        0  device_manager_peripheral.o(i.gattsc_context_load)
    gattsc_context_load                      0x0001e111   Thumb Code     8  device_manager_peripheral.o(i.gattsc_context_load)
    i.gattsc_context_store                   0x0001e118   Section        0  device_manager_peripheral.o(i.gattsc_context_store)
    gattsc_context_store                     0x0001e119   Thumb Code     8  device_manager_peripheral.o(i.gattsc_context_store)
    i.gpiote_event_handler                   0x0001e120   Section        0  app_button.o(i.gpiote_event_handler)
    gpiote_event_handler                     0x0001e121   Thumb Code    72  app_button.o(i.gpiote_event_handler)
    i.head_restore_state_run                 0x0001e170   Section        0  pstorage.o(i.head_restore_state_run)
    head_restore_state_run                   0x0001e171   Thumb Code   110  pstorage.o(i.head_restore_state_run)
    i.intern_softdevice_events_execute       0x0001e1e8   Section        0  softdevice_handler.o(i.intern_softdevice_events_execute)
    i.is_conn_params_ok                      0x0001e260   Section        0  ble_conn_params.o(i.is_conn_params_ok)
    is_conn_params_ok                        0x0001e261   Thumb Code    24  ble_conn_params.o(i.is_conn_params_ok)
    i.is_manual_peripheral_setup_needed      0x0001e27c   Section        0  system_nrf51.o(i.is_manual_peripheral_setup_needed)
    is_manual_peripheral_setup_needed        0x0001e27d   Thumb Code    66  system_nrf51.o(i.is_manual_peripheral_setup_needed)
    i.is_page_erase_required                 0x0001e2c4   Section        0  pstorage.o(i.is_page_erase_required)
    is_page_erase_required                   0x0001e2c5   Thumb Code    60  pstorage.o(i.is_page_erase_required)
    i.is_word_aligned                        0x0001e308   Section        0  pstorage.o(i.is_word_aligned)
    is_word_aligned                          0x0001e309   Thumb Code    12  pstorage.o(i.is_word_aligned)
    i.le_role_encode                         0x0001e314   Section        0  ble_advdata.o(i.le_role_encode)
    le_role_encode                           0x0001e315   Thumb Code    84  ble_advdata.o(i.le_role_encode)
    i.leds_timer_handler                     0x0001e368   Section        0  bsp.o(i.leds_timer_handler)
    leds_timer_handler                       0x0001e369   Thumb Code    18  bsp.o(i.leds_timer_handler)
    i.list_deletions_handler                 0x0001e380   Section        0  app_timer.o(i.list_deletions_handler)
    list_deletions_handler                   0x0001e381   Thumb Code   180  app_timer.o(i.list_deletions_handler)
    i.list_insertions_handler                0x0001e43c   Section        0  app_timer.o(i.list_insertions_handler)
    list_insertions_handler                  0x0001e43d   Thumb Code   202  app_timer.o(i.list_insertions_handler)
    i.main                                   0x0001e510   Section        0  main.o(i.main)
    i.main_state_err_busy_process            0x0001e688   Section        0  pstorage.o(i.main_state_err_busy_process)
    main_state_err_busy_process              0x0001e689   Thumb Code    20  pstorage.o(i.main_state_err_busy_process)
    i.manuf_specific_data_encode             0x0001e6a0   Section        0  ble_advdata.o(i.manuf_specific_data_encode)
    manuf_specific_data_encode               0x0001e6a1   Thumb Code   104  ble_advdata.o(i.manuf_specific_data_encode)
    i.name_encode                            0x0001e708   Section        0  ble_advdata.o(i.name_encode)
    name_encode                              0x0001e709   Thumb Code   158  ble_advdata.o(i.name_encode)
    i.no_service_context_apply               0x0001e7a6   Section        0  device_manager_peripheral.o(i.no_service_context_apply)
    no_service_context_apply                 0x0001e7a7   Thumb Code     4  device_manager_peripheral.o(i.no_service_context_apply)
    i.no_service_context_load                0x0001e7aa   Section        0  device_manager_peripheral.o(i.no_service_context_load)
    no_service_context_load                  0x0001e7ab   Thumb Code     4  device_manager_peripheral.o(i.no_service_context_load)
    i.no_service_context_store               0x0001e7ae   Section        0  device_manager_peripheral.o(i.no_service_context_store)
    no_service_context_store                 0x0001e7af   Thumb Code     4  device_manager_peripheral.o(i.no_service_context_store)
    i.nrf_drv_common_irq_enable              0x0001e7b4   Section        0  nrf_drv_common.o(i.nrf_drv_common_irq_enable)
    i.nrf_drv_gpiote_in_event_enable         0x0001e814   Section        0  nrf_drv_gpiote.o(i.nrf_drv_gpiote_in_event_enable)
    i.nrf_drv_gpiote_in_init                 0x0001e8b4   Section        0  nrf_drv_gpiote.o(i.nrf_drv_gpiote_in_init)
    i.nrf_drv_gpiote_in_is_set               0x0001e958   Section        0  nrf_drv_gpiote.o(i.nrf_drv_gpiote_in_is_set)
    i.nrf_drv_gpiote_init                    0x0001e96c   Section        0  nrf_drv_gpiote.o(i.nrf_drv_gpiote_init)
    i.nrf_drv_gpiote_is_init                 0x0001e9c0   Section        0  nrf_drv_gpiote.o(i.nrf_drv_gpiote_is_init)
    i.nrf_gpio_cfg                           0x0001e9d0   Section        0  nrf_drv_gpiote.o(i.nrf_gpio_cfg)
    nrf_gpio_cfg                             0x0001e9d1   Thumb Code    32  nrf_drv_gpiote.o(i.nrf_gpio_cfg)
    i.nrf_gpio_cfg_sense_set                 0x0001e9f4   Section        0  nrf_drv_gpiote.o(i.nrf_gpio_cfg_sense_set)
    nrf_gpio_cfg_sense_set                   0x0001e9f5   Thumb Code    26  nrf_drv_gpiote.o(i.nrf_gpio_cfg_sense_set)
    i.nrf_gpiote_event_is_set                0x0001ea14   Section        0  nrf_drv_gpiote.o(i.nrf_gpiote_event_is_set)
    nrf_gpiote_event_is_set                  0x0001ea15   Thumb Code    14  nrf_drv_gpiote.o(i.nrf_gpiote_event_is_set)
    i.nrf_uart_event_check                   0x0001ea28   Section        0  nrf_drv_uart.o(i.nrf_uart_event_check)
    nrf_uart_event_check                     0x0001ea29   Thumb Code    10  nrf_drv_uart.o(i.nrf_uart_event_check)
    i.nrf_uart_int_enable_check              0x0001ea32   Section        0  nrf_drv_uart.o(i.nrf_uart_int_enable_check)
    nrf_uart_int_enable_check                0x0001ea33   Thumb Code    16  nrf_drv_uart.o(i.nrf_uart_int_enable_check)
    i.on_adv_evt                             0x0001ea42   Section        0  main.o(i.on_adv_evt)
    on_adv_evt                               0x0001ea43   Thumb Code    32  main.o(i.on_adv_evt)
    i.on_ble_evt                             0x0001ea64   Section        0  main.o(i.on_ble_evt)
    on_ble_evt                               0x0001ea65   Thumb Code   114  main.o(i.on_ble_evt)
    i.on_conn_params_evt                     0x0001eadc   Section        0  main.o(i.on_conn_params_evt)
    on_conn_params_evt                       0x0001eadd   Thumb Code    26  main.o(i.on_conn_params_evt)
    i.on_ctrlpt_write                        0x0001eafc   Section        0  ble_sc_ctrlpt.o(i.on_ctrlpt_write)
    on_ctrlpt_write                          0x0001eafd   Thumb Code   454  ble_sc_ctrlpt.o(i.on_ctrlpt_write)
    i.peer_address_exists                    0x0001ecc8   Section        0  ble_advertising.o(i.peer_address_exists)
    peer_address_exists                      0x0001ecc9   Thumb Code    22  ble_advertising.o(i.peer_address_exists)
    i.peer_instance_init                     0x0001ece0   Section        0  device_manager_peripheral.o(i.peer_instance_init)
    peer_instance_init                       0x0001ece1   Thumb Code    50  device_manager_peripheral.o(i.peer_instance_init)
    i.pin_in_use_by_port                     0x0001ed18   Section        0  nrf_drv_gpiote.o(i.pin_in_use_by_port)
    pin_in_use_by_port                       0x0001ed19   Thumb Code    20  nrf_drv_gpiote.o(i.pin_in_use_by_port)
    i.pin_in_use_by_te                       0x0001ed30   Section        0  nrf_drv_gpiote.o(i.pin_in_use_by_te)
    pin_in_use_by_te                         0x0001ed31   Thumb Code    20  nrf_drv_gpiote.o(i.pin_in_use_by_te)
    i.pnp_id_encode                          0x0001ed48   Section        0  ble_dis.o(i.pnp_id_encode)
    pnp_id_encode                            0x0001ed49   Thumb Code    54  ble_dis.o(i.pnp_id_encode)
    i.pstorage_access_status_get             0x0001ed80   Section        0  pstorage.o(i.pstorage_access_status_get)
    i.pstorage_block_identifier_get          0x0001eda8   Section        0  pstorage.o(i.pstorage_block_identifier_get)
    i.pstorage_clear                         0x0001edfc   Section        0  pstorage.o(i.pstorage_clear)
    i.pstorage_flash_page_end                0x0001eea0   Section        0  pstorage.o(i.pstorage_flash_page_end)
    pstorage_flash_page_end                  0x0001eea1   Thumb Code    32  pstorage.o(i.pstorage_flash_page_end)
    i.pstorage_flash_page_size               0x0001eec4   Section        0  pstorage.o(i.pstorage_flash_page_size)
    pstorage_flash_page_size                 0x0001eec5   Thumb Code    10  pstorage.o(i.pstorage_flash_page_size)
    i.pstorage_init                          0x0001eed0   Section        0  pstorage.o(i.pstorage_init)
    i.pstorage_load                          0x0001ef1c   Section        0  pstorage.o(i.pstorage_load)
    i.pstorage_register                      0x0001efc4   Section        0  pstorage.o(i.pstorage_register)
    i.pstorage_store                         0x0001f080   Section        0  pstorage.o(i.pstorage_store)
    i.pstorage_sys_event_handler             0x0001f110   Section        0  pstorage.o(i.pstorage_sys_event_handler)
    i.pstorage_update                        0x0001f15c   Section        0  pstorage.o(i.pstorage_update)
    i.rtc1_stop                              0x0001f1ec   Section        0  app_timer.o(i.rtc1_stop)
    rtc1_stop                                0x0001f1ed   Thumb Code    50  app_timer.o(i.rtc1_stop)
    i.rx_byte                                0x0001f230   Section        0  nrf_drv_uart.o(i.rx_byte)
    rx_byte                                  0x0001f231   Thumb Code    42  nrf_drv_uart.o(i.rx_byte)
    i.rx_done_event                          0x0001f268   Section        0  nrf_drv_uart.o(i.rx_done_event)
    rx_done_event                            0x0001f269   Thumb Code    22  nrf_drv_uart.o(i.rx_done_event)
    i.sc_ctrlpt_event_handler                0x0001f284   Section        0  main.o(i.sc_ctrlpt_event_handler)
    i.sc_ctrlpt_resp_send                    0x0001f2a4   Section        0  ble_sc_ctrlpt.o(i.sc_ctrlpt_resp_send)
    sc_ctrlpt_resp_send                      0x0001f2a5   Thumb Code   102  ble_sc_ctrlpt.o(i.sc_ctrlpt_resp_send)
    i.sd_check_ram_start                     0x0001f310   Section        0  softdevice_handler.o(i.sd_check_ram_start)
    i.sensor_simulator_init                  0x0001f320   Section        0  main.o(i.sensor_simulator_init)
    sensor_simulator_init                    0x0001f321   Thumb Code    92  main.o(i.sensor_simulator_init)
    i.sensorsim_decrement                    0x0001f384   Section        0  sensorsim.o(i.sensorsim_decrement)
    i.sensorsim_increment                    0x0001f3a0   Section        0  sensorsim.o(i.sensorsim_increment)
    i.sensorsim_init                         0x0001f3bc   Section        0  sensorsim.o(i.sensorsim_init)
    i.sensorsim_measure                      0x0001f3d4   Section        0  sensorsim.o(i.sensorsim_measure)
    i.service_data_encode                    0x0001f3ee   Section        0  ble_advdata.o(i.service_data_encode)
    service_data_encode                      0x0001f3ef   Thumb Code   142  ble_advdata.o(i.service_data_encode)
    i.services_init                          0x0001f47c   Section        0  main.o(i.services_init)
    services_init                            0x0001f47d   Thumb Code   248  main.o(i.services_init)
    i.sleep_mode_enter                       0x0001f590   Section        0  main.o(i.sleep_mode_enter)
    sleep_mode_enter                         0x0001f591   Thumb Code    40  main.o(i.sleep_mode_enter)
    i.sm_state_change                        0x0001f5b8   Section        0  pstorage.o(i.sm_state_change)
    sm_state_change                          0x0001f5b9   Thumb Code    62  pstorage.o(i.sm_state_change)
    i.softdevice_ble_evt_handler_set         0x0001f600   Section        0  softdevice_handler.o(i.softdevice_ble_evt_handler_set)
    i.softdevice_enable                      0x0001f614   Section        0  softdevice_handler.o(i.softdevice_enable)
    i.softdevice_enable_get_default_config   0x0001f628   Section        0  softdevice_handler.o(i.softdevice_enable_get_default_config)
    i.softdevice_fault_handler               0x0001f650   Section        0  softdevice_handler.o(i.softdevice_fault_handler)
    i.softdevice_handler_init                0x0001f658   Section        0  softdevice_handler.o(i.softdevice_handler_init)
    i.softdevice_sys_evt_handler_set         0x0001f688   Section        0  softdevice_handler.o(i.softdevice_sys_evt_handler_set)
    i.state_data_erase_swap_entry_run        0x0001f69c   Section        0  pstorage.o(i.state_data_erase_swap_entry_run)
    state_data_erase_swap_entry_run          0x0001f69d   Thumb Code    92  pstorage.o(i.state_data_erase_swap_entry_run)
    i.state_erase_data_page_entry_run        0x0001f700   Section        0  pstorage.o(i.state_erase_data_page_entry_run)
    state_erase_data_page_entry_run          0x0001f701   Thumb Code    12  pstorage.o(i.state_erase_data_page_entry_run)
    i.state_restore_head_entry_run           0x0001f710   Section        0  pstorage.o(i.state_restore_head_entry_run)
    state_restore_head_entry_run             0x0001f711   Thumb Code    36  pstorage.o(i.state_restore_head_entry_run)
    i.state_restore_tail_entry_run           0x0001f738   Section        0  pstorage.o(i.state_restore_tail_entry_run)
    state_restore_tail_entry_run             0x0001f739   Thumb Code    66  pstorage.o(i.state_restore_tail_entry_run)
    i.state_swap_erase_entry_run             0x0001f784   Section        0  pstorage.o(i.state_swap_erase_entry_run)
    state_swap_erase_entry_run               0x0001f785   Thumb Code    32  pstorage.o(i.state_swap_erase_entry_run)
    i.state_write_data_swap_entry_run        0x0001f7a4   Section        0  pstorage.o(i.state_write_data_swap_entry_run)
    state_write_data_swap_entry_run          0x0001f7a5   Thumb Code    42  pstorage.o(i.state_write_data_swap_entry_run)
    i.storage_operation_dummy_handler        0x0001f7d4   Section        0  device_manager_peripheral.o(i.storage_operation_dummy_handler)
    storage_operation_dummy_handler          0x0001f7d5   Thumb Code     4  device_manager_peripheral.o(i.storage_operation_dummy_handler)
    i.store_cmd_flash_write_execute          0x0001f7d8   Section        0  pstorage.o(i.store_cmd_flash_write_execute)
    store_cmd_flash_write_execute            0x0001f7d9   Thumb Code    82  pstorage.o(i.store_cmd_flash_write_execute)
    i.swap_erase_state_run                   0x0001f834   Section        0  pstorage.o(i.swap_erase_state_run)
    swap_erase_state_run                     0x0001f835   Thumb Code    24  pstorage.o(i.swap_erase_state_run)
    i.swap_sub_state_err_busy_process        0x0001f850   Section        0  pstorage.o(i.swap_sub_state_err_busy_process)
    swap_sub_state_err_busy_process          0x0001f851   Thumb Code    20  pstorage.o(i.swap_sub_state_err_busy_process)
    i.swap_sub_state_state_change            0x0001f868   Section        0  pstorage.o(i.swap_sub_state_state_change)
    swap_sub_state_state_change              0x0001f869   Thumb Code    12  pstorage.o(i.swap_sub_state_state_change)
    i.sys_evt_dispatch                       0x0001f87c   Section        0  main.o(i.sys_evt_dispatch)
    sys_evt_dispatch                         0x0001f87d   Thumb Code    16  main.o(i.sys_evt_dispatch)
    i.sys_id_encode                          0x0001f88c   Section        0  ble_dis.o(i.sys_id_encode)
    sys_id_encode                            0x0001f88d   Thumb Code    78  ble_dis.o(i.sys_id_encode)
    i.tail_restore_state_run                 0x0001f8dc   Section        0  pstorage.o(i.tail_restore_state_run)
    tail_restore_state_run                   0x0001f8dd   Thumb Code    22  pstorage.o(i.tail_restore_state_run)
    i.timer_list_handler                     0x0001f8f8   Section        0  app_timer.o(i.timer_list_handler)
    timer_list_handler                       0x0001f8f9   Thumb Code   128  app_timer.o(i.timer_list_handler)
    i.timer_list_handler_sched               0x0001f97c   Section        0  app_timer.o(i.timer_list_handler_sched)
    timer_list_handler_sched                 0x0001f97d   Thumb Code    10  app_timer.o(i.timer_list_handler_sched)
    i.timer_list_insert                      0x0001f98c   Section        0  app_timer.o(i.timer_list_insert)
    timer_list_insert                        0x0001f98d   Thumb Code    60  app_timer.o(i.timer_list_insert)
    i.timer_timeouts_check                   0x0001f9cc   Section        0  app_timer.o(i.timer_timeouts_check)
    timer_timeouts_check                     0x0001f9cd   Thumb Code   118  app_timer.o(i.timer_timeouts_check)
    i.tx_byte                                0x0001fa4c   Section        0  nrf_drv_uart.o(i.tx_byte)
    tx_byte                                  0x0001fa4d   Thumb Code    30  nrf_drv_uart.o(i.tx_byte)
    i.tx_done_event                          0x0001fa78   Section        0  nrf_drv_uart.o(i.tx_done_event)
    tx_done_event                            0x0001fa79   Thumb Code    26  nrf_drv_uart.o(i.tx_done_event)
    i.uart_irq_handler                       0x0001fa98   Section        0  nrf_drv_uart.o(i.uart_irq_handler)
    uart_irq_handler                         0x0001fa99   Thumb Code   278  nrf_drv_uart.o(i.uart_irq_handler)
    i.uint16_encode                          0x0001fbc0   Section        0  ble_advdata.o(i.uint16_encode)
    uint16_encode                            0x0001fbc1   Thumb Code    10  ble_advdata.o(i.uint16_encode)
    i.uint16_encode                          0x0001fbca   Section        0  ble_cscs.o(i.uint16_encode)
    uint16_encode                            0x0001fbcb   Thumb Code    10  ble_cscs.o(i.uint16_encode)
    i.update_status_bit_reset                0x0001fbd4   Section        0  device_manager_peripheral.o(i.update_status_bit_reset)
    update_status_bit_reset                  0x0001fbd5   Thumb Code    14  device_manager_peripheral.o(i.update_status_bit_reset)
    i.update_timeout_handler                 0x0001fbe8   Section        0  ble_conn_params.o(i.update_timeout_handler)
    update_timeout_handler                   0x0001fbe9   Thumb Code    86  ble_conn_params.o(i.update_timeout_handler)
    i.user_id_get                            0x0001fc4c   Section        0  app_timer.o(i.user_id_get)
    user_id_get                              0x0001fc4d   Thumb Code    74  app_timer.o(i.user_id_get)
    i.user_op_alloc                          0x0001fca0   Section        0  app_timer.o(i.user_op_alloc)
    user_op_alloc                            0x0001fca1   Thumb Code    38  app_timer.o(i.user_op_alloc)
    i.uuid_list_encode                       0x0001fcc6   Section        0  ble_advdata.o(i.uuid_list_encode)
    uuid_list_encode                         0x0001fcc7   Thumb Code    48  ble_advdata.o(i.uuid_list_encode)
    i.uuid_list_sized_encode                 0x0001fcf6   Section        0  ble_advdata.o(i.uuid_list_sized_encode)
    uuid_list_sized_encode                   0x0001fcf7   Thumb Code   174  ble_advdata.o(i.uuid_list_sized_encode)
    i.whitelist_has_entries                  0x0001fda4   Section        0  ble_advertising.o(i.whitelist_has_entries)
    whitelist_has_entries                    0x0001fda5   Thumb Code    16  ble_advertising.o(i.whitelist_has_entries)
    .constdata                               0x0001fdb4   Section        8  main.o(.constdata)
    m_battery_timer_id                       0x0001fdb4   Data           4  main.o(.constdata)
    m_csc_meas_timer_id                      0x0001fdb8   Data           4  main.o(.constdata)
    .constdata                               0x0001fdbc   Section       60  bsp.o(.constdata)
    m_leds_timer_id                          0x0001fdbc   Data           4  bsp.o(.constdata)
    m_alert_timer_id                         0x0001fdc0   Data           4  bsp.o(.constdata)
    m_button_timer_id                        0x0001fdc4   Data           4  bsp.o(.constdata)
    m_buttons_list                           0x0001fdc8   Data          16  bsp.o(.constdata)
    app_buttons                              0x0001fdd8   Data          32  bsp.o(.constdata)
    .constdata                               0x0001fdf8   Section        4  ble_conn_params.o(.constdata)
    m_conn_params_timer_id                   0x0001fdf8   Data           4  ble_conn_params.o(.constdata)
    .constdata                               0x0001fdfc   Section       12  ble_sc_ctrlpt.o(.constdata)
    .constdata                               0x0001fe08   Section       48  device_manager_peripheral.o(.constdata)
    .constdata                               0x0001fe38   Section       40  pstorage.o(.constdata)
    swap_sub_state_sm_lut                    0x0001fe38   Data          20  pstorage.o(.constdata)
    swap_sub_state_sm_lut                    0x0001fe4c   Data          20  pstorage.o(.constdata)
    .constdata                               0x0001fe60   Section        8  app_button.o(.constdata)
    m_detection_delay_timer_id               0x0001fe60   Data           4  app_button.o(.constdata)
    .data                                    0x20001f00   Section       66  main.o(.data)
    battery_level                            0x20001f00   Data           1  main.o(.data)
    m_app_handle                             0x20001f01   Data           1  main.o(.data)
    m_auto_calibration_in_progress           0x20001f02   Data           1  main.o(.data)
    m_conn_handle                            0x20001f04   Data           2  main.o(.data)
    cumulative_crank_revs                    0x20001f06   Data           2  main.o(.data)
    event_time                               0x20001f08   Data           2  main.o(.data)
    wheel_revolution_mm                      0x20001f0a   Data           2  main.o(.data)
    crank_rev_degrees                        0x20001f0c   Data           2  main.o(.data)
    m_cumulative_wheel_revs                  0x20001f10   Data           4  main.o(.data)
    m_battery_sim_state                      0x20001f14   Data           8  main.o(.data)
    m_speed_kph_sim_state                    0x20001f1c   Data           8  main.o(.data)
    m_crank_rpm_sim_state                    0x20001f24   Data           8  main.o(.data)
    supported_locations                      0x20001f2c   Data          10  main.o(.data)
    m_adv_uuids                              0x20001f36   Data          12  main.o(.data)
    .data                                    0x20001f44   Section       24  bsp.o(.data)
    m_stable_state                           0x20001f44   Data           1  bsp.o(.data)
    current_long_push_pin_no                 0x20001f45   Data           1  bsp.o(.data)
    m_app_ticks_per_100ms                    0x20001f48   Data           4  bsp.o(.data)
    m_indication_type                        0x20001f4c   Data           4  bsp.o(.data)
    m_alert_mask                             0x20001f50   Data           4  bsp.o(.data)
    m_registered_callback                    0x20001f54   Data           4  bsp.o(.data)
    release_event_at_push                    0x20001f58   Data           4  bsp.o(.data)
    .data                                    0x20001f5c   Section        8  bsp_btn_ble.o(.data)
    m_error_handler                          0x20001f5c   Data           4  bsp_btn_ble.o(.data)
    m_num_connections                        0x20001f60   Data           4  bsp_btn_ble.o(.data)
    .data                                    0x20001f64   Section        4  system_nrf51.o(.data)
    __tagsym$$used                           0x20001f64   Number         0  system_nrf51.o(.data)
    .data                                    0x20001f68   Section       31  ble_advertising.o(.data)
    m_advertising_start_pending              0x20001f68   Data           1  ble_advertising.o(.data)
    m_whitelist_temporarily_disabled         0x20001f69   Data           1  ble_advertising.o(.data)
    m_whitelist_reply_expected               0x20001f6a   Data           1  ble_advertising.o(.data)
    m_peer_addr_reply_expected               0x20001f6b   Data           1  ble_advertising.o(.data)
    m_adv_evt                                0x20001f6c   Data           1  ble_advertising.o(.data)
    m_adv_mode_current                       0x20001f6d   Data           1  ble_advertising.o(.data)
    m_tx_power_level                         0x20001f6e   Data           1  ble_advertising.o(.data)
    current_slave_link_conn_handle           0x20001f70   Data           2  ble_advertising.o(.data)
    m_evt_handler                            0x20001f74   Data           4  ble_advertising.o(.data)
    m_error_handler                          0x20001f78   Data           4  ble_advertising.o(.data)
    m_slave_conn_int                         0x20001f7c   Data           4  ble_advertising.o(.data)
    m_peer_address                           0x20001f80   Data           7  ble_advertising.o(.data)
    .data                                    0x20001f88   Section       20  ble_conn_params.o(.data)
    m_change_param                           0x20001f88   Data           1  ble_conn_params.o(.data)
    m_update_count                           0x20001f89   Data           1  ble_conn_params.o(.data)
    m_conn_handle                            0x20001f8a   Data           2  ble_conn_params.o(.data)
    m_preferred_conn_params                  0x20001f8c   Data           8  ble_conn_params.o(.data)
    m_current_conn_params                    0x20001f94   Data           8  ble_conn_params.o(.data)
    .data                                    0x20001f9c   Section       74  ble_dis.o(.data)
    service_handle                           0x20001f9c   Data           2  ble_dis.o(.data)
    manufact_name_handles                    0x20001f9e   Data           8  ble_dis.o(.data)
    model_num_handles                        0x20001fa6   Data           8  ble_dis.o(.data)
    serial_num_handles                       0x20001fae   Data           8  ble_dis.o(.data)
    hw_rev_handles                           0x20001fb6   Data           8  ble_dis.o(.data)
    fw_rev_handles                           0x20001fbe   Data           8  ble_dis.o(.data)
    sw_rev_handles                           0x20001fc6   Data           8  ble_dis.o(.data)
    sys_id_handles                           0x20001fce   Data           8  ble_dis.o(.data)
    reg_cert_data_list_handles               0x20001fd6   Data           8  ble_dis.o(.data)
    pnp_id_handles                           0x20001fde   Data           8  ble_dis.o(.data)
    .data                                    0x20001fe8   Section       24  device_manager_peripheral.o(.data)
    m_module_initialized                     0x20001fe8   Data           1  device_manager_peripheral.o(.data)
    m_peer_addr_update                       0x20001fec   Data           4  device_manager_peripheral.o(.data)
    m_irk_index_table                        0x20001ff0   Data           7  device_manager_peripheral.o(.data)
    m_storage_handle                         0x20001ff8   Data           8  device_manager_peripheral.o(.data)
    .data                                    0x20002000   Section       36  pstorage.o(.data)
    m_state                                  0x20002000   Data           1  pstorage.o(.data)
    m_swap_sub_state                         0x20002001   Data           1  pstorage.o(.data)
    m_next_app_instance                      0x20002002   Data           2  pstorage.o(.data)
    m_flags                                  0x20002004   Data           4  pstorage.o(.data)
    m_next_page_addr                         0x20002008   Data           4  pstorage.o(.data)
    m_head_word_size                         0x2000200c   Data           4  pstorage.o(.data)
    m_tail_word_size                         0x20002010   Data           4  pstorage.o(.data)
    m_current_page_id                        0x20002014   Data           4  pstorage.o(.data)
    m_num_of_command_retries                 0x20002018   Data           4  pstorage.o(.data)
    m_num_of_bytes_written                   0x2000201c   Data           4  pstorage.o(.data)
    m_app_data_size                          0x20002020   Data           4  pstorage.o(.data)
    .data                                    0x20002024   Section       20  app_button.o(.data)
    m_button_count                           0x20002024   Data           1  app_button.o(.data)
    mp_buttons                               0x20002028   Data           4  app_button.o(.data)
    m_detection_delay                        0x2000202c   Data           4  app_button.o(.data)
    m_pin_state                              0x20002030   Data           4  app_button.o(.data)
    m_pin_transition                         0x20002034   Data           4  app_button.o(.data)
    .data                                    0x20002038   Section       32  app_timer.o(.data)
    m_user_array_size                        0x20002038   Data           1  app_timer.o(.data)
    m_ticks_elapsed_q_read_ind               0x20002039   Data           1  app_timer.o(.data)
    m_ticks_elapsed_q_write_ind              0x2000203a   Data           1  app_timer.o(.data)
    m_rtc1_running                           0x2000203b   Data           1  app_timer.o(.data)
    m_rtc1_reset                             0x2000203c   Data           1  app_timer.o(.data)
    mp_users                                 0x20002040   Data           4  app_timer.o(.data)
    mp_timer_id_head                         0x20002044   Data           4  app_timer.o(.data)
    m_ticks_latest                           0x20002048   Data           4  app_timer.o(.data)
    m_evt_schedule_func                      0x2000204c   Data           4  app_timer.o(.data)
    m_ticks_elapsed                          0x20002050   Data           8  app_timer.o(.data)
    .data                                    0x20002058   Section       20  softdevice_handler.o(.data)
    m_softdevice_enabled                     0x20002058   Data           1  softdevice_handler.o(.data)
    m_ble_evt_buffer_size                    0x2000205a   Data           2  softdevice_handler.o(.data)
    m_evt_schedule_func                      0x2000205c   Data           4  softdevice_handler.o(.data)
    mp_ble_evt_buffer                        0x20002060   Data           4  softdevice_handler.o(.data)
    m_ble_evt_handler                        0x20002064   Data           4  softdevice_handler.o(.data)
    m_sys_evt_handler                        0x20002068   Data           4  softdevice_handler.o(.data)
    .bss                                     0x2000206c   Section       32  main.o(.bss)
    m_battery_timer_id_data                  0x2000206c   Data          32  main.o(.bss)
    .bss                                     0x2000208c   Section       32  main.o(.bss)
    m_csc_meas_timer_id_data                 0x2000208c   Data          32  main.o(.bss)
    .bss                                     0x200020ac   Section      704  main.o(.bss)
    APP_TIMER_BUF                            0x200020ac   Data         456  main.o(.bss)
    BLE_EVT_BUFFER                           0x20002274   Data          72  main.o(.bss)
    m_bas                                    0x200022bc   Data          24  main.o(.bss)
    m_cscs                                   0x200022d4   Data         104  main.o(.bss)
    m_battery_sim_cfg                        0x2000233c   Data          16  main.o(.bss)
    m_speed_kph_sim_cfg                      0x2000234c   Data          16  main.o(.bss)
    m_crank_rpm_sim_cfg                      0x2000235c   Data          16  main.o(.bss)
    .bss                                     0x2000236c   Section       32  bsp.o(.bss)
    m_leds_timer_id_data                     0x2000236c   Data          32  bsp.o(.bss)
    .bss                                     0x2000238c   Section       32  bsp.o(.bss)
    m_alert_timer_id_data                    0x2000238c   Data          32  bsp.o(.bss)
    .bss                                     0x200023ac   Section       12  bsp.o(.bss)
    m_events_list                            0x200023ac   Data          12  bsp.o(.bss)
    .bss                                     0x200023b8   Section       32  bsp.o(.bss)
    m_button_timer_id_data                   0x200023b8   Data          32  bsp.o(.bss)
    .bss                                     0x200023d8   Section      259  ble_advertising.o(.bss)
    m_advdata                                0x200023d8   Data          56  ble_advertising.o(.bss)
    m_adv_modes_config                       0x20002410   Data          36  ble_advertising.o(.bss)
    m_whitelist                              0x20002434   Data          16  ble_advertising.o(.bss)
    mp_whitelist_addr                        0x20002444   Data          32  ble_advertising.o(.bss)
    mp_whitelist_irk                         0x20002464   Data          32  ble_advertising.o(.bss)
    m_manuf_specific_data                    0x20002484   Data          12  ble_advertising.o(.bss)
    m_manuf_data_array                       0x20002490   Data          31  ble_advertising.o(.bss)
    m_service_data                           0x200024b0   Data          12  ble_advertising.o(.bss)
    m_service_data_array                     0x200024bc   Data          31  ble_advertising.o(.bss)
    .bss                                     0x200024dc   Section       32  ble_conn_params.o(.bss)
    m_conn_params_timer_id_data              0x200024dc   Data          32  ble_conn_params.o(.bss)
    .bss                                     0x200024fc   Section       28  ble_conn_params.o(.bss)
    m_conn_params_config                     0x200024fc   Data          28  ble_conn_params.o(.bss)
    .bss                                     0x20002518   Section      299  device_manager_peripheral.o(.bss)
    m_peer_table                             0x20002518   Data         196  device_manager_peripheral.o(.bss)
    m_bond_table                             0x200025dc   Data          28  device_manager_peripheral.o(.bss)
    m_gatts_table                            0x200025f8   Data          28  device_manager_peripheral.o(.bss)
    m_connection_table                       0x20002614   Data          12  device_manager_peripheral.o(.bss)
    m_application_table                      0x20002620   Data          12  device_manager_peripheral.o(.bss)
    m_local_id_info                          0x2000262c   Data          23  device_manager_peripheral.o(.bss)
    .bss                                     0x20002644   Section      216  pstorage.o(.bss)
    m_cmd_queue                              0x20002644   Data         204  pstorage.o(.bss)
    m_app_table                              0x20002710   Data          12  pstorage.o(.bss)
    .bss                                     0x2000271c   Section       72  nrf_drv_gpiote.o(.bss)
    m_cb                                     0x2000271c   Data          72  nrf_drv_gpiote.o(.bss)
    .bss                                     0x20002764   Section       28  nrf_drv_uart.o(.bss)
    m_cb                                     0x20002764   Data          28  nrf_drv_uart.o(.bss)
    .bss                                     0x20002780   Section       32  app_button.o(.bss)
    m_detection_delay_timer_id_data          0x20002780   Data          32  app_button.o(.bss)
    STACK                                    0x200027a0   Section     2048  arm_startup_nrf51.o(STACK)

    Global Symbols

    Symbol Name                              Value     Ov Type        Size  Object(Section)

    BuildAttributes$$THM_ISAv3M$S$PE$A:L22$X:L11$S22$IEEE1$IW$USESV6$~STKCKD$USESV7$~SHL$OSPACE$ROPI$EBA8$MICROLIB$REQ8$PRES8$EABIv2 0x00000000   Number         0  anon$$obj.o ABSOLUTE
    __ARM_use_no_argv                        0x00000000   Number         0  main.o ABSOLUTE
    __cpp_initialize__aeabi_                  - Undefined Weak Reference
    __cxa_finalize                            - Undefined Weak Reference
    _clock_init                               - Undefined Weak Reference
    _microlib_exit                            - Undefined Weak Reference
    __Vectors_Size                           0x000000c0   Number         0  arm_startup_nrf51.o ABSOLUTE
    __Vectors                                0x0001b000   Data           4  arm_startup_nrf51.o(RESET)
    __Vectors_End                            0x0001b0c0   Data           0  arm_startup_nrf51.o(RESET)
    __main                                   0x0001b0c1   Thumb Code     0  entry.o(.ARM.Collect$$$$00000000)
    _main_stk                                0x0001b0c1   Thumb Code     0  entry2.o(.ARM.Collect$$$$00000001)
    _main_scatterload                        0x0001b0c5   Thumb Code     0  entry5.o(.ARM.Collect$$$$00000004)
    __main_after_scatterload                 0x0001b0c9   Thumb Code     0  entry5.o(.ARM.Collect$$$$00000004)
    _main_clock                              0x0001b0c9   Thumb Code     0  entry7b.o(.ARM.Collect$$$$00000008)
    _main_cpp_init                           0x0001b0c9   Thumb Code     0  entry8b.o(.ARM.Collect$$$$0000000A)
    _main_init                               0x0001b0c9   Thumb Code     0  entry9a.o(.ARM.Collect$$$$0000000B)
    __rt_final_cpp                           0x0001b0d1   Thumb Code     0  entry10a.o(.ARM.Collect$$$$0000000D)
    __rt_final_exit                          0x0001b0d1   Thumb Code     0  entry11a.o(.ARM.Collect$$$$0000000F)
    __asm___11_app_timer_c_cd27f9c3__nrf_delay_us 0x0001b0d5   Thumb Code    30  app_timer.o(.emb_text)
    Reset_Handler                            0x0001b0f5   Thumb Code    26  arm_startup_nrf51.o(.text)
    NMI_Handler                              0x0001b10f   Thumb Code     2  arm_startup_nrf51.o(.text)
    HardFault_Handler                        0x0001b111   Thumb Code     2  arm_startup_nrf51.o(.text)
    SVC_Handler                              0x0001b113   Thumb Code     2  arm_startup_nrf51.o(.text)
    PendSV_Handler                           0x0001b115   Thumb Code     2  arm_startup_nrf51.o(.text)
    SysTick_Handler                          0x0001b117   Thumb Code     2  arm_startup_nrf51.o(.text)
    ADC_IRQHandler                           0x0001b119   Thumb Code     0  arm_startup_nrf51.o(.text)
    CCM_AAR_IRQHandler                       0x0001b119   Thumb Code     0  arm_startup_nrf51.o(.text)
    ECB_IRQHandler                           0x0001b119   Thumb Code     0  arm_startup_nrf51.o(.text)
    LPCOMP_IRQHandler                        0x0001b119   Thumb Code     0  arm_startup_nrf51.o(.text)
    POWER_CLOCK_IRQHandler                   0x0001b119   Thumb Code     0  arm_startup_nrf51.o(.text)
    QDEC_IRQHandler                          0x0001b119   Thumb Code     0  arm_startup_nrf51.o(.text)
    RADIO_IRQHandler                         0x0001b119   Thumb Code     0  arm_startup_nrf51.o(.text)
    RNG_IRQHandler                           0x0001b119   Thumb Code     0  arm_startup_nrf51.o(.text)
    RTC0_IRQHandler                          0x0001b119   Thumb Code     0  arm_startup_nrf51.o(.text)
    SPI0_TWI0_IRQHandler                     0x0001b119   Thumb Code     0  arm_startup_nrf51.o(.text)
    SPI1_TWI1_IRQHandler                     0x0001b119   Thumb Code     0  arm_startup_nrf51.o(.text)
    SWI1_IRQHandler                          0x0001b119   Thumb Code     0  arm_startup_nrf51.o(.text)
    SWI3_IRQHandler                          0x0001b119   Thumb Code     0  arm_startup_nrf51.o(.text)
    SWI4_IRQHandler                          0x0001b119   Thumb Code     0  arm_startup_nrf51.o(.text)
    SWI5_IRQHandler                          0x0001b119   Thumb Code     0  arm_startup_nrf51.o(.text)
    TEMP_IRQHandler                          0x0001b119   Thumb Code     0  arm_startup_nrf51.o(.text)
    TIMER0_IRQHandler                        0x0001b119   Thumb Code     0  arm_startup_nrf51.o(.text)
    TIMER1_IRQHandler                        0x0001b119   Thumb Code     0  arm_startup_nrf51.o(.text)
    TIMER2_IRQHandler                        0x0001b119   Thumb Code     0  arm_startup_nrf51.o(.text)
    WDT_IRQHandler                           0x0001b119   Thumb Code     0  arm_startup_nrf51.o(.text)
    __aeabi_uidiv                            0x0001b12d   Thumb Code     0  uidiv.o(.text)
    __aeabi_uidivmod                         0x0001b12d   Thumb Code    44  uidiv.o(.text)
    __aeabi_idiv                             0x0001b159   Thumb Code     0  idiv.o(.text)
    __aeabi_idivmod                          0x0001b159   Thumb Code    40  idiv.o(.text)
    __aeabi_memcpy                           0x0001b181   Thumb Code    36  memcpya.o(.text)
    __aeabi_memcpy4                          0x0001b181   Thumb Code     0  memcpya.o(.text)
    __aeabi_memcpy8                          0x0001b181   Thumb Code     0  memcpya.o(.text)
    __aeabi_memset                           0x0001b1a5   Thumb Code    14  memseta.o(.text)
    __aeabi_memset4                          0x0001b1a5   Thumb Code     0  memseta.o(.text)
    __aeabi_memset8                          0x0001b1a5   Thumb Code     0  memseta.o(.text)
    __aeabi_memclr                           0x0001b1b3   Thumb Code     4  memseta.o(.text)
    __aeabi_memclr4                          0x0001b1b3   Thumb Code     0  memseta.o(.text)
    __aeabi_memclr8                          0x0001b1b3   Thumb Code     0  memseta.o(.text)
    _memset$wrapper                          0x0001b1b7   Thumb Code    18  memseta.o(.text)
    strlen                                   0x0001b1c9   Thumb Code    14  strlen.o(.text)
    memcmp                                   0x0001b1d7   Thumb Code    26  memcmp.o(.text)
    __aeabi_uread4                           0x0001b1f1   Thumb Code    20  uread4.o(.text)
    __rt_uread4                              0x0001b1f1   Thumb Code     0  uread4.o(.text)
    _uread4                                  0x0001b1f1   Thumb Code     0  uread4.o(.text)
    __scatterload                            0x0001b205   Thumb Code    28  init.o(.text)
    __scatterload_rt2                        0x0001b205   Thumb Code     0  init.o(.text)
    __decompress                             0x0001b229   Thumb Code     0  __dczerorl.o(.text)
    __decompress0                            0x0001b229   Thumb Code    58  __dczerorl.o(.text)
    GPIOTE_IRQHandler                        0x0001b265   Thumb Code   234  nrf_drv_gpiote.o(i.GPIOTE_IRQHandler)
    RTC1_IRQHandler                          0x0001b3b1   Thumb Code    28  app_timer.o(i.RTC1_IRQHandler)
    SWI0_IRQHandler                          0x0001b3d1   Thumb Code     8  app_timer.o(i.SWI0_IRQHandler)
    SWI2_IRQHandler                          0x0001b3d9   Thumb Code    28  softdevice_handler.o(i.SWI2_IRQHandler)
    SystemInit                               0x0001b3f9   Thumb Code    64  system_nrf51.o(i.SystemInit)
    UART0_IRQHandler                         0x0001b44d   Thumb Code     8  nrf_drv_uart.o(i.UART0_IRQHandler)
    __ARM_common_switch8                     0x0001b455   Thumb Code    26  bsp.o(i.__ARM_common_switch8)
    __scatterload_copy                       0x0001b46f   Thumb Code    14  handlers.o(i.__scatterload_copy)
    __scatterload_null                       0x0001b47d   Thumb Code     2  handlers.o(i.__scatterload_null)
    __scatterload_zeroinit                   0x0001b47f   Thumb Code    14  handlers.o(i.__scatterload_zeroinit)
    adv_data_encode                          0x0001b48d   Thumb Code   534  ble_advdata.o(i.adv_data_encode)
    app_button_enable                        0x0001b6f9   Thumb Code    32  app_button.o(i.app_button_enable)
    app_button_init                          0x0001b71d   Thumb Code   100  app_button.o(i.app_button_init)
    app_error_fault_handler                  0x0001b791   Thumb Code    18  app_error.o(i.app_error_fault_handler)
    app_error_handler_bare                   0x0001b7ad   Thumb Code    18  app_error.o(i.app_error_handler_bare)
    app_timer_create                         0x0001b81d   Thumb Code    40  app_timer.o(i.app_timer_create)
    app_timer_init                           0x0001b849   Thumb Code   126  app_timer.o(i.app_timer_init)
    app_timer_start                          0x0001b8d9   Thumb Code   114  app_timer.o(i.app_timer_start)
    app_timer_stop                           0x0001b955   Thumb Code    78  app_timer.o(i.app_timer_stop)
    ble_advdata_set                          0x0001bb29   Thumb Code   104  ble_advdata.o(i.ble_advdata_set)
    ble_advertising_init                     0x0001bb91   Thumb Code   284  ble_advertising.o(i.ble_advertising_init)
    ble_advertising_on_ble_evt               0x0001bcb5   Thumb Code   118  ble_advertising.o(i.ble_advertising_on_ble_evt)
    ble_advertising_on_sys_evt               0x0001bd31   Thumb Code    42  ble_advertising.o(i.ble_advertising_on_sys_evt)
    ble_advertising_restart_without_whitelist 0x0001bd71   Thumb Code    56  ble_advertising.o(i.ble_advertising_restart_without_whitelist)
    ble_advertising_start                    0x0001bdb1   Thumb Code   470  ble_advertising.o(i.ble_advertising_start)
    ble_bas_battery_level_update             0x0001bf91   Thumb Code   112  ble_bas.o(i.ble_bas_battery_level_update)
    ble_bas_init                             0x0001c005   Thumb Code    66  ble_bas.o(i.ble_bas_init)
    ble_bas_on_ble_evt                       0x0001c04d   Thumb Code    94  ble_bas.o(i.ble_bas_on_ble_evt)
    ble_conn_params_init                     0x0001c0ad   Thumb Code    68  ble_conn_params.o(i.ble_conn_params_init)
    ble_conn_params_on_ble_evt               0x0001c101   Thumb Code   132  ble_conn_params.o(i.ble_conn_params_on_ble_evt)
    ble_cscs_init                            0x0001c191   Thumb Code   142  ble_cscs.o(i.ble_cscs_init)
    ble_cscs_measurement_send                0x0001c225   Thumb Code    82  ble_cscs.o(i.ble_cscs_measurement_send)
    ble_cscs_on_ble_evt                      0x0001c27d   Thumb Code    92  ble_cscs.o(i.ble_cscs_on_ble_evt)
    ble_dis_init                             0x0001c339   Thumb Code   308  ble_dis.o(i.ble_dis_init)
    ble_sc_ctrlpt_init                       0x0001c4b1   Thumb Code   206  ble_sc_ctrlpt.o(i.ble_sc_ctrlpt_init)
    ble_sc_ctrlpt_on_ble_evt                 0x0001c585   Thumb Code   114  ble_sc_ctrlpt.o(i.ble_sc_ctrlpt_on_ble_evt)
    ble_sc_ctrlpt_rsp_send                   0x0001c5f7   Thumb Code    86  ble_sc_ctrlpt.o(i.ble_sc_ctrlpt_rsp_send)
    ble_srv_ascii_to_utf8                    0x0001c64d   Thumb Code    18  ble_srv_common.o(i.ble_srv_ascii_to_utf8)
    ble_srv_report_ref_encode                0x0001c65f   Thumb Code    12  ble_srv_common.o(i.ble_srv_report_ref_encode)
    bond_data_load                           0x0001c6e5   Thumb Code    58  device_manager_peripheral.o(i.bond_data_load)
    bsp_btn_ble_init                         0x0001c72d   Thumb Code    80  bsp_btn_ble.o(i.bsp_btn_ble_init)
    bsp_btn_ble_on_ble_evt                   0x0001c781   Thumb Code   114  bsp_btn_ble.o(i.bsp_btn_ble_on_ble_evt)
    bsp_btn_ble_sleep_mode_prepare           0x0001c7f9   Thumb Code    20  bsp_btn_ble.o(i.bsp_btn_ble_sleep_mode_prepare)
    bsp_button_is_pressed                    0x0001c8ad   Thumb Code    34  bsp.o(i.bsp_button_is_pressed)
    bsp_event_to_button_action_assign        0x0001c911   Thumb Code    66  bsp.o(i.bsp_event_to_button_action_assign)
    bsp_indication_set                       0x0001c959   Thumb Code    22  bsp.o(i.bsp_indication_set)
    bsp_init                                 0x0001c975   Thumb Code   134  bsp.o(i.bsp_init)
    bsp_wakeup_buttons_set                   0x0001cc0d   Thumb Code    50  bsp.o(i.bsp_wakeup_buttons_set)
    dm_ble_evt_handler                       0x0001d79d   Thumb Code   958  device_manager_peripheral.o(i.dm_ble_evt_handler)
    dm_handle_initialize                     0x0001db71   Thumb Code    22  device_manager_peripheral.o(i.dm_handle_initialize)
    dm_init                                  0x0001db8d   Thumb Code   174  device_manager_peripheral.o(i.dm_init)
    dm_register                              0x0001ddb1   Thumb Code   104  device_manager_peripheral.o(i.dm_register)
    intern_softdevice_events_execute         0x0001e1e9   Thumb Code   116  softdevice_handler.o(i.intern_softdevice_events_execute)
    main                                     0x0001e511   Thumb Code   330  main.o(i.main)
    nrf_drv_common_irq_enable                0x0001e7b5   Thumb Code    78  nrf_drv_common.o(i.nrf_drv_common_irq_enable)
    nrf_drv_gpiote_in_event_enable           0x0001e815   Thumb Code   138  nrf_drv_gpiote.o(i.nrf_drv_gpiote_in_event_enable)
    nrf_drv_gpiote_in_init                   0x0001e8b5   Thumb Code   146  nrf_drv_gpiote.o(i.nrf_drv_gpiote_in_init)
    nrf_drv_gpiote_in_is_set                 0x0001e959   Thumb Code    16  nrf_drv_gpiote.o(i.nrf_drv_gpiote_in_is_set)
    nrf_drv_gpiote_init                      0x0001e96d   Thumb Code    76  nrf_drv_gpiote.o(i.nrf_drv_gpiote_init)
    nrf_drv_gpiote_is_init                   0x0001e9c1   Thumb Code    12  nrf_drv_gpiote.o(i.nrf_drv_gpiote_is_init)
    pstorage_access_status_get               0x0001ed81   Thumb Code    30  pstorage.o(i.pstorage_access_status_get)
    pstorage_block_identifier_get            0x0001eda9   Thumb Code    74  pstorage.o(i.pstorage_block_identifier_get)
    pstorage_clear                           0x0001edfd   Thumb Code   156  pstorage.o(i.pstorage_clear)
    pstorage_init                            0x0001eed1   Thumb Code    68  pstorage.o(i.pstorage_init)
    pstorage_load                            0x0001ef1d   Thumb Code   158  pstorage.o(i.pstorage_load)
    pstorage_register                        0x0001efc5   Thumb Code   180  pstorage.o(i.pstorage_register)
    pstorage_store                           0x0001f081   Thumb Code   134  pstorage.o(i.pstorage_store)
    pstorage_sys_event_handler               0x0001f111   Thumb Code    72  pstorage.o(i.pstorage_sys_event_handler)
    pstorage_update                          0x0001f15d   Thumb Code   134  pstorage.o(i.pstorage_update)
    sc_ctrlpt_event_handler                  0x0001f285   Thumb Code    28  main.o(i.sc_ctrlpt_event_handler)
    sd_check_ram_start                       0x0001f311   Thumb Code    10  softdevice_handler.o(i.sd_check_ram_start)
    sensorsim_decrement                      0x0001f385   Thumb Code    28  sensorsim.o(i.sensorsim_decrement)
    sensorsim_increment                      0x0001f3a1   Thumb Code    28  sensorsim.o(i.sensorsim_increment)
    sensorsim_init                           0x0001f3bd   Thumb Code    24  sensorsim.o(i.sensorsim_init)
    sensorsim_measure                        0x0001f3d5   Thumb Code    26  sensorsim.o(i.sensorsim_measure)
    softdevice_ble_evt_handler_set           0x0001f601   Thumb Code    16  softdevice_handler.o(i.softdevice_ble_evt_handler_set)
    softdevice_enable                        0x0001f615   Thumb Code    14  softdevice_handler.o(i.softdevice_enable)
    softdevice_enable_get_default_config     0x0001f629   Thumb Code    40  softdevice_handler.o(i.softdevice_enable_get_default_config)
    softdevice_fault_handler                 0x0001f651   Thumb Code     8  softdevice_handler.o(i.softdevice_fault_handler)
    softdevice_handler_init                  0x0001f659   Thumb Code    40  softdevice_handler.o(i.softdevice_handler_init)
    softdevice_sys_evt_handler_set           0x0001f689   Thumb Code    16  softdevice_handler.o(i.softdevice_sys_evt_handler_set)
    m_service_context_store                  0x0001fe08   Data          16  device_manager_peripheral.o(.constdata)
    m_service_context_load                   0x0001fe18   Data          16  device_manager_peripheral.o(.constdata)
    m_service_context_apply                  0x0001fe28   Data          16  device_manager_peripheral.o(.constdata)
    Region$$Table$$Base                      0x0001fe68   Number         0  anon$$obj.o(Region$$Table)
    Region$$Table$$Limit                     0x0001fe88   Number         0  anon$$obj.o(Region$$Table)
    Image$$RW_IRAM1$$Base                    0x20001f00   Number         0  anon$$obj.o ABSOLUTE
    SystemCoreClock                          0x20001f64   Data           4  system_nrf51.o(.data)
    __initial_sp                             0x20002fa0   Data           0  arm_startup_nrf51.o(STACK)



==============================================================================

Memory Map of the image

  Image Entry point : 0x0001b0c1

  Load Region LR_IROM1 (Base: 0x0001b000, Size: 0x00004ff4, Max: 0x00025000, ABSOLUTE, COMPRESSED[0x00004eac])

    Execution Region ER_IROM1 (Base: 0x0001b000, Size: 0x00004e88, Max: 0x00025000, ABSOLUTE)

    Base Addr    Size         Type   Attr      Idx    E Section Name        Object

    0x0001b000   0x000000c0   Data   RO          469    RESET               arm_startup_nrf51.o
    0x0001b0c0   0x00000000   Code   RO         2681  * .ARM.Collect$$$$00000000  mc_p.l(entry.o)
    0x0001b0c0   0x00000004   Code   RO         2730    .ARM.Collect$$$$00000001  mc_p.l(entry2.o)
    0x0001b0c4   0x00000004   Code   RO         2733    .ARM.Collect$$$$00000004  mc_p.l(entry5.o)
    0x0001b0c8   0x00000000   Code   RO         2735    .ARM.Collect$$$$00000008  mc_p.l(entry7b.o)
    0x0001b0c8   0x00000000   Code   RO         2737    .ARM.Collect$$$$0000000A  mc_p.l(entry8b.o)
    0x0001b0c8   0x00000008   Code   RO         2738    .ARM.Collect$$$$0000000B  mc_p.l(entry9a.o)
    0x0001b0d0   0x00000000   Code   RO         2740    .ARM.Collect$$$$0000000D  mc_p.l(entry10a.o)
    0x0001b0d0   0x00000000   Code   RO         2742    .ARM.Collect$$$$0000000F  mc_p.l(entry11a.o)
    0x0001b0d0   0x00000004   Code   RO         2731    .ARM.Collect$$$$00002712  mc_p.l(entry2.o)
    0x0001b0d4   0x0000001e   Code   RO         2266    .emb_text           app_timer.o
    0x0001b0f2   0x00000002   PAD
    0x0001b0f4   0x00000038   Code   RO          470    .text               arm_startup_nrf51.o
    0x0001b12c   0x0000002c   Code   RO         2684    .text               mc_p.l(uidiv.o)
    0x0001b158   0x00000028   Code   RO         2686    .text               mc_p.l(idiv.o)
    0x0001b180   0x00000024   Code   RO         2688    .text               mc_p.l(memcpya.o)
    0x0001b1a4   0x00000024   Code   RO         2690    .text               mc_p.l(memseta.o)
    0x0001b1c8   0x0000000e   Code   RO         2692    .text               mc_p.l(strlen.o)
    0x0001b1d6   0x0000001a   Code   RO         2694    .text               mc_p.l(memcmp.o)
    0x0001b1f0   0x00000014   Code   RO         2728    .text               mc_p.l(uread4.o)
    0x0001b204   0x00000024   Code   RO         2757    .text               mc_p.l(init.o)
    0x0001b228   0x0000003a   Code   RO         2777    .text               mc_p.l(__dczerorl.o)
    0x0001b262   0x00000002   PAD
    0x0001b264   0x00000108   Code   RO         1645    i.GPIOTE_IRQHandler  nrf_drv_gpiote.o
    0x0001b36c   0x00000044   Code   RO         2267    i.NVIC_SetPriority  app_timer.o
    0x0001b3b0   0x00000020   Code   RO         2268    i.RTC1_IRQHandler   app_timer.o
    0x0001b3d0   0x00000008   Code   RO         2269    i.SWI0_IRQHandler   app_timer.o
    0x0001b3d8   0x00000020   Code   RO         2593    i.SWI2_IRQHandler   softdevice_handler.o
    0x0001b3f8   0x00000054   Code   RO          477    i.SystemInit        system_nrf51.o
    0x0001b44c   0x00000008   Code   RO         1835    i.UART0_IRQHandler  nrf_drv_uart.o
    0x0001b454   0x0000001a   Code   RO          415    i.__ARM_common_switch8  bsp.o
    0x0001b46e   0x0000000e   Code   RO         2771    i.__scatterload_copy  mc_p.l(handlers.o)
    0x0001b47c   0x00000002   Code   RO         2772    i.__scatterload_null  mc_p.l(handlers.o)
    0x0001b47e   0x0000000e   Code   RO         2773    i.__scatterload_zeroinit  mc_p.l(handlers.o)
    0x0001b48c   0x00000216   Code   RO          513    i.adv_data_encode   ble_advdata.o
    0x0001b6a2   0x0000003c   Code   RO          430    i.advertising_buttons_configure  bsp_btn_ble.o
    0x0001b6de   0x00000002   PAD
    0x0001b6e0   0x00000018   Code   RO          321    i.alert_timer_handler  bsp.o
    0x0001b6f8   0x00000024   Code   RO         2142    i.app_button_enable  app_button.o
    0x0001b71c   0x00000074   Code   RO         2143    i.app_button_init   app_button.o
    0x0001b790   0x0000001c   Code   RO         2211    i.app_error_fault_handler  app_error.o
    0x0001b7ac   0x00000018   Code   RO         2213    i.app_error_handler_bare  app_error.o
    0x0001b7c4   0x0000000c   Code   RO          993    i.app_evt_notify    device_manager_peripheral.o
    0x0001b7d0   0x0000002c   Code   RO         1343    i.app_notify        pstorage.o
    0x0001b7fc   0x00000020   Code   RO         1344    i.app_notify_error_state_transit  pstorage.o
    0x0001b81c   0x0000002c   Code   RO         2272    i.app_timer_create  app_timer.o
    0x0001b848   0x00000090   Code   RO         2273    i.app_timer_init    app_timer.o
    0x0001b8d8   0x0000007c   Code   RO         2274    i.app_timer_start   app_timer.o
    0x0001b954   0x00000054   Code   RO         2275    i.app_timer_stop    app_timer.o
    0x0001b9a8   0x00000138   Code   RO          745    i.battery_level_char_add  ble_bas.o
    0x0001bae0   0x00000048   Code   RO            4    i.battery_level_meas_timeout_handler  main.o
    0x0001bb28   0x00000068   Code   RO          514    i.ble_advdata_set   ble_advdata.o
    0x0001bb90   0x00000124   Code   RO          594    i.ble_advertising_init  ble_advertising.o
    0x0001bcb4   0x0000007c   Code   RO          595    i.ble_advertising_on_ble_evt  ble_advertising.o
    0x0001bd30   0x00000030   Code   RO          596    i.ble_advertising_on_sys_evt  ble_advertising.o
    0x0001bd60   0x00000010   Code   RO          598    i.ble_advertising_peer_address_clear  ble_advertising.o
    0x0001bd70   0x00000040   Code   RO          599    i.ble_advertising_restart_without_whitelist  ble_advertising.o
    0x0001bdb0   0x000001e0   Code   RO          600    i.ble_advertising_start  ble_advertising.o
    0x0001bf90   0x00000074   Code   RO          746    i.ble_bas_battery_level_update  ble_bas.o
    0x0001c004   0x00000048   Code   RO          747    i.ble_bas_init      ble_bas.o
    0x0001c04c   0x0000005e   Code   RO          748    i.ble_bas_on_ble_evt  ble_bas.o
    0x0001c0aa   0x00000002   PAD
    0x0001c0ac   0x00000054   Code   RO          675    i.ble_conn_params_init  ble_conn_params.o
    0x0001c100   0x00000090   Code   RO          676    i.ble_conn_params_on_ble_evt  ble_conn_params.o
    0x0001c190   0x00000094   Code   RO          785    i.ble_cscs_init     ble_cscs.o
    0x0001c224   0x00000058   Code   RO          786    i.ble_cscs_measurement_send  ble_cscs.o
    0x0001c27c   0x0000005c   Code   RO          787    i.ble_cscs_on_ble_evt  ble_cscs.o
    0x0001c2d8   0x0000005e   Code   RO          515    i.ble_device_addr_encode  ble_advdata.o
    0x0001c336   0x00000002   PAD
    0x0001c338   0x00000140   Code   RO          910    i.ble_dis_init      ble_dis.o
    0x0001c478   0x00000038   Code   RO            5    i.ble_evt_dispatch  main.o
    0x0001c4b0   0x000000d4   Code   RO          852    i.ble_sc_ctrlpt_init  ble_sc_ctrlpt.o
    0x0001c584   0x00000072   Code   RO          853    i.ble_sc_ctrlpt_on_ble_evt  ble_sc_ctrlpt.o
    0x0001c5f6   0x00000056   Code   RO          854    i.ble_sc_ctrlpt_rsp_send  ble_sc_ctrlpt.o
    0x0001c64c   0x00000012   Code   RO          950    i.ble_srv_ascii_to_utf8  ble_srv_common.o
    0x0001c65e   0x0000000c   Code   RO          951    i.ble_srv_report_ref_encode  ble_srv_common.o
    0x0001c66a   0x00000002   PAD
    0x0001c66c   0x00000078   Code   RO            6    i.ble_stack_init    main.o
    0x0001c6e4   0x00000048   Code   RO          994    i.bond_data_load    device_manager_peripheral.o
    0x0001c72c   0x00000054   Code   RO          431    i.bsp_btn_ble_init  bsp_btn_ble.o
    0x0001c780   0x00000078   Code   RO          432    i.bsp_btn_ble_on_ble_evt  bsp_btn_ble.o
    0x0001c7f8   0x00000014   Code   RO          433    i.bsp_btn_ble_sleep_mode_prepare  bsp_btn_ble.o
    0x0001c80c   0x000000a0   Code   RO          322    i.bsp_button_event_handler  bsp.o
    0x0001c8ac   0x0000002c   Code   RO          323    i.bsp_button_is_pressed  bsp.o
    0x0001c8d8   0x00000038   Code   RO            7    i.bsp_event_handler  main.o
    0x0001c910   0x00000048   Code   RO          327    i.bsp_event_to_button_action_assign  bsp.o
    0x0001c958   0x0000001c   Code   RO          328    i.bsp_indication_set  bsp.o
    0x0001c974   0x000000a0   Code   RO          330    i.bsp_init          bsp.o
    0x0001ca14   0x000001f8   Code   RO          331    i.bsp_led_indication  bsp.o
    0x0001cc0c   0x0000003c   Code   RO          332    i.bsp_wakeup_buttons_set  bsp.o
    0x0001cc48   0x0000000c   Code   RO          333    i.button_timer_handler  bsp.o
    0x0001cc54   0x0000001c   Code   RO         1646    i.channel_free      nrf_drv_gpiote.o
    0x0001cc70   0x00000048   Code   RO         1647    i.channel_port_alloc  nrf_drv_gpiote.o
    0x0001ccb8   0x00000010   Code   RO         1648    i.channel_port_get  nrf_drv_gpiote.o
    0x0001ccc8   0x00000098   Code   RO          911    i.char_add          ble_dis.o
    0x0001cd60   0x00000104   Code   RO         1345    i.clear_operation_execute  pstorage.o
    0x0001ce64   0x00000024   Code   RO         1346    i.clear_post_processing_run  pstorage.o
    0x0001ce88   0x00000038   Code   RO         1347    i.cmd_process       pstorage.o
    0x0001cec0   0x00000020   Code   RO         1348    i.cmd_queue_element_init  pstorage.o
    0x0001cee0   0x0000004c   Code   RO         1349    i.cmd_queue_enqueue  pstorage.o
    0x0001cf2c   0x0000003c   Code   RO         1350    i.command_end_procedure_run  pstorage.o
    0x0001cf68   0x000000a8   Code   RO         2277    i.compare_reg_update  app_timer.o
    0x0001d010   0x00000088   Code   RO          516    i.conn_int_encode   ble_advdata.o
    0x0001d098   0x00000008   Code   RO            8    i.conn_params_error_handler  main.o
    0x0001d0a0   0x00000068   Code   RO          678    i.conn_params_negotiation  ble_conn_params.o
    0x0001d108   0x00000030   Code   RO          995    i.connection_instance_find  device_manager_peripheral.o
    0x0001d138   0x00000024   Code   RO          996    i.connection_instance_init  device_manager_peripheral.o
    0x0001d15c   0x00000088   Code   RO          788    i.csc_feature_char_add  ble_cscs.o
    0x0001d1e4   0x00000060   Code   RO            9    i.csc_meas_timeout_handler  main.o
    0x0001d244   0x000000a4   Code   RO          789    i.csc_measurement_char_add  ble_cscs.o
    0x0001d2e8   0x00000066   Code   RO          790    i.csc_measurement_encode  ble_cscs.o
    0x0001d34e   0x00000002   PAD
    0x0001d350   0x0000009c   Code   RO          791    i.csc_sensor_loc_char_add  ble_cscs.o
    0x0001d3ec   0x000000b0   Code   RO           10    i.csc_sim_measurement  main.o
    0x0001d49c   0x00000034   Code   RO          855    i.ctrlpt_rsp_encode  ble_sc_ctrlpt.o
    0x0001d4d0   0x00000054   Code   RO         1351    i.data_page_erase_state_run  pstorage.o
    0x0001d524   0x00000028   Code   RO         1352    i.data_to_swap_write_state_run  pstorage.o
    0x0001d54c   0x00000060   Code   RO         2145    i.detection_delay_timeout_handler  app_button.o
    0x0001d5ac   0x000000b0   Code   RO          997    i.device_context_store  device_manager_peripheral.o
    0x0001d65c   0x00000054   Code   RO          998    i.device_instance_allocate  device_manager_peripheral.o
    0x0001d6b0   0x00000048   Code   RO          999    i.device_instance_find  device_manager_peripheral.o
    0x0001d6f8   0x0000002c   Code   RO         1000    i.device_instance_free  device_manager_peripheral.o
    0x0001d724   0x0000000e   Code   RO           11    i.device_manager_evt_handler  main.o
    0x0001d732   0x00000002   PAD
    0x0001d734   0x00000068   Code   RO           12    i.device_manager_init  main.o
    0x0001d79c   0x000003d4   Code   RO         1005    i.dm_ble_evt_handler  device_manager_peripheral.o
    0x0001db70   0x0000001c   Code   RO         1011    i.dm_handle_initialize  device_manager_peripheral.o
    0x0001db8c   0x000000c4   Code   RO         1012    i.dm_init           device_manager_peripheral.o
    0x0001dc50   0x00000160   Code   RO         1015    i.dm_pstorage_cb_handler  device_manager_peripheral.o
    0x0001ddb0   0x00000074   Code   RO         1016    i.dm_register       device_manager_peripheral.o
    0x0001de24   0x00000040   Code   RO         2278    i.elapsed_ticks_acquire  app_timer.o
    0x0001de64   0x00000020   Code   RO         1353    i.flash_api_err_code_process  pstorage.o
    0x0001de84   0x00000080   Code   RO         1354    i.flash_operation_success_run  pstorage.o
    0x0001df04   0x0000000a   Code   RO         1355    i.flash_page_erase  pstorage.o
    0x0001df0e   0x0000000a   Code   RO         1356    i.flash_write       pstorage.o
    0x0001df18   0x00000058   Code   RO           13    i.gap_params_init   main.o
    0x0001df70   0x00000004   Code   RO         1023    i.gattc_context_apply  device_manager_peripheral.o
    0x0001df74   0x00000004   Code   RO         1024    i.gattc_context_load  device_manager_peripheral.o
    0x0001df78   0x00000004   Code   RO         1025    i.gattc_context_store  device_manager_peripheral.o
    0x0001df7c   0x000000b0   Code   RO         1026    i.gatts_context_apply  device_manager_peripheral.o
    0x0001e02c   0x00000030   Code   RO         1027    i.gatts_context_load  device_manager_peripheral.o
    0x0001e05c   0x000000ac   Code   RO         1028    i.gatts_context_store  device_manager_peripheral.o
    0x0001e108   0x00000008   Code   RO         1029    i.gattsc_context_apply  device_manager_peripheral.o
    0x0001e110   0x00000008   Code   RO         1030    i.gattsc_context_load  device_manager_peripheral.o
    0x0001e118   0x00000008   Code   RO         1031    i.gattsc_context_store  device_manager_peripheral.o
    0x0001e120   0x00000050   Code   RO         2146    i.gpiote_event_handler  app_button.o
    0x0001e170   0x00000078   Code   RO         1357    i.head_restore_state_run  pstorage.o
    0x0001e1e8   0x00000078   Code   RO         2594    i.intern_softdevice_events_execute  softdevice_handler.o
    0x0001e260   0x0000001c   Code   RO          679    i.is_conn_params_ok  ble_conn_params.o
    0x0001e27c   0x00000048   Code   RO          478    i.is_manual_peripheral_setup_needed  system_nrf51.o
    0x0001e2c4   0x00000044   Code   RO         1358    i.is_page_erase_required  pstorage.o
    0x0001e308   0x0000000c   Code   RO         1359    i.is_word_aligned   pstorage.o
    0x0001e314   0x00000054   Code   RO          517    i.le_role_encode    ble_advdata.o
    0x0001e368   0x00000018   Code   RO          334    i.leds_timer_handler  bsp.o
    0x0001e380   0x000000bc   Code   RO         2279    i.list_deletions_handler  app_timer.o
    0x0001e43c   0x000000d4   Code   RO         2280    i.list_insertions_handler  app_timer.o
    0x0001e510   0x00000178   Code   RO           14    i.main              main.o
    0x0001e688   0x00000018   Code   RO         1360    i.main_state_err_busy_process  pstorage.o
    0x0001e6a0   0x00000068   Code   RO          518    i.manuf_specific_data_encode  ble_advdata.o
    0x0001e708   0x0000009e   Code   RO          519    i.name_encode       ble_advdata.o
    0x0001e7a6   0x00000004   Code   RO         1032    i.no_service_context_apply  device_manager_peripheral.o
    0x0001e7aa   0x00000004   Code   RO         1033    i.no_service_context_load  device_manager_peripheral.o
    0x0001e7ae   0x00000004   Code   RO         1034    i.no_service_context_store  device_manager_peripheral.o
    0x0001e7b2   0x00000002   PAD
    0x0001e7b4   0x00000060   Code   RO         1585    i.nrf_drv_common_irq_enable  nrf_drv_common.o
    0x0001e814   0x000000a0   Code   RO         1651    i.nrf_drv_gpiote_in_event_enable  nrf_drv_gpiote.o
    0x0001e8b4   0x000000a4   Code   RO         1652    i.nrf_drv_gpiote_in_init  nrf_drv_gpiote.o
    0x0001e958   0x00000014   Code   RO         1653    i.nrf_drv_gpiote_in_is_set  nrf_drv_gpiote.o
    0x0001e96c   0x00000054   Code   RO         1655    i.nrf_drv_gpiote_init  nrf_drv_gpiote.o
    0x0001e9c0   0x00000010   Code   RO         1656    i.nrf_drv_gpiote_is_init  nrf_drv_gpiote.o
    0x0001e9d0   0x00000024   Code   RO         1668    i.nrf_gpio_cfg      nrf_drv_gpiote.o
    0x0001e9f4   0x00000020   Code   RO         1670    i.nrf_gpio_cfg_sense_set  nrf_drv_gpiote.o
    0x0001ea14   0x00000014   Code   RO         1671    i.nrf_gpiote_event_is_set  nrf_drv_gpiote.o
    0x0001ea28   0x0000000a   Code   RO         1851    i.nrf_uart_event_check  nrf_drv_uart.o
    0x0001ea32   0x00000010   Code   RO         1852    i.nrf_uart_int_enable_check  nrf_drv_uart.o
    0x0001ea42   0x00000020   Code   RO           15    i.on_adv_evt        main.o
    0x0001ea62   0x00000002   PAD
    0x0001ea64   0x00000078   Code   RO           16    i.on_ble_evt        main.o
    0x0001eadc   0x00000020   Code   RO           17    i.on_conn_params_evt  main.o
    0x0001eafc   0x000001cc   Code   RO          856    i.on_ctrlpt_write   ble_sc_ctrlpt.o
    0x0001ecc8   0x00000016   Code   RO          602    i.peer_address_exists  ble_advertising.o
    0x0001ecde   0x00000002   PAD
    0x0001ece0   0x00000038   Code   RO         1035    i.peer_instance_init  device_manager_peripheral.o
    0x0001ed18   0x00000018   Code   RO         1672    i.pin_in_use_by_port  nrf_drv_gpiote.o
    0x0001ed30   0x00000018   Code   RO         1673    i.pin_in_use_by_te  nrf_drv_gpiote.o
    0x0001ed48   0x00000036   Code   RO          912    i.pnp_id_encode     ble_dis.o
    0x0001ed7e   0x00000002   PAD
    0x0001ed80   0x00000028   Code   RO         1361    i.pstorage_access_status_get  pstorage.o
    0x0001eda8   0x00000054   Code   RO         1362    i.pstorage_block_identifier_get  pstorage.o
    0x0001edfc   0x000000a4   Code   RO         1363    i.pstorage_clear    pstorage.o
    0x0001eea0   0x00000024   Code   RO         1364    i.pstorage_flash_page_end  pstorage.o
    0x0001eec4   0x0000000a   Code   RO         1365    i.pstorage_flash_page_size  pstorage.o
    0x0001eece   0x00000002   PAD
    0x0001eed0   0x0000004c   Code   RO         1366    i.pstorage_init     pstorage.o
    0x0001ef1c   0x000000a8   Code   RO         1367    i.pstorage_load     pstorage.o
    0x0001efc4   0x000000bc   Code   RO         1368    i.pstorage_register  pstorage.o
    0x0001f080   0x00000090   Code   RO         1369    i.pstorage_store    pstorage.o
    0x0001f110   0x0000004c   Code   RO         1370    i.pstorage_sys_event_handler  pstorage.o
    0x0001f15c   0x00000090   Code   RO         1371    i.pstorage_update   pstorage.o
    0x0001f1ec   0x00000044   Code   RO         2281    i.rtc1_stop         app_timer.o
    0x0001f230   0x00000038   Code   RO         1853    i.rx_byte           nrf_drv_uart.o
    0x0001f268   0x0000001c   Code   RO         1854    i.rx_done_event     nrf_drv_uart.o
    0x0001f284   0x00000020   Code   RO           18    i.sc_ctrlpt_event_handler  main.o
    0x0001f2a4   0x0000006c   Code   RO          857    i.sc_ctrlpt_resp_send  ble_sc_ctrlpt.o
    0x0001f310   0x00000010   Code   RO         2595    i.sd_check_ram_start  softdevice_handler.o
    0x0001f320   0x00000064   Code   RO           19    i.sensor_simulator_init  main.o
    0x0001f384   0x0000001c   Code   RO         2559    i.sensorsim_decrement  sensorsim.o
    0x0001f3a0   0x0000001c   Code   RO         2560    i.sensorsim_increment  sensorsim.o
    0x0001f3bc   0x00000018   Code   RO         2561    i.sensorsim_init    sensorsim.o
    0x0001f3d4   0x0000001a   Code   RO         2562    i.sensorsim_measure  sensorsim.o
    0x0001f3ee   0x0000008e   Code   RO          520    i.service_data_encode  ble_advdata.o
    0x0001f47c   0x00000114   Code   RO           20    i.services_init     main.o
    0x0001f590   0x00000028   Code   RO           21    i.sleep_mode_enter  main.o
    0x0001f5b8   0x00000048   Code   RO         1372    i.sm_state_change   pstorage.o
    0x0001f600   0x00000014   Code   RO         2596    i.softdevice_ble_evt_handler_set  softdevice_handler.o
    0x0001f614   0x00000014   Code   RO         2597    i.softdevice_enable  softdevice_handler.o
    0x0001f628   0x00000028   Code   RO         2598    i.softdevice_enable_get_default_config  softdevice_handler.o
    0x0001f650   0x00000008   Code   RO         2599    i.softdevice_fault_handler  softdevice_handler.o
    0x0001f658   0x00000030   Code   RO         2600    i.softdevice_handler_init  softdevice_handler.o
    0x0001f688   0x00000014   Code   RO         2603    i.softdevice_sys_evt_handler_set  softdevice_handler.o
    0x0001f69c   0x00000064   Code   RO         1373    i.state_data_erase_swap_entry_run  pstorage.o
    0x0001f700   0x00000010   Code   RO         1374    i.state_erase_data_page_entry_run  pstorage.o
    0x0001f710   0x00000028   Code   RO         1375    i.state_restore_head_entry_run  pstorage.o
    0x0001f738   0x0000004c   Code   RO         1376    i.state_restore_tail_entry_run  pstorage.o
    0x0001f784   0x00000020   Code   RO         1377    i.state_swap_erase_entry_run  pstorage.o
    0x0001f7a4   0x00000030   Code   RO         1378    i.state_write_data_swap_entry_run  pstorage.o
    0x0001f7d4   0x00000004   Code   RO         1036    i.storage_operation_dummy_handler  device_manager_peripheral.o
    0x0001f7d8   0x0000005c   Code   RO         1379    i.store_cmd_flash_write_execute  pstorage.o
    0x0001f834   0x0000001c   Code   RO         1380    i.swap_erase_state_run  pstorage.o
    0x0001f850   0x00000018   Code   RO         1381    i.swap_sub_state_err_busy_process  pstorage.o
    0x0001f868   0x00000014   Code   RO         1382    i.swap_sub_state_state_change  pstorage.o
    0x0001f87c   0x00000010   Code   RO           22    i.sys_evt_dispatch  main.o
    0x0001f88c   0x0000004e   Code   RO          913    i.sys_id_encode     ble_dis.o
    0x0001f8da   0x00000002   PAD
    0x0001f8dc   0x0000001c   Code   RO         1383    i.tail_restore_state_run  pstorage.o
    0x0001f8f8   0x00000084   Code   RO         2282    i.timer_list_handler  app_timer.o
    0x0001f97c   0x00000010   Code   RO         2283    i.timer_list_handler_sched  app_timer.o
    0x0001f98c   0x00000040   Code   RO         2284    i.timer_list_insert  app_timer.o
    0x0001f9cc   0x00000080   Code   RO         2285    i.timer_timeouts_check  app_timer.o
    0x0001fa4c   0x0000002c   Code   RO         1856    i.tx_byte           nrf_drv_uart.o
    0x0001fa78   0x00000020   Code   RO         1857    i.tx_done_event     nrf_drv_uart.o
    0x0001fa98   0x00000128   Code   RO         1858    i.uart_irq_handler  nrf_drv_uart.o
    0x0001fbc0   0x0000000a   Code   RO          521    i.uint16_encode     ble_advdata.o
    0x0001fbca   0x0000000a   Code   RO          792    i.uint16_encode     ble_cscs.o
    0x0001fbd4   0x00000014   Code   RO         1037    i.update_status_bit_reset  device_manager_peripheral.o
    0x0001fbe8   0x00000064   Code   RO          680    i.update_timeout_handler  ble_conn_params.o
    0x0001fc4c   0x00000054   Code   RO         2286    i.user_id_get       app_timer.o
    0x0001fca0   0x00000026   Code   RO         2287    i.user_op_alloc     app_timer.o
    0x0001fcc6   0x00000030   Code   RO          522    i.uuid_list_encode  ble_advdata.o
    0x0001fcf6   0x000000ae   Code   RO          523    i.uuid_list_sized_encode  ble_advdata.o
    0x0001fda4   0x00000010   Code   RO          603    i.whitelist_has_entries  ble_advertising.o
    0x0001fdb4   0x00000008   Data   RO           26    .constdata          main.o
    0x0001fdbc   0x0000003c   Data   RO          339    .constdata          bsp.o
    0x0001fdf8   0x00000004   Data   RO          683    .constdata          ble_conn_params.o
    0x0001fdfc   0x0000000c   Data   RO          858    .constdata          ble_sc_ctrlpt.o
    0x0001fe08   0x00000030   Data   RO         1039    .constdata          device_manager_peripheral.o
    0x0001fe38   0x00000028   Data   RO         1385    .constdata          pstorage.o
    0x0001fe60   0x00000008   Data   RO         2148    .constdata          app_button.o
    0x0001fe68   0x00000020   Data   RO         2769    Region$$Table       anon$$obj.o


    Execution Region RW_IRAM1 (Base: 0x20001f00, Size: 0x000010a0, Max: 0x00006100, ABSOLUTE, COMPRESSED[0x00000024])

    Base Addr    Size         Type   Attr      Idx    E Section Name        Object

    0x20001f00   0x00000042   Data   RW           27    .data               main.o
    0x20001f42   0x00000002   PAD
    0x20001f44   0x00000018   Data   RW          340    .data               bsp.o
    0x20001f5c   0x00000008   Data   RW          434    .data               bsp_btn_ble.o
    0x20001f64   0x00000004   Data   RW          479    .data               system_nrf51.o
    0x20001f68   0x0000001f   Data   RW          605    .data               ble_advertising.o
    0x20001f87   0x00000001   PAD
    0x20001f88   0x00000014   Data   RW          684    .data               ble_conn_params.o
    0x20001f9c   0x0000004a   Data   RW          914    .data               ble_dis.o
    0x20001fe6   0x00000002   PAD
    0x20001fe8   0x00000018   Data   RW         1041    .data               device_manager_peripheral.o
    0x20002000   0x00000024   Data   RW         1386    .data               pstorage.o
    0x20002024   0x00000014   Data   RW         2149    .data               app_button.o
    0x20002038   0x00000020   Data   RW         2288    .data               app_timer.o
    0x20002058   0x00000014   Data   RW         2604    .data               softdevice_handler.o
    0x2000206c   0x00000020   Zero   RW           23    .bss                main.o
    0x2000208c   0x00000020   Zero   RW           24    .bss                main.o
    0x200020ac   0x000002c0   Zero   RW           25    .bss                main.o
    0x2000236c   0x00000020   Zero   RW          335    .bss                bsp.o
    0x2000238c   0x00000020   Zero   RW          336    .bss                bsp.o
    0x200023ac   0x0000000c   Zero   RW          337    .bss                bsp.o
    0x200023b8   0x00000020   Zero   RW          338    .bss                bsp.o
    0x200023d8   0x00000103   Zero   RW          604    .bss                ble_advertising.o
    0x200024db   0x00000001   PAD
    0x200024dc   0x00000020   Zero   RW          681    .bss                ble_conn_params.o
    0x200024fc   0x0000001c   Zero   RW          682    .bss                ble_conn_params.o
    0x20002518   0x0000012b   Zero   RW         1038    .bss                device_manager_peripheral.o
    0x20002643   0x00000001   PAD
    0x20002644   0x000000d8   Zero   RW         1384    .bss                pstorage.o
    0x2000271c   0x00000048   Zero   RW         1674    .bss                nrf_drv_gpiote.o
    0x20002764   0x0000001c   Zero   RW         1859    .bss                nrf_drv_uart.o
    0x20002780   0x00000020   Zero   RW         2147    .bss                app_button.o
    0x200027a0   0x00000800   Zero   RW          467    STACK               arm_startup_nrf51.o


==============================================================================

Image component sizes


      Code (inc. data)   RO Data    RW Data    ZI Data      Debug   Object Name

       328         34          8         20         32      11450   app_button.o
        52         16          0          0          0       9163   app_error.o
      1696        152          0         32          0      28279   app_timer.o
        56         18        192          0       2048        692   arm_startup_nrf51.o
      1588          6          0          0          0      19044   ble_advdata.o
      1062         42          0         31        259      13689   ble_advertising.o
       594         20          0          0          0       6007   ble_bas.o
       460         58          4         20         60      13080   ble_conn_params.o
       896         28          0          0          0      15682   ble_cscs.o
       604         16          0         74          0       5411   ble_dis.o
      1032         18         12          0          0      19769   ble_sc_ctrlpt.o
        30          0          0          0          0       2176   ble_srv_common.o
      1114        118         60         24        108      10269   bsp.o
       284         10          0          8          0       4765   bsp_btn_ble.o
      2740        198         48         24        299      30693   device_manager_peripheral.o
      1814        200          8         66        768     115601   main.o
        96         18          0          0          0       8596   nrf_drv_common.o
       960        128          0          0         72      21224   nrf_drv_gpiote.o
       490         58          0          0         28      13815   nrf_drv_uart.o
      2830        262         40         36        216      36030   pstorage.o
       106          0          0          0          0       2979   sensorsim.o
       324         36          0         20          0       9108   softdevice_handler.o
       156         26          0          4          0       2095   system_nrf51.o

    ----------------------------------------------------------------------
     19338       1462        404        364       3892     399617   Object Totals
         0          0         32          0          0          0   (incl. Generated)
        26          0          0          5          2          0   (incl. Padding)

    ----------------------------------------------------------------------

      Code (inc. data)   RO Data    RW Data    ZI Data      Debug   Library Member Name

        58          0          0          0          0          0   __dczerorl.o
         0          0          0          0          0          0   entry.o
         0          0          0          0          0          0   entry10a.o
         0          0          0          0          0          0   entry11a.o
         8          4          0          0          0          0   entry2.o
         4          0          0          0          0          0   entry5.o
         0          0          0          0          0          0   entry7b.o
         0          0          0          0          0          0   entry8b.o
         8          4          0          0          0          0   entry9a.o
        30          0          0          0          0          0   handlers.o
        40          0          0          0          0         72   idiv.o
        36          8          0          0          0         68   init.o
        26          0          0          0          0         72   memcmp.o
        36          0          0          0          0         60   memcpya.o
        36          0          0          0          0        100   memseta.o
        14          0          0          0          0         60   strlen.o
        44          0          0          0          0         72   uidiv.o
        20          0          0          0          0         60   uread4.o

    ----------------------------------------------------------------------
       362         16          0          0          0        564   Library Totals
         2          0          0          0          0          0   (incl. Padding)

    ----------------------------------------------------------------------

      Code (inc. data)   RO Data    RW Data    ZI Data      Debug   Library Name

       360         16          0          0          0        564   mc_p.l

    ----------------------------------------------------------------------
       362         16          0          0          0        564   Library Totals

    ----------------------------------------------------------------------

==============================================================================


      Code (inc. data)   RO Data    RW Data    ZI Data      Debug   

     19700       1478        404        364       3892     390937   Grand Totals
     19700       1478        404         36       3892     390937   ELF Image Totals (compressed)
     19700       1478        404         36          0          0   ROM Totals

==============================================================================

    Total RO  Size (Code + RO Data)                20104 (  19.63kB)
    Total RW  Size (RW Data + ZI Data)              4256 (   4.16kB)
    Total ROM Size (Code + RO Data + RW Data)      20140 (  19.67kB)

==============================================================================

