Component: ARM Compiler 5.06 update 1 (build 61) Tool: armlink [4d35a8]

==============================================================================

Section Cross References

    main.o(i.flash_leds) refers to gpio_lib.o(i.clear_pin) for clear_pin
    main.o(i.flash_leds) refers to nrf_delay.o(i.nrf_delay_ms) for nrf_delay_ms
    main.o(i.flash_leds) refers to gpio_lib.o(i.set_pin) for set_pin
    main.o(i.init_leds) refers to gpio_lib.o(i.gpio_pin_out_init) for gpio_pin_out_init
    main.o(i.main) refers to main.o(i.init_leds) for init_leds
    main.o(i.main) refers to gpio_lib.o(i.gpio_pin_in_init) for gpio_pin_in_init
    main.o(i.main) refers to main.o(i.flash_leds) for flash_leds
    main.o(i.main) refers to main.o(i.enable_radio_rx) for enable_radio_rx
    main.o(i.main) refers to main.o(i.radio_recieve) for radio_recieve
    main.o(i.main) refers to gpio_lib.o(i.set_pin) for set_pin
    main.o(i.main) refers to gpio_lib.o(i.clear_pin) for clear_pin
    arm_startup_nrf52.o(STACK) refers (Special) to heapauxi.o(.text) for __use_two_region_memory
    arm_startup_nrf52.o(HEAP) refers (Special) to heapauxi.o(.text) for __use_two_region_memory
    arm_startup_nrf52.o(RESET) refers (Special) to heapauxi.o(.text) for __use_two_region_memory
    arm_startup_nrf52.o(RESET) refers to arm_startup_nrf52.o(STACK) for __initial_sp
    arm_startup_nrf52.o(RESET) refers to arm_startup_nrf52.o(.text) for Reset_Handler
    arm_startup_nrf52.o(.text) refers (Special) to heapauxi.o(.text) for __use_two_region_memory
    arm_startup_nrf52.o(.text) refers to system_nrf52.o(i.SystemInit) for SystemInit
    arm_startup_nrf52.o(.text) refers to __main.o(!!!main) for __main
    arm_startup_nrf52.o(.text) refers to arm_startup_nrf52.o(HEAP) for Heap_Mem
    arm_startup_nrf52.o(.text) refers to arm_startup_nrf52.o(STACK) for Stack_Mem
    system_nrf52.o(i.SystemCoreClockUpdate) refers to system_nrf52.o(.data) for SystemCoreClock
    system_nrf52.o(i.SystemInit) refers to system_nrf52.o(i.errata_31) for errata_31
    system_nrf52.o(i.SystemInit) refers to system_nrf52.o(i.errata_32) for errata_32
    system_nrf52.o(i.SystemInit) refers to system_nrf52.o(i.errata_36) for errata_36
    system_nrf52.o(i.SystemInit) refers to system_nrf52.o(i.errata_37) for errata_37
    system_nrf52.o(i.SystemInit) refers to system_nrf52.o(i.errata_66) for errata_66
    system_nrf52.o(i.SystemInit) refers to system_nrf52.o(i.SystemCoreClockUpdate) for SystemCoreClockUpdate
    nrf_delay.o(i.nrf_delay_ms) refers to nrf_delay.o(.emb_text) for __asm___11_nrf_delay_c_532987f3__nrf_delay_us
    __main.o(!!!main) refers to __rtentry.o(.ARM.Collect$$rtentry$$00000000) for __rt_entry
    __rtentry.o(.ARM.Collect$$rtentry$$00000000) refers (Special) to __rtentry2.o(.ARM.Collect$$rtentry$$0000000A) for __rt_entry_li
    __rtentry.o(.ARM.Collect$$rtentry$$00000000) refers (Special) to __rtentry2.o(.ARM.Collect$$rtentry$$0000000D) for __rt_entry_main
    __rtentry.o(.ARM.Collect$$rtentry$$00000000) refers (Special) to __rtentry2.o(.ARM.Collect$$rtentry$$0000000C) for __rt_entry_postli_1
    __rtentry.o(.ARM.Collect$$rtentry$$00000000) refers (Special) to __rtentry2.o(.ARM.Collect$$rtentry$$00000009) for __rt_entry_postsh_1
    __rtentry.o(.ARM.Collect$$rtentry$$00000000) refers (Special) to __rtentry2.o(.ARM.Collect$$rtentry$$00000002) for __rt_entry_presh_1
    __rtentry.o(.ARM.Collect$$rtentry$$00000000) refers (Special) to __rtentry4.o(.ARM.Collect$$rtentry$$00000004) for __rt_entry_sh
    __rtentry2.o(.ARM.Collect$$rtentry$$00000008) refers to boardinit2.o(.text) for _platform_post_stackheap_init
    __rtentry2.o(.ARM.Collect$$rtentry$$0000000A) refers to libinit.o(.ARM.Collect$$libinit$$00000000) for __rt_lib_init
    __rtentry2.o(.ARM.Collect$$rtentry$$0000000B) refers to boardinit3.o(.text) for _platform_post_lib_init
    __rtentry2.o(.ARM.Collect$$rtentry$$0000000D) refers to main.o(i.main) for main
    __rtentry2.o(.ARM.Collect$$rtentry$$0000000D) refers to exit.o(.text) for exit
    __rtentry2.o(.ARM.exidx) refers to __rtentry2.o(.ARM.Collect$$rtentry$$00000001) for .ARM.Collect$$rtentry$$00000001
    __rtentry2.o(.ARM.exidx) refers to __rtentry2.o(.ARM.Collect$$rtentry$$00000008) for .ARM.Collect$$rtentry$$00000008
    __rtentry2.o(.ARM.exidx) refers to __rtentry2.o(.ARM.Collect$$rtentry$$0000000A) for .ARM.Collect$$rtentry$$0000000A
    __rtentry2.o(.ARM.exidx) refers to __rtentry2.o(.ARM.Collect$$rtentry$$0000000B) for .ARM.Collect$$rtentry$$0000000B
    __rtentry2.o(.ARM.exidx) refers to __rtentry2.o(.ARM.Collect$$rtentry$$0000000D) for .ARM.Collect$$rtentry$$0000000D
    __rtentry4.o(.ARM.Collect$$rtentry$$00000004) refers to sys_stackheap_outer.o(.text) for __user_setup_stackheap
    __rtentry4.o(.ARM.exidx) refers to __rtentry4.o(.ARM.Collect$$rtentry$$00000004) for .ARM.Collect$$rtentry$$00000004
    sys_stackheap_outer.o(.text) refers to libspace.o(.text) for __user_perproc_libspace
    sys_stackheap_outer.o(.text) refers to arm_startup_nrf52.o(.text) for __user_initial_stackheap
    exit.o(.text) refers to rtexit.o(.ARM.Collect$$rtexit$$00000000) for __rt_exit
    libinit.o(.ARM.Collect$$libinit$$00000000) refers (Special) to libinit2.o(.ARM.Collect$$libinit$$0000002E) for __rt_lib_init_alloca_1
    libinit.o(.ARM.Collect$$libinit$$00000000) refers (Special) to libinit2.o(.ARM.Collect$$libinit$$0000002C) for __rt_lib_init_argv_1
    libinit.o(.ARM.Collect$$libinit$$00000000) refers (Special) to libinit2.o(.ARM.Collect$$libinit$$0000001B) for __rt_lib_init_atexit_1
    libinit.o(.ARM.Collect$$libinit$$00000000) refers (Special) to libinit2.o(.ARM.Collect$$libinit$$00000021) for __rt_lib_init_clock_1
    libinit.o(.ARM.Collect$$libinit$$00000000) refers (Special) to libinit2.o(.ARM.Collect$$libinit$$00000032) for __rt_lib_init_cpp_1
    libinit.o(.ARM.Collect$$libinit$$00000000) refers (Special) to libinit2.o(.ARM.Collect$$libinit$$00000030) for __rt_lib_init_exceptions_1
    libinit.o(.ARM.Collect$$libinit$$00000000) refers (Special) to libinit2.o(.ARM.Collect$$libinit$$00000001) for __rt_lib_init_fp_1
    libinit.o(.ARM.Collect$$libinit$$00000000) refers (Special) to libinit2.o(.ARM.Collect$$libinit$$0000001F) for __rt_lib_init_fp_trap_1
    libinit.o(.ARM.Collect$$libinit$$00000000) refers (Special) to libinit2.o(.ARM.Collect$$libinit$$00000023) for __rt_lib_init_getenv_1
    libinit.o(.ARM.Collect$$libinit$$00000000) refers (Special) to libinit2.o(.ARM.Collect$$libinit$$0000000A) for __rt_lib_init_heap_1
    libinit.o(.ARM.Collect$$libinit$$00000000) refers (Special) to libinit2.o(.ARM.Collect$$libinit$$00000011) for __rt_lib_init_lc_collate_1
    libinit.o(.ARM.Collect$$libinit$$00000000) refers (Special) to libinit2.o(.ARM.Collect$$libinit$$00000013) for __rt_lib_init_lc_ctype_1
    libinit.o(.ARM.Collect$$libinit$$00000000) refers (Special) to libinit2.o(.ARM.Collect$$libinit$$00000015) for __rt_lib_init_lc_monetary_1
    libinit.o(.ARM.Collect$$libinit$$00000000) refers (Special) to libinit2.o(.ARM.Collect$$libinit$$00000017) for __rt_lib_init_lc_numeric_1
    libinit.o(.ARM.Collect$$libinit$$00000000) refers (Special) to libinit2.o(.ARM.Collect$$libinit$$00000019) for __rt_lib_init_lc_time_1
    libinit.o(.ARM.Collect$$libinit$$00000000) refers (Special) to libinit2.o(.ARM.Collect$$libinit$$00000004) for __rt_lib_init_preinit_1
    libinit.o(.ARM.Collect$$libinit$$00000000) refers (Special) to libinit2.o(.ARM.Collect$$libinit$$0000000E) for __rt_lib_init_rand_1
    libinit.o(.ARM.Collect$$libinit$$00000000) refers (Special) to libinit2.o(.ARM.Collect$$libinit$$00000033) for __rt_lib_init_return
    libinit.o(.ARM.Collect$$libinit$$00000000) refers (Special) to libinit2.o(.ARM.Collect$$libinit$$0000001D) for __rt_lib_init_signal_1
    libinit.o(.ARM.Collect$$libinit$$00000000) refers (Special) to libinit2.o(.ARM.Collect$$libinit$$00000025) for __rt_lib_init_stdio_1
    libinit.o(.ARM.Collect$$libinit$$00000000) refers (Special) to libinit2.o(.ARM.Collect$$libinit$$0000000C) for __rt_lib_init_user_alloc_1
    libspace.o(.text) refers to libspace.o(.bss) for __libspace_start
    rtexit.o(.ARM.Collect$$rtexit$$00000000) refers (Special) to rtexit2.o(.ARM.Collect$$rtexit$$00000004) for __rt_exit_exit
    rtexit.o(.ARM.Collect$$rtexit$$00000000) refers (Special) to rtexit2.o(.ARM.Collect$$rtexit$$00000003) for __rt_exit_ls
    rtexit.o(.ARM.Collect$$rtexit$$00000000) refers (Special) to rtexit2.o(.ARM.Collect$$rtexit$$00000002) for __rt_exit_prels_1
    rtexit.o(.ARM.exidx) refers (Special) to rtexit2.o(.ARM.Collect$$rtexit$$00000004) for __rt_exit_exit
    rtexit.o(.ARM.exidx) refers (Special) to rtexit2.o(.ARM.Collect$$rtexit$$00000003) for __rt_exit_ls
    rtexit.o(.ARM.exidx) refers (Special) to rtexit2.o(.ARM.Collect$$rtexit$$00000002) for __rt_exit_prels_1
    rtexit.o(.ARM.exidx) refers to rtexit.o(.ARM.Collect$$rtexit$$00000000) for .ARM.Collect$$rtexit$$00000000
    libinit2.o(.ARM.Collect$$libinit$$00000001) refers to fpinit.o(x$fpl$fpinit) for _fp_init
    libinit2.o(.ARM.Collect$$libinit$$00000010) refers to libinit2.o(.ARM.Collect$$libinit$$0000000F) for .ARM.Collect$$libinit$$0000000F
    libinit2.o(.ARM.Collect$$libinit$$00000012) refers to libinit2.o(.ARM.Collect$$libinit$$0000000F) for .ARM.Collect$$libinit$$0000000F
    libinit2.o(.ARM.Collect$$libinit$$00000014) refers to libinit2.o(.ARM.Collect$$libinit$$0000000F) for .ARM.Collect$$libinit$$0000000F
    libinit2.o(.ARM.Collect$$libinit$$00000016) refers to libinit2.o(.ARM.Collect$$libinit$$0000000F) for .ARM.Collect$$libinit$$0000000F
    libinit2.o(.ARM.Collect$$libinit$$00000018) refers to libinit2.o(.ARM.Collect$$libinit$$0000000F) for .ARM.Collect$$libinit$$0000000F
    libinit2.o(.ARM.Collect$$libinit$$00000026) refers to argv_veneer.o(.emb_text) for __ARM_argv_veneer
    libinit2.o(.ARM.Collect$$libinit$$00000027) refers to argv_veneer.o(.emb_text) for __ARM_argv_veneer
    rtexit2.o(.ARM.Collect$$rtexit$$00000003) refers to libshutdown.o(.ARM.Collect$$libshutdown$$00000000) for __rt_lib_shutdown
    rtexit2.o(.ARM.Collect$$rtexit$$00000004) refers to sys_exit.o(.text) for _sys_exit
    rtexit2.o(.ARM.exidx) refers to rtexit2.o(.ARM.Collect$$rtexit$$00000001) for .ARM.Collect$$rtexit$$00000001
    rtexit2.o(.ARM.exidx) refers to rtexit2.o(.ARM.Collect$$rtexit$$00000003) for .ARM.Collect$$rtexit$$00000003
    rtexit2.o(.ARM.exidx) refers to rtexit2.o(.ARM.Collect$$rtexit$$00000004) for .ARM.Collect$$rtexit$$00000004
    argv_veneer.o(.emb_text) refers to no_argv.o(.text) for __ARM_get_argv
    sys_exit.o(.text) refers (Special) to use_no_semi.o(.text) for __I$use$semihosting
    sys_exit.o(.text) refers (Special) to indicate_semi.o(.text) for __semihosting_library_function
    _get_argv_nomalloc.o(.text) refers (Special) to hrguard.o(.text) for __heap_region$guard
    _get_argv_nomalloc.o(.text) refers to defsig_rtmem_outer.o(.text) for __rt_SIGRTMEM
    _get_argv_nomalloc.o(.text) refers to sys_command.o(.text) for _sys_command_string
    libshutdown.o(.ARM.Collect$$libshutdown$$00000000) refers (Special) to libshutdown2.o(.ARM.Collect$$libshutdown$$00000002) for __rt_lib_shutdown_cpp_1
    libshutdown.o(.ARM.Collect$$libshutdown$$00000000) refers (Special) to libshutdown2.o(.ARM.Collect$$libshutdown$$00000007) for __rt_lib_shutdown_fp_trap_1
    libshutdown.o(.ARM.Collect$$libshutdown$$00000000) refers (Special) to libshutdown2.o(.ARM.Collect$$libshutdown$$0000000F) for __rt_lib_shutdown_heap_1
    libshutdown.o(.ARM.Collect$$libshutdown$$00000000) refers (Special) to libshutdown2.o(.ARM.Collect$$libshutdown$$00000010) for __rt_lib_shutdown_return
    libshutdown.o(.ARM.Collect$$libshutdown$$00000000) refers (Special) to libshutdown2.o(.ARM.Collect$$libshutdown$$0000000A) for __rt_lib_shutdown_signal_1
    libshutdown.o(.ARM.Collect$$libshutdown$$00000000) refers (Special) to libshutdown2.o(.ARM.Collect$$libshutdown$$00000004) for __rt_lib_shutdown_stdio_1
    libshutdown.o(.ARM.Collect$$libshutdown$$00000000) refers (Special) to libshutdown2.o(.ARM.Collect$$libshutdown$$0000000C) for __rt_lib_shutdown_user_alloc_1
    sys_command.o(.text) refers (Special) to use_no_semi.o(.text) for __I$use$semihosting
    sys_command.o(.text) refers (Special) to indicate_semi.o(.text) for __semihosting_library_function
    defsig_rtmem_outer.o(.text) refers to defsig_rtmem_inner.o(.text) for __rt_SIGRTMEM_inner
    defsig_rtmem_outer.o(.text) refers to defsig_exit.o(.text) for __sig_exit
    defsig_rtmem_formal.o(.text) refers to rt_raise.o(.text) for __rt_raise
    rt_raise.o(.text) refers to __raise.o(.text) for __raise
    rt_raise.o(.text) refers to sys_exit.o(.text) for _sys_exit
    defsig_exit.o(.text) refers to sys_exit.o(.text) for _sys_exit
    defsig_rtmem_inner.o(.text) refers to defsig_general.o(.text) for __default_signal_display
    __raise.o(.text) refers to defsig.o(CL$$defsig) for __default_signal_handler
    defsig_general.o(.text) refers to sys_wrch.o(.text) for _ttywrch
    sys_wrch.o(.text) refers (Special) to use_no_semi.o(.text) for __I$use$semihosting
    sys_wrch.o(.text) refers (Special) to indicate_semi.o(.text) for __semihosting_library_function
    defsig.o(CL$$defsig) refers to defsig_rtmem_inner.o(.text) for __rt_SIGRTMEM_inner
    defsig_abrt_inner.o(.text) refers to defsig_general.o(.text) for __default_signal_display
    defsig_fpe_inner.o(.text) refers to defsig_general.o(.text) for __default_signal_display
    defsig_rtred_inner.o(.text) refers to defsig_general.o(.text) for __default_signal_display
    defsig_stak_inner.o(.text) refers to defsig_general.o(.text) for __default_signal_display
    defsig_pvfn_inner.o(.text) refers to defsig_general.o(.text) for __default_signal_display
    defsig_cppl_inner.o(.text) refers to defsig_general.o(.text) for __default_signal_display
    defsig_segv_inner.o(.text) refers to defsig_general.o(.text) for __default_signal_display
    defsig_other.o(.text) refers to defsig_general.o(.text) for __default_signal_display


==============================================================================

Removing Unused input sections from the image.

    Removing main.o(.rev16_text), (4 bytes).
    Removing main.o(.revsh_text), (4 bytes).
    Removing main.o(.rrx_text), (6 bytes).
    Removing main.o(.emb_text), (118 bytes).
    Removing gpio_lib.o(.rev16_text), (4 bytes).
    Removing gpio_lib.o(.revsh_text), (4 bytes).
    Removing gpio_lib.o(.rrx_text), (6 bytes).
    Removing gpio_lib.o(i.read_pin), (28 bytes).
    Removing system_nrf52.o(.rev16_text), (4 bytes).
    Removing system_nrf52.o(.revsh_text), (4 bytes).
    Removing system_nrf52.o(.rrx_text), (6 bytes).
    Removing nrf_delay.o(.rev16_text), (4 bytes).
    Removing nrf_delay.o(.revsh_text), (4 bytes).
    Removing nrf_delay.o(.rrx_text), (6 bytes).

14 unused section(s) (total 202 bytes) removed from the image.

==============================================================================

Image Symbol Table

    Local Symbols

    Symbol Name                              Value     Ov Type        Size  Object(Section)

    RESET                                    0x00000000   Section     1024  arm_startup_nrf52.o(RESET)
    ../clib/angel/boardlib.s                 0x00000000   Number         0  boardinit3.o ABSOLUTE
    ../clib/angel/boardlib.s                 0x00000000   Number         0  boardinit1.o ABSOLUTE
    ../clib/angel/boardlib.s                 0x00000000   Number         0  boardshut.o ABSOLUTE
    ../clib/angel/boardlib.s                 0x00000000   Number         0  boardinit2.o ABSOLUTE
    ../clib/angel/handlers.s                 0x00000000   Number         0  __scatter_zi.o ABSOLUTE
    ../clib/angel/handlers.s                 0x00000000   Number         0  __scatter_copy.o ABSOLUTE
    ../clib/angel/kernel.s                   0x00000000   Number         0  __rtentry2.o ABSOLUTE
    ../clib/angel/kernel.s                   0x00000000   Number         0  __rtentry4.o ABSOLUTE
    ../clib/angel/kernel.s                   0x00000000   Number         0  __rtentry.o ABSOLUTE
    ../clib/angel/kernel.s                   0x00000000   Number         0  rtexit2.o ABSOLUTE
    ../clib/angel/kernel.s                   0x00000000   Number         0  rtexit.o ABSOLUTE
    ../clib/angel/rt.s                       0x00000000   Number         0  rt_raise.o ABSOLUTE
    ../clib/angel/scatter.s                  0x00000000   Number         0  __scatter.o ABSOLUTE
    ../clib/angel/startup.s                  0x00000000   Number         0  __main.o ABSOLUTE
    ../clib/angel/sys.s                      0x00000000   Number         0  sys_stackheap_outer.o ABSOLUTE
    ../clib/angel/sys.s                      0x00000000   Number         0  indicate_semi.o ABSOLUTE
    ../clib/angel/sys.s                      0x00000000   Number         0  use_no_semi.o ABSOLUTE
    ../clib/angel/sys.s                      0x00000000   Number         0  libspace.o ABSOLUTE
    ../clib/angel/sysapp.c                   0x00000000   Number         0  sys_wrch.o ABSOLUTE
    ../clib/angel/sysapp.c                   0x00000000   Number         0  sys_exit.o ABSOLUTE
    ../clib/angel/sysapp.c                   0x00000000   Number         0  sys_command.o ABSOLUTE
    ../clib/armsys.c                         0x00000000   Number         0  no_argv.o ABSOLUTE
    ../clib/armsys.c                         0x00000000   Number         0  _get_argv_nomalloc.o ABSOLUTE
    ../clib/armsys.c                         0x00000000   Number         0  argv_veneer.o ABSOLUTE
    ../clib/armsys.c                         0x00000000   Number         0  argv_veneer.o ABSOLUTE
    ../clib/heapalloc.c                      0x00000000   Number         0  hrguard.o ABSOLUTE
    ../clib/heapaux.c                        0x00000000   Number         0  heapauxi.o ABSOLUTE
    ../clib/libinit.s                        0x00000000   Number         0  libshutdown.o ABSOLUTE
    ../clib/libinit.s                        0x00000000   Number         0  libshutdown2.o ABSOLUTE
    ../clib/libinit.s                        0x00000000   Number         0  libinit.o ABSOLUTE
    ../clib/libinit.s                        0x00000000   Number         0  libinit2.o ABSOLUTE
    ../clib/signal.c                         0x00000000   Number         0  defsig_pvfn_inner.o ABSOLUTE
    ../clib/signal.c                         0x00000000   Number         0  defsig_stak_inner.o ABSOLUTE
    ../clib/signal.c                         0x00000000   Number         0  defsig_rtred_inner.o ABSOLUTE
    ../clib/signal.c                         0x00000000   Number         0  defsig_fpe_inner.o ABSOLUTE
    ../clib/signal.c                         0x00000000   Number         0  defsig_rtmem_inner.o ABSOLUTE
    ../clib/signal.c                         0x00000000   Number         0  defsig_rtmem_formal.o ABSOLUTE
    ../clib/signal.c                         0x00000000   Number         0  defsig_exit.o ABSOLUTE
    ../clib/signal.c                         0x00000000   Number         0  __raise.o ABSOLUTE
    ../clib/signal.c                         0x00000000   Number         0  defsig_abrt_inner.o ABSOLUTE
    ../clib/signal.c                         0x00000000   Number         0  defsig_cppl_inner.o ABSOLUTE
    ../clib/signal.c                         0x00000000   Number         0  defsig_segv_inner.o ABSOLUTE
    ../clib/signal.c                         0x00000000   Number         0  defsig_other.o ABSOLUTE
    ../clib/signal.c                         0x00000000   Number         0  defsig_general.o ABSOLUTE
    ../clib/signal.c                         0x00000000   Number         0  defsig_rtmem_outer.o ABSOLUTE
    ../clib/signal.s                         0x00000000   Number         0  defsig.o ABSOLUTE
    ../clib/stdlib.c                         0x00000000   Number         0  exit.o ABSOLUTE
    ../fplib/fpinit.s                        0x00000000   Number         0  fpinit.o ABSOLUTE
    ..\\shared_libs\\gpio_lib.c              0x00000000   Number         0  gpio_lib.o ABSOLUTE
    ..\shared_libs\gpio_lib.c                0x00000000   Number         0  gpio_lib.o ABSOLUTE
    C:\Keil_v5\ARM\PACK\NordicSemiconductor\nRF_Drivers\4.0.0-2.alpha\delay\nrf_delay.c 0x00000000   Number         0  nrf_delay.o ABSOLUTE
    C:\\Keil_v5\\ARM\\PACK\\NordicSemiconductor\\nRF_Drivers\\4.0.0-2.alpha\\delay\\nrf_delay.c 0x00000000   Number         0  nrf_delay.o ABSOLUTE
    RTE\Device\nRF52832_xxAA\arm_startup_nrf52.s 0x00000000   Number         0  arm_startup_nrf52.o ABSOLUTE
    RTE\Device\nRF52832_xxAA\system_nrf52.c  0x00000000   Number         0  system_nrf52.o ABSOLUTE
    RTE\\Device\\nRF52832_xxAA\\system_nrf52.c 0x00000000   Number         0  system_nrf52.o ABSOLUTE
    dc.s                                     0x00000000   Number         0  dc.o ABSOLUTE
    main.c                                   0x00000000   Number         0  main.o ABSOLUTE
    main.c                                   0x00000000   Number         0  main.o ABSOLUTE
    !!!main                                  0x00000400   Section        8  __main.o(!!!main)
    !!!scatter                               0x00000408   Section       52  __scatter.o(!!!scatter)
    !!handler_copy                           0x0000043c   Section       26  __scatter_copy.o(!!handler_copy)
    !!handler_zi                             0x00000458   Section       28  __scatter_zi.o(!!handler_zi)
    .ARM.Collect$$libinit$$00000000          0x00000474   Section        2  libinit.o(.ARM.Collect$$libinit$$00000000)
    .ARM.Collect$$libinit$$00000001          0x00000476   Section        4  libinit2.o(.ARM.Collect$$libinit$$00000001)
    .ARM.Collect$$libinit$$00000004          0x0000047a   Section        0  libinit2.o(.ARM.Collect$$libinit$$00000004)
    .ARM.Collect$$libinit$$0000000A          0x0000047a   Section        0  libinit2.o(.ARM.Collect$$libinit$$0000000A)
    .ARM.Collect$$libinit$$0000000C          0x0000047a   Section        0  libinit2.o(.ARM.Collect$$libinit$$0000000C)
    .ARM.Collect$$libinit$$0000000E          0x0000047a   Section        0  libinit2.o(.ARM.Collect$$libinit$$0000000E)
    .ARM.Collect$$libinit$$00000011          0x0000047a   Section        0  libinit2.o(.ARM.Collect$$libinit$$00000011)
    .ARM.Collect$$libinit$$00000013          0x0000047a   Section        0  libinit2.o(.ARM.Collect$$libinit$$00000013)
    .ARM.Collect$$libinit$$00000015          0x0000047a   Section        0  libinit2.o(.ARM.Collect$$libinit$$00000015)
    .ARM.Collect$$libinit$$00000017          0x0000047a   Section        0  libinit2.o(.ARM.Collect$$libinit$$00000017)
    .ARM.Collect$$libinit$$00000019          0x0000047a   Section        0  libinit2.o(.ARM.Collect$$libinit$$00000019)
    .ARM.Collect$$libinit$$0000001B          0x0000047a   Section        0  libinit2.o(.ARM.Collect$$libinit$$0000001B)
    .ARM.Collect$$libinit$$0000001D          0x0000047a   Section        0  libinit2.o(.ARM.Collect$$libinit$$0000001D)
    .ARM.Collect$$libinit$$0000001F          0x0000047a   Section        0  libinit2.o(.ARM.Collect$$libinit$$0000001F)
    .ARM.Collect$$libinit$$00000021          0x0000047a   Section        0  libinit2.o(.ARM.Collect$$libinit$$00000021)
    .ARM.Collect$$libinit$$00000023          0x0000047a   Section        0  libinit2.o(.ARM.Collect$$libinit$$00000023)
    .ARM.Collect$$libinit$$00000025          0x0000047a   Section        0  libinit2.o(.ARM.Collect$$libinit$$00000025)
    .ARM.Collect$$libinit$$0000002C          0x0000047a   Section        0  libinit2.o(.ARM.Collect$$libinit$$0000002C)
    .ARM.Collect$$libinit$$0000002E          0x0000047a   Section        0  libinit2.o(.ARM.Collect$$libinit$$0000002E)
    .ARM.Collect$$libinit$$00000030          0x0000047a   Section        0  libinit2.o(.ARM.Collect$$libinit$$00000030)
    .ARM.Collect$$libinit$$00000032          0x0000047a   Section        0  libinit2.o(.ARM.Collect$$libinit$$00000032)
    .ARM.Collect$$libinit$$00000033          0x0000047a   Section        2  libinit2.o(.ARM.Collect$$libinit$$00000033)
    .ARM.Collect$$libshutdown$$00000000      0x0000047c   Section        2  libshutdown.o(.ARM.Collect$$libshutdown$$00000000)
    .ARM.Collect$$libshutdown$$00000002      0x0000047e   Section        0  libshutdown2.o(.ARM.Collect$$libshutdown$$00000002)
    .ARM.Collect$$libshutdown$$00000004      0x0000047e   Section        0  libshutdown2.o(.ARM.Collect$$libshutdown$$00000004)
    .ARM.Collect$$libshutdown$$00000007      0x0000047e   Section        0  libshutdown2.o(.ARM.Collect$$libshutdown$$00000007)
    .ARM.Collect$$libshutdown$$0000000A      0x0000047e   Section        0  libshutdown2.o(.ARM.Collect$$libshutdown$$0000000A)
    .ARM.Collect$$libshutdown$$0000000C      0x0000047e   Section        0  libshutdown2.o(.ARM.Collect$$libshutdown$$0000000C)
    .ARM.Collect$$libshutdown$$0000000F      0x0000047e   Section        0  libshutdown2.o(.ARM.Collect$$libshutdown$$0000000F)
    .ARM.Collect$$libshutdown$$00000010      0x0000047e   Section        2  libshutdown2.o(.ARM.Collect$$libshutdown$$00000010)
    .ARM.Collect$$rtentry$$00000000          0x00000480   Section        0  __rtentry.o(.ARM.Collect$$rtentry$$00000000)
    .ARM.Collect$$rtentry$$00000002          0x00000480   Section        0  __rtentry2.o(.ARM.Collect$$rtentry$$00000002)
    .ARM.Collect$$rtentry$$00000004          0x00000480   Section        6  __rtentry4.o(.ARM.Collect$$rtentry$$00000004)
    .ARM.Collect$$rtentry$$00000009          0x00000486   Section        0  __rtentry2.o(.ARM.Collect$$rtentry$$00000009)
    .ARM.Collect$$rtentry$$0000000A          0x00000486   Section        4  __rtentry2.o(.ARM.Collect$$rtentry$$0000000A)
    .ARM.Collect$$rtentry$$0000000C          0x0000048a   Section        0  __rtentry2.o(.ARM.Collect$$rtentry$$0000000C)
    .ARM.Collect$$rtentry$$0000000D          0x0000048a   Section        8  __rtentry2.o(.ARM.Collect$$rtentry$$0000000D)
    .ARM.Collect$$rtexit$$00000000           0x00000492   Section        2  rtexit.o(.ARM.Collect$$rtexit$$00000000)
    .ARM.Collect$$rtexit$$00000002           0x00000494   Section        0  rtexit2.o(.ARM.Collect$$rtexit$$00000002)
    .ARM.Collect$$rtexit$$00000003           0x00000494   Section        4  rtexit2.o(.ARM.Collect$$rtexit$$00000003)
    .ARM.Collect$$rtexit$$00000004           0x00000498   Section        6  rtexit2.o(.ARM.Collect$$rtexit$$00000004)
    .emb_text                                0x000004a0   Section      118  nrf_delay.o(.emb_text)
    $v0                                      0x000004a0   Number         0  nrf_delay.o(.emb_text)
    .text                                    0x00000518   Section       64  arm_startup_nrf52.o(.text)
    $v0                                      0x00000518   Number         0  arm_startup_nrf52.o(.text)
    .text                                    0x00000558   Section        0  heapauxi.o(.text)
    .text                                    0x0000055e   Section       74  sys_stackheap_outer.o(.text)
    .text                                    0x000005a8   Section        0  exit.o(.text)
    .text                                    0x000005bc   Section        8  libspace.o(.text)
    .text                                    0x000005c4   Section        0  sys_exit.o(.text)
    .text                                    0x000005d0   Section        2  use_no_semi.o(.text)
    .text                                    0x000005d2   Section        0  indicate_semi.o(.text)
    i.SystemCoreClockUpdate                  0x000005d4   Section        0  system_nrf52.o(i.SystemCoreClockUpdate)
    i.SystemInit                             0x000005e4   Section        0  system_nrf52.o(i.SystemInit)
    i.clear_pin                              0x00000734   Section        0  gpio_lib.o(i.clear_pin)
    i.enable_radio_rx                        0x00000744   Section        0  main.o(i.enable_radio_rx)
    i.errata_31                              0x00000774   Section        0  system_nrf52.o(i.errata_31)
    errata_31                                0x00000775   Thumb Code   114  system_nrf52.o(i.errata_31)
    i.errata_32                              0x000007ec   Section        0  system_nrf52.o(i.errata_32)
    errata_32                                0x000007ed   Thumb Code    54  system_nrf52.o(i.errata_32)
    i.errata_36                              0x00000828   Section        0  system_nrf52.o(i.errata_36)
    errata_36                                0x00000829   Thumb Code   114  system_nrf52.o(i.errata_36)
    i.errata_37                              0x000008a0   Section        0  system_nrf52.o(i.errata_37)
    errata_37                                0x000008a1   Thumb Code    54  system_nrf52.o(i.errata_37)
    i.errata_66                              0x000008dc   Section        0  system_nrf52.o(i.errata_66)
    errata_66                                0x000008dd   Thumb Code    54  system_nrf52.o(i.errata_66)
    i.flash_leds                             0x00000918   Section        0  main.o(i.flash_leds)
    i.gpio_pin_in_init                       0x0000097c   Section        0  gpio_lib.o(i.gpio_pin_in_init)
    i.gpio_pin_out_init                      0x0000098c   Section        0  gpio_lib.o(i.gpio_pin_out_init)
    i.init_leds                              0x0000099c   Section        0  main.o(i.init_leds)
    i.main                                   0x000009b8   Section        0  main.o(i.main)
    i.nrf_delay_ms                           0x00000a3e   Section        0  nrf_delay.o(i.nrf_delay_ms)
    i.radio_recieve                          0x00000a58   Section        0  main.o(i.radio_recieve)
    i.set_pin                                0x00000a84   Section        0  gpio_lib.o(i.set_pin)
    x$fpl$fpinit                             0x00000a94   Section       10  fpinit.o(x$fpl$fpinit)
    $v0                                      0x00000a94   Number         0  fpinit.o(x$fpl$fpinit)
    .data                                    0x20000000   Section        4  system_nrf52.o(.data)
    __tagsym$$used                           0x20000000   Number         0  system_nrf52.o(.data)
    .bss                                     0x20000004   Section       96  libspace.o(.bss)
    HEAP                                     0x20000068   Section     8192  arm_startup_nrf52.o(HEAP)
    Heap_Mem                                 0x20000068   Data        8192  arm_startup_nrf52.o(HEAP)
    STACK                                    0x20002068   Section     8192  arm_startup_nrf52.o(STACK)
    Stack_Mem                                0x20002068   Data        8192  arm_startup_nrf52.o(STACK)
    __initial_sp                             0x20004068   Data           0  arm_startup_nrf52.o(STACK)

    Global Symbols

    Symbol Name                              Value     Ov Type        Size  Object(Section)

    BuildAttributes$$THM_ISAv4$E$P$D$K$B$S$7EM$VFPi3$EXTD16$VFPS$VFMA$PE$A:L22UL41UL21$X:L11$S22US41US21$IEEE1$IW$USESV6$~STKCKD$USESV7$~SHL$OSPACE$ROPI$EBA8$UX$STANDARDLIB$REQ8$PRES8$EABIv2 0x00000000   Number         0  anon$$obj.o ABSOLUTE
    __ARM_use_no_argv                        0x00000000   Number         0  main.o ABSOLUTE
    __Vectors                                0x00000000   Data           4  arm_startup_nrf52.o(RESET)
    __ARM_exceptions_init                     - Undefined Weak Reference
    __alloca_initialize                       - Undefined Weak Reference
    __arm_preinit_                            - Undefined Weak Reference
    __cpp_initialize__aeabi_                  - Undefined Weak Reference
    __cxa_finalize                            - Undefined Weak Reference
    __rt_locale                               - Undefined Weak Reference
    __sigvec_lookup                           - Undefined Weak Reference
    _atexit_init                              - Undefined Weak Reference
    _call_atexit_fns                          - Undefined Weak Reference
    _clock_init                               - Undefined Weak Reference
    _fp_trap_init                             - Undefined Weak Reference
    _fp_trap_shutdown                         - Undefined Weak Reference
    _get_lc_collate                           - Undefined Weak Reference
    _get_lc_ctype                             - Undefined Weak Reference
    _get_lc_monetary                          - Undefined Weak Reference
    _get_lc_numeric                           - Undefined Weak Reference
    _get_lc_time                              - Undefined Weak Reference
    _getenv_init                              - Undefined Weak Reference
    _handle_redirection                       - Undefined Weak Reference
    _init_alloc                               - Undefined Weak Reference
    _init_user_alloc                          - Undefined Weak Reference
    _initio                                   - Undefined Weak Reference
    _rand_init                                - Undefined Weak Reference
    _signal_finish                            - Undefined Weak Reference
    _signal_init                              - Undefined Weak Reference
    _terminate_alloc                          - Undefined Weak Reference
    _terminate_user_alloc                     - Undefined Weak Reference
    _terminateio                              - Undefined Weak Reference
    __Vectors_End                            0x00000400   Data           0  arm_startup_nrf52.o(RESET)
    __Vectors_Size                           0x00000400   Number         0  arm_startup_nrf52.o ABSOLUTE
    __main                                   0x00000401   Thumb Code     8  __main.o(!!!main)
    __scatterload                            0x00000409   Thumb Code     0  __scatter.o(!!!scatter)
    __scatterload_rt2                        0x00000409   Thumb Code    44  __scatter.o(!!!scatter)
    __scatterload_rt2_thumb_only             0x00000409   Thumb Code     0  __scatter.o(!!!scatter)
    __scatterload_null                       0x00000417   Thumb Code     0  __scatter.o(!!!scatter)
    __scatterload_copy                       0x0000043d   Thumb Code    26  __scatter_copy.o(!!handler_copy)
    __scatterload_zeroinit                   0x00000459   Thumb Code    28  __scatter_zi.o(!!handler_zi)
    __rt_lib_init                            0x00000475   Thumb Code     0  libinit.o(.ARM.Collect$$libinit$$00000000)
    __rt_lib_init_fp_1                       0x00000477   Thumb Code     0  libinit2.o(.ARM.Collect$$libinit$$00000001)
    __rt_lib_init_alloca_1                   0x0000047b   Thumb Code     0  libinit2.o(.ARM.Collect$$libinit$$0000002E)
    __rt_lib_init_argv_1                     0x0000047b   Thumb Code     0  libinit2.o(.ARM.Collect$$libinit$$0000002C)
    __rt_lib_init_atexit_1                   0x0000047b   Thumb Code     0  libinit2.o(.ARM.Collect$$libinit$$0000001B)
    __rt_lib_init_clock_1                    0x0000047b   Thumb Code     0  libinit2.o(.ARM.Collect$$libinit$$00000021)
    __rt_lib_init_cpp_1                      0x0000047b   Thumb Code     0  libinit2.o(.ARM.Collect$$libinit$$00000032)
    __rt_lib_init_exceptions_1               0x0000047b   Thumb Code     0  libinit2.o(.ARM.Collect$$libinit$$00000030)
    __rt_lib_init_fp_trap_1                  0x0000047b   Thumb Code     0  libinit2.o(.ARM.Collect$$libinit$$0000001F)
    __rt_lib_init_getenv_1                   0x0000047b   Thumb Code     0  libinit2.o(.ARM.Collect$$libinit$$00000023)
    __rt_lib_init_heap_1                     0x0000047b   Thumb Code     0  libinit2.o(.ARM.Collect$$libinit$$0000000A)
    __rt_lib_init_lc_collate_1               0x0000047b   Thumb Code     0  libinit2.o(.ARM.Collect$$libinit$$00000011)
    __rt_lib_init_lc_ctype_1                 0x0000047b   Thumb Code     0  libinit2.o(.ARM.Collect$$libinit$$00000013)
    __rt_lib_init_lc_monetary_1              0x0000047b   Thumb Code     0  libinit2.o(.ARM.Collect$$libinit$$00000015)
    __rt_lib_init_lc_numeric_1               0x0000047b   Thumb Code     0  libinit2.o(.ARM.Collect$$libinit$$00000017)
    __rt_lib_init_lc_time_1                  0x0000047b   Thumb Code     0  libinit2.o(.ARM.Collect$$libinit$$00000019)
    __rt_lib_init_preinit_1                  0x0000047b   Thumb Code     0  libinit2.o(.ARM.Collect$$libinit$$00000004)
    __rt_lib_init_rand_1                     0x0000047b   Thumb Code     0  libinit2.o(.ARM.Collect$$libinit$$0000000E)
    __rt_lib_init_return                     0x0000047b   Thumb Code     0  libinit2.o(.ARM.Collect$$libinit$$00000033)
    __rt_lib_init_signal_1                   0x0000047b   Thumb Code     0  libinit2.o(.ARM.Collect$$libinit$$0000001D)
    __rt_lib_init_stdio_1                    0x0000047b   Thumb Code     0  libinit2.o(.ARM.Collect$$libinit$$00000025)
    __rt_lib_init_user_alloc_1               0x0000047b   Thumb Code     0  libinit2.o(.ARM.Collect$$libinit$$0000000C)
    __rt_lib_shutdown                        0x0000047d   Thumb Code     0  libshutdown.o(.ARM.Collect$$libshutdown$$00000000)
    __rt_lib_shutdown_cpp_1                  0x0000047f   Thumb Code     0  libshutdown2.o(.ARM.Collect$$libshutdown$$00000002)
    __rt_lib_shutdown_fp_trap_1              0x0000047f   Thumb Code     0  libshutdown2.o(.ARM.Collect$$libshutdown$$00000007)
    __rt_lib_shutdown_heap_1                 0x0000047f   Thumb Code     0  libshutdown2.o(.ARM.Collect$$libshutdown$$0000000F)
    __rt_lib_shutdown_return                 0x0000047f   Thumb Code     0  libshutdown2.o(.ARM.Collect$$libshutdown$$00000010)
    __rt_lib_shutdown_signal_1               0x0000047f   Thumb Code     0  libshutdown2.o(.ARM.Collect$$libshutdown$$0000000A)
    __rt_lib_shutdown_stdio_1                0x0000047f   Thumb Code     0  libshutdown2.o(.ARM.Collect$$libshutdown$$00000004)
    __rt_lib_shutdown_user_alloc_1           0x0000047f   Thumb Code     0  libshutdown2.o(.ARM.Collect$$libshutdown$$0000000C)
    __rt_entry                               0x00000481   Thumb Code     0  __rtentry.o(.ARM.Collect$$rtentry$$00000000)
    __rt_entry_presh_1                       0x00000481   Thumb Code     0  __rtentry2.o(.ARM.Collect$$rtentry$$00000002)
    __rt_entry_sh                            0x00000481   Thumb Code     0  __rtentry4.o(.ARM.Collect$$rtentry$$00000004)
    __rt_entry_li                            0x00000487   Thumb Code     0  __rtentry2.o(.ARM.Collect$$rtentry$$0000000A)
    __rt_entry_postsh_1                      0x00000487   Thumb Code     0  __rtentry2.o(.ARM.Collect$$rtentry$$00000009)
    __rt_entry_main                          0x0000048b   Thumb Code     0  __rtentry2.o(.ARM.Collect$$rtentry$$0000000D)
    __rt_entry_postli_1                      0x0000048b   Thumb Code     0  __rtentry2.o(.ARM.Collect$$rtentry$$0000000C)
    __rt_exit                                0x00000493   Thumb Code     0  rtexit.o(.ARM.Collect$$rtexit$$00000000)
    __rt_exit_ls                             0x00000495   Thumb Code     0  rtexit2.o(.ARM.Collect$$rtexit$$00000003)
    __rt_exit_prels_1                        0x00000495   Thumb Code     0  rtexit2.o(.ARM.Collect$$rtexit$$00000002)
    __rt_exit_exit                           0x00000499   Thumb Code     0  rtexit2.o(.ARM.Collect$$rtexit$$00000004)
    __asm___11_nrf_delay_c_532987f3__nrf_delay_us 0x000004a1   Thumb Code   118  nrf_delay.o(.emb_text)
    Reset_Handler                            0x00000519   Thumb Code     8  arm_startup_nrf52.o(.text)
    NMI_Handler                              0x00000521   Thumb Code     2  arm_startup_nrf52.o(.text)
    HardFault_Handler                        0x00000523   Thumb Code     2  arm_startup_nrf52.o(.text)
    MemoryManagement_Handler                 0x00000525   Thumb Code     2  arm_startup_nrf52.o(.text)
    BusFault_Handler                         0x00000527   Thumb Code     2  arm_startup_nrf52.o(.text)
    UsageFault_Handler                       0x00000529   Thumb Code     2  arm_startup_nrf52.o(.text)
    SVC_Handler                              0x0000052b   Thumb Code     2  arm_startup_nrf52.o(.text)
    PendSV_Handler                           0x0000052d   Thumb Code     2  arm_startup_nrf52.o(.text)
    SysTick_Handler                          0x0000052f   Thumb Code     2  arm_startup_nrf52.o(.text)
    CCM_AAR_IRQHandler                       0x00000531   Thumb Code     0  arm_startup_nrf52.o(.text)
    COMP_LPCOMP_IRQHandler                   0x00000531   Thumb Code     0  arm_startup_nrf52.o(.text)
    ECB_IRQHandler                           0x00000531   Thumb Code     0  arm_startup_nrf52.o(.text)
    GPIOTE_IRQHandler                        0x00000531   Thumb Code     0  arm_startup_nrf52.o(.text)
    I2S_IRQHandler                           0x00000531   Thumb Code     0  arm_startup_nrf52.o(.text)
    MWU_IRQHandler                           0x00000531   Thumb Code     0  arm_startup_nrf52.o(.text)
    NFCT_IRQHandler                          0x00000531   Thumb Code     0  arm_startup_nrf52.o(.text)
    PDM_IRQHandler                           0x00000531   Thumb Code     0  arm_startup_nrf52.o(.text)
    POWER_CLOCK_IRQHandler                   0x00000531   Thumb Code     0  arm_startup_nrf52.o(.text)
    PWM0_IRQHandler                          0x00000531   Thumb Code     0  arm_startup_nrf52.o(.text)
    PWM1_IRQHandler                          0x00000531   Thumb Code     0  arm_startup_nrf52.o(.text)
    PWM2_IRQHandler                          0x00000531   Thumb Code     0  arm_startup_nrf52.o(.text)
    QDEC_IRQHandler                          0x00000531   Thumb Code     0  arm_startup_nrf52.o(.text)
    RADIO_IRQHandler                         0x00000531   Thumb Code     0  arm_startup_nrf52.o(.text)
    RNG_IRQHandler                           0x00000531   Thumb Code     0  arm_startup_nrf52.o(.text)
    RTC0_IRQHandler                          0x00000531   Thumb Code     0  arm_startup_nrf52.o(.text)
    RTC1_IRQHandler                          0x00000531   Thumb Code     0  arm_startup_nrf52.o(.text)
    RTC2_IRQHandler                          0x00000531   Thumb Code     0  arm_startup_nrf52.o(.text)
    SAADC_IRQHandler                         0x00000531   Thumb Code     0  arm_startup_nrf52.o(.text)
    SPIM0_SPIS0_TWIM0_TWIS0_SPI0_TWI0_IRQHandler 0x00000531   Thumb Code     0  arm_startup_nrf52.o(.text)
    SPIM1_SPIS1_TWIM1_TWIS1_SPI1_TWI1_IRQHandler 0x00000531   Thumb Code     0  arm_startup_nrf52.o(.text)
    SPIM2_SPIS2_SPI2_IRQHandler              0x00000531   Thumb Code     0  arm_startup_nrf52.o(.text)
    SWI0_EGU0_IRQHandler                     0x00000531   Thumb Code     0  arm_startup_nrf52.o(.text)
    SWI1_EGU1_IRQHandler                     0x00000531   Thumb Code     0  arm_startup_nrf52.o(.text)
    SWI2_EGU2_IRQHandler                     0x00000531   Thumb Code     0  arm_startup_nrf52.o(.text)
    SWI3_EGU3_IRQHandler                     0x00000531   Thumb Code     0  arm_startup_nrf52.o(.text)
    SWI4_EGU4_IRQHandler                     0x00000531   Thumb Code     0  arm_startup_nrf52.o(.text)
    SWI5_EGU5_IRQHandler                     0x00000531   Thumb Code     0  arm_startup_nrf52.o(.text)
    TEMP_IRQHandler                          0x00000531   Thumb Code     0  arm_startup_nrf52.o(.text)
    TIMER0_IRQHandler                        0x00000531   Thumb Code     0  arm_startup_nrf52.o(.text)
    TIMER1_IRQHandler                        0x00000531   Thumb Code     0  arm_startup_nrf52.o(.text)
    TIMER2_IRQHandler                        0x00000531   Thumb Code     0  arm_startup_nrf52.o(.text)
    TIMER3_IRQHandler                        0x00000531   Thumb Code     0  arm_startup_nrf52.o(.text)
    TIMER4_IRQHandler                        0x00000531   Thumb Code     0  arm_startup_nrf52.o(.text)
    UARTE0_UART0_IRQHandler                  0x00000531   Thumb Code     0  arm_startup_nrf52.o(.text)
    WDT_IRQHandler                           0x00000531   Thumb Code     0  arm_startup_nrf52.o(.text)
    __user_initial_stackheap                 0x00000535   Thumb Code     0  arm_startup_nrf52.o(.text)
    __use_two_region_memory                  0x00000559   Thumb Code     2  heapauxi.o(.text)
    __rt_heap_escrow$2region                 0x0000055b   Thumb Code     2  heapauxi.o(.text)
    __rt_heap_expand$2region                 0x0000055d   Thumb Code     2  heapauxi.o(.text)
    __user_setup_stackheap                   0x0000055f   Thumb Code    74  sys_stackheap_outer.o(.text)
    exit                                     0x000005a9   Thumb Code    18  exit.o(.text)
    __user_libspace                          0x000005bd   Thumb Code     8  libspace.o(.text)
    __user_perproc_libspace                  0x000005bd   Thumb Code     0  libspace.o(.text)
    __user_perthread_libspace                0x000005bd   Thumb Code     0  libspace.o(.text)
    _sys_exit                                0x000005c5   Thumb Code     8  sys_exit.o(.text)
    __I$use$semihosting                      0x000005d1   Thumb Code     0  use_no_semi.o(.text)
    __use_no_semihosting_swi                 0x000005d1   Thumb Code     2  use_no_semi.o(.text)
    __semihosting_library_function           0x000005d3   Thumb Code     0  indicate_semi.o(.text)
    SystemCoreClockUpdate                    0x000005d5   Thumb Code     8  system_nrf52.o(i.SystemCoreClockUpdate)
    SystemInit                               0x000005e5   Thumb Code   312  system_nrf52.o(i.SystemInit)
    clear_pin                                0x00000735   Thumb Code    10  gpio_lib.o(i.clear_pin)
    enable_radio_rx                          0x00000745   Thumb Code    30  main.o(i.enable_radio_rx)
    flash_leds                               0x00000919   Thumb Code   100  main.o(i.flash_leds)
    gpio_pin_in_init                         0x0000097d   Thumb Code    10  gpio_lib.o(i.gpio_pin_in_init)
    gpio_pin_out_init                        0x0000098d   Thumb Code    10  gpio_lib.o(i.gpio_pin_out_init)
    init_leds                                0x0000099d   Thumb Code    28  main.o(i.init_leds)
    main                                     0x000009b9   Thumb Code   134  main.o(i.main)
    nrf_delay_ms                             0x00000a3f   Thumb Code    26  nrf_delay.o(i.nrf_delay_ms)
    radio_recieve                            0x00000a59   Thumb Code    30  main.o(i.radio_recieve)
    set_pin                                  0x00000a85   Thumb Code    10  gpio_lib.o(i.set_pin)
    _fp_init                                 0x00000a95   Thumb Code    10  fpinit.o(x$fpl$fpinit)
    __fplib_config_fpu_vfp                   0x00000a9d   Thumb Code     0  fpinit.o(x$fpl$fpinit)
    __fplib_config_pureend_doubles           0x00000a9d   Thumb Code     0  fpinit.o(x$fpl$fpinit)
    Region$$Table$$Base                      0x00000aa0   Number         0  anon$$obj.o(Region$$Table)
    Region$$Table$$Limit                     0x00000ac0   Number         0  anon$$obj.o(Region$$Table)
    SystemCoreClock                          0x20000000   Data           4  system_nrf52.o(.data)
    __libspace_start                         0x20000004   Data          96  libspace.o(.bss)
    __temporary_stack_top$libspace           0x20000064   Data           0  libspace.o(.bss)



==============================================================================

Memory Map of the image

  Image Entry point : 0x00000519

  Load Region LR_1 (Base: 0x00000000, Size: 0x00000ac4, Max: 0xffffffff, ABSOLUTE)

    Execution Region ER_RO (Base: 0x00000000, Size: 0x00000ac0, Max: 0xffffffff, ABSOLUTE)

    Base Addr    Size         Type   Attr      Idx    E Section Name        Object

    0x00000000   0x00000400   Data   RO          159    RESET               arm_startup_nrf52.o
    0x00000400   0x00000008   Code   RO          267  * !!!main             c_w.l(__main.o)
    0x00000408   0x00000034   Code   RO          424    !!!scatter          c_w.l(__scatter.o)
    0x0000043c   0x0000001a   Code   RO          426    !!handler_copy      c_w.l(__scatter_copy.o)
    0x00000456   0x00000002   PAD
    0x00000458   0x0000001c   Code   RO          428    !!handler_zi        c_w.l(__scatter_zi.o)
    0x00000474   0x00000002   Code   RO          294    .ARM.Collect$$libinit$$00000000  c_w.l(libinit.o)
    0x00000476   0x00000004   Code   RO          300    .ARM.Collect$$libinit$$00000001  c_w.l(libinit2.o)
    0x0000047a   0x00000000   Code   RO          303    .ARM.Collect$$libinit$$00000004  c_w.l(libinit2.o)
    0x0000047a   0x00000000   Code   RO          306    .ARM.Collect$$libinit$$0000000A  c_w.l(libinit2.o)
    0x0000047a   0x00000000   Code   RO          308    .ARM.Collect$$libinit$$0000000C  c_w.l(libinit2.o)
    0x0000047a   0x00000000   Code   RO          310    .ARM.Collect$$libinit$$0000000E  c_w.l(libinit2.o)
    0x0000047a   0x00000000   Code   RO          313    .ARM.Collect$$libinit$$00000011  c_w.l(libinit2.o)
    0x0000047a   0x00000000   Code   RO          315    .ARM.Collect$$libinit$$00000013  c_w.l(libinit2.o)
    0x0000047a   0x00000000   Code   RO          317    .ARM.Collect$$libinit$$00000015  c_w.l(libinit2.o)
    0x0000047a   0x00000000   Code   RO          319    .ARM.Collect$$libinit$$00000017  c_w.l(libinit2.o)
    0x0000047a   0x00000000   Code   RO          321    .ARM.Collect$$libinit$$00000019  c_w.l(libinit2.o)
    0x0000047a   0x00000000   Code   RO          323    .ARM.Collect$$libinit$$0000001B  c_w.l(libinit2.o)
    0x0000047a   0x00000000   Code   RO          325    .ARM.Collect$$libinit$$0000001D  c_w.l(libinit2.o)
    0x0000047a   0x00000000   Code   RO          327    .ARM.Collect$$libinit$$0000001F  c_w.l(libinit2.o)
    0x0000047a   0x00000000   Code   RO          329    .ARM.Collect$$libinit$$00000021  c_w.l(libinit2.o)
    0x0000047a   0x00000000   Code   RO          331    .ARM.Collect$$libinit$$00000023  c_w.l(libinit2.o)
    0x0000047a   0x00000000   Code   RO          333    .ARM.Collect$$libinit$$00000025  c_w.l(libinit2.o)
    0x0000047a   0x00000000   Code   RO          337    .ARM.Collect$$libinit$$0000002C  c_w.l(libinit2.o)
    0x0000047a   0x00000000   Code   RO          339    .ARM.Collect$$libinit$$0000002E  c_w.l(libinit2.o)
    0x0000047a   0x00000000   Code   RO          341    .ARM.Collect$$libinit$$00000030  c_w.l(libinit2.o)
    0x0000047a   0x00000000   Code   RO          343    .ARM.Collect$$libinit$$00000032  c_w.l(libinit2.o)
    0x0000047a   0x00000002   Code   RO          344    .ARM.Collect$$libinit$$00000033  c_w.l(libinit2.o)
    0x0000047c   0x00000002   Code   RO          364    .ARM.Collect$$libshutdown$$00000000  c_w.l(libshutdown.o)
    0x0000047e   0x00000000   Code   RO          377    .ARM.Collect$$libshutdown$$00000002  c_w.l(libshutdown2.o)
    0x0000047e   0x00000000   Code   RO          379    .ARM.Collect$$libshutdown$$00000004  c_w.l(libshutdown2.o)
    0x0000047e   0x00000000   Code   RO          382    .ARM.Collect$$libshutdown$$00000007  c_w.l(libshutdown2.o)
    0x0000047e   0x00000000   Code   RO          385    .ARM.Collect$$libshutdown$$0000000A  c_w.l(libshutdown2.o)
    0x0000047e   0x00000000   Code   RO          387    .ARM.Collect$$libshutdown$$0000000C  c_w.l(libshutdown2.o)
    0x0000047e   0x00000000   Code   RO          390    .ARM.Collect$$libshutdown$$0000000F  c_w.l(libshutdown2.o)
    0x0000047e   0x00000002   Code   RO          391    .ARM.Collect$$libshutdown$$00000010  c_w.l(libshutdown2.o)
    0x00000480   0x00000000   Code   RO          269    .ARM.Collect$$rtentry$$00000000  c_w.l(__rtentry.o)
    0x00000480   0x00000000   Code   RO          271    .ARM.Collect$$rtentry$$00000002  c_w.l(__rtentry2.o)
    0x00000480   0x00000006   Code   RO          283    .ARM.Collect$$rtentry$$00000004  c_w.l(__rtentry4.o)
    0x00000486   0x00000000   Code   RO          273    .ARM.Collect$$rtentry$$00000009  c_w.l(__rtentry2.o)
    0x00000486   0x00000004   Code   RO          274    .ARM.Collect$$rtentry$$0000000A  c_w.l(__rtentry2.o)
    0x0000048a   0x00000000   Code   RO          276    .ARM.Collect$$rtentry$$0000000C  c_w.l(__rtentry2.o)
    0x0000048a   0x00000008   Code   RO          277    .ARM.Collect$$rtentry$$0000000D  c_w.l(__rtentry2.o)
    0x00000492   0x00000002   Code   RO          298    .ARM.Collect$$rtexit$$00000000  c_w.l(rtexit.o)
    0x00000494   0x00000000   Code   RO          346    .ARM.Collect$$rtexit$$00000002  c_w.l(rtexit2.o)
    0x00000494   0x00000004   Code   RO          347    .ARM.Collect$$rtexit$$00000003  c_w.l(rtexit2.o)
    0x00000498   0x00000006   Code   RO          348    .ARM.Collect$$rtexit$$00000004  c_w.l(rtexit2.o)
    0x0000049e   0x00000002   PAD
    0x000004a0   0x00000076   Code   RO          231    .emb_text           nrf_delay.o
    0x00000516   0x00000002   PAD
    0x00000518   0x00000040   Code   RO          160  * .text               arm_startup_nrf52.o
    0x00000558   0x00000006   Code   RO          265    .text               c_w.l(heapauxi.o)
    0x0000055e   0x0000004a   Code   RO          285    .text               c_w.l(sys_stackheap_outer.o)
    0x000005a8   0x00000012   Code   RO          287    .text               c_w.l(exit.o)
    0x000005ba   0x00000002   PAD
    0x000005bc   0x00000008   Code   RO          295    .text               c_w.l(libspace.o)
    0x000005c4   0x0000000c   Code   RO          356    .text               c_w.l(sys_exit.o)
    0x000005d0   0x00000002   Code   RO          367    .text               c_w.l(use_no_semi.o)
    0x000005d2   0x00000000   Code   RO          369    .text               c_w.l(indicate_semi.o)
    0x000005d2   0x00000002   PAD
    0x000005d4   0x00000010   Code   RO          167    i.SystemCoreClockUpdate  system_nrf52.o
    0x000005e4   0x00000150   Code   RO          168    i.SystemInit        system_nrf52.o
    0x00000734   0x00000010   Code   RO          109    i.clear_pin         gpio_lib.o
    0x00000744   0x00000030   Code   RO            5    i.enable_radio_rx   main.o
    0x00000774   0x00000078   Code   RO          169    i.errata_31         system_nrf52.o
    0x000007ec   0x0000003c   Code   RO          170    i.errata_32         system_nrf52.o
    0x00000828   0x00000078   Code   RO          171    i.errata_36         system_nrf52.o
    0x000008a0   0x0000003c   Code   RO          172    i.errata_37         system_nrf52.o
    0x000008dc   0x0000003c   Code   RO          173    i.errata_66         system_nrf52.o
    0x00000918   0x00000064   Code   RO            6    i.flash_leds        main.o
    0x0000097c   0x00000010   Code   RO          110    i.gpio_pin_in_init  gpio_lib.o
    0x0000098c   0x00000010   Code   RO          111    i.gpio_pin_out_init  gpio_lib.o
    0x0000099c   0x0000001c   Code   RO            7    i.init_leds         main.o
    0x000009b8   0x00000086   Code   RO            8    i.main              main.o
    0x00000a3e   0x0000001a   Code   RO          232    i.nrf_delay_ms      nrf_delay.o
    0x00000a58   0x0000002c   Code   RO            9    i.radio_recieve     main.o
    0x00000a84   0x00000010   Code   RO          113    i.set_pin           gpio_lib.o
    0x00000a94   0x0000000a   Code   RO          354    x$fpl$fpinit        fz_wm.l(fpinit.o)
    0x00000a9e   0x00000002   PAD
    0x00000aa0   0x00000020   Data   RO          422    Region$$Table       anon$$obj.o


    Execution Region ER_RW (Base: 0x20000000, Size: 0x00000004, Max: 0xffffffff, ABSOLUTE)

    Base Addr    Size         Type   Attr      Idx    E Section Name        Object

    0x20000000   0x00000004   Data   RW          174    .data               system_nrf52.o


    Execution Region ER_ZI (Base: 0x20000004, Size: 0x00004064, Max: 0xffffffff, ABSOLUTE)

    Base Addr    Size         Type   Attr      Idx    E Section Name        Object

    0x20000004   0x00000060   Zero   RW          296    .bss                c_w.l(libspace.o)
    0x20000064   0x00000004   PAD
    0x20000068   0x00002000   Zero   RW          158    HEAP                arm_startup_nrf52.o
    0x20002068   0x00002000   Zero   RW          157    STACK               arm_startup_nrf52.o


==============================================================================

Image component sizes


      Code (inc. data)   RO Data    RW Data    ZI Data      Debug   Object Name

        64         28       1024          0      16384        832   arm_startup_nrf52.o
        64         24          0          0          0       1965   gpio_lib.o
       354         32          0          0          0       7026   main.o
       144          0          0          0          0       1779   nrf_delay.o
       772         62          0          4          0       4123   system_nrf52.o

    ----------------------------------------------------------------------
      1400        146       1056          4      16384      15725   Object Totals
         0          0         32          0          0          0   (incl. Generated)
         2          0          0          0          0          0   (incl. Padding)

    ----------------------------------------------------------------------

      Code (inc. data)   RO Data    RW Data    ZI Data      Debug   Library Member Name

         8          0          0          0          0         68   __main.o
         0          0          0          0          0          0   __rtentry.o
        12          0          0          0          0          0   __rtentry2.o
         6          0          0          0          0          0   __rtentry4.o
        52          8          0          0          0          0   __scatter.o
        26          0          0          0          0          0   __scatter_copy.o
        28          0          0          0          0          0   __scatter_zi.o
        18          0          0          0          0         80   exit.o
         6          0          0          0          0        152   heapauxi.o
         0          0          0          0          0          0   indicate_semi.o
         2          0          0          0          0          0   libinit.o
         6          0          0          0          0          0   libinit2.o
         2          0          0          0          0          0   libshutdown.o
         2          0          0          0          0          0   libshutdown2.o
         8          4          0          0         96         68   libspace.o
         2          0          0          0          0          0   rtexit.o
        10          0          0          0          0          0   rtexit2.o
        12          4          0          0          0         68   sys_exit.o
        74          0          0          0          0         80   sys_stackheap_outer.o
         2          0          0          0          0         68   use_no_semi.o
        10          0          0          0          0        116   fpinit.o

    ----------------------------------------------------------------------
       296         16          0          0        100        700   Library Totals
        10          0          0          0          4          0   (incl. Padding)

    ----------------------------------------------------------------------

      Code (inc. data)   RO Data    RW Data    ZI Data      Debug   Library Name

       276         16          0          0         96        584   c_w.l
        10          0          0          0          0        116   fz_wm.l

    ----------------------------------------------------------------------
       296         16          0          0        100        700   Library Totals

    ----------------------------------------------------------------------

==============================================================================


      Code (inc. data)   RO Data    RW Data    ZI Data      Debug   

      1696        162       1056          4      16484      14769   Grand Totals
      1696        162       1056          4      16484      14769   ELF Image Totals
      1696        162       1056          4          0          0   ROM Totals

==============================================================================

    Total RO  Size (Code + RO Data)                 2752 (   2.69kB)
    Total RW  Size (RW Data + ZI Data)             16488 (  16.10kB)
    Total ROM Size (Code + RO Data + RW Data)       2756 (   2.69kB)

==============================================================================

