<html>
<body>
<pre>
<h1>µVision Build Log</h1>
<h2>Tool Versions:</h2>
IDE-Version: µVision V5.18.0.0
Copyright (C) 2016 ARM Ltd and ARM Germany GmbH. All rights reserved.
License Information: Callum Sinclair, Glasgow University, LIC=----
 
Tool Versions:
Toolchain:       MDK-Lite  Version: 5.18
Toolchain Path:  C:\Keil_v5\ARM\ARMCC\Bin
C Compiler:      Armcc.exe V5.06 update 1 (build 61)
Assembler:       Armasm.exe V5.06 update 1 (build 61)
Linker/Locator:  ArmLink.exe V5.06 update 1 (build 61)
Library Manager: ArmAr.exe V5.06 update 1 (build 61)
Hex Converter:   FromElf.exe V5.06 update 1 (build 61)
CPU DLL:         
Dialog DLL:      
Target DLL:      Segger\JL2CM3.dll V2.99.18.0
Dialog DLL:      TCM.DLL V1.14.8.0
 
<h2>Project:</h2>
S:\nrf_bike_project\Bike_monitoring_nrf\cadence\ble_peripheral\ble_app_cscs\pca10040\s132\arm5\ble_app_cscs_s132_pca10040.uvprojx
Project File Date:  02/19/2016

<h2>Output:</h2>
*** Using Compiler 'V5.06 update 1 (build 61)', folder: 'C:\Keil_v5\ARM\ARMCC\Bin'
Rebuild target 'nrf52832_xxaa_s132'
assembling arm_startup_nrf52.s...
compiling gpio_lib.c...
compiling system_nrf52.c...
compiling bsp.c...
compiling bsp_btn_ble.c...
compiling ble_advdata.c...
compiling ble_advertising.c...
compiling main.c...
compiling ble_cscs.c...
compiling ble_sc_ctrlpt.c...
compiling ble_dis.c...
compiling ble_bas.c...
compiling ble_srv_common.c...
compiling ble_conn_params.c...
compiling app_uart.c...
compiling SEGGER_RTT.c...
compiling SEGGER_RTT_printf.c...
compiling nrf_delay.c...
compiling device_manager_peripheral.c...
compiling pstorage.c...
compiling nrf_drv_common.c...
compiling app_trace.c...
compiling app_error.c...
compiling nrf_drv_gpiote.c...
compiling sensorsim.c...
compiling nrf_drv_uart.c...
compiling RTT_Syscalls_KEIL.c...
compiling app_timer.c...
compiling app_button.c...
compiling retarget.c...
compiling nrf_assert.c...
compiling nrf_log.c...
compiling softdevice_handler.c...
linking...
Program Size: Code=20396 RO-data=1236 RW-data=360 ZI-data=10056  
FromELF: creating hex file...
".\_build\nrf52832_xxaa_s132.axf" - 0 Error(s), 0 Warning(s).

<h2>Software Packages used:</h2>

Package Vendor: ARM
                http://www.keil.com/pack/ARM.CMSIS.4.5.0.pack
                ARM::CMSIS:CORE:4.3.0
                CMSIS (Cortex Microcontroller Software Interface Standard)
   * Component: CORE Version: 4.3.0

Package Vendor: NordicSemiconductor
                http://developer.nordicsemi.com/nRF51_SDK/pieces/nRF_BLE/NordicSemiconductor.nRF_BLE.4.0.0-2.alpha.pack
                NordicSemiconductor::nRF_BLE:BLE_Modules:device_manager:Peripheral:4.0.0-2.alpha
                Bluetooth Low Energy (Bluetooth Smart) services and software modules for Nordic Semiconductor nRF family.
   * Component: device_manager Variant: Peripheral Version: 4.0.0-2.alpha
   * Component: ble_conn_params Version: 4.0.0-2.alpha
   * Component: ble_sc_ctrlpt Version: 4.0.0-2.alpha
   * Component: ble_service_common Version: 4.0.0-2.alpha
   * Component: ble_cscs Version: 4.0.0-2.alpha
   * Component: ble_bas Version: 4.0.0-2.alpha
   * Component: ble_advdata Version: 4.0.0-2.alpha
   * Component: ble_common Version: 4.0.0-2.alpha

Package Vendor: NordicSemiconductor
                http://developer.nordicsemi.com/nRF51_SDK/pieces/nRF_DeviceFamilyPack/NordicSemiconductor.nRF_DeviceFamilyPack.8.3.1.pack
                NordicSemiconductor::Device:Startup:8.3.1
                Nordic Semiconductor nRF ARM devices Device Family Pack.
   * Component: Startup Version: 8.3.1
   * Component: ble_dis Version: 4.0.0-2.alpha
   * Component: ble_advertising Version: 4.0.0-2.alpha

Package Vendor: NordicSemiconductor
                http://developer.nordicsemi.com/nRF51_SDK/pieces/nRF_Drivers/NordicSemiconductor.nRF_Drivers.4.0.0-2.alpha.pack
                NordicSemiconductor::nRF_Drivers:nrf_gpio:4.0.0-2.alpha
                Drivers for Nordic Semiconductor nRF family.
   * Component: nrf_gpio Version: 4.0.0-2.alpha
   * Component: nrf_delay Version: 4.0.0-2.alpha
   * Component: nrf_uarte Version: 4.0.0-2.alpha
   * Component: pstorage Variant: default Version: 4.0.0-2.alpha
   * Component: nrf_drv_uart Version: 4.0.0-2.alpha
   * Component: nrf_drv_common Version: 4.0.0-2.alpha
   * Component: nrf_drv_gpiote Version: 4.0.0-2.alpha
   * Component: nrf_gpiote Version: 4.0.0-2.alpha
   * Component: nrf_uart Version: 4.0.0-2.alpha
   * Component: nrf_error Variant: default Version: 4.0.0-2.alpha

Package Vendor: NordicSemiconductor
                http://developer.nordicsemi.com/nRF51_SDK/pieces/nRF_Examples/NordicSemiconductor.nRF_Examples.11.0.0-2.alpha.pack
                NordicSemiconductor::Board Support:bsp_btn_ble:11.0.0-2.alpha
                Examples and BSP for Nordic Semiconductor nRF family.
   * Component: bsp_btn_ble Version: 11.0.0-2.alpha

Package Vendor: NordicSemiconductor
                http://developer.nordicsemi.com/nRF51_SDK/pieces/nRF_Drivers_External/NordicSemiconductor.nRF_Drivers_External.1.2.1-2.alpha.pack
                NordicSemiconductor::nRF_Libraries:segger_rtt:1.2.1-2.alpha
                Drivers for external hardware used by Nordic Semiconductor nRF family examples.
   * Component: segger_rtt Version: 1.2.1-2.alpha
   * Component: bsp Variant: default Version: 11.0.0-2.alpha

Package Vendor: NordicSemiconductor
                http://developer.nordicsemi.com/nRF51_SDK/pieces/nRF_Libraries/NordicSemiconductor.nRF_Libraries.4.0.0-2.alpha.pack
                NordicSemiconductor::nRF_Libraries:retarget:4.0.0-2.alpha
                Software modules for Nordic Semiconductor nRF family.
   * Component: retarget Version: 4.0.0-2.alpha
   * Component: app_util Variant: default Version: 4.0.0-2.alpha
   * Component: sensorsim Version: 4.0.0-2.alpha
   * Component: app_trace Variant: default Version: 4.0.0-2.alpha
   * Component: nordic_common Version: 4.0.0-2.alpha
   * Component: app_timer Variant: default Version: 4.0.0-2.alpha
   * Component: app_uart Variant: default Version: 4.0.0-2.alpha
   * Component: app_button Version: 4.0.0-2.alpha
   * Component: app_error Version: 4.0.0-2.alpha
   * Component: nrf_assert Version: 4.0.0-2.alpha
   * Component: nrf_log Variant: default Version: 4.0.0-2.alpha

Package Vendor: NordicSemiconductor
                http://developer.nordicsemi.com/nRF51_SDK/pieces/nRF_SoftDevice_Common/NordicSemiconductor.nRF_SoftDevice_Common.2.0.0-2.alpha.pack
                NordicSemiconductor::nRF_SoftDevice:Internal:sd_common:default:2.0.0-2.alpha
                Common components for Nordic Semiconductor nRF family SoftDevices.
   * Component: sd_common Variant: default Version: 2.0.0-2.alpha
   * Component: softdevice_present Version: 2.0.0-2.alpha

Package Vendor: NordicSemiconductor
                http://developer.nordicsemi.com/nRF51_SDK/pieces/nRF_SoftDevice_S132/NordicSemiconductor.nRF_SoftDevice_S132.2.0.0-7.alpha.pack
                NordicSemiconductor::nRF_SoftDevice:s132_hex:2.0.0-7.alpha
                Components for Bluetooth Low Energy (Bluetooth Smart) S132 SoftDevice for Nordic Semiconductor nRF family.
   * Component: s132_hex Version: 2.0.0-7.alpha
   * Component: s132 Variant: default Version: 2.0.0-7.alpha

<h2>Collection of Component include folders:</h2>
  S:\nrf_bike_project\Bike_monitoring_nrf\cadence\ble_peripheral\ble_app_cscs\pca10040\s132\arm5\RTE
  S:\nrf_bike_project\Bike_monitoring_nrf\cadence\ble_peripheral\ble_app_cscs\pca10040\s132\arm5\RTE\nRF_BLE\nRF52832_xxAA
  S:\nrf_bike_project\Bike_monitoring_nrf\cadence\ble_peripheral\ble_app_cscs\pca10040\s132\arm5\RTE\nRF_Drivers\nRF52832_xxAA
  S:\nrf_bike_project\Bike_monitoring_nrf\cadence\ble_peripheral\ble_app_cscs\pca10040\s132\arm5\RTE\nRF_Libraries\nRF52832_xxAA
  C:\Keil_v5\ARM\PACK\ARM\CMSIS\4.5.0\CMSIS\Include
  C:\Keil_v5\ARM\PACK\NordicSemiconductor\nRF_BLE\4.0.0-2.alpha\ble_advertising
  C:\Keil_v5\ARM\PACK\NordicSemiconductor\nRF_BLE\4.0.0-2.alpha\ble_services\ble_bas
  C:\Keil_v5\ARM\PACK\NordicSemiconductor\nRF_BLE\4.0.0-2.alpha\ble_services\ble_cscs
  C:\Keil_v5\ARM\PACK\NordicSemiconductor\nRF_BLE\4.0.0-2.alpha\ble_services\ble_dis
  C:\Keil_v5\ARM\PACK\NordicSemiconductor\nRF_BLE\4.0.0-2.alpha\common
  C:\Keil_v5\ARM\PACK\NordicSemiconductor\nRF_BLE\4.0.0-2.alpha\device_manager
  C:\Keil_v5\ARM\PACK\NordicSemiconductor\nRF_DeviceFamilyPack\8.3.1\Device\Include
  C:\Keil_v5\ARM\PACK\NordicSemiconductor\nRF_DeviceFamilyPack\8.3.2\Device\Include
  C:\Keil_v5\ARM\PACK\NordicSemiconductor\nRF_Drivers\4.0.0-2.alpha\common
  C:\Keil_v5\ARM\PACK\NordicSemiconductor\nRF_Drivers\4.0.0-2.alpha\config
  C:\Keil_v5\ARM\PACK\NordicSemiconductor\nRF_Drivers\4.0.0-2.alpha\delay
  C:\Keil_v5\ARM\PACK\NordicSemiconductor\nRF_Drivers\4.0.0-2.alpha\gpiote
  C:\Keil_v5\ARM\PACK\NordicSemiconductor\nRF_Drivers\4.0.0-2.alpha\hal
  C:\Keil_v5\ARM\PACK\NordicSemiconductor\nRF_Drivers\4.0.0-2.alpha\pstorage
  C:\Keil_v5\ARM\PACK\NordicSemiconductor\nRF_Drivers\4.0.0-2.alpha\uart
  C:\Keil_v5\ARM\PACK\NordicSemiconductor\nRF_Drivers_External\1.2.1-2.alpha\segger_rtt
  C:\Keil_v5\ARM\PACK\NordicSemiconductor\nRF_Examples\11.0.0-2.alpha\bsp
  C:\Keil_v5\ARM\PACK\NordicSemiconductor\nRF_Libraries\4.0.0-2.alpha\button
  C:\Keil_v5\ARM\PACK\NordicSemiconductor\nRF_Libraries\4.0.0-2.alpha\sensorsim
  C:\Keil_v5\ARM\PACK\NordicSemiconductor\nRF_Libraries\4.0.0-2.alpha\timer
  C:\Keil_v5\ARM\PACK\NordicSemiconductor\nRF_Libraries\4.0.0-2.alpha\trace
  C:\Keil_v5\ARM\PACK\NordicSemiconductor\nRF_Libraries\4.0.0-2.alpha\uart
  C:\Keil_v5\ARM\PACK\NordicSemiconductor\nRF_Libraries\4.0.0-2.alpha\util
  C:\Keil_v5\ARM\PACK\NordicSemiconductor\nRF_SoftDevice_Common\2.0.0-2.alpha\softdevice_handler
  C:\Keil_v5\ARM\PACK\NordicSemiconductor\nRF_SoftDevice_S132\2.0.0-7.alpha\headers
  C:\Keil_v5\ARM\PACK\NordicSemiconductor\nRF_SoftDevice_S132\2.0.0-7.alpha\headers\nrf52

<h2>Collection of Component Files used:</h2>

   * Component: ARM::CMSIS:CORE:4.3.0

   * Component: NordicSemiconductor::nRF_BLE:BLE_Modules:device_manager:Peripheral:4.0.0-2.alpha
      Source file:   device_manager\device_manager_peripheral.c
      Include file:  device_manager\device_manager.h
      Include file:  device_manager\config\device_manager_cnfg.h

   * Component: NordicSemiconductor::nRF_BLE:BLE_Modules:ble_conn_params:4.0.0-2.alpha
      Source file:   common\ble_conn_params.c
      Include file:  common\ble_conn_params.h

   * Component: NordicSemiconductor::nRF_BLE:BLE_Services:ble_sc_ctrlpt:4.0.0-2.alpha
      Include file:  ble_services\ble_cscs\ble_sc_ctrlpt.h
      Source file:   ble_services\ble_cscs\ble_sc_ctrlpt.c

   * Component: NordicSemiconductor::nRF_BLE:BLE_Modules:ble_service_common:4.0.0-2.alpha
      Include file:  common\ble_srv_common.h
      Source file:   common\ble_srv_common.c

   * Component: NordicSemiconductor::nRF_BLE:BLE_Services:ble_cscs:4.0.0-2.alpha
      Include file:  ble_services\ble_cscs\ble_cscs.h
      Source file:   ble_services\ble_cscs\ble_cscs.c

   * Component: NordicSemiconductor::nRF_BLE:BLE_Services:ble_bas:4.0.0-2.alpha
      Include file:  ble_services\ble_bas\ble_bas.h
      Source file:   ble_services\ble_bas\ble_bas.c

   * Component: NordicSemiconductor::nRF_BLE:BLE_Modules:ble_advdata:4.0.0-2.alpha
      Source file:   common\ble_advdata.c
      Include file:  common\ble_advdata.h

   * Component: NordicSemiconductor::nRF_BLE:BLE_Modules:ble_common:4.0.0-2.alpha

   * Component: NordicSemiconductor::Device:Startup:8.3.1
      Source file:   Device\Source\arm\arm_startup_nrf52.s
      Source file:   Device\Source\system_nrf52.c
      Include file:  Device\Include\system_nrf52.h

   * Component: NordicSemiconductor::nRF_BLE:BLE_Services:ble_dis:4.0.0-2.alpha
      Source file:   ble_services\ble_dis\ble_dis.c
      Include file:  ble_services\ble_dis\ble_dis.h

   * Component: NordicSemiconductor::nRF_BLE:BLE_Modules:ble_advertising:4.0.0-2.alpha
      Source file:   ble_advertising\ble_advertising.c
      Include file:  ble_advertising\ble_advertising.h

   * Component: NordicSemiconductor::nRF_Drivers:nrf_gpio:4.0.0-2.alpha
      Include file:  hal\nrf_gpio.h

   * Component: NordicSemiconductor::nRF_Drivers:nrf_delay:4.0.0-2.alpha
      Source file:   delay\nrf_delay.c
      Include file:  delay\nrf_delay.h

   * Component: NordicSemiconductor::nRF_Drivers:nrf_uarte:4.0.0-2.alpha
      Include file:  hal\nrf_uarte.h

   * Component: NordicSemiconductor::nRF_Drivers:pstorage:default:4.0.0-2.alpha
      Include file:  pstorage\config\pstorage_platform.h
      Include file:  pstorage\pstorage.h
      Source file:   pstorage\pstorage.c

   * Component: NordicSemiconductor::nRF_Drivers:nrf_drv_uart:4.0.0-2.alpha
      Source file:   uart\nrf_drv_uart.c
      Include file:  uart\nrf_drv_uart.h
      Include file:  config\nrf_drv_config.h

   * Component: NordicSemiconductor::nRF_Drivers:nrf_drv_common:4.0.0-2.alpha
      Source file:   common\nrf_drv_common.c
      Include file:  common\nrf_drv_common.h
      Include file:  config\nrf_drv_config.h

   * Component: NordicSemiconductor::nRF_Drivers:nrf_drv_gpiote:4.0.0-2.alpha
      Include file:  gpiote\nrf_drv_gpiote.h
      Source file:   gpiote\nrf_drv_gpiote.c
      Include file:  config\nrf_drv_config.h

   * Component: NordicSemiconductor::nRF_Drivers:nrf_gpiote:4.0.0-2.alpha
      Include file:  hal\nrf_gpiote.h

   * Component: NordicSemiconductor::nRF_Drivers:nrf_uart:4.0.0-2.alpha
      Include file:  hal\nrf_uart.h

   * Component: NordicSemiconductor::nRF_Drivers:nrf_error:default:4.0.0-2.alpha

   * Component: NordicSemiconductor::Board Support:bsp_btn_ble:11.0.0-2.alpha
      Source file:   bsp\bsp_btn_ble.c

   * Component: NordicSemiconductor::nRF_Libraries:segger_rtt:1.2.1-2.alpha
      Source file:   segger_rtt\SEGGER_RTT_printf.c
      Include file:  segger_rtt\SEGGER_RTT_Conf.h
      Include file:  segger_rtt\SEGGER_RTT.h
      Source file:   segger_rtt\RTT_Syscalls_KEIL.c
      Source file:   segger_rtt\SEGGER_RTT.c

   * Component: NordicSemiconductor::Board Support:bsp:default:11.0.0-2.alpha
      Source file:   bsp\bsp.c

   * Component: NordicSemiconductor::nRF_Libraries:retarget:4.0.0-2.alpha
      Source file:   uart\retarget.c

   * Component: NordicSemiconductor::nRF_Libraries:app_util:default:4.0.0-2.alpha

   * Component: NordicSemiconductor::nRF_Libraries:sensorsim:4.0.0-2.alpha
      Source file:   sensorsim\sensorsim.c
      Include file:  sensorsim\sensorsim.h

   * Component: NordicSemiconductor::nRF_Libraries:app_trace:default:4.0.0-2.alpha
      Source file:   trace\app_trace.c
      Include file:  trace\app_trace.h

   * Component: NordicSemiconductor::nRF_Libraries:nordic_common:4.0.0-2.alpha

   * Component: NordicSemiconductor::nRF_Libraries:app_timer:default:4.0.0-2.alpha
      Include file:  timer\app_timer.h
      Source file:   timer\app_timer.c

   * Component: NordicSemiconductor::nRF_Drivers:app_uart:default:4.0.0-2.alpha
      Source file:   uart\app_uart.c
      Include file:  uart\app_uart.h

   * Component: NordicSemiconductor::nRF_Libraries:app_button:4.0.0-2.alpha
      Source file:   button\app_button.c
      Include file:  button\app_button.h

   * Component: NordicSemiconductor::nRF_Libraries:app_error:4.0.0-2.alpha
      Source file:   util\app_error.c
      Include file:  util\app_error.h

   * Component: NordicSemiconductor::nRF_Libraries:nrf_assert:4.0.0-2.alpha
      Include file:  util\nrf_assert.h
      Source file:   util\nrf_assert.c

   * Component: NordicSemiconductor::nRF_Libraries:nrf_log:default:4.0.0-2.alpha
      Source file:   util\nrf_log.c
      Include file:  util\nrf_log.h

   * Component: NordicSemiconductor::nRF_SoftDevice:Internal:sd_common:default:2.0.0-2.alpha
      Source file:   softdevice_handler\softdevice_handler.c

   * Component: NordicSemiconductor::nRF_SoftDevice:Internal:softdevice_present:2.0.0-2.alpha

   * Component: NordicSemiconductor::nRF_SoftDevice:s132_hex:2.0.0-7.alpha

   * Component: NordicSemiconductor::nRF_SoftDevice:s132:default:2.0.0-7.alpha
      Include file:  headers\ble_gatt.h
      Include file:  headers\ble_hci.h
      Include file:  headers\ble_types.h
      Include file:  headers\ble.h
      Include file:  headers\nrf_error_soc.h
      Include file:  headers\nrf_soc.h
      Include file:  headers\ble_gattc.h
      Include file:  headers\ble_l2cap.h
      Include file:  headers\nrf_error.h
      Include file:  headers\nrf_svc.h
      Include file:  headers\ble_err.h
      Include file:  headers\softdevice_assert.h
      Include file:  headers\nrf_sd_def.h
      Include file:  headers\nrf_sdm.h
      Include file:  headers\ble_ranges.h
      Include file:  headers\nrf52\nrf_mbr.h
      Include file:  headers\ble_gap.h
      Include file:  headers\nrf_error_sdm.h
      Include file:  headers\ble_gatts.h
Build Time Elapsed:  00:00:09
</pre>
</body>
</html>
