Component: ARM Compiler 5.06 update 1 (build 61) Tool: armlink [4d35a8]

==============================================================================

Section Cross References

    main.o(i.assert_nrf_callback) refers to app_error.o(i.app_error_handler) for app_error_handler
    main.o(i.battery_level_meas_timeout_handler) refers to sensorsim.o(i.sensorsim_measure) for sensorsim_measure
    main.o(i.battery_level_meas_timeout_handler) refers to ble_bas.o(i.ble_bas_battery_level_update) for ble_bas_battery_level_update
    main.o(i.battery_level_meas_timeout_handler) refers to app_error.o(i.app_error_handler_bare) for app_error_handler_bare
    main.o(i.battery_level_meas_timeout_handler) refers to main.o(.bss) for .bss
    main.o(i.battery_level_meas_timeout_handler) refers to main.o(.data) for .data
    main.o(i.ble_evt_dispatch) refers to device_manager_peripheral.o(i.dm_ble_evt_handler) for dm_ble_evt_handler
    main.o(i.ble_evt_dispatch) refers to ble_cscs.o(i.ble_cscs_on_ble_evt) for ble_cscs_on_ble_evt
    main.o(i.ble_evt_dispatch) refers to ble_bas.o(i.ble_bas_on_ble_evt) for ble_bas_on_ble_evt
    main.o(i.ble_evt_dispatch) refers to ble_conn_params.o(i.ble_conn_params_on_ble_evt) for ble_conn_params_on_ble_evt
    main.o(i.ble_evt_dispatch) refers to bsp_btn_ble.o(i.bsp_btn_ble_on_ble_evt) for bsp_btn_ble_on_ble_evt
    main.o(i.ble_evt_dispatch) refers to main.o(i.on_ble_evt) for on_ble_evt
    main.o(i.ble_evt_dispatch) refers to ble_advertising.o(i.ble_advertising_on_ble_evt) for ble_advertising_on_ble_evt
    main.o(i.ble_evt_dispatch) refers to main.o(.bss) for .bss
    main.o(i.ble_stack_init) refers to softdevice_handler.o(i.softdevice_handler_init) for softdevice_handler_init
    main.o(i.ble_stack_init) refers to app_error.o(i.app_error_handler_bare) for app_error_handler_bare
    main.o(i.ble_stack_init) refers to softdevice_handler.o(i.softdevice_enable_get_default_config) for softdevice_enable_get_default_config
    main.o(i.ble_stack_init) refers to softdevice_handler.o(i.sd_check_ram_start) for sd_check_ram_start
    main.o(i.ble_stack_init) refers to softdevice_handler.o(i.softdevice_enable) for softdevice_enable
    main.o(i.ble_stack_init) refers to softdevice_handler.o(i.softdevice_ble_evt_handler_set) for softdevice_ble_evt_handler_set
    main.o(i.ble_stack_init) refers to softdevice_handler.o(i.softdevice_sys_evt_handler_set) for softdevice_sys_evt_handler_set
    main.o(i.ble_stack_init) refers to main.o(.bss) for .bss
    main.o(i.ble_stack_init) refers to main.o(i.ble_evt_dispatch) for ble_evt_dispatch
    main.o(i.ble_stack_init) refers to main.o(i.sys_evt_dispatch) for sys_evt_dispatch
    main.o(i.bsp_event_handler) refers to main.o(i.sleep_mode_enter) for sleep_mode_enter
    main.o(i.bsp_event_handler) refers to app_error.o(i.app_error_handler_bare) for app_error_handler_bare
    main.o(i.bsp_event_handler) refers to ble_advertising.o(i.ble_advertising_restart_without_whitelist) for ble_advertising_restart_without_whitelist
    main.o(i.bsp_event_handler) refers to main.o(.data) for .data
    main.o(i.conn_params_error_handler) refers to app_error.o(i.app_error_handler_bare) for app_error_handler_bare
    main.o(i.csc_meas_timeout_handler) refers to main.o(i.csc_sim_measurement) for csc_sim_measurement
    main.o(i.csc_meas_timeout_handler) refers to ble_cscs.o(i.ble_cscs_measurement_send) for ble_cscs_measurement_send
    main.o(i.csc_meas_timeout_handler) refers to app_error.o(i.app_error_handler_bare) for app_error_handler_bare
    main.o(i.csc_meas_timeout_handler) refers to ble_sc_ctrlpt.o(i.ble_sc_ctrlpt_rsp_send) for ble_sc_ctrlpt_rsp_send
    main.o(i.csc_meas_timeout_handler) refers to main.o(.bss) for .bss
    main.o(i.csc_meas_timeout_handler) refers to main.o(.data) for .data
    main.o(i.csc_sim_measurement) refers to sensorsim.o(i.sensorsim_measure) for sensorsim_measure
    main.o(i.csc_sim_measurement) refers to main.o(.data) for .data
    main.o(i.csc_sim_measurement) refers to main.o(.bss) for .bss
    main.o(i.device_manager_evt_handler) refers to app_error.o(i.app_error_handler_bare) for app_error_handler_bare
    main.o(i.device_manager_init) refers to pstorage.o(i.pstorage_init) for pstorage_init
    main.o(i.device_manager_init) refers to app_error.o(i.app_error_handler_bare) for app_error_handler_bare
    main.o(i.device_manager_init) refers to device_manager_peripheral.o(i.dm_init) for dm_init
    main.o(i.device_manager_init) refers to device_manager_peripheral.o(i.dm_register) for dm_register
    main.o(i.device_manager_init) refers to main.o(i.device_manager_evt_handler) for device_manager_evt_handler
    main.o(i.device_manager_init) refers to main.o(.data) for .data
    main.o(i.gap_params_init) refers to app_error.o(i.app_error_handler_bare) for app_error_handler_bare
    main.o(i.main) refers to app_timer.o(i.app_timer_init) for app_timer_init
[...]
    i.connection_instance_find               0x0001d63c   Section        0  device_manager_peripheral.o(i.connection_instance_find)
    connection_instance_find                 0x0001d63d   Thumb Code    40  device_manager_peripheral.o(i.connection_instance_find)
    i.connection_instance_init               0x0001d668   Section        0  device_manager_peripheral.o(i.connection_instance_init)
    connection_instance_init                 0x0001d669   Thumb Code    34  device_manager_peripheral.o(i.connection_instance_init)
    i.csc_feature_char_add                   0x0001d690   Section        0  ble_cscs.o(i.csc_feature_char_add)
    csc_feature_char_add                     0x0001d691   Thumb Code   148  ble_cscs.o(i.csc_feature_char_add)
    i.csc_meas_timeout_handler               0x0001d724   Section        0  main.o(i.csc_meas_timeout_handler)
    csc_meas_timeout_handler                 0x0001d725   Thumb Code    80  main.o(i.csc_meas_timeout_handler)
    i.csc_measurement_char_add               0x0001d77c   Section        0  ble_cscs.o(i.csc_measurement_char_add)
    csc_measurement_char_add                 0x0001d77d   Thumb Code   202  ble_cscs.o(i.csc_measurement_char_add)
    i.csc_measurement_encode                 0x0001d846   Section        0  ble_cscs.o(i.csc_measurement_encode)
    csc_measurement_encode                   0x0001d847   Thumb Code   104  ble_cscs.o(i.csc_measurement_encode)
    i.csc_sensor_loc_char_add                0x0001d8ae   Section        0  ble_cscs.o(i.csc_sensor_loc_char_add)
    csc_sensor_loc_char_add                  0x0001d8af   Thumb Code   154  ble_cscs.o(i.csc_sensor_loc_char_add)
    i.csc_sim_measurement                    0x0001d948   Section        0  main.o(i.csc_sim_measurement)
    csc_sim_measurement                      0x0001d949   Thumb Code   132  main.o(i.csc_sim_measurement)
    i.ctrlpt_rsp_encode                      0x0001d9dc   Section        0  ble_sc_ctrlpt.o(i.ctrlpt_rsp_encode)
    ctrlpt_rsp_encode                        0x0001d9dd   Thumb Code    52  ble_sc_ctrlpt.o(i.ctrlpt_rsp_encode)
    i.data_page_erase_state_run              0x0001da10   Section        0  pstorage.o(i.data_page_erase_state_run)
    data_page_erase_state_run                0x0001da11   Thumb Code    80  pstorage.o(i.data_page_erase_state_run)
    i.data_to_swap_write_state_run           0x0001da64   Section        0  pstorage.o(i.data_to_swap_write_state_run)
    data_to_swap_write_state_run             0x0001da65   Thumb Code    28  pstorage.o(i.data_to_swap_write_state_run)
    i.detection_delay_timeout_handler        0x0001da84   Section        0  app_button.o(i.detection_delay_timeout_handler)
    detection_delay_timeout_handler          0x0001da85   Thumb Code    92  app_button.o(i.detection_delay_timeout_handler)
    i.device_context_store                   0x0001dae4   Section        0  device_manager_peripheral.o(i.device_context_store)
    device_context_store                     0x0001dae5   Thumb Code   164  device_manager_peripheral.o(i.device_context_store)
    i.device_instance_find                   0x0001dba0   Section        0  device_manager_peripheral.o(i.device_instance_find)
    device_instance_find                     0x0001dba1   Thumb Code    66  device_manager_peripheral.o(i.device_instance_find)
    i.device_instance_free                   0x0001dbe8   Section        0  device_manager_peripheral.o(i.device_instance_free)
    device_instance_free                     0x0001dbe9   Thumb Code    40  device_manager_peripheral.o(i.device_instance_free)
    i.device_manager_evt_handler             0x0001dc14   Section        0  main.o(i.device_manager_evt_handler)
    device_manager_evt_handler               0x0001dc15   Thumb Code    14  main.o(i.device_manager_evt_handler)
    i.device_manager_init                    0x0001dc24   Section        0  main.o(i.device_manager_init)
    device_manager_init                      0x0001dc25   Thumb Code   100  main.o(i.device_manager_init)
    i.dm_ble_evt_handler                     0x0001dc90   Section        0  device_manager_peripheral.o(i.dm_ble_evt_handler)
    i.dm_handle_initialize                   0x0001e0e8   Section        0  device_manager_peripheral.o(i.dm_handle_initialize)
    i.dm_init                                0x0001e100   Section        0  device_manager_peripheral.o(i.dm_init)
    i.dm_pstorage_cb_handler                 0x0001e1c8   Section        0  device_manager_peripheral.o(i.dm_pstorage_cb_handler)
    dm_pstorage_cb_handler                   0x0001e1c9   Thumb Code   344  device_manager_peripheral.o(i.dm_pstorage_cb_handler)
    i.dm_register                            0x0001e32c   Section        0  device_manager_peripheral.o(i.dm_register)
    i.elapsed_ticks_acquire                  0x0001e390   Section        0  app_timer.o(i.elapsed_ticks_acquire)
    elapsed_ticks_acquire                    0x0001e391   Thumb Code    58  app_timer.o(i.elapsed_ticks_acquire)
    i.flash_api_err_code_process             0x0001e3d0   Section        0  pstorage.o(i.flash_api_err_code_process)
    flash_api_err_code_process               0x0001e3d1   Thumb Code    24  pstorage.o(i.flash_api_err_code_process)
    i.flash_operation_success_run            0x0001e3ec   Section        0  pstorage.o(i.flash_operation_success_run)
    flash_operation_success_run              0x0001e3ed   Thumb Code   126  pstorage.o(i.flash_operation_success_run)
    i.flash_page_erase                       0x0001e478   Section        0  pstorage.o(i.flash_page_erase)
    flash_page_erase                         0x0001e479   Thumb Code     6  pstorage.o(i.flash_page_erase)
    i.flash_write                            0x0001e47e   Section        0  pstorage.o(i.flash_write)
    flash_write                              0x0001e47f   Thumb Code     6  pstorage.o(i.flash_write)
    i.gap_params_init                        0x0001e484   Section        0  main.o(i.gap_params_init)
    gap_params_init                          0x0001e485   Thumb Code    90  main.o(i.gap_params_init)
    i.gattc_context_apply                    0x0001e4e8   Section        0  device_manager_peripheral.o(i.gattc_context_apply)
    gattc_context_apply                      0x0001e4e9   Thumb Code     4  device_manager_peripheral.o(i.gattc_context_apply)
    i.gattc_context_load                     0x0001e4ec   Section        0  device_manager_peripheral.o(i.gattc_context_load)
    gattc_context_load                       0x0001e4ed   Thumb Code     4  device_manager_peripheral.o(i.gattc_context_load)
    i.gattc_context_store                    0x0001e4f0   Section        0  device_manager_peripheral.o(i.gattc_context_store)
    gattc_context_store                      0x0001e4f1   Thumb Code     4  device_manager_peripheral.o(i.gattc_context_store)
    i.gatts_context_apply                    0x0001e4f4   Section        0  device_manager_peripheral.o(i.gatts_context_apply)
    gatts_context_apply                      0x0001e4f5   Thumb Code   172  device_manager_peripheral.o(i.gatts_context_apply)
    i.gatts_context_load                     0x0001e5a4   Section        0  device_manager_peripheral.o(i.gatts_context_load)
    gatts_context_load                       0x0001e5a5   Thumb Code    50  device_manager_peripheral.o(i.gatts_context_load)
    i.gatts_context_store                    0x0001e5dc   Section        0  device_manager_peripheral.o(i.gatts_context_store)
    gatts_context_store                      0x0001e5dd   Thumb Code   186  device_manager_peripheral.o(i.gatts_context_store)
    i.gattsc_context_apply                   0x0001e6a4   Section        0  device_manager_peripheral.o(i.gattsc_context_apply)
    gattsc_context_apply                     0x0001e6a5   Thumb Code     4  device_manager_peripheral.o(i.gattsc_context_apply)
    i.gattsc_context_load                    0x0001e6a8   Section        0  device_manager_peripheral.o(i.gattsc_context_load)
    gattsc_context_load                      0x0001e6a9   Thumb Code     4  device_manager_peripheral.o(i.gattsc_context_load)
    i.gattsc_context_store                   0x0001e6ac   Section        0  device_manager_peripheral.o(i.gattsc_context_store)
    gattsc_context_store                     0x0001e6ad   Thumb Code     4  device_manager_peripheral.o(i.gattsc_context_store)
    i.gpio_pin_in_init                       0x0001e6b0   Section        0  gpio_lib.o(i.gpio_pin_in_init)
    i.gpiote_event_handler                   0x0001e6c0   Section        0  app_button.o(i.gpiote_event_handler)
    gpiote_event_handler                     0x0001e6c1   Thumb Code    78  app_button.o(i.gpiote_event_handler)
    i.head_restore_state_run                 0x0001e718   Section        0  pstorage.o(i.head_restore_state_run)
    head_restore_state_run                   0x0001e719   Thumb Code   110  pstorage.o(i.head_restore_state_run)
    i.intern_softdevice_events_execute       0x0001e790   Section        0  softdevice_handler.o(i.intern_softdevice_events_execute)
    i.is_conn_params_ok                      0x0001e800   Section        0  ble_conn_params.o(i.is_conn_params_ok)
    is_conn_params_ok                        0x0001e801   Thumb Code    24  ble_conn_params.o(i.is_conn_params_ok)
    i.is_page_erase_required                 0x0001e81c   Section        0  pstorage.o(i.is_page_erase_required)
    is_page_erase_required                   0x0001e81d   Thumb Code    60  pstorage.o(i.is_page_erase_required)
    i.is_word_aligned                        0x0001e860   Section        0  pstorage.o(i.is_word_aligned)
    is_word_aligned                          0x0001e861   Thumb Code    12  pstorage.o(i.is_word_aligned)
    i.le_role_encode                         0x0001e86c   Section        0  ble_advdata.o(i.le_role_encode)
    le_role_encode                           0x0001e86d   Thumb Code    84  ble_advdata.o(i.le_role_encode)
    i.leds_timer_handler                     0x0001e8c0   Section        0  bsp.o(i.leds_timer_handler)
    leds_timer_handler                       0x0001e8c1   Thumb Code    16  bsp.o(i.leds_timer_handler)
    i.list_deletions_handler                 0x0001e8d4   Section        0  app_timer.o(i.list_deletions_handler)
    list_deletions_handler                   0x0001e8d5   Thumb Code   178  app_timer.o(i.list_deletions_handler)
    i.list_insertions_handler                0x0001e990   Section        0  app_timer.o(i.list_insertions_handler)
    list_insertions_handler                  0x0001e991   Thumb Code   196  app_timer.o(i.list_insertions_handler)
    i.main                                   0x0001ea5c   Section        0  main.o(i.main)
    i.main_state_err_busy_process            0x0001ebd4   Section        0  pstorage.o(i.main_state_err_busy_process)
    main_state_err_busy_process              0x0001ebd5   Thumb Code    16  pstorage.o(i.main_state_err_busy_process)
    i.manuf_specific_data_encode             0x0001ebe8   Section        0  ble_advdata.o(i.manuf_specific_data_encode)
    manuf_specific_data_encode               0x0001ebe9   Thumb Code   100  ble_advdata.o(i.manuf_specific_data_encode)
    i.name_encode                            0x0001ec4c   Section        0  ble_advdata.o(i.name_encode)
    name_encode                              0x0001ec4d   Thumb Code   156  ble_advdata.o(i.name_encode)
    i.no_service_context_apply               0x0001ece8   Section        0  device_manager_peripheral.o(i.no_service_context_apply)
    no_service_context_apply                 0x0001ece9   Thumb Code     4  device_manager_peripheral.o(i.no_service_context_apply)
    i.no_service_context_load                0x0001ecec   Section        0  device_manager_peripheral.o(i.no_service_context_load)
    no_service_context_load                  0x0001eced   Thumb Code     4  device_manager_peripheral.o(i.no_service_context_load)
    i.no_service_context_store               0x0001ecf0   Section        0  device_manager_peripheral.o(i.no_service_context_store)
    no_service_context_store                 0x0001ecf1   Thumb Code     4  device_manager_peripheral.o(i.no_service_context_store)
    i.nrf_drv_common_irq_enable              0x0001ecf4   Section        0  nrf_drv_common.o(i.nrf_drv_common_irq_enable)
    i.nrf_drv_gpiote_in_event_enable         0x0001ed2c   Section        0  nrf_drv_gpiote.o(i.nrf_drv_gpiote_in_event_enable)
    i.nrf_drv_gpiote_in_init                 0x0001edd0   Section        0  nrf_drv_gpiote.o(i.nrf_drv_gpiote_in_init)
    i.nrf_drv_gpiote_in_is_set               0x0001ee88   Section        0  nrf_drv_gpiote.o(i.nrf_drv_gpiote_in_is_set)
    i.nrf_drv_gpiote_init                    0x0001ee9c   Section        0  nrf_drv_gpiote.o(i.nrf_drv_gpiote_init)
    i.nrf_drv_gpiote_is_init                 0x0001eef0   Section        0  nrf_drv_gpiote.o(i.nrf_drv_gpiote_is_init)
    i.nrf_gpio_cfg                           0x0001ef04   Section        0  nrf_drv_gpiote.o(i.nrf_gpio_cfg)
    nrf_gpio_cfg                             0x0001ef05   Thumb Code    34  nrf_drv_gpiote.o(i.nrf_gpio_cfg)
    i.nrf_gpio_cfg_sense_set                 0x0001ef26   Section        0  nrf_drv_gpiote.o(i.nrf_gpio_cfg_sense_set)
    nrf_gpio_cfg_sense_set                   0x0001ef27   Thumb Code    28  nrf_drv_gpiote.o(i.nrf_gpio_cfg_sense_set)
    i.nrf_gpiote_event_clear                 0x0001ef44   Section        0  nrf_drv_gpiote.o(i.nrf_gpiote_event_clear)
    nrf_gpiote_event_clear                   0x0001ef45   Thumb Code    16  nrf_drv_gpiote.o(i.nrf_gpiote_event_clear)
    i.nrf_gpiote_event_is_set                0x0001ef58   Section        0  nrf_drv_gpiote.o(i.nrf_gpiote_event_is_set)
    nrf_gpiote_event_is_set                  0x0001ef59   Thumb Code    12  nrf_drv_gpiote.o(i.nrf_gpiote_event_is_set)
    i.nrf_uart_event_check                   0x0001ef68   Section        0  nrf_drv_uart.o(i.nrf_uart_event_check)
    nrf_uart_event_check                     0x0001ef69   Thumb Code    10  nrf_drv_uart.o(i.nrf_uart_event_check)
    i.nrf_uart_int_enable_check              0x0001ef72   Section        0  nrf_drv_uart.o(i.nrf_uart_int_enable_check)
    nrf_uart_int_enable_check                0x0001ef73   Thumb Code    12  nrf_drv_uart.o(i.nrf_uart_int_enable_check)
    i.nrf_uarte_event_check                  0x0001ef7e   Section        0  nrf_drv_uart.o(i.nrf_uarte_event_check)
    nrf_uarte_event_check                    0x0001ef7f   Thumb Code    10  nrf_drv_uart.o(i.nrf_uarte_event_check)
    i.on_adv_evt                             0x0001ef88   Section        0  main.o(i.on_adv_evt)
    on_adv_evt                               0x0001ef89   Thumb Code    36  main.o(i.on_adv_evt)
    i.on_ble_evt                             0x0001efac   Section        0  main.o(i.on_ble_evt)
    on_ble_evt                               0x0001efad   Thumb Code   120  main.o(i.on_ble_evt)
    i.on_conn_params_evt                     0x0001f028   Section        0  main.o(i.on_conn_params_evt)
    on_conn_params_evt                       0x0001f029   Thumb Code    24  main.o(i.on_conn_params_evt)
    i.on_ctrlpt_write                        0x0001f044   Section        0  ble_sc_ctrlpt.o(i.on_ctrlpt_write)
    on_ctrlpt_write                          0x0001f045   Thumb Code   458  ble_sc_ctrlpt.o(i.on_ctrlpt_write)
    i.peer_address_exists                    0x0001f214   Section        0  ble_advertising.o(i.peer_address_exists)
    peer_address_exists                      0x0001f215   Thumb Code    20  ble_advertising.o(i.peer_address_exists)
    i.peer_instance_init                     0x0001f228   Section        0  device_manager_peripheral.o(i.peer_instance_init)
    peer_instance_init                       0x0001f229   Thumb Code    54  device_manager_peripheral.o(i.peer_instance_init)
    i.pin_in_use_by_port                     0x0001f264   Section        0  nrf_drv_gpiote.o(i.pin_in_use_by_port)
    pin_in_use_by_port                       0x0001f265   Thumb Code    20  nrf_drv_gpiote.o(i.pin_in_use_by_port)
    i.pin_in_use_by_te                       0x0001f27c   Section        0  nrf_drv_gpiote.o(i.pin_in_use_by_te)
    pin_in_use_by_te                         0x0001f27d   Thumb Code    20  nrf_drv_gpiote.o(i.pin_in_use_by_te)
    i.pnp_id_encode                          0x0001f294   Section        0  ble_dis.o(i.pnp_id_encode)
    pnp_id_encode                            0x0001f295   Thumb Code    52  ble_dis.o(i.pnp_id_encode)
    i.pstorage_access_status_get             0x0001f2c8   Section        0  pstorage.o(i.pstorage_access_status_get)
    i.pstorage_block_identifier_get          0x0001f2ec   Section        0  pstorage.o(i.pstorage_block_identifier_get)
    i.pstorage_clear                         0x0001f338   Section        0  pstorage.o(i.pstorage_clear)
    i.pstorage_flash_page_end                0x0001f3cc   Section        0  pstorage.o(i.pstorage_flash_page_end)
    pstorage_flash_page_end                  0x0001f3cd   Thumb Code    30  pstorage.o(i.pstorage_flash_page_end)
    i.pstorage_flash_page_size               0x0001f3ea   Section        0  pstorage.o(i.pstorage_flash_page_size)
    pstorage_flash_page_size                 0x0001f3eb   Thumb Code    10  pstorage.o(i.pstorage_flash_page_size)
    i.pstorage_init                          0x0001f3f4   Section        0  pstorage.o(i.pstorage_init)
    i.pstorage_load                          0x0001f440   Section        0  pstorage.o(i.pstorage_load)
    i.pstorage_register                      0x0001f4dc   Section        0  pstorage.o(i.pstorage_register)
    i.pstorage_store                         0x0001f590   Section        0  pstorage.o(i.pstorage_store)
    i.pstorage_sys_event_handler             0x0001f610   Section        0  pstorage.o(i.pstorage_sys_event_handler)
    i.pstorage_update                        0x0001f658   Section        0  pstorage.o(i.pstorage_update)
    i.reed_sw_init                           0x0001f6d8   Section        0  main.o(i.reed_sw_init)
    i.rtc1_stop                              0x0001f72c   Section        0  app_timer.o(i.rtc1_stop)
    rtc1_stop                                0x0001f72d   Thumb Code    52  app_timer.o(i.rtc1_stop)
    i.rx_byte                                0x0001f768   Section        0  nrf_drv_uart.o(i.rx_byte)
    rx_byte                                  0x0001f769   Thumb Code    38  nrf_drv_uart.o(i.rx_byte)
    i.rx_done_event                          0x0001f798   Section        0  nrf_drv_uart.o(i.rx_done_event)
    rx_done_event                            0x0001f799   Thumb Code    26  nrf_drv_uart.o(i.rx_done_event)
    i.sc_ctrlpt_event_handler                0x0001f7b8   Section        0  main.o(i.sc_ctrlpt_event_handler)
    i.sc_ctrlpt_resp_send                    0x0001f7d8   Section        0  ble_sc_ctrlpt.o(i.sc_ctrlpt_resp_send)
    sc_ctrlpt_resp_send                      0x0001f7d9   Thumb Code   120  ble_sc_ctrlpt.o(i.sc_ctrlpt_resp_send)
    i.sd_check_ram_start                     0x0001f850   Section        0  softdevice_handler.o(i.sd_check_ram_start)
    i.sensor_simulator_init                  0x0001f860   Section        0  main.o(i.sensor_simulator_init)
    sensor_simulator_init                    0x0001f861   Thumb Code    92  main.o(i.sensor_simulator_init)
    i.sensorsim_decrement                    0x0001f8c4   Section        0  sensorsim.o(i.sensorsim_decrement)
    i.sensorsim_increment                    0x0001f8e0   Section        0  sensorsim.o(i.sensorsim_increment)
    i.sensorsim_init                         0x0001f8fc   Section        0  sensorsim.o(i.sensorsim_init)
    i.sensorsim_measure                      0x0001f912   Section        0  sensorsim.o(i.sensorsim_measure)
    i.service_data_encode                    0x0001f92c   Section        0  ble_advdata.o(i.service_data_encode)
    service_data_encode                      0x0001f92d   Thumb Code   136  ble_advdata.o(i.service_data_encode)
    i.services_init                          0x0001f9b4   Section        0  main.o(i.services_init)
    services_init                            0x0001f9b5   Thumb Code   342  main.o(i.services_init)
    i.sleep_mode_enter                       0x0001fb24   Section        0  main.o(i.sleep_mode_enter)
    sleep_mode_enter                         0x0001fb25   Thumb Code    40  main.o(i.sleep_mode_enter)
    i.sm_state_change                        0x0001fb4c   Section        0  pstorage.o(i.sm_state_change)
    sm_state_change                          0x0001fb4d   Thumb Code    52  pstorage.o(i.sm_state_change)
    i.softdevice_ble_evt_handler_set         0x0001fb88   Section        0  softdevice_handler.o(i.softdevice_ble_evt_handler_set)
    i.softdevice_enable                      0x0001fb9c   Section        0  softdevice_handler.o(i.softdevice_enable)
    i.softdevice_enable_get_default_config   0x0001fbb0   Section        0  softdevice_handler.o(i.softdevice_enable_get_default_config)
    i.softdevice_fault_handler               0x0001fbd6   Section        0  softdevice_handler.o(i.softdevice_fault_handler)
    i.softdevice_handler_init                0x0001fbdc   Section        0  softdevice_handler.o(i.softdevice_handler_init)
    i.softdevice_sys_evt_handler_set         0x0001fc0c   Section        0  softdevice_handler.o(i.softdevice_sys_evt_handler_set)
    i.state_data_erase_swap_entry_run        0x0001fc20   Section        0  pstorage.o(i.state_data_erase_swap_entry_run)
    state_data_erase_swap_entry_run          0x0001fc21   Thumb Code    96  pstorage.o(i.state_data_erase_swap_entry_run)
    i.state_erase_data_page_entry_run        0x0001fc88   Section        0  pstorage.o(i.state_erase_data_page_entry_run)
    state_erase_data_page_entry_run          0x0001fc89   Thumb Code     8  pstorage.o(i.state_erase_data_page_entry_run)
    i.state_restore_head_entry_run           0x0001fc94   Section        0  pstorage.o(i.state_restore_head_entry_run)
    state_restore_head_entry_run             0x0001fc95   Thumb Code    38  pstorage.o(i.state_restore_head_entry_run)
    i.state_restore_tail_entry_run           0x0001fcc0   Section        0  pstorage.o(i.state_restore_tail_entry_run)
    state_restore_tail_entry_run             0x0001fcc1   Thumb Code    72  pstorage.o(i.state_restore_tail_entry_run)
    i.state_swap_erase_entry_run             0x0001fd10   Section        0  pstorage.o(i.state_swap_erase_entry_run)
    state_swap_erase_entry_run               0x0001fd11   Thumb Code    30  pstorage.o(i.state_swap_erase_entry_run)
    i.state_write_data_swap_entry_run        0x0001fd30   Section        0  pstorage.o(i.state_write_data_swap_entry_run)
    state_write_data_swap_entry_run          0x0001fd31   Thumb Code    44  pstorage.o(i.state_write_data_swap_entry_run)
    i.storage_operation_dummy_handler        0x0001fd60   Section        0  device_manager_peripheral.o(i.storage_operation_dummy_handler)
    storage_operation_dummy_handler          0x0001fd61   Thumb Code     4  device_manager_peripheral.o(i.storage_operation_dummy_handler)
    i.store_cmd_flash_write_execute          0x0001fd64   Section        0  pstorage.o(i.store_cmd_flash_write_execute)
    store_cmd_flash_write_execute            0x0001fd65   Thumb Code    84  pstorage.o(i.store_cmd_flash_write_execute)
    i.swap_erase_state_run                   0x0001fdc0   Section        0  pstorage.o(i.swap_erase_state_run)
    swap_erase_state_run                     0x0001fdc1   Thumb Code    18  pstorage.o(i.swap_erase_state_run)
    i.swap_sub_state_err_busy_process        0x0001fdd8   Section        0  pstorage.o(i.swap_sub_state_err_busy_process)
    swap_sub_state_err_busy_process          0x0001fdd9   Thumb Code    16  pstorage.o(i.swap_sub_state_err_busy_process)
    i.swap_sub_state_state_change            0x0001fdec   Section        0  pstorage.o(i.swap_sub_state_state_change)
    swap_sub_state_state_change              0x0001fded   Thumb Code    12  pstorage.o(i.swap_sub_state_state_change)
    i.sys_evt_dispatch                       0x0001fe00   Section        0  main.o(i.sys_evt_dispatch)
    sys_evt_dispatch                         0x0001fe01   Thumb Code    18  main.o(i.sys_evt_dispatch)
    i.sys_id_encode                          0x0001fe12   Section        0  ble_dis.o(i.sys_id_encode)
    sys_id_encode                            0x0001fe13   Thumb Code    66  ble_dis.o(i.sys_id_encode)
    i.tail_restore_state_run                 0x0001fe54   Section        0  pstorage.o(i.tail_restore_state_run)
    tail_restore_state_run                   0x0001fe55   Thumb Code    16  pstorage.o(i.tail_restore_state_run)
    i.timer_list_handler                     0x0001fe68   Section        0  app_timer.o(i.timer_list_handler)
    timer_list_handler                       0x0001fe69   Thumb Code   134  app_timer.o(i.timer_list_handler)
    i.timer_list_insert                      0x0001fef4   Section        0  app_timer.o(i.timer_list_insert)
    timer_list_insert                        0x0001fef5   Thumb Code    56  app_timer.o(i.timer_list_insert)
    i.timer_timeouts_check                   0x0001ff30   Section        0  app_timer.o(i.timer_timeouts_check)
    timer_timeouts_check                     0x0001ff31   Thumb Code   124  app_timer.o(i.timer_timeouts_check)
    i.tx_byte                                0x0001ffb4   Section        0  nrf_drv_uart.o(i.tx_byte)
    tx_byte                                  0x0001ffb5   Thumb Code    28  nrf_drv_uart.o(i.tx_byte)
    i.tx_done_event                          0x0001ffd8   Section        0  nrf_drv_uart.o(i.tx_done_event)
    tx_done_event                            0x0001ffd9   Thumb Code    30  nrf_drv_uart.o(i.tx_done_event)
    i.uart_irq_handler                       0x0001fffc   Section        0  nrf_drv_uart.o(i.uart_irq_handler)
    uart_irq_handler                         0x0001fffd   Thumb Code   254  nrf_drv_uart.o(i.uart_irq_handler)
    i.uarte_irq_handler                      0x00020104   Section        0  nrf_drv_uart.o(i.uarte_irq_handler)
    uarte_irq_handler                        0x00020105   Thumb Code   206  nrf_drv_uart.o(i.uarte_irq_handler)
    i.uint16_encode                          0x000201dc   Section        0  ble_advdata.o(i.uint16_encode)
    uint16_encode                            0x000201dd   Thumb Code    10  ble_advdata.o(i.uint16_encode)
    i.uint16_encode                          0x000201e6   Section        0  ble_cscs.o(i.uint16_encode)
    uint16_encode                            0x000201e7   Thumb Code    10  ble_cscs.o(i.uint16_encode)
    i.update_status_bit_reset                0x000201f0   Section        0  device_manager_peripheral.o(i.update_status_bit_reset)
    update_status_bit_reset                  0x000201f1   Thumb Code    14  device_manager_peripheral.o(i.update_status_bit_reset)
    i.update_timeout_handler                 0x00020204   Section        0  ble_conn_params.o(i.update_timeout_handler)
    update_timeout_handler                   0x00020205   Thumb Code    88  ble_conn_params.o(i.update_timeout_handler)
    i.user_id_get                            0x00020264   Section        0  app_timer.o(i.user_id_get)
    user_id_get                              0x00020265   Thumb Code    62  app_timer.o(i.user_id_get)
    i.user_op_alloc                          0x000202a8   Section        0  app_timer.o(i.user_op_alloc)
    user_op_alloc                            0x000202a9   Thumb Code    40  app_timer.o(i.user_op_alloc)
    i.uuid_list_encode                       0x000202d0   Section        0  ble_advdata.o(i.uuid_list_encode)
    uuid_list_encode                         0x000202d1   Thumb Code    48  ble_advdata.o(i.uuid_list_encode)
    i.uuid_list_sized_encode                 0x00020300   Section        0  ble_advdata.o(i.uuid_list_sized_encode)
    uuid_list_sized_encode                   0x00020301   Thumb Code   158  ble_advdata.o(i.uuid_list_sized_encode)
    i.whitelist_has_entries                  0x0002039e   Section        0  ble_advertising.o(i.whitelist_has_entries)
    whitelist_has_entries                    0x0002039f   Thumb Code    14  ble_advertising.o(i.whitelist_has_entries)
    .constdata                               0x000203ac   Section        8  main.o(.constdata)
    m_battery_timer_id                       0x000203ac   Data           4  main.o(.constdata)
    m_csc_meas_timer_id                      0x000203b0   Data           4  main.o(.constdata)
    .constdata                               0x000203b4   Section       60  bsp.o(.constdata)
    m_leds_timer_id                          0x000203b4   Data           4  bsp.o(.constdata)
    m_alert_timer_id                         0x000203b8   Data           4  bsp.o(.constdata)
    m_button_timer_id                        0x000203bc   Data           4  bsp.o(.constdata)
    m_buttons_list                           0x000203c0   Data          16  bsp.o(.constdata)
    app_buttons                              0x000203d0   Data          32  bsp.o(.constdata)
    .constdata                               0x000203f0   Section        4  ble_conn_params.o(.constdata)
    m_conn_params_timer_id                   0x000203f0   Data           4  ble_conn_params.o(.constdata)
    .constdata                               0x000203f4   Section       12  ble_sc_ctrlpt.o(.constdata)
    .constdata                               0x00020400   Section       48  device_manager_peripheral.o(.constdata)
    .constdata                               0x00020430   Section       40  pstorage.o(.constdata)
    swap_sub_state_sm_lut                    0x00020430   Data          20  pstorage.o(.constdata)
    swap_sub_state_sm_lut                    0x00020444   Data          20  pstorage.o(.constdata)
    .constdata                               0x00020458   Section        8  app_button.o(.constdata)
    m_detection_delay_timer_id               0x00020458   Data           4  app_button.o(.constdata)
    .data                                    0x20001f00   Section       62  main.o(.data)
    m_app_handle                             0x20001f00   Data           1  main.o(.data)
    m_auto_calibration_in_progress           0x20001f01   Data           1  main.o(.data)
    m_conn_handle                            0x20001f02   Data           2  main.o(.data)
    cumulative_crank_revs                    0x20001f04   Data           2  main.o(.data)
    event_time                               0x20001f06   Data           2  main.o(.data)
    wheel_revolution_mm                      0x20001f08   Data           2  main.o(.data)
    crank_rev_degrees                        0x20001f0a   Data           2  main.o(.data)
    m_cumulative_wheel_revs                  0x20001f0c   Data           4  main.o(.data)
    m_battery_sim_state                      0x20001f10   Data           8  main.o(.data)
    m_speed_kph_sim_state                    0x20001f18   Data           8  main.o(.data)
    m_crank_rpm_sim_state                    0x20001f20   Data           8  main.o(.data)
    supported_locations                      0x20001f28   Data          10  main.o(.data)
    m_adv_uuids                              0x20001f32   Data          12  main.o(.data)
    .data                                    0x20001f40   Section       24  bsp.o(.data)
    m_stable_state                           0x20001f40   Data           1  bsp.o(.data)
    current_long_push_pin_no                 0x20001f41   Data           1  bsp.o(.data)
    m_app_ticks_per_100ms                    0x20001f44   Data           4  bsp.o(.data)
    m_indication_type                        0x20001f48   Data           4  bsp.o(.data)
    m_alert_mask                             0x20001f4c   Data           4  bsp.o(.data)
    m_registered_callback                    0x20001f50   Data           4  bsp.o(.data)
    release_event_at_push                    0x20001f54   Data           4  bsp.o(.data)
    .data                                    0x20001f58   Section        8  bsp_btn_ble.o(.data)
    m_error_handler                          0x20001f58   Data           4  bsp_btn_ble.o(.data)
    m_num_connections                        0x20001f5c   Data           4  bsp_btn_ble.o(.data)
    .data                                    0x20001f60   Section        4  system_nrf52.o(.data)
    __tagsym$$used                           0x20001f60   Number         0  system_nrf52.o(.data)
    .data                                    0x20001f64   Section       31  ble_advertising.o(.data)
    m_advertising_start_pending              0x20001f64   Data           1  ble_advertising.o(.data)
    m_whitelist_temporarily_disabled         0x20001f65   Data           1  ble_advertising.o(.data)
    m_whitelist_reply_expected               0x20001f66   Data           1  ble_advertising.o(.data)
    m_peer_addr_reply_expected               0x20001f67   Data           1  ble_advertising.o(.data)
    m_adv_evt                                0x20001f68   Data           1  ble_advertising.o(.data)
    m_adv_mode_current                       0x20001f69   Data           1  ble_advertising.o(.data)
    m_tx_power_level                         0x20001f6a   Data           1  ble_advertising.o(.data)
    current_slave_link_conn_handle           0x20001f6c   Data           2  ble_advertising.o(.data)
    m_evt_handler                            0x20001f70   Data           4  ble_advertising.o(.data)
    m_error_handler                          0x20001f74   Data           4  ble_advertising.o(.data)
    m_slave_conn_int                         0x20001f78   Data           4  ble_advertising.o(.data)
    m_peer_address                           0x20001f7c   Data           7  ble_advertising.o(.data)
    .data                                    0x20001f84   Section       20  ble_conn_params.o(.data)
    m_change_param                           0x20001f84   Data           1  ble_conn_params.o(.data)
    m_update_count                           0x20001f85   Data           1  ble_conn_params.o(.data)
    m_conn_handle                            0x20001f86   Data           2  ble_conn_params.o(.data)
    m_preferred_conn_params                  0x20001f88   Data           8  ble_conn_params.o(.data)
    m_current_conn_params                    0x20001f90   Data           8  ble_conn_params.o(.data)
    .data                                    0x20001f98   Section       74  ble_dis.o(.data)
    service_handle                           0x20001f98   Data           2  ble_dis.o(.data)
    manufact_name_handles                    0x20001f9a   Data           8  ble_dis.o(.data)
    model_num_handles                        0x20001fa2   Data           8  ble_dis.o(.data)
    serial_num_handles                       0x20001faa   Data           8  ble_dis.o(.data)
    hw_rev_handles                           0x20001fb2   Data           8  ble_dis.o(.data)
    fw_rev_handles                           0x20001fba   Data           8  ble_dis.o(.data)
    sw_rev_handles                           0x20001fc2   Data           8  ble_dis.o(.data)
    sys_id_handles                           0x20001fca   Data           8  ble_dis.o(.data)
    reg_cert_data_list_handles               0x20001fd2   Data           8  ble_dis.o(.data)
    pnp_id_handles                           0x20001fda   Data           8  ble_dis.o(.data)
    .data                                    0x20001fe4   Section       24  device_manager_peripheral.o(.data)
    m_module_initialized                     0x20001fe4   Data           1  device_manager_peripheral.o(.data)
    m_peer_addr_update                       0x20001fe8   Data           4  device_manager_peripheral.o(.data)
    m_irk_index_table                        0x20001fec   Data           7  device_manager_peripheral.o(.data)
    m_storage_handle                         0x20001ff4   Data           8  device_manager_peripheral.o(.data)
    .data                                    0x20001ffc   Section       36  pstorage.o(.data)
    m_state                                  0x20001ffc   Data           1  pstorage.o(.data)
    m_swap_sub_state                         0x20001ffd   Data           1  pstorage.o(.data)
    m_next_app_instance                      0x20001ffe   Data           2  pstorage.o(.data)
    m_flags                                  0x20002000   Data           4  pstorage.o(.data)
    m_next_page_addr                         0x20002004   Data           4  pstorage.o(.data)
    m_head_word_size                         0x20002008   Data           4  pstorage.o(.data)
    m_tail_word_size                         0x2000200c   Data           4  pstorage.o(.data)
    m_current_page_id                        0x20002010   Data           4  pstorage.o(.data)
    m_num_of_command_retries                 0x20002014   Data           4  pstorage.o(.data)
    m_num_of_bytes_written                   0x20002018   Data           4  pstorage.o(.data)
    m_app_data_size                          0x2000201c   Data           4  pstorage.o(.data)
    .data                                    0x20002020   Section       20  app_button.o(.data)
    m_button_count                           0x20002020   Data           1  app_button.o(.data)
    mp_buttons                               0x20002024   Data           4  app_button.o(.data)
    m_detection_delay                        0x20002028   Data           4  app_button.o(.data)
    m_pin_state                              0x2000202c   Data           4  app_button.o(.data)
    m_pin_transition                         0x20002030   Data           4  app_button.o(.data)
    .data                                    0x20002034   Section       32  app_timer.o(.data)
    m_user_array_size                        0x20002034   Data           1  app_timer.o(.data)
    m_ticks_elapsed_q_read_ind               0x20002035   Data           1  app_timer.o(.data)
    m_ticks_elapsed_q_write_ind              0x20002036   Data           1  app_timer.o(.data)
    m_rtc1_running                           0x20002037   Data           1  app_timer.o(.data)
    m_rtc1_reset                             0x20002038   Data           1  app_timer.o(.data)
    mp_users                                 0x2000203c   Data           4  app_timer.o(.data)
    mp_timer_id_head                         0x20002040   Data           4  app_timer.o(.data)
    m_ticks_latest                           0x20002044   Data           4  app_timer.o(.data)
    m_evt_schedule_func                      0x20002048   Data           4  app_timer.o(.data)
    m_ticks_elapsed                          0x2000204c   Data           8  app_timer.o(.data)
    .data                                    0x20002054   Section       20  softdevice_handler.o(.data)
    m_softdevice_enabled                     0x20002054   Data           1  softdevice_handler.o(.data)
    m_ble_evt_buffer_size                    0x20002056   Data           2  softdevice_handler.o(.data)
    m_evt_schedule_func                      0x20002058   Data           4  softdevice_handler.o(.data)
    mp_ble_evt_buffer                        0x2000205c   Data           4  softdevice_handler.o(.data)
    m_ble_evt_handler                        0x20002060   Data           4  softdevice_handler.o(.data)
    m_sys_evt_handler                        0x20002064   Data           4  softdevice_handler.o(.data)
    .bss                                     0x20002068   Section       32  main.o(.bss)
    m_battery_timer_id_data                  0x20002068   Data          32  main.o(.bss)
    .bss                                     0x20002088   Section       32  main.o(.bss)
    m_csc_meas_timer_id_data                 0x20002088   Data          32  main.o(.bss)
    .bss                                     0x200020a8   Section      704  main.o(.bss)
    APP_TIMER_BUF                            0x200020a8   Data         456  main.o(.bss)
    BLE_EVT_BUFFER                           0x20002270   Data          72  main.o(.bss)
    m_bas                                    0x200022b8   Data          24  main.o(.bss)
    m_cscs                                   0x200022d0   Data         104  main.o(.bss)
    m_battery_sim_cfg                        0x20002338   Data          16  main.o(.bss)
    m_speed_kph_sim_cfg                      0x20002348   Data          16  main.o(.bss)
    m_crank_rpm_sim_cfg                      0x20002358   Data          16  main.o(.bss)
    .bss                                     0x20002368   Section       32  bsp.o(.bss)
    m_leds_timer_id_data                     0x20002368   Data          32  bsp.o(.bss)
    .bss                                     0x20002388   Section       32  bsp.o(.bss)
    m_alert_timer_id_data                    0x20002388   Data          32  bsp.o(.bss)
    .bss                                     0x200023a8   Section       12  bsp.o(.bss)
    m_events_list                            0x200023a8   Data          12  bsp.o(.bss)
    .bss                                     0x200023b4   Section       32  bsp.o(.bss)
    m_button_timer_id_data                   0x200023b4   Data          32  bsp.o(.bss)
    .bss                                     0x200023d4   Section      259  ble_advertising.o(.bss)
    m_advdata                                0x200023d4   Data          56  ble_advertising.o(.bss)
    m_adv_modes_config                       0x2000240c   Data          36  ble_advertising.o(.bss)
    m_whitelist                              0x20002430   Data          16  ble_advertising.o(.bss)
    mp_whitelist_addr                        0x20002440   Data          32  ble_advertising.o(.bss)
    mp_whitelist_irk                         0x20002460   Data          32  ble_advertising.o(.bss)
    m_manuf_specific_data                    0x20002480   Data          12  ble_advertising.o(.bss)
    m_manuf_data_array                       0x2000248c   Data          31  ble_advertising.o(.bss)
    m_service_data                           0x200024ac   Data          12  ble_advertising.o(.bss)
    m_service_data_array                     0x200024b8   Data          31  ble_advertising.o(.bss)
    .bss                                     0x200024d8   Section       32  ble_conn_params.o(.bss)
    m_conn_params_timer_id_data              0x200024d8   Data          32  ble_conn_params.o(.bss)
    .bss                                     0x200024f8   Section       28  ble_conn_params.o(.bss)
    m_conn_params_config                     0x200024f8   Data          28  ble_conn_params.o(.bss)
    .bss                                     0x20002514   Section      299  device_manager_peripheral.o(.bss)
    m_peer_table                             0x20002514   Data         196  device_manager_peripheral.o(.bss)
    m_bond_table                             0x200025d8   Data          28  device_manager_peripheral.o(.bss)
    m_gatts_table                            0x200025f4   Data          28  device_manager_peripheral.o(.bss)
    m_connection_table                       0x20002610   Data          12  device_manager_peripheral.o(.bss)
    m_application_table                      0x2000261c   Data          12  device_manager_peripheral.o(.bss)
    m_local_id_info                          0x20002628   Data          23  device_manager_peripheral.o(.bss)
    .bss                                     0x20002640   Section      216  pstorage.o(.bss)
    m_cmd_queue                              0x20002640   Data         204  pstorage.o(.bss)
    m_app_table                              0x2000270c   Data          12  pstorage.o(.bss)
    .bss                                     0x20002718   Section       88  nrf_drv_gpiote.o(.bss)
    m_cb                                     0x20002718   Data          88  nrf_drv_gpiote.o(.bss)
    .bss                                     0x20002770   Section       32  nrf_drv_uart.o(.bss)
    m_cb                                     0x20002770   Data          32  nrf_drv_uart.o(.bss)
    .bss                                     0x20002790   Section       32  app_button.o(.bss)
    m_detection_delay_timer_id_data          0x20002790   Data          32  app_button.o(.bss)
    STACK                                    0x200027b0   Section     8192  arm_startup_nrf52.o(STACK)

    Global Symbols

    Symbol Name                              Value     Ov Type        Size  Object(Section)

    BuildAttributes$$THM_ISAv4$E$P$D$K$B$S$7EM$VFPi3$EXTD16$VFPS$VFMA$PE$A:L22UL41UL21$X:L11$S22US41US21$IEEE1$IW$USESV6$~STKCKD$USESV7$~SHL$OSPACE$ROPI$EBA8$MICROLIB$REQ8$PRES8$EABIv2 0x00000000   Number         0  anon$$obj.o ABSOLUTE
    __ARM_use_no_argv                        0x00000000   Number         0  main.o ABSOLUTE
    __cpp_initialize__aeabi_                  - Undefined Weak Reference
    __cxa_finalize                            - Undefined Weak Reference
    _clock_init                               - Undefined Weak Reference
    _microlib_exit                            - Undefined Weak Reference
    __Vectors_Size                           0x00000400   Number         0  arm_startup_nrf52.o ABSOLUTE
    __Vectors                                0x0001b000   Data           4  arm_startup_nrf52.o(RESET)
    __Vectors_End                            0x0001b400   Data           0  arm_startup_nrf52.o(RESET)
    __main                                   0x0001b401   Thumb Code     0  entry.o(.ARM.Collect$$$$00000000)
    _main_stk                                0x0001b401   Thumb Code     0  entry2.o(.ARM.Collect$$$$00000001)
    _main_scatterload                        0x0001b405   Thumb Code     0  entry5.o(.ARM.Collect$$$$00000004)
    __main_after_scatterload                 0x0001b409   Thumb Code     0  entry5.o(.ARM.Collect$$$$00000004)
    _main_clock                              0x0001b409   Thumb Code     0  entry7b.o(.ARM.Collect$$$$00000008)
    _main_cpp_init                           0x0001b409   Thumb Code     0  entry8b.o(.ARM.Collect$$$$0000000A)
    _main_init                               0x0001b409   Thumb Code     0  entry9a.o(.ARM.Collect$$$$0000000B)
    __rt_final_cpp                           0x0001b411   Thumb Code     0  entry10a.o(.ARM.Collect$$$$0000000D)
    __rt_final_exit                          0x0001b411   Thumb Code     0  entry11a.o(.ARM.Collect$$$$0000000F)
    __asm___11_app_timer_c_cd27f9c3__nrf_delay_us 0x0001b415   Thumb Code   118  app_timer.o(.emb_text)
    Reset_Handler                            0x0001b48d   Thumb Code     8  arm_startup_nrf52.o(.text)
    NMI_Handler                              0x0001b495   Thumb Code     2  arm_startup_nrf52.o(.text)
    HardFault_Handler                        0x0001b497   Thumb Code     2  arm_startup_nrf52.o(.text)
    MemoryManagement_Handler                 0x0001b499   Thumb Code     2  arm_startup_nrf52.o(.text)
    BusFault_Handler                         0x0001b49b   Thumb Code     2  arm_startup_nrf52.o(.text)
    UsageFault_Handler                       0x0001b49d   Thumb Code     2  arm_startup_nrf52.o(.text)
    SVC_Handler                              0x0001b49f   Thumb Code     2  arm_startup_nrf52.o(.text)
    PendSV_Handler                           0x0001b4a1   Thumb Code     2  arm_startup_nrf52.o(.text)
    SysTick_Handler                          0x0001b4a3   Thumb Code     2  arm_startup_nrf52.o(.text)
    CCM_AAR_IRQHandler                       0x0001b4a5   Thumb Code     0  arm_startup_nrf52.o(.text)
    COMP_LPCOMP_IRQHandler                   0x0001b4a5   Thumb Code     0  arm_startup_nrf52.o(.text)
    ECB_IRQHandler                           0x0001b4a5   Thumb Code     0  arm_startup_nrf52.o(.text)
    I2S_IRQHandler                           0x0001b4a5   Thumb Code     0  arm_startup_nrf52.o(.text)
    MWU_IRQHandler                           0x0001b4a5   Thumb Code     0  arm_startup_nrf52.o(.text)
    NFCT_IRQHandler                          0x0001b4a5   Thumb Code     0  arm_startup_nrf52.o(.text)
    PDM_IRQHandler                           0x0001b4a5   Thumb Code     0  arm_startup_nrf52.o(.text)
    POWER_CLOCK_IRQHandler                   0x0001b4a5   Thumb Code     0  arm_startup_nrf52.o(.text)
    PWM0_IRQHandler                          0x0001b4a5   Thumb Code     0  arm_startup_nrf52.o(.text)
    PWM1_IRQHandler                          0x0001b4a5   Thumb Code     0  arm_startup_nrf52.o(.text)
    PWM2_IRQHandler                          0x0001b4a5   Thumb Code     0  arm_startup_nrf52.o(.text)
    QDEC_IRQHandler                          0x0001b4a5   Thumb Code     0  arm_startup_nrf52.o(.text)
    RADIO_IRQHandler                         0x0001b4a5   Thumb Code     0  arm_startup_nrf52.o(.text)
    RNG_IRQHandler                           0x0001b4a5   Thumb Code     0  arm_startup_nrf52.o(.text)
    RTC0_IRQHandler                          0x0001b4a5   Thumb Code     0  arm_startup_nrf52.o(.text)
    RTC2_IRQHandler                          0x0001b4a5   Thumb Code     0  arm_startup_nrf52.o(.text)
    SAADC_IRQHandler                         0x0001b4a5   Thumb Code     0  arm_startup_nrf52.o(.text)
    SPIM0_SPIS0_TWIM0_TWIS0_SPI0_TWI0_IRQHandler 0x0001b4a5   Thumb Code     0  arm_startup_nrf52.o(.text)
    SPIM1_SPIS1_TWIM1_TWIS1_SPI1_TWI1_IRQHandler 0x0001b4a5   Thumb Code     0  arm_startup_nrf52.o(.text)
    SPIM2_SPIS2_SPI2_IRQHandler              0x0001b4a5   Thumb Code     0  arm_startup_nrf52.o(.text)
    SWI1_EGU1_IRQHandler                     0x0001b4a5   Thumb Code     0  arm_startup_nrf52.o(.text)
    SWI3_EGU3_IRQHandler                     0x0001b4a5   Thumb Code     0  arm_startup_nrf52.o(.text)
    SWI4_EGU4_IRQHandler                     0x0001b4a5   Thumb Code     0  arm_startup_nrf52.o(.text)
    SWI5_EGU5_IRQHandler                     0x0001b4a5   Thumb Code     0  arm_startup_nrf52.o(.text)
    TEMP_IRQHandler                          0x0001b4a5   Thumb Code     0  arm_startup_nrf52.o(.text)
    TIMER0_IRQHandler                        0x0001b4a5   Thumb Code     0  arm_startup_nrf52.o(.text)
    TIMER1_IRQHandler                        0x0001b4a5   Thumb Code     0  arm_startup_nrf52.o(.text)
    TIMER2_IRQHandler                        0x0001b4a5   Thumb Code     0  arm_startup_nrf52.o(.text)
    TIMER3_IRQHandler                        0x0001b4a5   Thumb Code     0  arm_startup_nrf52.o(.text)
    TIMER4_IRQHandler                        0x0001b4a5   Thumb Code     0  arm_startup_nrf52.o(.text)
    WDT_IRQHandler                           0x0001b4a5   Thumb Code     0  arm_startup_nrf52.o(.text)
    __aeabi_memcpy                           0x0001b4b1   Thumb Code    36  memcpya.o(.text)
    __aeabi_memcpy4                          0x0001b4b1   Thumb Code     0  memcpya.o(.text)
    __aeabi_memcpy8                          0x0001b4b1   Thumb Code     0  memcpya.o(.text)
    __aeabi_memset                           0x0001b4d5   Thumb Code    14  memseta.o(.text)
    __aeabi_memset4                          0x0001b4d5   Thumb Code     0  memseta.o(.text)
    __aeabi_memset8                          0x0001b4d5   Thumb Code     0  memseta.o(.text)
    __aeabi_memclr                           0x0001b4e3   Thumb Code     4  memseta.o(.text)
    __aeabi_memclr4                          0x0001b4e3   Thumb Code     0  memseta.o(.text)
    __aeabi_memclr8                          0x0001b4e3   Thumb Code     0  memseta.o(.text)
    _memset$wrapper                          0x0001b4e7   Thumb Code    18  memseta.o(.text)
    strlen                                   0x0001b4f9   Thumb Code    14  strlen.o(.text)
    memcmp                                   0x0001b507   Thumb Code    26  memcmp.o(.text)
    __scatterload                            0x0001b521   Thumb Code    28  init.o(.text)
    __scatterload_rt2                        0x0001b521   Thumb Code     0  init.o(.text)
    __decompress                             0x0001b545   Thumb Code     0  __dczerorl.o(.text)
    __decompress0                            0x0001b545   Thumb Code    58  __dczerorl.o(.text)
    GPIOTE_IRQHandler                        0x0001b581   Thumb Code   248  nrf_drv_gpiote.o(i.GPIOTE_IRQHandler)
    RTC1_IRQHandler                          0x0001b6e9   Thumb Code    32  app_timer.o(i.RTC1_IRQHandler)
    SWI0_EGU0_IRQHandler                     0x0001b70d   Thumb Code     4  app_timer.o(i.SWI0_EGU0_IRQHandler)
    SWI2_EGU2_IRQHandler                     0x0001b711   Thumb Code    32  softdevice_handler.o(i.SWI2_EGU2_IRQHandler)
    SystemInit                               0x0001b735   Thumb Code   562  system_nrf52.o(i.SystemInit)
    UARTE0_UART0_IRQHandler                  0x0001b991   Thumb Code    14  nrf_drv_uart.o(i.UARTE0_UART0_IRQHandler)
    __scatterload_copy                       0x0001b9a5   Thumb Code    14  handlers.o(i.__scatterload_copy)
    __scatterload_null                       0x0001b9b3   Thumb Code     2  handlers.o(i.__scatterload_null)
    __scatterload_zeroinit                   0x0001b9b5   Thumb Code    14  handlers.o(i.__scatterload_zeroinit)
    adv_data_encode                          0x0001b9c3   Thumb Code   514  ble_advdata.o(i.adv_data_encode)
    app_button_enable                        0x0001bc1d   Thumb Code    32  app_button.o(i.app_button_enable)
    app_button_init                          0x0001bc41   Thumb Code    96  app_button.o(i.app_button_init)
    app_error_fault_handler                  0x0001bcb1   Thumb Code    26  app_error.o(i.app_error_fault_handler)
    app_error_handler_bare                   0x0001bcd5   Thumb Code    20  app_error.o(i.app_error_handler_bare)
    app_timer_create                         0x0001bd45   Thumb Code    32  app_timer.o(i.app_timer_create)
    app_timer_init                           0x0001bd69   Thumb Code   134  app_timer.o(i.app_timer_init)
    app_timer_start                          0x0001bdf9   Thumb Code   118  app_timer.o(i.app_timer_start)
    app_timer_stop                           0x0001be79   Thumb Code    76  app_timer.o(i.app_timer_stop)
    ble_advdata_set                          0x0001c059   Thumb Code   104  ble_advdata.o(i.ble_advdata_set)
    ble_advertising_init                     0x0001c0c1   Thumb Code   274  ble_advertising.o(i.ble_advertising_init)
    ble_advertising_on_ble_evt               0x0001c1dd   Thumb Code   122  ble_advertising.o(i.ble_advertising_on_ble_evt)
    ble_advertising_on_sys_evt               0x0001c25d   Thumb Code    46  ble_advertising.o(i.ble_advertising_on_sys_evt)
    ble_advertising_restart_without_whitelist 0x0001c2a1   Thumb Code    48  ble_advertising.o(i.ble_advertising_restart_without_whitelist)
    ble_advertising_start                    0x0001c2d9   Thumb Code   462  ble_advertising.o(i.ble_advertising_start)
    ble_bas_battery_level_update             0x0001c4b1   Thumb Code   122  ble_bas.o(i.ble_bas_battery_level_update)
    ble_bas_init                             0x0001c52b   Thumb Code    68  ble_bas.o(i.ble_bas_init)
    ble_bas_on_ble_evt                       0x0001c56f   Thumb Code    88  ble_bas.o(i.ble_bas_on_ble_evt)
    ble_conn_params_init                     0x0001c5c9   Thumb Code    72  ble_conn_params.o(i.ble_conn_params_init)
    ble_conn_params_on_ble_evt               0x0001c621   Thumb Code   126  ble_conn_params.o(i.ble_conn_params_on_ble_evt)
    ble_cscs_init                            0x0001c6ad   Thumb Code   152  ble_cscs.o(i.ble_cscs_init)
    ble_cscs_measurement_send                0x0001c745   Thumb Code    92  ble_cscs.o(i.ble_cscs_measurement_send)
    ble_cscs_on_ble_evt                      0x0001c7a1   Thumb Code    86  ble_cscs.o(i.ble_cscs_on_ble_evt)
    ble_dis_init                             0x0001c855   Thumb Code   296  ble_dis.o(i.ble_dis_init)
    ble_sc_ctrlpt_init                       0x0001c9bd   Thumb Code   236  ble_sc_ctrlpt.o(i.ble_sc_ctrlpt_init)
    ble_sc_ctrlpt_on_ble_evt                 0x0001caa9   Thumb Code   112  ble_sc_ctrlpt.o(i.ble_sc_ctrlpt_on_ble_evt)
    ble_sc_ctrlpt_rsp_send                   0x0001cb19   Thumb Code    92  ble_sc_ctrlpt.o(i.ble_sc_ctrlpt_rsp_send)
    ble_srv_ascii_to_utf8                    0x0001cb75   Thumb Code    18  ble_srv_common.o(i.ble_srv_ascii_to_utf8)
    ble_srv_report_ref_encode                0x0001cb87   Thumb Code    12  ble_srv_common.o(i.ble_srv_report_ref_encode)
    bond_data_load                           0x0001cc01   Thumb Code    60  device_manager_peripheral.o(i.bond_data_load)
    bsp_btn_ble_init                         0x0001cc49   Thumb Code    72  bsp_btn_ble.o(i.bsp_btn_ble_init)
    bsp_btn_ble_on_ble_evt                   0x0001cc95   Thumb Code   106  bsp_btn_ble.o(i.bsp_btn_ble_on_ble_evt)
    bsp_btn_ble_sleep_mode_prepare           0x0001cd05   Thumb Code    18  bsp_btn_ble.o(i.bsp_btn_ble_sleep_mode_prepare)
    bsp_button_is_pressed                    0x0001cdc1   Thumb Code    34  bsp.o(i.bsp_button_is_pressed)
    bsp_event_to_button_action_assign        0x0001ce29   Thumb Code    64  bsp.o(i.bsp_event_to_button_action_assign)
    bsp_indication_set                       0x0001ce6d   Thumb Code    20  bsp.o(i.bsp_indication_set)
    bsp_init                                 0x0001ce85   Thumb Code   140  bsp.o(i.bsp_init)
    bsp_wakeup_buttons_set                   0x0001d14d   Thumb Code    54  bsp.o(i.bsp_wakeup_buttons_set)
    dm_ble_evt_handler                       0x0001dc91   Thumb Code  1112  device_manager_peripheral.o(i.dm_ble_evt_handler)
    dm_handle_initialize                     0x0001e0e9   Thumb Code    22  device_manager_peripheral.o(i.dm_handle_initialize)
    dm_init                                  0x0001e101   Thumb Code   182  device_manager_peripheral.o(i.dm_init)
    dm_register                              0x0001e32d   Thumb Code    92  device_manager_peripheral.o(i.dm_register)
    gpio_pin_in_init                         0x0001e6b1   Thumb Code    14  gpio_lib.o(i.gpio_pin_in_init)
    intern_softdevice_events_execute         0x0001e791   Thumb Code   106  softdevice_handler.o(i.intern_softdevice_events_execute)
    main                                     0x0001ea5d   Thumb Code   334  main.o(i.main)
    nrf_drv_common_irq_enable                0x0001ecf5   Thumb Code    56  nrf_drv_common.o(i.nrf_drv_common_irq_enable)
    nrf_drv_gpiote_in_event_enable           0x0001ed2d   Thumb Code   150  nrf_drv_gpiote.o(i.nrf_drv_gpiote_in_event_enable)
    nrf_drv_gpiote_in_init                   0x0001edd1   Thumb Code   170  nrf_drv_gpiote.o(i.nrf_drv_gpiote_in_init)
    nrf_drv_gpiote_in_is_set                 0x0001ee89   Thumb Code    16  nrf_drv_gpiote.o(i.nrf_drv_gpiote_in_is_set)
    nrf_drv_gpiote_init                      0x0001ee9d   Thumb Code    76  nrf_drv_gpiote.o(i.nrf_drv_gpiote_init)
    nrf_drv_gpiote_is_init                   0x0001eef1   Thumb Code    14  nrf_drv_gpiote.o(i.nrf_drv_gpiote_is_init)
    pstorage_access_status_get               0x0001f2c9   Thumb Code    28  pstorage.o(i.pstorage_access_status_get)
    pstorage_block_identifier_get            0x0001f2ed   Thumb Code    66  pstorage.o(i.pstorage_block_identifier_get)
    pstorage_clear                           0x0001f339   Thumb Code   138  pstorage.o(i.pstorage_clear)
    pstorage_init                            0x0001f3f5   Thumb Code    68  pstorage.o(i.pstorage_init)
    pstorage_load                            0x0001f441   Thumb Code   148  pstorage.o(i.pstorage_load)
    pstorage_register                        0x0001f4dd   Thumb Code   172  pstorage.o(i.pstorage_register)
    pstorage_store                           0x0001f591   Thumb Code   118  pstorage.o(i.pstorage_store)
    pstorage_sys_event_handler               0x0001f611   Thumb Code    66  pstorage.o(i.pstorage_sys_event_handler)
    pstorage_update                          0x0001f659   Thumb Code   118  pstorage.o(i.pstorage_update)
    reed_sw_init                             0x0001f6d9   Thumb Code    64  main.o(i.reed_sw_init)
    sc_ctrlpt_event_handler                  0x0001f7b9   Thumb Code    28  main.o(i.sc_ctrlpt_event_handler)
    sd_check_ram_start                       0x0001f851   Thumb Code    10  softdevice_handler.o(i.sd_check_ram_start)
    sensorsim_decrement                      0x0001f8c5   Thumb Code    28  sensorsim.o(i.sensorsim_decrement)
    sensorsim_increment                      0x0001f8e1   Thumb Code    28  sensorsim.o(i.sensorsim_increment)
    sensorsim_init                           0x0001f8fd   Thumb Code    22  sensorsim.o(i.sensorsim_init)
    sensorsim_measure                        0x0001f913   Thumb Code    26  sensorsim.o(i.sensorsim_measure)
    softdevice_ble_evt_handler_set           0x0001fb89   Thumb Code    14  softdevice_handler.o(i.softdevice_ble_evt_handler_set)
    softdevice_enable                        0x0001fb9d   Thumb Code    14  softdevice_handler.o(i.softdevice_enable)
    softdevice_enable_get_default_config     0x0001fbb1   Thumb Code    38  softdevice_handler.o(i.softdevice_enable_get_default_config)
    softdevice_fault_handler                 0x0001fbd7   Thumb Code     4  softdevice_handler.o(i.softdevice_fault_handler)
    softdevice_handler_init                  0x0001fbdd   Thumb Code    38  softdevice_handler.o(i.softdevice_handler_init)
    softdevice_sys_evt_handler_set           0x0001fc0d   Thumb Code    14  softdevice_handler.o(i.softdevice_sys_evt_handler_set)
    m_service_context_store                  0x00020400   Data          16  device_manager_peripheral.o(.constdata)
    m_service_context_load                   0x00020410   Data          16  device_manager_peripheral.o(.constdata)
    m_service_context_apply                  0x00020420   Data          16  device_manager_peripheral.o(.constdata)
    Region$$Table$$Base                      0x00020460   Number         0  anon$$obj.o(Region$$Table)
    Region$$Table$$Limit                     0x00020480   Number         0  anon$$obj.o(Region$$Table)
    Image$$RW_IRAM1$$Base                    0x20001f00   Number         0  anon$$obj.o ABSOLUTE
    SystemCoreClock                          0x20001f60   Data           4  system_nrf52.o(.data)
    __initial_sp                             0x200047b0   Data           0  arm_startup_nrf52.o(STACK)



==============================================================================

Memory Map of the image

  Image Entry point : 0x0001b401

  Load Region LR_IROM1 (Base: 0x0001b000, Size: 0x000055e8, Max: 0x00065000, ABSOLUTE, COMPRESSED[0x000054a4])

    Execution Region ER_IROM1 (Base: 0x0001b000, Size: 0x00005480, Max: 0x00065000, ABSOLUTE)

    Base Addr    Size         Type   Attr      Idx    E Section Name        Object

    0x0001b000   0x00000400   Data   RO          546    RESET               arm_startup_nrf52.o
    0x0001b400   0x00000000   Code   RO         2890  * .ARM.Collect$$$$00000000  mc_w.l(entry.o)
    0x0001b400   0x00000004   Code   RO         2933    .ARM.Collect$$$$00000001  mc_w.l(entry2.o)
    0x0001b404   0x00000004   Code   RO         2936    .ARM.Collect$$$$00000004  mc_w.l(entry5.o)
    0x0001b408   0x00000000   Code   RO         2938    .ARM.Collect$$$$00000008  mc_w.l(entry7b.o)
    0x0001b408   0x00000000   Code   RO         2940    .ARM.Collect$$$$0000000A  mc_w.l(entry8b.o)
    0x0001b408   0x00000008   Code   RO         2941    .ARM.Collect$$$$0000000B  mc_w.l(entry9a.o)
    0x0001b410   0x00000000   Code   RO         2943    .ARM.Collect$$$$0000000D  mc_w.l(entry10a.o)
    0x0001b410   0x00000000   Code   RO         2945    .ARM.Collect$$$$0000000F  mc_w.l(entry11a.o)
    0x0001b410   0x00000004   Code   RO         2934    .ARM.Collect$$$$00002712  mc_w.l(entry2.o)
    0x0001b414   0x00000076   Code   RO         2445    .emb_text           app_timer.o
    0x0001b48a   0x00000002   PAD
    0x0001b48c   0x00000024   Code   RO          547    .text               arm_startup_nrf52.o
    0x0001b4b0   0x00000024   Code   RO         2893    .text               mc_w.l(memcpya.o)
    0x0001b4d4   0x00000024   Code   RO         2895    .text               mc_w.l(memseta.o)
    0x0001b4f8   0x0000000e   Code   RO         2897    .text               mc_w.l(strlen.o)
    0x0001b506   0x0000001a   Code   RO         2899    .text               mc_w.l(memcmp.o)
    0x0001b520   0x00000024   Code   RO         2962    .text               mc_w.l(init.o)
    0x0001b544   0x0000003a   Code   RO         2980    .text               mc_w.l(__dczerorl.o)
    0x0001b57e   0x00000002   PAD
    0x0001b580   0x00000104   Code   RO         1777    i.GPIOTE_IRQHandler  nrf_drv_gpiote.o
    0x0001b684   0x00000016   Code   RO         2446    i.NVIC_ClearPendingIRQ  app_timer.o
    0x0001b69a   0x00000016   Code   RO         2447    i.NVIC_EnableIRQ    app_timer.o
    0x0001b6b0   0x00000016   Code   RO         2448    i.NVIC_SetPendingIRQ  app_timer.o
    0x0001b6c6   0x00000020   Code   RO         2449    i.NVIC_SetPriority  app_timer.o
    0x0001b6e6   0x00000002   PAD
    0x0001b6e8   0x00000024   Code   RO         2450    i.RTC1_IRQHandler   app_timer.o
    0x0001b70c   0x00000004   Code   RO         2451    i.SWI0_EGU0_IRQHandler  app_timer.o
    0x0001b710   0x00000024   Code   RO         2799    i.SWI2_EGU2_IRQHandler  softdevice_handler.o
    0x0001b734   0x0000025c   Code   RO          555    i.SystemInit        system_nrf52.o
    0x0001b990   0x00000014   Code   RO         1976    i.UARTE0_UART0_IRQHandler  nrf_drv_uart.o
    0x0001b9a4   0x0000000e   Code   RO         2974    i.__scatterload_copy  mc_w.l(handlers.o)
    0x0001b9b2   0x00000002   Code   RO         2975    i.__scatterload_null  mc_w.l(handlers.o)
    0x0001b9b4   0x0000000e   Code   RO         2976    i.__scatterload_zeroinit  mc_w.l(handlers.o)
    0x0001b9c2   0x00000202   Code   RO          594    i.adv_data_encode   ble_advdata.o
    0x0001bbc4   0x00000036   Code   RO          504    i.advertising_buttons_configure  bsp_btn_ble.o
    0x0001bbfa   0x00000002   PAD
    0x0001bbfc   0x00000020   Code   RO          393    i.alert_timer_handler  bsp.o
    0x0001bc1c   0x00000024   Code   RO         2316    i.app_button_enable  app_button.o
    0x0001bc40   0x00000070   Code   RO         2317    i.app_button_init   app_button.o
    0x0001bcb0   0x00000024   Code   RO         2389    i.app_error_fault_handler  app_error.o
    0x0001bcd4   0x00000014   Code   RO         2391    i.app_error_handler_bare  app_error.o
    0x0001bce8   0x0000000c   Code   RO         1106    i.app_evt_notify    device_manager_peripheral.o
    0x0001bcf4   0x0000002c   Code   RO         1462    i.app_notify        pstorage.o
    0x0001bd20   0x00000024   Code   RO         1463    i.app_notify_error_state_transit  pstorage.o
    0x0001bd44   0x00000024   Code   RO         2454    i.app_timer_create  app_timer.o
    0x0001bd68   0x00000090   Code   RO         2455    i.app_timer_init    app_timer.o
    0x0001bdf8   0x00000080   Code   RO         2456    i.app_timer_start   app_timer.o
    0x0001be78   0x00000050   Code   RO         2457    i.app_timer_stop    app_timer.o
    0x0001bec8   0x0000014e   Code   RO          838    i.battery_level_char_add  ble_bas.o
    0x0001c016   0x00000002   PAD
    0x0001c018   0x00000040   Code   RO            5    i.battery_level_meas_timeout_handler  main.o
    0x0001c058   0x00000068   Code   RO          595    i.ble_advdata_set   ble_advdata.o
    0x0001c0c0   0x0000011c   Code   RO          679    i.ble_advertising_init  ble_advertising.o
    0x0001c1dc   0x00000080   Code   RO          680    i.ble_advertising_on_ble_evt  ble_advertising.o
    0x0001c25c   0x00000034   Code   RO          681    i.ble_advertising_on_sys_evt  ble_advertising.o
    0x0001c290   0x00000010   Code   RO          683    i.ble_advertising_peer_address_clear  ble_advertising.o
    0x0001c2a0   0x00000038   Code   RO          684    i.ble_advertising_restart_without_whitelist  ble_advertising.o
    0x0001c2d8   0x000001d8   Code   RO          685    i.ble_advertising_start  ble_advertising.o
    0x0001c4b0   0x0000007a   Code   RO          839    i.ble_bas_battery_level_update  ble_bas.o
    0x0001c52a   0x00000044   Code   RO          840    i.ble_bas_init      ble_bas.o
    0x0001c56e   0x00000058   Code   RO          841    i.ble_bas_on_ble_evt  ble_bas.o
    0x0001c5c6   0x00000002   PAD
    0x0001c5c8   0x00000058   Code   RO          764    i.ble_conn_params_init  ble_conn_params.o
    0x0001c620   0x0000008c   Code   RO          765    i.ble_conn_params_on_ble_evt  ble_conn_params.o
    0x0001c6ac   0x00000098   Code   RO          882    i.ble_cscs_init     ble_cscs.o
    0x0001c744   0x0000005c   Code   RO          883    i.ble_cscs_measurement_send  ble_cscs.o
    0x0001c7a0   0x00000056   Code   RO          884    i.ble_cscs_on_ble_evt  ble_cscs.o
    0x0001c7f6   0x0000005e   Code   RO          596    i.ble_device_addr_encode  ble_advdata.o
    0x0001c854   0x0000012c   Code   RO         1015    i.ble_dis_init      ble_dis.o
    0x0001c980   0x0000003c   Code   RO            6    i.ble_evt_dispatch  main.o
    0x0001c9bc   0x000000ec   Code   RO          953    i.ble_sc_ctrlpt_init  ble_sc_ctrlpt.o
    0x0001caa8   0x00000070   Code   RO          954    i.ble_sc_ctrlpt_on_ble_evt  ble_sc_ctrlpt.o
    0x0001cb18   0x0000005c   Code   RO          955    i.ble_sc_ctrlpt_rsp_send  ble_sc_ctrlpt.o
    0x0001cb74   0x00000012   Code   RO         1059    i.ble_srv_ascii_to_utf8  ble_srv_common.o
    0x0001cb86   0x0000000c   Code   RO         1060    i.ble_srv_report_ref_encode  ble_srv_common.o
    0x0001cb92   0x00000002   PAD
    0x0001cb94   0x0000006c   Code   RO            7    i.ble_stack_init    main.o
    0x0001cc00   0x00000048   Code   RO         1107    i.bond_data_load    device_manager_peripheral.o
    0x0001cc48   0x0000004c   Code   RO          505    i.bsp_btn_ble_init  bsp_btn_ble.o
    0x0001cc94   0x00000070   Code   RO          506    i.bsp_btn_ble_on_ble_evt  bsp_btn_ble.o
    0x0001cd04   0x00000012   Code   RO          507    i.bsp_btn_ble_sleep_mode_prepare  bsp_btn_ble.o
    0x0001cd16   0x00000002   PAD
    0x0001cd18   0x000000a8   Code   RO          394    i.bsp_button_event_handler  bsp.o
    0x0001cdc0   0x0000002c   Code   RO          395    i.bsp_button_is_pressed  bsp.o
    0x0001cdec   0x0000003c   Code   RO            8    i.bsp_event_handler  main.o
    0x0001ce28   0x00000044   Code   RO          399    i.bsp_event_to_button_action_assign  bsp.o
    0x0001ce6c   0x00000018   Code   RO          400    i.bsp_indication_set  bsp.o
    0x0001ce84   0x000000a4   Code   RO          402    i.bsp_init          bsp.o
    0x0001cf28   0x00000224   Code   RO          403    i.bsp_led_indication  bsp.o
    0x0001d14c   0x0000003c   Code   RO          404    i.bsp_wakeup_buttons_set  bsp.o
    0x0001d188   0x00000008   Code   RO          405    i.button_timer_handler  bsp.o
    0x0001d190   0x0000001c   Code   RO         1778    i.channel_free      nrf_drv_gpiote.o
    0x0001d1ac   0x00000048   Code   RO         1779    i.channel_port_alloc  nrf_drv_gpiote.o
    0x0001d1f4   0x00000010   Code   RO         1780    i.channel_port_get  nrf_drv_gpiote.o
    0x0001d204   0x000000a0   Code   RO         1016    i.char_add          ble_dis.o
    0x0001d2a4   0x000000fc   Code   RO         1464    i.clear_operation_execute  pstorage.o
    0x0001d3a0   0x00000020   Code   RO         1465    i.clear_post_processing_run  pstorage.o
    0x0001d3c0   0x00000034   Code   RO         1466    i.cmd_process       pstorage.o
    0x0001d3f4   0x00000020   Code   RO         1467    i.cmd_queue_element_init  pstorage.o
    0x0001d414   0x00000054   Code   RO         1468    i.cmd_queue_enqueue  pstorage.o
    0x0001d468   0x00000040   Code   RO         1469    i.command_end_procedure_run  pstorage.o
    0x0001d4a8   0x000000ac   Code   RO         2459    i.compare_reg_update  app_timer.o
    0x0001d554   0x00000088   Code   RO          597    i.conn_int_encode   ble_advdata.o
    0x0001d5dc   0x00000004   Code   RO            9    i.conn_params_error_handler  main.o
    0x0001d5e0   0x0000005c   Code   RO          767    i.conn_params_negotiation  ble_conn_params.o
    0x0001d63c   0x0000002c   Code   RO         1108    i.connection_instance_find  device_manager_peripheral.o
    0x0001d668   0x00000028   Code   RO         1109    i.connection_instance_init  device_manager_peripheral.o
    0x0001d690   0x00000094   Code   RO          885    i.csc_feature_char_add  ble_cscs.o
    0x0001d724   0x00000058   Code   RO           10    i.csc_meas_timeout_handler  main.o
    0x0001d77c   0x000000ca   Code   RO          886    i.csc_measurement_char_add  ble_cscs.o
    0x0001d846   0x00000068   Code   RO          887    i.csc_measurement_encode  ble_cscs.o
    0x0001d8ae   0x0000009a   Code   RO          888    i.csc_sensor_loc_char_add  ble_cscs.o
    0x0001d948   0x00000094   Code   RO           11    i.csc_sim_measurement  main.o
    0x0001d9dc   0x00000034   Code   RO          956    i.ctrlpt_rsp_encode  ble_sc_ctrlpt.o
    0x0001da10   0x00000054   Code   RO         1470    i.data_page_erase_state_run  pstorage.o
    0x0001da64   0x00000020   Code   RO         1471    i.data_to_swap_write_state_run  pstorage.o
    0x0001da84   0x00000060   Code   RO         2319    i.detection_delay_timeout_handler  app_button.o
    0x0001dae4   0x000000bc   Code   RO         1110    i.device_context_store  device_manager_peripheral.o
    0x0001dba0   0x00000048   Code   RO         1111    i.device_instance_find  device_manager_peripheral.o
    0x0001dbe8   0x0000002c   Code   RO         1112    i.device_instance_free  device_manager_peripheral.o
    0x0001dc14   0x0000000e   Code   RO           12    i.device_manager_evt_handler  main.o
    0x0001dc22   0x00000002   PAD
    0x0001dc24   0x0000006c   Code   RO           13    i.device_manager_init  main.o
    0x0001dc90   0x00000458   Code   RO         1117    i.dm_ble_evt_handler  device_manager_peripheral.o
    0x0001e0e8   0x00000016   Code   RO         1123    i.dm_handle_initialize  device_manager_peripheral.o
    0x0001e0fe   0x00000002   PAD
    0x0001e100   0x000000c8   Code   RO         1124    i.dm_init           device_manager_peripheral.o
    0x0001e1c8   0x00000164   Code   RO         1127    i.dm_pstorage_cb_handler  device_manager_peripheral.o
    0x0001e32c   0x00000064   Code   RO         1128    i.dm_register       device_manager_peripheral.o
    0x0001e390   0x00000040   Code   RO         2460    i.elapsed_ticks_acquire  app_timer.o
    0x0001e3d0   0x0000001c   Code   RO         1472    i.flash_api_err_code_process  pstorage.o
    0x0001e3ec   0x0000008c   Code   RO         1473    i.flash_operation_success_run  pstorage.o
    0x0001e478   0x00000006   Code   RO         1474    i.flash_page_erase  pstorage.o
    0x0001e47e   0x00000006   Code   RO         1475    i.flash_write       pstorage.o
    0x0001e484   0x00000064   Code   RO           14    i.gap_params_init   main.o
    0x0001e4e8   0x00000004   Code   RO         1135    i.gattc_context_apply  device_manager_peripheral.o
    0x0001e4ec   0x00000004   Code   RO         1136    i.gattc_context_load  device_manager_peripheral.o
    0x0001e4f0   0x00000004   Code   RO         1137    i.gattc_context_store  device_manager_peripheral.o
    0x0001e4f4   0x000000b0   Code   RO         1138    i.gatts_context_apply  device_manager_peripheral.o
    0x0001e5a4   0x00000038   Code   RO         1139    i.gatts_context_load  device_manager_peripheral.o
    0x0001e5dc   0x000000c8   Code   RO         1140    i.gatts_context_store  device_manager_peripheral.o
    0x0001e6a4   0x00000004   Code   RO         1141    i.gattsc_context_apply  device_manager_peripheral.o
    0x0001e6a8   0x00000004   Code   RO         1142    i.gattsc_context_load  device_manager_peripheral.o
    0x0001e6ac   0x00000004   Code   RO         1143    i.gattsc_context_store  device_manager_peripheral.o
    0x0001e6b0   0x0000000e   Code   RO          343    i.gpio_pin_in_init  gpio_lib.o
    0x0001e6be   0x00000002   PAD
    0x0001e6c0   0x00000058   Code   RO         2320    i.gpiote_event_handler  app_button.o
    0x0001e718   0x00000078   Code   RO         1476    i.head_restore_state_run  pstorage.o
    0x0001e790   0x00000070   Code   RO         2800    i.intern_softdevice_events_execute  softdevice_handler.o
    0x0001e800   0x0000001c   Code   RO          768    i.is_conn_params_ok  ble_conn_params.o
    0x0001e81c   0x00000044   Code   RO         1477    i.is_page_erase_required  pstorage.o
    0x0001e860   0x0000000c   Code   RO         1478    i.is_word_aligned   pstorage.o
    0x0001e86c   0x00000054   Code   RO          598    i.le_role_encode    ble_advdata.o
    0x0001e8c0   0x00000014   Code   RO          406    i.leds_timer_handler  bsp.o
    0x0001e8d4   0x000000bc   Code   RO         2461    i.list_deletions_handler  app_timer.o
    0x0001e990   0x000000cc   Code   RO         2462    i.list_insertions_handler  app_timer.o
    0x0001ea5c   0x00000178   Code   RO           15    i.main              main.o
    0x0001ebd4   0x00000014   Code   RO         1479    i.main_state_err_busy_process  pstorage.o
    0x0001ebe8   0x00000064   Code   RO          599    i.manuf_specific_data_encode  ble_advdata.o
    0x0001ec4c   0x0000009c   Code   RO          600    i.name_encode       ble_advdata.o
    0x0001ece8   0x00000004   Code   RO         1144    i.no_service_context_apply  device_manager_peripheral.o
    0x0001ecec   0x00000004   Code   RO         1145    i.no_service_context_load  device_manager_peripheral.o
    0x0001ecf0   0x00000004   Code   RO         1146    i.no_service_context_store  device_manager_peripheral.o
    0x0001ecf4   0x00000038   Code   RO         1708    i.nrf_drv_common_irq_enable  nrf_drv_common.o
    0x0001ed2c   0x000000a4   Code   RO         1783    i.nrf_drv_gpiote_in_event_enable  nrf_drv_gpiote.o
    0x0001edd0   0x000000b8   Code   RO         1784    i.nrf_drv_gpiote_in_init  nrf_drv_gpiote.o
    0x0001ee88   0x00000014   Code   RO         1785    i.nrf_drv_gpiote_in_is_set  nrf_drv_gpiote.o
    0x0001ee9c   0x00000054   Code   RO         1787    i.nrf_drv_gpiote_init  nrf_drv_gpiote.o
    0x0001eef0   0x00000014   Code   RO         1788    i.nrf_drv_gpiote_is_init  nrf_drv_gpiote.o
    0x0001ef04   0x00000022   Code   RO         1800    i.nrf_gpio_cfg      nrf_drv_gpiote.o
    0x0001ef26   0x0000001c   Code   RO         1802    i.nrf_gpio_cfg_sense_set  nrf_drv_gpiote.o
    0x0001ef42   0x00000002   PAD
    0x0001ef44   0x00000014   Code   RO         1803    i.nrf_gpiote_event_clear  nrf_drv_gpiote.o
    0x0001ef58   0x00000010   Code   RO         1804    i.nrf_gpiote_event_is_set  nrf_drv_gpiote.o
    0x0001ef68   0x0000000a   Code   RO         1994    i.nrf_uart_event_check  nrf_drv_uart.o
    0x0001ef72   0x0000000c   Code   RO         1995    i.nrf_uart_int_enable_check  nrf_drv_uart.o
    0x0001ef7e   0x0000000a   Code   RO         1996    i.nrf_uarte_event_check  nrf_drv_uart.o
    0x0001ef88   0x00000024   Code   RO           16    i.on_adv_evt        main.o
    0x0001efac   0x0000007c   Code   RO           17    i.on_ble_evt        main.o
    0x0001f028   0x0000001c   Code   RO           18    i.on_conn_params_evt  main.o
    0x0001f044   0x000001d0   Code   RO          957    i.on_ctrlpt_write   ble_sc_ctrlpt.o
    0x0001f214   0x00000014   Code   RO          687    i.peer_address_exists  ble_advertising.o
    0x0001f228   0x0000003c   Code   RO         1147    i.peer_instance_init  device_manager_peripheral.o
    0x0001f264   0x00000018   Code   RO         1805    i.pin_in_use_by_port  nrf_drv_gpiote.o
    0x0001f27c   0x00000018   Code   RO         1806    i.pin_in_use_by_te  nrf_drv_gpiote.o
    0x0001f294   0x00000034   Code   RO         1017    i.pnp_id_encode     ble_dis.o
    0x0001f2c8   0x00000024   Code   RO         1480    i.pstorage_access_status_get  pstorage.o
    0x0001f2ec   0x0000004c   Code   RO         1481    i.pstorage_block_identifier_get  pstorage.o
    0x0001f338   0x00000094   Code   RO         1482    i.pstorage_clear    pstorage.o
    0x0001f3cc   0x0000001e   Code   RO         1483    i.pstorage_flash_page_end  pstorage.o
    0x0001f3ea   0x0000000a   Code   RO         1484    i.pstorage_flash_page_size  pstorage.o
    0x0001f3f4   0x0000004c   Code   RO         1485    i.pstorage_init     pstorage.o
    0x0001f440   0x0000009c   Code   RO         1486    i.pstorage_load     pstorage.o
    0x0001f4dc   0x000000b4   Code   RO         1487    i.pstorage_register  pstorage.o
    0x0001f590   0x00000080   Code   RO         1488    i.pstorage_store    pstorage.o
    0x0001f610   0x00000048   Code   RO         1489    i.pstorage_sys_event_handler  pstorage.o
    0x0001f658   0x00000080   Code   RO         1490    i.pstorage_update   pstorage.o
    0x0001f6d8   0x00000054   Code   RO           19    i.reed_sw_init      main.o
    0x0001f72c   0x0000003c   Code   RO         2463    i.rtc1_stop         app_timer.o
    0x0001f768   0x00000030   Code   RO         1998    i.rx_byte           nrf_drv_uart.o
    0x0001f798   0x00000020   Code   RO         1999    i.rx_done_event     nrf_drv_uart.o
    0x0001f7b8   0x00000020   Code   RO           20    i.sc_ctrlpt_event_handler  main.o
    0x0001f7d8   0x00000078   Code   RO          958    i.sc_ctrlpt_resp_send  ble_sc_ctrlpt.o
    0x0001f850   0x00000010   Code   RO         2801    i.sd_check_ram_start  softdevice_handler.o
    0x0001f860   0x00000064   Code   RO           21    i.sensor_simulator_init  main.o
    0x0001f8c4   0x0000001c   Code   RO         2764    i.sensorsim_decrement  sensorsim.o
    0x0001f8e0   0x0000001c   Code   RO         2765    i.sensorsim_increment  sensorsim.o
    0x0001f8fc   0x00000016   Code   RO         2766    i.sensorsim_init    sensorsim.o
    0x0001f912   0x0000001a   Code   RO         2767    i.sensorsim_measure  sensorsim.o
    0x0001f92c   0x00000088   Code   RO          601    i.service_data_encode  ble_advdata.o
    0x0001f9b4   0x00000170   Code   RO           22    i.services_init     main.o
    0x0001fb24   0x00000028   Code   RO           23    i.sleep_mode_enter  main.o
    0x0001fb4c   0x0000003c   Code   RO         1491    i.sm_state_change   pstorage.o
    0x0001fb88   0x00000014   Code   RO         2802    i.softdevice_ble_evt_handler_set  softdevice_handler.o
    0x0001fb9c   0x00000014   Code   RO         2803    i.softdevice_enable  softdevice_handler.o
    0x0001fbb0   0x00000026   Code   RO         2804    i.softdevice_enable_get_default_config  softdevice_handler.o
    0x0001fbd6   0x00000004   Code   RO         2805    i.softdevice_fault_handler  softdevice_handler.o
    0x0001fbda   0x00000002   PAD
    0x0001fbdc   0x00000030   Code   RO         2806    i.softdevice_handler_init  softdevice_handler.o
    0x0001fc0c   0x00000014   Code   RO         2809    i.softdevice_sys_evt_handler_set  softdevice_handler.o
    0x0001fc20   0x00000068   Code   RO         1492    i.state_data_erase_swap_entry_run  pstorage.o
    0x0001fc88   0x0000000c   Code   RO         1493    i.state_erase_data_page_entry_run  pstorage.o
    0x0001fc94   0x0000002c   Code   RO         1494    i.state_restore_head_entry_run  pstorage.o
    0x0001fcc0   0x00000050   Code   RO         1495    i.state_restore_tail_entry_run  pstorage.o
    0x0001fd10   0x0000001e   Code   RO         1496    i.state_swap_erase_entry_run  pstorage.o
    0x0001fd2e   0x00000002   PAD
    0x0001fd30   0x00000030   Code   RO         1497    i.state_write_data_swap_entry_run  pstorage.o
    0x0001fd60   0x00000004   Code   RO         1148    i.storage_operation_dummy_handler  device_manager_peripheral.o
    0x0001fd64   0x0000005c   Code   RO         1498    i.store_cmd_flash_write_execute  pstorage.o
    0x0001fdc0   0x00000018   Code   RO         1499    i.swap_erase_state_run  pstorage.o
    0x0001fdd8   0x00000014   Code   RO         1500    i.swap_sub_state_err_busy_process  pstorage.o
    0x0001fdec   0x00000014   Code   RO         1501    i.swap_sub_state_state_change  pstorage.o
    0x0001fe00   0x00000012   Code   RO           24    i.sys_evt_dispatch  main.o
    0x0001fe12   0x00000042   Code   RO         1018    i.sys_id_encode     ble_dis.o
    0x0001fe54   0x00000014   Code   RO         1502    i.tail_restore_state_run  pstorage.o
    0x0001fe68   0x0000008c   Code   RO         2464    i.timer_list_handler  app_timer.o
    0x0001fef4   0x0000003c   Code   RO         2465    i.timer_list_insert  app_timer.o
    0x0001ff30   0x00000084   Code   RO         2466    i.timer_timeouts_check  app_timer.o
    0x0001ffb4   0x00000024   Code   RO         2001    i.tx_byte           nrf_drv_uart.o
    0x0001ffd8   0x00000024   Code   RO         2002    i.tx_done_event     nrf_drv_uart.o
    0x0001fffc   0x00000108   Code   RO         2003    i.uart_irq_handler  nrf_drv_uart.o
    0x00020104   0x000000d8   Code   RO         2004    i.uarte_irq_handler  nrf_drv_uart.o
    0x000201dc   0x0000000a   Code   RO          602    i.uint16_encode     ble_advdata.o
    0x000201e6   0x0000000a   Code   RO          889    i.uint16_encode     ble_cscs.o
    0x000201f0   0x00000014   Code   RO         1149    i.update_status_bit_reset  device_manager_peripheral.o
    0x00020204   0x00000060   Code   RO          769    i.update_timeout_handler  ble_conn_params.o
    0x00020264   0x00000044   Code   RO         2467    i.user_id_get       app_timer.o
    0x000202a8   0x00000028   Code   RO         2468    i.user_op_alloc     app_timer.o
    0x000202d0   0x00000030   Code   RO          603    i.uuid_list_encode  ble_advdata.o
    0x00020300   0x0000009e   Code   RO          604    i.uuid_list_sized_encode  ble_advdata.o
    0x0002039e   0x0000000e   Code   RO          688    i.whitelist_has_entries  ble_advertising.o
    0x000203ac   0x00000008   Data   RO           28    .constdata          main.o
    0x000203b4   0x0000003c   Data   RO          411    .constdata          bsp.o
    0x000203f0   0x00000004   Data   RO          772    .constdata          ble_conn_params.o
    0x000203f4   0x0000000c   Data   RO          959    .constdata          ble_sc_ctrlpt.o
    0x00020400   0x00000030   Data   RO         1151    .constdata          device_manager_peripheral.o
    0x00020430   0x00000028   Data   RO         1504    .constdata          pstorage.o
    0x00020458   0x00000008   Data   RO         2322    .constdata          app_button.o
    0x00020460   0x00000020   Data   RO         2972    Region$$Table       anon$$obj.o


    Execution Region RW_IRAM1 (Base: 0x20001f00, Size: 0x000028b0, Max: 0x00006100, ABSOLUTE, COMPRESSED[0x00000024])

    Base Addr    Size         Type   Attr      Idx    E Section Name        Object

    0x20001f00   0x0000003e   Data   RW           29    .data               main.o
    0x20001f3e   0x00000002   PAD
    0x20001f40   0x00000018   Data   RW          412    .data               bsp.o
    0x20001f58   0x00000008   Data   RW          508    .data               bsp_btn_ble.o
    0x20001f60   0x00000004   Data   RW          556    .data               system_nrf52.o
    0x20001f64   0x0000001f   Data   RW          690    .data               ble_advertising.o
    0x20001f83   0x00000001   PAD
    0x20001f84   0x00000014   Data   RW          773    .data               ble_conn_params.o
    0x20001f98   0x0000004a   Data   RW         1019    .data               ble_dis.o
    0x20001fe2   0x00000002   PAD
    0x20001fe4   0x00000018   Data   RW         1153    .data               device_manager_peripheral.o
    0x20001ffc   0x00000024   Data   RW         1505    .data               pstorage.o
    0x20002020   0x00000014   Data   RW         2323    .data               app_button.o
    0x20002034   0x00000020   Data   RW         2469    .data               app_timer.o
    0x20002054   0x00000014   Data   RW         2810    .data               softdevice_handler.o
    0x20002068   0x00000020   Zero   RW           25    .bss                main.o
    0x20002088   0x00000020   Zero   RW           26    .bss                main.o
    0x200020a8   0x000002c0   Zero   RW           27    .bss                main.o
    0x20002368   0x00000020   Zero   RW          407    .bss                bsp.o
    0x20002388   0x00000020   Zero   RW          408    .bss                bsp.o
    0x200023a8   0x0000000c   Zero   RW          409    .bss                bsp.o
    0x200023b4   0x00000020   Zero   RW          410    .bss                bsp.o
    0x200023d4   0x00000103   Zero   RW          689    .bss                ble_advertising.o
    0x200024d7   0x00000001   PAD
    0x200024d8   0x00000020   Zero   RW          770    .bss                ble_conn_params.o
    0x200024f8   0x0000001c   Zero   RW          771    .bss                ble_conn_params.o
    0x20002514   0x0000012b   Zero   RW         1150    .bss                device_manager_peripheral.o
    0x2000263f   0x00000001   PAD
    0x20002640   0x000000d8   Zero   RW         1503    .bss                pstorage.o
    0x20002718   0x00000058   Zero   RW         1807    .bss                nrf_drv_gpiote.o
    0x20002770   0x00000020   Zero   RW         2005    .bss                nrf_drv_uart.o
    0x20002790   0x00000020   Zero   RW         2321    .bss                app_button.o
    0x200027b0   0x00002000   Zero   RW          544    STACK               arm_startup_nrf52.o


==============================================================================

Image component sizes


      Code (inc. data)   RO Data    RW Data    ZI Data      Debug   Object Name

       332         34          8         20         32      12446   app_button.o
        56         10          0          0          0       2839   app_error.o
      1772        100          0         32          0      50247   app_timer.o
        36         10       1024          0       8192        864   arm_startup_nrf52.o
      1540          0          0          0          0      19192   ble_advdata.o
      1042         44          0         31        259      14169   ble_advertising.o
       612          0          0          0          0       6227   ble_bas.o
       444         56          4         20         60      13372   ble_conn_params.o
       948          0          0          0          0      16174   ble_cscs.o
       578          8          0         74          0       5631   ble_dis.o
      1076          6         12          0          0      20177   ble_sc_ctrlpt.o
        30          0          0          0          0       2276   ble_srv_common.o
      1136        108         60         24        108      10581   bsp.o
       260         10          0          8          0       4925   bsp_btn_ble.o
      2814        148         48         24        299      31541   device_manager_peripheral.o
        14          0          0          0          0        579   gpio_lib.o
      1960        188          8         62        768     129320   main.o
        56          0          0          0          0      28839   nrf_drv_common.o
       994         92          0          0         88      23212   nrf_drv_gpiote.o
       684         56          0          0         32      20502   nrf_drv_uart.o
      2706        246         40         36        216      37758   pstorage.o
       104          0          0          0          0       3163   sensorsim.o
       314         44          0         20          0       9565   softdevice_handler.o
       604         42          0          4          0      28966   system_nrf52.o

    ----------------------------------------------------------------------
     20138       1202       1236        360      10056     492565   Object Totals
         0          0         32          0          0          0   (incl. Generated)
        26          0          0          5          2          0   (incl. Padding)

    ----------------------------------------------------------------------

      Code (inc. data)   RO Data    RW Data    ZI Data      Debug   Library Member Name

        58          0          0          0          0          0   __dczerorl.o
         0          0          0          0          0          0   entry.o
         0          0          0          0          0          0   entry10a.o
         0          0          0          0          0          0   entry11a.o
         8          4          0          0          0          0   entry2.o
         4          0          0          0          0          0   entry5.o
         0          0          0          0          0          0   entry7b.o
         0          0          0          0          0          0   entry8b.o
         8          4          0          0          0          0   entry9a.o
        30          0          0          0          0          0   handlers.o
        36          8          0          0          0         68   init.o
        26          0          0          0          0         80   memcmp.o
        36          0          0          0          0         68   memcpya.o
        36          0          0          0          0        108   memseta.o
        14          0          0          0          0         68   strlen.o

    ----------------------------------------------------------------------
       258         16          0          0          0        392   Library Totals
         2          0          0          0          0          0   (incl. Padding)

    ----------------------------------------------------------------------

      Code (inc. data)   RO Data    RW Data    ZI Data      Debug   Library Name

       256         16          0          0          0        392   mc_w.l

    ----------------------------------------------------------------------
       258         16          0          0          0        392   Library Totals

    ----------------------------------------------------------------------

==============================================================================


      Code (inc. data)   RO Data    RW Data    ZI Data      Debug   

     20396       1218       1236        360      10056     472037   Grand Totals
     20396       1218       1236         36      10056     472037   ELF Image Totals (compressed)
     20396       1218       1236         36          0          0   ROM Totals

==============================================================================

    Total RO  Size (Code + RO Data)                21632 (  21.13kB)
    Total RW  Size (RW Data + ZI Data)             10416 (  10.17kB)
    Total ROM Size (Code + RO Data + RW Data)      21668 (  21.16kB)

==============================================================================

