Component: ARM Compiler 5.06 update 1 (build 61) Tool: armlink [4d35a8]

==============================================================================

Section Cross References

    main.o(i.assert_nrf_callback) refers to app_error.o(i.app_error_handler) for app_error_handler
    main.o(i.battery_level_meas_timeout_handler) refers to sensorsim.o(i.sensorsim_measure) for sensorsim_measure
    main.o(i.battery_level_meas_timeout_handler) refers to ble_bas.o(i.ble_bas_battery_level_update) for ble_bas_battery_level_update
    main.o(i.battery_level_meas_timeout_handler) refers to app_error.o(i.app_error_handler_bare) for app_error_handler_bare
    main.o(i.battery_level_meas_timeout_handler) refers to main.o(.bss) for .bss
    main.o(i.battery_level_meas_timeout_handler) refers to main.o(.data) for .data
    main.o(i.ble_evt_dispatch) refers to device_manager_peripheral.o(i.dm_ble_evt_handler) for dm_ble_evt_handler
    main.o(i.ble_evt_dispatch) refers to ble_cscs.o(i.ble_cscs_on_ble_evt) for ble_cscs_on_ble_evt
    main.o(i.ble_evt_dispatch) refers to ble_bas.o(i.ble_bas_on_ble_evt) for ble_bas_on_ble_evt
    main.o(i.ble_evt_dispatch) refers to ble_conn_params.o(i.ble_conn_params_on_ble_evt) for ble_conn_params_on_ble_evt
    main.o(i.ble_evt_dispatch) refers to bsp_btn_ble.o(i.bsp_btn_ble_on_ble_evt) for bsp_btn_ble_on_ble_evt
    main.o(i.ble_evt_dispatch) refers to main.o(i.on_ble_evt) for on_ble_evt
    main.o(i.ble_evt_dispatch) refers to ble_advertising.o(i.ble_advertising_on_ble_evt) for ble_advertising_on_ble_evt
    main.o(i.ble_evt_dispatch) refers to main.o(.bss) for .bss
    main.o(i.ble_stack_init) refers to softdevice_handler.o(i.softdevice_handler_init) for softdevice_handler_init
    main.o(i.ble_stack_init) refers to app_error.o(i.app_error_handler_bare) for app_error_handler_bare
    main.o(i.ble_stack_init) refers to softdevice_handler.o(i.softdevice_enable_get_default_config) for softdevice_enable_get_default_config
    main.o(i.ble_stack_init) refers to softdevice_handler.o(i.sd_check_ram_start) for sd_check_ram_start
    main.o(i.ble_stack_init) refers to softdevice_handler.o(i.softdevice_enable) for softdevice_enable
    main.o(i.ble_stack_init) refers to softdevice_handler.o(i.softdevice_ble_evt_handler_set) for softdevice_ble_evt_handler_set
    main.o(i.ble_stack_init) refers to softdevice_handler.o(i.softdevice_sys_evt_handler_set) for softdevice_sys_evt_handler_set
    main.o(i.ble_stack_init) refers to main.o(.bss) for .bss
    main.o(i.ble_stack_init) refers to main.o(i.ble_evt_dispatch) for ble_evt_dispatch
    main.o(i.ble_stack_init) refers to main.o(i.sys_evt_dispatch) for sys_evt_dispatch
    main.o(i.bsp_event_handler) refers to main.o(i.sleep_mode_enter) for sleep_mode_enter
    main.o(i.bsp_event_handler) refers to app_error.o(i.app_error_handler_bare) for app_error_handler_bare
    main.o(i.bsp_event_handler) refers to ble_advertising.o(i.ble_advertising_restart_without_whitelist) for ble_advertising_restart_without_whitelist
    main.o(i.bsp_event_handler) refers to main.o(.data) for .data
    main.o(i.conn_params_error_handler) refers to app_error.o(i.app_error_handler_bare) for app_error_handler_bare
    main.o(i.csc_meas_timeout_handler) refers to main.o(i.csc_sim_measurement) for csc_sim_measurement
    main.o(i.csc_meas_timeout_handler) refers to ble_cscs.o(i.ble_cscs_measurement_send) for ble_cscs_measurement_send
    main.o(i.csc_meas_timeout_handler) refers to app_error.o(i.app_error_handler_bare) for app_error_handler_bare
    main.o(i.csc_meas_timeout_handler) refers to ble_sc_ctrlpt.o(i.ble_sc_ctrlpt_rsp_send) for ble_sc_ctrlpt_rsp_send
    main.o(i.csc_meas_timeout_handler) refers to main.o(.bss) for .bss
    main.o(i.csc_meas_timeout_handler) refers to main.o(.data) for .data
    main.o(i.csc_sim_measurement) refers to sensorsim.o(i.sensorsim_measure) for sensorsim_measure
    main.o(i.csc_sim_measurement) refers to main.o(.data) for .data
    main.o(i.csc_sim_measurement) refers to main.o(.bss) for .bss
    main.o(i.device_manager_evt_handler) refers to app_error.o(i.app_error_handler_bare) for app_error_handler_bare
    main.o(i.device_manager_init) refers to pstorage.o(i.pstorage_init) for pstorage_init
    main.o(i.device_manager_init) refers to app_error.o(i.app_error_handler_bare) for app_error_handler_bare
    main.o(i.device_manager_init) refers to device_manager_peripheral.o(i.dm_init) for dm_init
    main.o(i.device_manager_init) refers to device_manager_peripheral.o(i.dm_register) for dm_register
    main.o(i.device_manager_init) refers to main.o(i.device_manager_evt_handler) for device_manager_evt_handler
    main.o(i.device_manager_init) refers to main.o(.data) for .data
    main.o(i.gap_params_init) refers to app_error.o(i.app_error_handler_bare) for app_error_handler_bare
    main.o(i.main) refers to gpio_lib.o(i.gpio_pin_in_init) for gpio_pin_in_init
    main.o(i.main) refers to app_timer.o(i.app_timer_init) for app_timer_init
[...]
    i.conn_params_negotiation                0x0001d5e0   Section        0  ble_conn_params.o(i.conn_params_negotiation)
    conn_params_negotiation                  0x0001d5e1   Thumb Code    78  ble_conn_params.o(i.conn_params_negotiation)
    i.connection_instance_find               0x0001d63c   Section        0  device_manager_peripheral.o(i.connection_instance_find)
    connection_instance_find                 0x0001d63d   Thumb Code    40  device_manager_peripheral.o(i.connection_instance_find)
    i.connection_instance_init               0x0001d668   Section        0  device_manager_peripheral.o(i.connection_instance_init)
    connection_instance_init                 0x0001d669   Thumb Code    34  device_manager_peripheral.o(i.connection_instance_init)
    i.csc_feature_char_add                   0x0001d690   Section        0  ble_cscs.o(i.csc_feature_char_add)
    csc_feature_char_add                     0x0001d691   Thumb Code   148  ble_cscs.o(i.csc_feature_char_add)
    i.csc_meas_timeout_handler               0x0001d724   Section        0  main.o(i.csc_meas_timeout_handler)
    csc_meas_timeout_handler                 0x0001d725   Thumb Code    80  main.o(i.csc_meas_timeout_handler)
    i.csc_measurement_char_add               0x0001d77c   Section        0  ble_cscs.o(i.csc_measurement_char_add)
    csc_measurement_char_add                 0x0001d77d   Thumb Code   202  ble_cscs.o(i.csc_measurement_char_add)
    i.csc_measurement_encode                 0x0001d846   Section        0  ble_cscs.o(i.csc_measurement_encode)
    csc_measurement_encode                   0x0001d847   Thumb Code   104  ble_cscs.o(i.csc_measurement_encode)
    i.csc_sensor_loc_char_add                0x0001d8ae   Section        0  ble_cscs.o(i.csc_sensor_loc_char_add)
    csc_sensor_loc_char_add                  0x0001d8af   Thumb Code   154  ble_cscs.o(i.csc_sensor_loc_char_add)
    i.csc_sim_measurement                    0x0001d948   Section        0  main.o(i.csc_sim_measurement)
    csc_sim_measurement                      0x0001d949   Thumb Code   166  main.o(i.csc_sim_measurement)
    i.ctrlpt_rsp_encode                      0x0001d9f8   Section        0  ble_sc_ctrlpt.o(i.ctrlpt_rsp_encode)
    ctrlpt_rsp_encode                        0x0001d9f9   Thumb Code    52  ble_sc_ctrlpt.o(i.ctrlpt_rsp_encode)
    i.data_page_erase_state_run              0x0001da2c   Section        0  pstorage.o(i.data_page_erase_state_run)
    data_page_erase_state_run                0x0001da2d   Thumb Code    80  pstorage.o(i.data_page_erase_state_run)
    i.data_to_swap_write_state_run           0x0001da80   Section        0  pstorage.o(i.data_to_swap_write_state_run)
    data_to_swap_write_state_run             0x0001da81   Thumb Code    28  pstorage.o(i.data_to_swap_write_state_run)
    i.detection_delay_timeout_handler        0x0001daa0   Section        0  app_button.o(i.detection_delay_timeout_handler)
    detection_delay_timeout_handler          0x0001daa1   Thumb Code    92  app_button.o(i.detection_delay_timeout_handler)
    i.device_context_store                   0x0001db00   Section        0  device_manager_peripheral.o(i.device_context_store)
    device_context_store                     0x0001db01   Thumb Code   164  device_manager_peripheral.o(i.device_context_store)
    i.device_instance_find                   0x0001dbbc   Section        0  device_manager_peripheral.o(i.device_instance_find)
    device_instance_find                     0x0001dbbd   Thumb Code    66  device_manager_peripheral.o(i.device_instance_find)
    i.device_instance_free                   0x0001dc04   Section        0  device_manager_peripheral.o(i.device_instance_free)
    device_instance_free                     0x0001dc05   Thumb Code    40  device_manager_peripheral.o(i.device_instance_free)
    i.device_manager_evt_handler             0x0001dc30   Section        0  main.o(i.device_manager_evt_handler)
    device_manager_evt_handler               0x0001dc31   Thumb Code    14  main.o(i.device_manager_evt_handler)
    i.device_manager_init                    0x0001dc40   Section        0  main.o(i.device_manager_init)
    device_manager_init                      0x0001dc41   Thumb Code   100  main.o(i.device_manager_init)
    i.dm_ble_evt_handler                     0x0001dcac   Section        0  device_manager_peripheral.o(i.dm_ble_evt_handler)
    i.dm_handle_initialize                   0x0001e104   Section        0  device_manager_peripheral.o(i.dm_handle_initialize)
    i.dm_init                                0x0001e11c   Section        0  device_manager_peripheral.o(i.dm_init)
    i.dm_pstorage_cb_handler                 0x0001e1e4   Section        0  device_manager_peripheral.o(i.dm_pstorage_cb_handler)
    dm_pstorage_cb_handler                   0x0001e1e5   Thumb Code   344  device_manager_peripheral.o(i.dm_pstorage_cb_handler)
    i.dm_register                            0x0001e348   Section        0  device_manager_peripheral.o(i.dm_register)
    i.elapsed_ticks_acquire                  0x0001e3ac   Section        0  app_timer.o(i.elapsed_ticks_acquire)
    elapsed_ticks_acquire                    0x0001e3ad   Thumb Code    58  app_timer.o(i.elapsed_ticks_acquire)
    i.flash_api_err_code_process             0x0001e3ec   Section        0  pstorage.o(i.flash_api_err_code_process)
    flash_api_err_code_process               0x0001e3ed   Thumb Code    24  pstorage.o(i.flash_api_err_code_process)
    i.flash_operation_success_run            0x0001e408   Section        0  pstorage.o(i.flash_operation_success_run)
    flash_operation_success_run              0x0001e409   Thumb Code   126  pstorage.o(i.flash_operation_success_run)
    i.flash_page_erase                       0x0001e494   Section        0  pstorage.o(i.flash_page_erase)
    flash_page_erase                         0x0001e495   Thumb Code     6  pstorage.o(i.flash_page_erase)
    i.flash_write                            0x0001e49a   Section        0  pstorage.o(i.flash_write)
    flash_write                              0x0001e49b   Thumb Code     6  pstorage.o(i.flash_write)
    i.gap_params_init                        0x0001e4a0   Section        0  main.o(i.gap_params_init)
    gap_params_init                          0x0001e4a1   Thumb Code    90  main.o(i.gap_params_init)
    i.gattc_context_apply                    0x0001e504   Section        0  device_manager_peripheral.o(i.gattc_context_apply)
    gattc_context_apply                      0x0001e505   Thumb Code     4  device_manager_peripheral.o(i.gattc_context_apply)
    i.gattc_context_load                     0x0001e508   Section        0  device_manager_peripheral.o(i.gattc_context_load)
    gattc_context_load                       0x0001e509   Thumb Code     4  device_manager_peripheral.o(i.gattc_context_load)
    i.gattc_context_store                    0x0001e50c   Section        0  device_manager_peripheral.o(i.gattc_context_store)
    gattc_context_store                      0x0001e50d   Thumb Code     4  device_manager_peripheral.o(i.gattc_context_store)
    i.gatts_context_apply                    0x0001e510   Section        0  device_manager_peripheral.o(i.gatts_context_apply)
    gatts_context_apply                      0x0001e511   Thumb Code   172  device_manager_peripheral.o(i.gatts_context_apply)
    i.gatts_context_load                     0x0001e5c0   Section        0  device_manager_peripheral.o(i.gatts_context_load)
    gatts_context_load                       0x0001e5c1   Thumb Code    50  device_manager_peripheral.o(i.gatts_context_load)
    i.gatts_context_store                    0x0001e5f8   Section        0  device_manager_peripheral.o(i.gatts_context_store)
    gatts_context_store                      0x0001e5f9   Thumb Code   186  device_manager_peripheral.o(i.gatts_context_store)
    i.gattsc_context_apply                   0x0001e6c0   Section        0  device_manager_peripheral.o(i.gattsc_context_apply)
    gattsc_context_apply                     0x0001e6c1   Thumb Code     4  device_manager_peripheral.o(i.gattsc_context_apply)
    i.gattsc_context_load                    0x0001e6c4   Section        0  device_manager_peripheral.o(i.gattsc_context_load)
    gattsc_context_load                      0x0001e6c5   Thumb Code     4  device_manager_peripheral.o(i.gattsc_context_load)
    i.gattsc_context_store                   0x0001e6c8   Section        0  device_manager_peripheral.o(i.gattsc_context_store)
    gattsc_context_store                     0x0001e6c9   Thumb Code     4  device_manager_peripheral.o(i.gattsc_context_store)
    i.gpio_pin_in_init                       0x0001e6cc   Section        0  gpio_lib.o(i.gpio_pin_in_init)
    i.gpiote_event_handler                   0x0001e6dc   Section        0  app_button.o(i.gpiote_event_handler)
    gpiote_event_handler                     0x0001e6dd   Thumb Code    78  app_button.o(i.gpiote_event_handler)
    i.head_restore_state_run                 0x0001e734   Section        0  pstorage.o(i.head_restore_state_run)
    head_restore_state_run                   0x0001e735   Thumb Code   110  pstorage.o(i.head_restore_state_run)
    i.intern_softdevice_events_execute       0x0001e7ac   Section        0  softdevice_handler.o(i.intern_softdevice_events_execute)
    i.is_conn_params_ok                      0x0001e81c   Section        0  ble_conn_params.o(i.is_conn_params_ok)
    is_conn_params_ok                        0x0001e81d   Thumb Code    24  ble_conn_params.o(i.is_conn_params_ok)
    i.is_page_erase_required                 0x0001e838   Section        0  pstorage.o(i.is_page_erase_required)
    is_page_erase_required                   0x0001e839   Thumb Code    60  pstorage.o(i.is_page_erase_required)
    i.is_word_aligned                        0x0001e87c   Section        0  pstorage.o(i.is_word_aligned)
    is_word_aligned                          0x0001e87d   Thumb Code    12  pstorage.o(i.is_word_aligned)
    i.le_role_encode                         0x0001e888   Section        0  ble_advdata.o(i.le_role_encode)
    le_role_encode                           0x0001e889   Thumb Code    84  ble_advdata.o(i.le_role_encode)
    i.leds_timer_handler                     0x0001e8dc   Section        0  bsp.o(i.leds_timer_handler)
    leds_timer_handler                       0x0001e8dd   Thumb Code    16  bsp.o(i.leds_timer_handler)
    i.list_deletions_handler                 0x0001e8f0   Section        0  app_timer.o(i.list_deletions_handler)
    list_deletions_handler                   0x0001e8f1   Thumb Code   178  app_timer.o(i.list_deletions_handler)
    i.list_insertions_handler                0x0001e9ac   Section        0  app_timer.o(i.list_insertions_handler)
    list_insertions_handler                  0x0001e9ad   Thumb Code   196  app_timer.o(i.list_insertions_handler)
    i.main                                   0x0001ea78   Section        0  main.o(i.main)
    i.main_state_err_busy_process            0x0001ebe4   Section        0  pstorage.o(i.main_state_err_busy_process)
    main_state_err_busy_process              0x0001ebe5   Thumb Code    16  pstorage.o(i.main_state_err_busy_process)
    i.manuf_specific_data_encode             0x0001ebf8   Section        0  ble_advdata.o(i.manuf_specific_data_encode)
    manuf_specific_data_encode               0x0001ebf9   Thumb Code   100  ble_advdata.o(i.manuf_specific_data_encode)
    i.name_encode                            0x0001ec5c   Section        0  ble_advdata.o(i.name_encode)
    name_encode                              0x0001ec5d   Thumb Code   156  ble_advdata.o(i.name_encode)
    i.no_service_context_apply               0x0001ecf8   Section        0  device_manager_peripheral.o(i.no_service_context_apply)
    no_service_context_apply                 0x0001ecf9   Thumb Code     4  device_manager_peripheral.o(i.no_service_context_apply)
    i.no_service_context_load                0x0001ecfc   Section        0  device_manager_peripheral.o(i.no_service_context_load)
    no_service_context_load                  0x0001ecfd   Thumb Code     4  device_manager_peripheral.o(i.no_service_context_load)
    i.no_service_context_store               0x0001ed00   Section        0  device_manager_peripheral.o(i.no_service_context_store)
    no_service_context_store                 0x0001ed01   Thumb Code     4  device_manager_peripheral.o(i.no_service_context_store)
    i.nrf_drv_common_irq_enable              0x0001ed04   Section        0  nrf_drv_common.o(i.nrf_drv_common_irq_enable)
    i.nrf_drv_gpiote_in_event_enable         0x0001ed3c   Section        0  nrf_drv_gpiote.o(i.nrf_drv_gpiote_in_event_enable)
    i.nrf_drv_gpiote_in_init                 0x0001ede0   Section        0  nrf_drv_gpiote.o(i.nrf_drv_gpiote_in_init)
    i.nrf_drv_gpiote_in_is_set               0x0001ee98   Section        0  nrf_drv_gpiote.o(i.nrf_drv_gpiote_in_is_set)
    i.nrf_drv_gpiote_init                    0x0001eeac   Section        0  nrf_drv_gpiote.o(i.nrf_drv_gpiote_init)
    i.nrf_drv_gpiote_is_init                 0x0001ef00   Section        0  nrf_drv_gpiote.o(i.nrf_drv_gpiote_is_init)
    i.nrf_gpio_cfg                           0x0001ef14   Section        0  nrf_drv_gpiote.o(i.nrf_gpio_cfg)
    nrf_gpio_cfg                             0x0001ef15   Thumb Code    34  nrf_drv_gpiote.o(i.nrf_gpio_cfg)
    i.nrf_gpio_cfg_sense_set                 0x0001ef36   Section        0  nrf_drv_gpiote.o(i.nrf_gpio_cfg_sense_set)
    nrf_gpio_cfg_sense_set                   0x0001ef37   Thumb Code    28  nrf_drv_gpiote.o(i.nrf_gpio_cfg_sense_set)
    i.nrf_gpiote_event_clear                 0x0001ef54   Section        0  nrf_drv_gpiote.o(i.nrf_gpiote_event_clear)
    nrf_gpiote_event_clear                   0x0001ef55   Thumb Code    16  nrf_drv_gpiote.o(i.nrf_gpiote_event_clear)
    i.nrf_gpiote_event_is_set                0x0001ef68   Section        0  nrf_drv_gpiote.o(i.nrf_gpiote_event_is_set)
    nrf_gpiote_event_is_set                  0x0001ef69   Thumb Code    12  nrf_drv_gpiote.o(i.nrf_gpiote_event_is_set)
    i.nrf_uart_event_check                   0x0001ef78   Section        0  nrf_drv_uart.o(i.nrf_uart_event_check)
    nrf_uart_event_check                     0x0001ef79   Thumb Code    10  nrf_drv_uart.o(i.nrf_uart_event_check)
    i.nrf_uart_int_enable_check              0x0001ef82   Section        0  nrf_drv_uart.o(i.nrf_uart_int_enable_check)
    nrf_uart_int_enable_check                0x0001ef83   Thumb Code    12  nrf_drv_uart.o(i.nrf_uart_int_enable_check)
    i.nrf_uarte_event_check                  0x0001ef8e   Section        0  nrf_drv_uart.o(i.nrf_uarte_event_check)
    nrf_uarte_event_check                    0x0001ef8f   Thumb Code    10  nrf_drv_uart.o(i.nrf_uarte_event_check)
    i.on_adv_evt                             0x0001ef98   Section        0  main.o(i.on_adv_evt)
    on_adv_evt                               0x0001ef99   Thumb Code    36  main.o(i.on_adv_evt)
    i.on_ble_evt                             0x0001efbc   Section        0  main.o(i.on_ble_evt)
    on_ble_evt                               0x0001efbd   Thumb Code   120  main.o(i.on_ble_evt)
    i.on_conn_params_evt                     0x0001f038   Section        0  main.o(i.on_conn_params_evt)
    on_conn_params_evt                       0x0001f039   Thumb Code    24  main.o(i.on_conn_params_evt)
    i.on_ctrlpt_write                        0x0001f054   Section        0  ble_sc_ctrlpt.o(i.on_ctrlpt_write)
    on_ctrlpt_write                          0x0001f055   Thumb Code   458  ble_sc_ctrlpt.o(i.on_ctrlpt_write)
    i.peer_address_exists                    0x0001f224   Section        0  ble_advertising.o(i.peer_address_exists)
    peer_address_exists                      0x0001f225   Thumb Code    20  ble_advertising.o(i.peer_address_exists)
    i.peer_instance_init                     0x0001f238   Section        0  device_manager_peripheral.o(i.peer_instance_init)
    peer_instance_init                       0x0001f239   Thumb Code    54  device_manager_peripheral.o(i.peer_instance_init)
    i.pin_in_use_by_port                     0x0001f274   Section        0  nrf_drv_gpiote.o(i.pin_in_use_by_port)
    pin_in_use_by_port                       0x0001f275   Thumb Code    20  nrf_drv_gpiote.o(i.pin_in_use_by_port)
    i.pin_in_use_by_te                       0x0001f28c   Section        0  nrf_drv_gpiote.o(i.pin_in_use_by_te)
    pin_in_use_by_te                         0x0001f28d   Thumb Code    20  nrf_drv_gpiote.o(i.pin_in_use_by_te)
    i.pnp_id_encode                          0x0001f2a4   Section        0  ble_dis.o(i.pnp_id_encode)
    pnp_id_encode                            0x0001f2a5   Thumb Code    52  ble_dis.o(i.pnp_id_encode)
    i.pstorage_access_status_get             0x0001f2d8   Section        0  pstorage.o(i.pstorage_access_status_get)
    i.pstorage_block_identifier_get          0x0001f2fc   Section        0  pstorage.o(i.pstorage_block_identifier_get)
    i.pstorage_clear                         0x0001f348   Section        0  pstorage.o(i.pstorage_clear)
    i.pstorage_flash_page_end                0x0001f3dc   Section        0  pstorage.o(i.pstorage_flash_page_end)
    pstorage_flash_page_end                  0x0001f3dd   Thumb Code    30  pstorage.o(i.pstorage_flash_page_end)
    i.pstorage_flash_page_size               0x0001f3fa   Section        0  pstorage.o(i.pstorage_flash_page_size)
    pstorage_flash_page_size                 0x0001f3fb   Thumb Code    10  pstorage.o(i.pstorage_flash_page_size)
    i.pstorage_init                          0x0001f404   Section        0  pstorage.o(i.pstorage_init)
    i.pstorage_load                          0x0001f450   Section        0  pstorage.o(i.pstorage_load)
    i.pstorage_register                      0x0001f4ec   Section        0  pstorage.o(i.pstorage_register)
    i.pstorage_store                         0x0001f5a0   Section        0  pstorage.o(i.pstorage_store)
    i.pstorage_sys_event_handler             0x0001f620   Section        0  pstorage.o(i.pstorage_sys_event_handler)
    i.pstorage_update                        0x0001f668   Section        0  pstorage.o(i.pstorage_update)
    i.rtc1_stop                              0x0001f6e8   Section        0  app_timer.o(i.rtc1_stop)
    rtc1_stop                                0x0001f6e9   Thumb Code    52  app_timer.o(i.rtc1_stop)
    i.rx_byte                                0x0001f724   Section        0  nrf_drv_uart.o(i.rx_byte)
    rx_byte                                  0x0001f725   Thumb Code    38  nrf_drv_uart.o(i.rx_byte)
    i.rx_done_event                          0x0001f754   Section        0  nrf_drv_uart.o(i.rx_done_event)
    rx_done_event                            0x0001f755   Thumb Code    26  nrf_drv_uart.o(i.rx_done_event)
    i.sc_ctrlpt_event_handler                0x0001f774   Section        0  main.o(i.sc_ctrlpt_event_handler)
    i.sc_ctrlpt_resp_send                    0x0001f794   Section        0  ble_sc_ctrlpt.o(i.sc_ctrlpt_resp_send)
    sc_ctrlpt_resp_send                      0x0001f795   Thumb Code   120  ble_sc_ctrlpt.o(i.sc_ctrlpt_resp_send)
    i.sd_check_ram_start                     0x0001f80c   Section        0  softdevice_handler.o(i.sd_check_ram_start)
    i.sensor_simulator_init                  0x0001f81c   Section        0  main.o(i.sensor_simulator_init)
    sensor_simulator_init                    0x0001f81d   Thumb Code    92  main.o(i.sensor_simulator_init)
    i.sensorsim_decrement                    0x0001f880   Section        0  sensorsim.o(i.sensorsim_decrement)
    i.sensorsim_increment                    0x0001f89c   Section        0  sensorsim.o(i.sensorsim_increment)
    i.sensorsim_init                         0x0001f8b8   Section        0  sensorsim.o(i.sensorsim_init)
    i.sensorsim_measure                      0x0001f8ce   Section        0  sensorsim.o(i.sensorsim_measure)
    i.service_data_encode                    0x0001f8e8   Section        0  ble_advdata.o(i.service_data_encode)
    service_data_encode                      0x0001f8e9   Thumb Code   136  ble_advdata.o(i.service_data_encode)
    i.services_init                          0x0001f970   Section        0  main.o(i.services_init)
    services_init                            0x0001f971   Thumb Code   342  main.o(i.services_init)
    i.sleep_mode_enter                       0x0001fae0   Section        0  main.o(i.sleep_mode_enter)
    sleep_mode_enter                         0x0001fae1   Thumb Code    40  main.o(i.sleep_mode_enter)
    i.sm_state_change                        0x0001fb08   Section        0  pstorage.o(i.sm_state_change)
    sm_state_change                          0x0001fb09   Thumb Code    52  pstorage.o(i.sm_state_change)
    i.softdevice_ble_evt_handler_set         0x0001fb44   Section        0  softdevice_handler.o(i.softdevice_ble_evt_handler_set)
    i.softdevice_enable                      0x0001fb58   Section        0  softdevice_handler.o(i.softdevice_enable)
    i.softdevice_enable_get_default_config   0x0001fb6c   Section        0  softdevice_handler.o(i.softdevice_enable_get_default_config)
    i.softdevice_fault_handler               0x0001fb92   Section        0  softdevice_handler.o(i.softdevice_fault_handler)
    i.softdevice_handler_init                0x0001fb98   Section        0  softdevice_handler.o(i.softdevice_handler_init)
    i.softdevice_sys_evt_handler_set         0x0001fbc8   Section        0  softdevice_handler.o(i.softdevice_sys_evt_handler_set)
    i.state_data_erase_swap_entry_run        0x0001fbdc   Section        0  pstorage.o(i.state_data_erase_swap_entry_run)
    state_data_erase_swap_entry_run          0x0001fbdd   Thumb Code    96  pstorage.o(i.state_data_erase_swap_entry_run)
    i.state_erase_data_page_entry_run        0x0001fc44   Section        0  pstorage.o(i.state_erase_data_page_entry_run)
    state_erase_data_page_entry_run          0x0001fc45   Thumb Code     8  pstorage.o(i.state_erase_data_page_entry_run)
    i.state_restore_head_entry_run           0x0001fc50   Section        0  pstorage.o(i.state_restore_head_entry_run)
    state_restore_head_entry_run             0x0001fc51   Thumb Code    38  pstorage.o(i.state_restore_head_entry_run)
    i.state_restore_tail_entry_run           0x0001fc7c   Section        0  pstorage.o(i.state_restore_tail_entry_run)
    state_restore_tail_entry_run             0x0001fc7d   Thumb Code    72  pstorage.o(i.state_restore_tail_entry_run)
    i.state_swap_erase_entry_run             0x0001fccc   Section        0  pstorage.o(i.state_swap_erase_entry_run)
    state_swap_erase_entry_run               0x0001fccd   Thumb Code    30  pstorage.o(i.state_swap_erase_entry_run)
    i.state_write_data_swap_entry_run        0x0001fcec   Section        0  pstorage.o(i.state_write_data_swap_entry_run)
    state_write_data_swap_entry_run          0x0001fced   Thumb Code    44  pstorage.o(i.state_write_data_swap_entry_run)
    i.storage_operation_dummy_handler        0x0001fd1c   Section        0  device_manager_peripheral.o(i.storage_operation_dummy_handler)
    storage_operation_dummy_handler          0x0001fd1d   Thumb Code     4  device_manager_peripheral.o(i.storage_operation_dummy_handler)
    i.store_cmd_flash_write_execute          0x0001fd20   Section        0  pstorage.o(i.store_cmd_flash_write_execute)
    store_cmd_flash_write_execute            0x0001fd21   Thumb Code    84  pstorage.o(i.store_cmd_flash_write_execute)
    i.swap_erase_state_run                   0x0001fd7c   Section        0  pstorage.o(i.swap_erase_state_run)
    swap_erase_state_run                     0x0001fd7d   Thumb Code    18  pstorage.o(i.swap_erase_state_run)
    i.swap_sub_state_err_busy_process        0x0001fd94   Section        0  pstorage.o(i.swap_sub_state_err_busy_process)
    swap_sub_state_err_busy_process          0x0001fd95   Thumb Code    16  pstorage.o(i.swap_sub_state_err_busy_process)
    i.swap_sub_state_state_change            0x0001fda8   Section        0  pstorage.o(i.swap_sub_state_state_change)
    swap_sub_state_state_change              0x0001fda9   Thumb Code    12  pstorage.o(i.swap_sub_state_state_change)
    i.sys_evt_dispatch                       0x0001fdbc   Section        0  main.o(i.sys_evt_dispatch)
    sys_evt_dispatch                         0x0001fdbd   Thumb Code    18  main.o(i.sys_evt_dispatch)
    i.sys_id_encode                          0x0001fdce   Section        0  ble_dis.o(i.sys_id_encode)
    sys_id_encode                            0x0001fdcf   Thumb Code    66  ble_dis.o(i.sys_id_encode)
    i.tail_restore_state_run                 0x0001fe10   Section        0  pstorage.o(i.tail_restore_state_run)
    tail_restore_state_run                   0x0001fe11   Thumb Code    16  pstorage.o(i.tail_restore_state_run)
    i.timer_list_handler                     0x0001fe24   Section        0  app_timer.o(i.timer_list_handler)
    timer_list_handler                       0x0001fe25   Thumb Code   134  app_timer.o(i.timer_list_handler)
    i.timer_list_insert                      0x0001feb0   Section        0  app_timer.o(i.timer_list_insert)
    timer_list_insert                        0x0001feb1   Thumb Code    56  app_timer.o(i.timer_list_insert)
    i.timer_timeouts_check                   0x0001feec   Section        0  app_timer.o(i.timer_timeouts_check)
    timer_timeouts_check                     0x0001feed   Thumb Code   124  app_timer.o(i.timer_timeouts_check)
    i.tx_byte                                0x0001ff70   Section        0  nrf_drv_uart.o(i.tx_byte)
    tx_byte                                  0x0001ff71   Thumb Code    28  nrf_drv_uart.o(i.tx_byte)
    i.tx_done_event                          0x0001ff94   Section        0  nrf_drv_uart.o(i.tx_done_event)
    tx_done_event                            0x0001ff95   Thumb Code    30  nrf_drv_uart.o(i.tx_done_event)
    i.uart_irq_handler                       0x0001ffb8   Section        0  nrf_drv_uart.o(i.uart_irq_handler)
    uart_irq_handler                         0x0001ffb9   Thumb Code   254  nrf_drv_uart.o(i.uart_irq_handler)
    i.uarte_irq_handler                      0x000200c0   Section        0  nrf_drv_uart.o(i.uarte_irq_handler)
    uarte_irq_handler                        0x000200c1   Thumb Code   206  nrf_drv_uart.o(i.uarte_irq_handler)
    i.uint16_encode                          0x00020198   Section        0  ble_advdata.o(i.uint16_encode)
    uint16_encode                            0x00020199   Thumb Code    10  ble_advdata.o(i.uint16_encode)
    i.uint16_encode                          0x000201a2   Section        0  ble_cscs.o(i.uint16_encode)
    uint16_encode                            0x000201a3   Thumb Code    10  ble_cscs.o(i.uint16_encode)
    i.update_status_bit_reset                0x000201ac   Section        0  device_manager_peripheral.o(i.update_status_bit_reset)
    update_status_bit_reset                  0x000201ad   Thumb Code    14  device_manager_peripheral.o(i.update_status_bit_reset)
    i.update_timeout_handler                 0x000201c0   Section        0  ble_conn_params.o(i.update_timeout_handler)
    update_timeout_handler                   0x000201c1   Thumb Code    88  ble_conn_params.o(i.update_timeout_handler)
    i.user_id_get                            0x00020220   Section        0  app_timer.o(i.user_id_get)
    user_id_get                              0x00020221   Thumb Code    62  app_timer.o(i.user_id_get)
    i.user_op_alloc                          0x00020264   Section        0  app_timer.o(i.user_op_alloc)
    user_op_alloc                            0x00020265   Thumb Code    40  app_timer.o(i.user_op_alloc)
    i.uuid_list_encode                       0x0002028c   Section        0  ble_advdata.o(i.uuid_list_encode)
    uuid_list_encode                         0x0002028d   Thumb Code    48  ble_advdata.o(i.uuid_list_encode)
    i.uuid_list_sized_encode                 0x000202bc   Section        0  ble_advdata.o(i.uuid_list_sized_encode)
    uuid_list_sized_encode                   0x000202bd   Thumb Code   158  ble_advdata.o(i.uuid_list_sized_encode)
    i.whitelist_has_entries                  0x0002035a   Section        0  ble_advertising.o(i.whitelist_has_entries)
    whitelist_has_entries                    0x0002035b   Thumb Code    14  ble_advertising.o(i.whitelist_has_entries)
    .constdata                               0x00020368   Section        8  main.o(.constdata)
    m_battery_timer_id                       0x00020368   Data           4  main.o(.constdata)
    m_csc_meas_timer_id                      0x0002036c   Data           4  main.o(.constdata)
    .constdata                               0x00020370   Section       60  bsp.o(.constdata)
    m_leds_timer_id                          0x00020370   Data           4  bsp.o(.constdata)
    m_alert_timer_id                         0x00020374   Data           4  bsp.o(.constdata)
    m_button_timer_id                        0x00020378   Data           4  bsp.o(.constdata)
    m_buttons_list                           0x0002037c   Data          16  bsp.o(.constdata)
    app_buttons                              0x0002038c   Data          32  bsp.o(.constdata)
    .constdata                               0x000203ac   Section        4  ble_conn_params.o(.constdata)
    m_conn_params_timer_id                   0x000203ac   Data           4  ble_conn_params.o(.constdata)
    .constdata                               0x000203b0   Section       12  ble_sc_ctrlpt.o(.constdata)
    .constdata                               0x000203bc   Section       48  device_manager_peripheral.o(.constdata)
    .constdata                               0x000203ec   Section       40  pstorage.o(.constdata)
    swap_sub_state_sm_lut                    0x000203ec   Data          20  pstorage.o(.constdata)
    swap_sub_state_sm_lut                    0x00020400   Data          20  pstorage.o(.constdata)
    .constdata                               0x00020414   Section        8  app_button.o(.constdata)
    m_detection_delay_timer_id               0x00020414   Data           4  app_button.o(.constdata)
    .data                                    0x20001f00   Section       66  main.o(.data)
    m_app_handle                             0x20001f00   Data           1  main.o(.data)
    m_auto_calibration_in_progress           0x20001f01   Data           1  main.o(.data)
    m_conn_handle                            0x20001f02   Data           2  main.o(.data)
    cumulative_crank_revs                    0x20001f04   Data           2  main.o(.data)
    event_time                               0x20001f06   Data           2  main.o(.data)
    wheel_revolution_mm                      0x20001f08   Data           2  main.o(.data)
    crank_rev_degrees                        0x20001f0a   Data           2  main.o(.data)
    m_cumulative_wheel_revs                  0x20001f10   Data           4  main.o(.data)
    m_battery_sim_state                      0x20001f14   Data           8  main.o(.data)
    m_speed_kph_sim_state                    0x20001f1c   Data           8  main.o(.data)
    m_crank_rpm_sim_state                    0x20001f24   Data           8  main.o(.data)
    supported_locations                      0x20001f2c   Data          10  main.o(.data)
    m_adv_uuids                              0x20001f36   Data          12  main.o(.data)
    .data                                    0x20001f44   Section       24  bsp.o(.data)
    m_stable_state                           0x20001f44   Data           1  bsp.o(.data)
    current_long_push_pin_no                 0x20001f45   Data           1  bsp.o(.data)
    m_app_ticks_per_100ms                    0x20001f48   Data           4  bsp.o(.data)
    m_indication_type                        0x20001f4c   Data           4  bsp.o(.data)
    m_alert_mask                             0x20001f50   Data           4  bsp.o(.data)
    m_registered_callback                    0x20001f54   Data           4  bsp.o(.data)
    release_event_at_push                    0x20001f58   Data           4  bsp.o(.data)
    .data                                    0x20001f5c   Section        8  bsp_btn_ble.o(.data)
    m_error_handler                          0x20001f5c   Data           4  bsp_btn_ble.o(.data)
    m_num_connections                        0x20001f60   Data           4  bsp_btn_ble.o(.data)
    .data                                    0x20001f64   Section        4  system_nrf52.o(.data)
    __tagsym$$used                           0x20001f64   Number         0  system_nrf52.o(.data)
    .data                                    0x20001f68   Section       31  ble_advertising.o(.data)
    m_advertising_start_pending              0x20001f68   Data           1  ble_advertising.o(.data)
    m_whitelist_temporarily_disabled         0x20001f69   Data           1  ble_advertising.o(.data)
    m_whitelist_reply_expected               0x20001f6a   Data           1  ble_advertising.o(.data)
    m_peer_addr_reply_expected               0x20001f6b   Data           1  ble_advertising.o(.data)
    m_adv_evt                                0x20001f6c   Data           1  ble_advertising.o(.data)
    m_adv_mode_current                       0x20001f6d   Data           1  ble_advertising.o(.data)
    m_tx_power_level                         0x20001f6e   Data           1  ble_advertising.o(.data)
    current_slave_link_conn_handle           0x20001f70   Data           2  ble_advertising.o(.data)
    m_evt_handler                            0x20001f74   Data           4  ble_advertising.o(.data)
    m_error_handler                          0x20001f78   Data           4  ble_advertising.o(.data)
    m_slave_conn_int                         0x20001f7c   Data           4  ble_advertising.o(.data)
    m_peer_address                           0x20001f80   Data           7  ble_advertising.o(.data)
    .data                                    0x20001f88   Section       20  ble_conn_params.o(.data)
    m_change_param                           0x20001f88   Data           1  ble_conn_params.o(.data)
    m_update_count                           0x20001f89   Data           1  ble_conn_params.o(.data)
    m_conn_handle                            0x20001f8a   Data           2  ble_conn_params.o(.data)
    m_preferred_conn_params                  0x20001f8c   Data           8  ble_conn_params.o(.data)
    m_current_conn_params                    0x20001f94   Data           8  ble_conn_params.o(.data)
    .data                                    0x20001f9c   Section       74  ble_dis.o(.data)
    service_handle                           0x20001f9c   Data           2  ble_dis.o(.data)
    manufact_name_handles                    0x20001f9e   Data           8  ble_dis.o(.data)
    model_num_handles                        0x20001fa6   Data           8  ble_dis.o(.data)
    serial_num_handles                       0x20001fae   Data           8  ble_dis.o(.data)
    hw_rev_handles                           0x20001fb6   Data           8  ble_dis.o(.data)
    fw_rev_handles                           0x20001fbe   Data           8  ble_dis.o(.data)
    sw_rev_handles                           0x20001fc6   Data           8  ble_dis.o(.data)
    sys_id_handles                           0x20001fce   Data           8  ble_dis.o(.data)
    reg_cert_data_list_handles               0x20001fd6   Data           8  ble_dis.o(.data)
    pnp_id_handles                           0x20001fde   Data           8  ble_dis.o(.data)
    .data                                    0x20001fe8   Section       24  device_manager_peripheral.o(.data)
    m_module_initialized                     0x20001fe8   Data           1  device_manager_peripheral.o(.data)
    m_peer_addr_update                       0x20001fec   Data           4  device_manager_peripheral.o(.data)
    m_irk_index_table                        0x20001ff0   Data           7  device_manager_peripheral.o(.data)
    m_storage_handle                         0x20001ff8   Data           8  device_manager_peripheral.o(.data)
    .data                                    0x20002000   Section       36  pstorage.o(.data)
    m_state                                  0x20002000   Data           1  pstorage.o(.data)
    m_swap_sub_state                         0x20002001   Data           1  pstorage.o(.data)
    m_next_app_instance                      0x20002002   Data           2  pstorage.o(.data)
    m_flags                                  0x20002004   Data           4  pstorage.o(.data)
    m_next_page_addr                         0x20002008   Data           4  pstorage.o(.data)
    m_head_word_size                         0x2000200c   Data           4  pstorage.o(.data)
    m_tail_word_size                         0x20002010   Data           4  pstorage.o(.data)
    m_current_page_id                        0x20002014   Data           4  pstorage.o(.data)
    m_num_of_command_retries                 0x20002018   Data           4  pstorage.o(.data)
    m_num_of_bytes_written                   0x2000201c   Data           4  pstorage.o(.data)
    m_app_data_size                          0x20002020   Data           4  pstorage.o(.data)
    .data                                    0x20002024   Section       20  app_button.o(.data)
    m_button_count                           0x20002024   Data           1  app_button.o(.data)
    mp_buttons                               0x20002028   Data           4  app_button.o(.data)
    m_detection_delay                        0x2000202c   Data           4  app_button.o(.data)
    m_pin_state                              0x20002030   Data           4  app_button.o(.data)
    m_pin_transition                         0x20002034   Data           4  app_button.o(.data)
    .data                                    0x20002038   Section       32  app_timer.o(.data)
    m_user_array_size                        0x20002038   Data           1  app_timer.o(.data)
    m_ticks_elapsed_q_read_ind               0x20002039   Data           1  app_timer.o(.data)
    m_ticks_elapsed_q_write_ind              0x2000203a   Data           1  app_timer.o(.data)
    m_rtc1_running                           0x2000203b   Data           1  app_timer.o(.data)
    m_rtc1_reset                             0x2000203c   Data           1  app_timer.o(.data)
    mp_users                                 0x20002040   Data           4  app_timer.o(.data)
    mp_timer_id_head                         0x20002044   Data           4  app_timer.o(.data)
    m_ticks_latest                           0x20002048   Data           4  app_timer.o(.data)
    m_evt_schedule_func                      0x2000204c   Data           4  app_timer.o(.data)
    m_ticks_elapsed                          0x20002050   Data           8  app_timer.o(.data)
    .data                                    0x20002058   Section       20  softdevice_handler.o(.data)
    m_softdevice_enabled                     0x20002058   Data           1  softdevice_handler.o(.data)
    m_ble_evt_buffer_size                    0x2000205a   Data           2  softdevice_handler.o(.data)
    m_evt_schedule_func                      0x2000205c   Data           4  softdevice_handler.o(.data)
    mp_ble_evt_buffer                        0x20002060   Data           4  softdevice_handler.o(.data)
    m_ble_evt_handler                        0x20002064   Data           4  softdevice_handler.o(.data)
    m_sys_evt_handler                        0x20002068   Data           4  softdevice_handler.o(.data)
    .bss                                     0x2000206c   Section       32  main.o(.bss)
    m_battery_timer_id_data                  0x2000206c   Data          32  main.o(.bss)
    .bss                                     0x2000208c   Section       32  main.o(.bss)
    m_csc_meas_timer_id_data                 0x2000208c   Data          32  main.o(.bss)
    .bss                                     0x200020ac   Section      704  main.o(.bss)
    APP_TIMER_BUF                            0x200020ac   Data         456  main.o(.bss)
    BLE_EVT_BUFFER                           0x20002274   Data          72  main.o(.bss)
    m_bas                                    0x200022bc   Data          24  main.o(.bss)
    m_cscs                                   0x200022d4   Data         104  main.o(.bss)
    m_battery_sim_cfg                        0x2000233c   Data          16  main.o(.bss)
    m_speed_kph_sim_cfg                      0x2000234c   Data          16  main.o(.bss)
    m_crank_rpm_sim_cfg                      0x2000235c   Data          16  main.o(.bss)
    .bss                                     0x2000236c   Section       32  bsp.o(.bss)
    m_leds_timer_id_data                     0x2000236c   Data          32  bsp.o(.bss)
    .bss                                     0x2000238c   Section       32  bsp.o(.bss)
    m_alert_timer_id_data                    0x2000238c   Data          32  bsp.o(.bss)
    .bss                                     0x200023ac   Section       12  bsp.o(.bss)
    m_events_list                            0x200023ac   Data          12  bsp.o(.bss)
    .bss                                     0x200023b8   Section       32  bsp.o(.bss)
    m_button_timer_id_data                   0x200023b8   Data          32  bsp.o(.bss)
    .bss                                     0x200023d8   Section      259  ble_advertising.o(.bss)
    m_advdata                                0x200023d8   Data          56  ble_advertising.o(.bss)
    m_adv_modes_config                       0x20002410   Data          36  ble_advertising.o(.bss)
    m_whitelist                              0x20002434   Data          16  ble_advertising.o(.bss)
    mp_whitelist_addr                        0x20002444   Data          32  ble_advertising.o(.bss)
    mp_whitelist_irk                         0x20002464   Data          32  ble_advertising.o(.bss)
    m_manuf_specific_data                    0x20002484   Data          12  ble_advertising.o(.bss)
    m_manuf_data_array                       0x20002490   Data          31  ble_advertising.o(.bss)
    m_service_data                           0x200024b0   Data          12  ble_advertising.o(.bss)
    m_service_data_array                     0x200024bc   Data          31  ble_advertising.o(.bss)
    .bss                                     0x200024dc   Section       32  ble_conn_params.o(.bss)
    m_conn_params_timer_id_data              0x200024dc   Data          32  ble_conn_params.o(.bss)
    .bss                                     0x200024fc   Section       28  ble_conn_params.o(.bss)
    m_conn_params_config                     0x200024fc   Data          28  ble_conn_params.o(.bss)
    .bss                                     0x20002518   Section      299  device_manager_peripheral.o(.bss)
    m_peer_table                             0x20002518   Data         196  device_manager_peripheral.o(.bss)
    m_bond_table                             0x200025dc   Data          28  device_manager_peripheral.o(.bss)
    m_gatts_table                            0x200025f8   Data          28  device_manager_peripheral.o(.bss)
    m_connection_table                       0x20002614   Data          12  device_manager_peripheral.o(.bss)
    m_application_table                      0x20002620   Data          12  device_manager_peripheral.o(.bss)
    m_local_id_info                          0x2000262c   Data          23  device_manager_peripheral.o(.bss)
    .bss                                     0x20002644   Section      216  pstorage.o(.bss)
    m_cmd_queue                              0x20002644   Data         204  pstorage.o(.bss)
    m_app_table                              0x20002710   Data          12  pstorage.o(.bss)
    .bss                                     0x2000271c   Section       88  nrf_drv_gpiote.o(.bss)
    m_cb                                     0x2000271c   Data          88  nrf_drv_gpiote.o(.bss)
    .bss                                     0x20002774   Section       32  nrf_drv_uart.o(.bss)
    m_cb                                     0x20002774   Data          32  nrf_drv_uart.o(.bss)
    .bss                                     0x20002794   Section       32  app_button.o(.bss)
    m_detection_delay_timer_id_data          0x20002794   Data          32  app_button.o(.bss)
    STACK                                    0x200027b8   Section     8192  arm_startup_nrf52.o(STACK)

    Global Symbols

    Symbol Name                              Value     Ov Type        Size  Object(Section)

    BuildAttributes$$THM_ISAv4$E$P$D$K$B$S$7EM$VFPi3$EXTD16$VFPS$VFMA$PE$A:L22UL41UL21$X:L11$S22US41US21$IEEE1$IW$USESV6$~STKCKD$USESV7$~SHL$OSPACE$ROPI$EBA8$MICROLIB$REQ8$PRES8$EABIv2 0x00000000   Number         0  anon$$obj.o ABSOLUTE
    __ARM_use_no_argv                        0x00000000   Number         0  main.o ABSOLUTE
    __cpp_initialize__aeabi_                  - Undefined Weak Reference
    __cxa_finalize                            - Undefined Weak Reference
    _clock_init                               - Undefined Weak Reference
    _microlib_exit                            - Undefined Weak Reference
    __Vectors_Size                           0x00000400   Number         0  arm_startup_nrf52.o ABSOLUTE
    __Vectors                                0x0001b000   Data           4  arm_startup_nrf52.o(RESET)
    __Vectors_End                            0x0001b400   Data           0  arm_startup_nrf52.o(RESET)
    __main                                   0x0001b401   Thumb Code     0  entry.o(.ARM.Collect$$$$00000000)
    _main_stk                                0x0001b401   Thumb Code     0  entry2.o(.ARM.Collect$$$$00000001)
    _main_scatterload                        0x0001b405   Thumb Code     0  entry5.o(.ARM.Collect$$$$00000004)
    __main_after_scatterload                 0x0001b409   Thumb Code     0  entry5.o(.ARM.Collect$$$$00000004)
    _main_clock                              0x0001b409   Thumb Code     0  entry7b.o(.ARM.Collect$$$$00000008)
    _main_cpp_init                           0x0001b409   Thumb Code     0  entry8b.o(.ARM.Collect$$$$0000000A)
    _main_init                               0x0001b409   Thumb Code     0  entry9a.o(.ARM.Collect$$$$0000000B)
    __rt_final_cpp                           0x0001b411   Thumb Code     0  entry10a.o(.ARM.Collect$$$$0000000D)
    __rt_final_exit                          0x0001b411   Thumb Code     0  entry11a.o(.ARM.Collect$$$$0000000F)
    __asm___11_app_timer_c_cd27f9c3__nrf_delay_us 0x0001b415   Thumb Code   118  app_timer.o(.emb_text)
    Reset_Handler                            0x0001b48d   Thumb Code     8  arm_startup_nrf52.o(.text)
    NMI_Handler                              0x0001b495   Thumb Code     2  arm_startup_nrf52.o(.text)
    HardFault_Handler                        0x0001b497   Thumb Code     2  arm_startup_nrf52.o(.text)
    MemoryManagement_Handler                 0x0001b499   Thumb Code     2  arm_startup_nrf52.o(.text)
    BusFault_Handler                         0x0001b49b   Thumb Code     2  arm_startup_nrf52.o(.text)
    UsageFault_Handler                       0x0001b49d   Thumb Code     2  arm_startup_nrf52.o(.text)
    SVC_Handler                              0x0001b49f   Thumb Code     2  arm_startup_nrf52.o(.text)
    PendSV_Handler                           0x0001b4a1   Thumb Code     2  arm_startup_nrf52.o(.text)
    SysTick_Handler                          0x0001b4a3   Thumb Code     2  arm_startup_nrf52.o(.text)
    CCM_AAR_IRQHandler                       0x0001b4a5   Thumb Code     0  arm_startup_nrf52.o(.text)
    COMP_LPCOMP_IRQHandler                   0x0001b4a5   Thumb Code     0  arm_startup_nrf52.o(.text)
    ECB_IRQHandler                           0x0001b4a5   Thumb Code     0  arm_startup_nrf52.o(.text)
    I2S_IRQHandler                           0x0001b4a5   Thumb Code     0  arm_startup_nrf52.o(.text)
    MWU_IRQHandler                           0x0001b4a5   Thumb Code     0  arm_startup_nrf52.o(.text)
    NFCT_IRQHandler                          0x0001b4a5   Thumb Code     0  arm_startup_nrf52.o(.text)
    PDM_IRQHandler                           0x0001b4a5   Thumb Code     0  arm_startup_nrf52.o(.text)
    POWER_CLOCK_IRQHandler                   0x0001b4a5   Thumb Code     0  arm_startup_nrf52.o(.text)
    PWM0_IRQHandler                          0x0001b4a5   Thumb Code     0  arm_startup_nrf52.o(.text)
    PWM1_IRQHandler                          0x0001b4a5   Thumb Code     0  arm_startup_nrf52.o(.text)
    PWM2_IRQHandler                          0x0001b4a5   Thumb Code     0  arm_startup_nrf52.o(.text)
    QDEC_IRQHandler                          0x0001b4a5   Thumb Code     0  arm_startup_nrf52.o(.text)
    RADIO_IRQHandler                         0x0001b4a5   Thumb Code     0  arm_startup_nrf52.o(.text)
    RNG_IRQHandler                           0x0001b4a5   Thumb Code     0  arm_startup_nrf52.o(.text)
    RTC0_IRQHandler                          0x0001b4a5   Thumb Code     0  arm_startup_nrf52.o(.text)
    RTC2_IRQHandler                          0x0001b4a5   Thumb Code     0  arm_startup_nrf52.o(.text)
    SAADC_IRQHandler                         0x0001b4a5   Thumb Code     0  arm_startup_nrf52.o(.text)
    SPIM0_SPIS0_TWIM0_TWIS0_SPI0_TWI0_IRQHandler 0x0001b4a5   Thumb Code     0  arm_startup_nrf52.o(.text)
    SPIM1_SPIS1_TWIM1_TWIS1_SPI1_TWI1_IRQHandler 0x0001b4a5   Thumb Code     0  arm_startup_nrf52.o(.text)
    SPIM2_SPIS2_SPI2_IRQHandler              0x0001b4a5   Thumb Code     0  arm_startup_nrf52.o(.text)
    SWI1_EGU1_IRQHandler                     0x0001b4a5   Thumb Code     0  arm_startup_nrf52.o(.text)
    SWI3_EGU3_IRQHandler                     0x0001b4a5   Thumb Code     0  arm_startup_nrf52.o(.text)
    SWI4_EGU4_IRQHandler                     0x0001b4a5   Thumb Code     0  arm_startup_nrf52.o(.text)
    SWI5_EGU5_IRQHandler                     0x0001b4a5   Thumb Code     0  arm_startup_nrf52.o(.text)
    TEMP_IRQHandler                          0x0001b4a5   Thumb Code     0  arm_startup_nrf52.o(.text)
    TIMER0_IRQHandler                        0x0001b4a5   Thumb Code     0  arm_startup_nrf52.o(.text)
    TIMER1_IRQHandler                        0x0001b4a5   Thumb Code     0  arm_startup_nrf52.o(.text)
    TIMER2_IRQHandler                        0x0001b4a5   Thumb Code     0  arm_startup_nrf52.o(.text)
    TIMER3_IRQHandler                        0x0001b4a5   Thumb Code     0  arm_startup_nrf52.o(.text)
    TIMER4_IRQHandler                        0x0001b4a5   Thumb Code     0  arm_startup_nrf52.o(.text)
    WDT_IRQHandler                           0x0001b4a5   Thumb Code     0  arm_startup_nrf52.o(.text)
    __aeabi_memcpy                           0x0001b4b1   Thumb Code    36  memcpya.o(.text)
    __aeabi_memcpy4                          0x0001b4b1   Thumb Code     0  memcpya.o(.text)
    __aeabi_memcpy8                          0x0001b4b1   Thumb Code     0  memcpya.o(.text)
    __aeabi_memset                           0x0001b4d5   Thumb Code    14  memseta.o(.text)
    __aeabi_memset4                          0x0001b4d5   Thumb Code     0  memseta.o(.text)
    __aeabi_memset8                          0x0001b4d5   Thumb Code     0  memseta.o(.text)
    __aeabi_memclr                           0x0001b4e3   Thumb Code     4  memseta.o(.text)
    __aeabi_memclr4                          0x0001b4e3   Thumb Code     0  memseta.o(.text)
    __aeabi_memclr8                          0x0001b4e3   Thumb Code     0  memseta.o(.text)
    _memset$wrapper                          0x0001b4e7   Thumb Code    18  memseta.o(.text)
    strlen                                   0x0001b4f9   Thumb Code    14  strlen.o(.text)
    memcmp                                   0x0001b507   Thumb Code    26  memcmp.o(.text)
    __scatterload                            0x0001b521   Thumb Code    28  init.o(.text)
    __scatterload_rt2                        0x0001b521   Thumb Code     0  init.o(.text)
    __decompress                             0x0001b545   Thumb Code     0  __dczerorl.o(.text)
    __decompress0                            0x0001b545   Thumb Code    58  __dczerorl.o(.text)
    GPIOTE_IRQHandler                        0x0001b581   Thumb Code   248  nrf_drv_gpiote.o(i.GPIOTE_IRQHandler)
    RTC1_IRQHandler                          0x0001b6e9   Thumb Code    32  app_timer.o(i.RTC1_IRQHandler)
    SWI0_EGU0_IRQHandler                     0x0001b70d   Thumb Code     4  app_timer.o(i.SWI0_EGU0_IRQHandler)
    SWI2_EGU2_IRQHandler                     0x0001b711   Thumb Code    32  softdevice_handler.o(i.SWI2_EGU2_IRQHandler)
    SystemInit                               0x0001b735   Thumb Code   562  system_nrf52.o(i.SystemInit)
    UARTE0_UART0_IRQHandler                  0x0001b991   Thumb Code    14  nrf_drv_uart.o(i.UARTE0_UART0_IRQHandler)
    __scatterload_copy                       0x0001b9a5   Thumb Code    14  handlers.o(i.__scatterload_copy)
    __scatterload_null                       0x0001b9b3   Thumb Code     2  handlers.o(i.__scatterload_null)
    __scatterload_zeroinit                   0x0001b9b5   Thumb Code    14  handlers.o(i.__scatterload_zeroinit)
    adv_data_encode                          0x0001b9c3   Thumb Code   514  ble_advdata.o(i.adv_data_encode)
    app_button_enable                        0x0001bc1d   Thumb Code    32  app_button.o(i.app_button_enable)
    app_button_init                          0x0001bc41   Thumb Code    96  app_button.o(i.app_button_init)
    app_error_fault_handler                  0x0001bcb1   Thumb Code    26  app_error.o(i.app_error_fault_handler)
    app_error_handler_bare                   0x0001bcd5   Thumb Code    20  app_error.o(i.app_error_handler_bare)
    app_timer_create                         0x0001bd45   Thumb Code    32  app_timer.o(i.app_timer_create)
    app_timer_init                           0x0001bd69   Thumb Code   134  app_timer.o(i.app_timer_init)
    app_timer_start                          0x0001bdf9   Thumb Code   118  app_timer.o(i.app_timer_start)
    app_timer_stop                           0x0001be79   Thumb Code    76  app_timer.o(i.app_timer_stop)
    ble_advdata_set                          0x0001c059   Thumb Code   104  ble_advdata.o(i.ble_advdata_set)
    ble_advertising_init                     0x0001c0c1   Thumb Code   274  ble_advertising.o(i.ble_advertising_init)
    ble_advertising_on_ble_evt               0x0001c1dd   Thumb Code   122  ble_advertising.o(i.ble_advertising_on_ble_evt)
    ble_advertising_on_sys_evt               0x0001c25d   Thumb Code    46  ble_advertising.o(i.ble_advertising_on_sys_evt)
    ble_advertising_restart_without_whitelist 0x0001c2a1   Thumb Code    48  ble_advertising.o(i.ble_advertising_restart_without_whitelist)
    ble_advertising_start                    0x0001c2d9   Thumb Code   462  ble_advertising.o(i.ble_advertising_start)
    ble_bas_battery_level_update             0x0001c4b1   Thumb Code   122  ble_bas.o(i.ble_bas_battery_level_update)
    ble_bas_init                             0x0001c52b   Thumb Code    68  ble_bas.o(i.ble_bas_init)
    ble_bas_on_ble_evt                       0x0001c56f   Thumb Code    88  ble_bas.o(i.ble_bas_on_ble_evt)
    ble_conn_params_init                     0x0001c5c9   Thumb Code    72  ble_conn_params.o(i.ble_conn_params_init)
    ble_conn_params_on_ble_evt               0x0001c621   Thumb Code   126  ble_conn_params.o(i.ble_conn_params_on_ble_evt)
    ble_cscs_init                            0x0001c6ad   Thumb Code   152  ble_cscs.o(i.ble_cscs_init)
    ble_cscs_measurement_send                0x0001c745   Thumb Code    92  ble_cscs.o(i.ble_cscs_measurement_send)
    ble_cscs_on_ble_evt                      0x0001c7a1   Thumb Code    86  ble_cscs.o(i.ble_cscs_on_ble_evt)
    ble_dis_init                             0x0001c855   Thumb Code   296  ble_dis.o(i.ble_dis_init)
    ble_sc_ctrlpt_init                       0x0001c9bd   Thumb Code   236  ble_sc_ctrlpt.o(i.ble_sc_ctrlpt_init)
    ble_sc_ctrlpt_on_ble_evt                 0x0001caa9   Thumb Code   112  ble_sc_ctrlpt.o(i.ble_sc_ctrlpt_on_ble_evt)
    ble_sc_ctrlpt_rsp_send                   0x0001cb19   Thumb Code    92  ble_sc_ctrlpt.o(i.ble_sc_ctrlpt_rsp_send)
    ble_srv_ascii_to_utf8                    0x0001cb75   Thumb Code    18  ble_srv_common.o(i.ble_srv_ascii_to_utf8)
    ble_srv_report_ref_encode                0x0001cb87   Thumb Code    12  ble_srv_common.o(i.ble_srv_report_ref_encode)
    bond_data_load                           0x0001cc01   Thumb Code    60  device_manager_peripheral.o(i.bond_data_load)
    bsp_btn_ble_init                         0x0001cc49   Thumb Code    72  bsp_btn_ble.o(i.bsp_btn_ble_init)
    bsp_btn_ble_on_ble_evt                   0x0001cc95   Thumb Code   106  bsp_btn_ble.o(i.bsp_btn_ble_on_ble_evt)
    bsp_btn_ble_sleep_mode_prepare           0x0001cd05   Thumb Code    18  bsp_btn_ble.o(i.bsp_btn_ble_sleep_mode_prepare)
    bsp_button_is_pressed                    0x0001cdc1   Thumb Code    34  bsp.o(i.bsp_button_is_pressed)
    bsp_event_to_button_action_assign        0x0001ce29   Thumb Code    64  bsp.o(i.bsp_event_to_button_action_assign)
    bsp_indication_set                       0x0001ce6d   Thumb Code    20  bsp.o(i.bsp_indication_set)
    bsp_init                                 0x0001ce85   Thumb Code   140  bsp.o(i.bsp_init)
    bsp_wakeup_buttons_set                   0x0001d14d   Thumb Code    54  bsp.o(i.bsp_wakeup_buttons_set)
    dm_ble_evt_handler                       0x0001dcad   Thumb Code  1112  device_manager_peripheral.o(i.dm_ble_evt_handler)
    dm_handle_initialize                     0x0001e105   Thumb Code    22  device_manager_peripheral.o(i.dm_handle_initialize)
    dm_init                                  0x0001e11d   Thumb Code   182  device_manager_peripheral.o(i.dm_init)
    dm_register                              0x0001e349   Thumb Code    92  device_manager_peripheral.o(i.dm_register)
    gpio_pin_in_init                         0x0001e6cd   Thumb Code    14  gpio_lib.o(i.gpio_pin_in_init)
    intern_softdevice_events_execute         0x0001e7ad   Thumb Code   106  softdevice_handler.o(i.intern_softdevice_events_execute)
    main                                     0x0001ea79   Thumb Code   324  main.o(i.main)
    nrf_drv_common_irq_enable                0x0001ed05   Thumb Code    56  nrf_drv_common.o(i.nrf_drv_common_irq_enable)
    nrf_drv_gpiote_in_event_enable           0x0001ed3d   Thumb Code   150  nrf_drv_gpiote.o(i.nrf_drv_gpiote_in_event_enable)
    nrf_drv_gpiote_in_init                   0x0001ede1   Thumb Code   170  nrf_drv_gpiote.o(i.nrf_drv_gpiote_in_init)
    nrf_drv_gpiote_in_is_set                 0x0001ee99   Thumb Code    16  nrf_drv_gpiote.o(i.nrf_drv_gpiote_in_is_set)
    nrf_drv_gpiote_init                      0x0001eead   Thumb Code    76  nrf_drv_gpiote.o(i.nrf_drv_gpiote_init)
    nrf_drv_gpiote_is_init                   0x0001ef01   Thumb Code    14  nrf_drv_gpiote.o(i.nrf_drv_gpiote_is_init)
    pstorage_access_status_get               0x0001f2d9   Thumb Code    28  pstorage.o(i.pstorage_access_status_get)
    pstorage_block_identifier_get            0x0001f2fd   Thumb Code    66  pstorage.o(i.pstorage_block_identifier_get)
    pstorage_clear                           0x0001f349   Thumb Code   138  pstorage.o(i.pstorage_clear)
    pstorage_init                            0x0001f405   Thumb Code    68  pstorage.o(i.pstorage_init)
    pstorage_load                            0x0001f451   Thumb Code   148  pstorage.o(i.pstorage_load)
    pstorage_register                        0x0001f4ed   Thumb Code   172  pstorage.o(i.pstorage_register)
    pstorage_store                           0x0001f5a1   Thumb Code   118  pstorage.o(i.pstorage_store)
    pstorage_sys_event_handler               0x0001f621   Thumb Code    66  pstorage.o(i.pstorage_sys_event_handler)
    pstorage_update                          0x0001f669   Thumb Code   118  pstorage.o(i.pstorage_update)
    sc_ctrlpt_event_handler                  0x0001f775   Thumb Code    28  main.o(i.sc_ctrlpt_event_handler)
    sd_check_ram_start                       0x0001f80d   Thumb Code    10  softdevice_handler.o(i.sd_check_ram_start)
    sensorsim_decrement                      0x0001f881   Thumb Code    28  sensorsim.o(i.sensorsim_decrement)
    sensorsim_increment                      0x0001f89d   Thumb Code    28  sensorsim.o(i.sensorsim_increment)
    sensorsim_init                           0x0001f8b9   Thumb Code    22  sensorsim.o(i.sensorsim_init)
    sensorsim_measure                        0x0001f8cf   Thumb Code    26  sensorsim.o(i.sensorsim_measure)
    softdevice_ble_evt_handler_set           0x0001fb45   Thumb Code    14  softdevice_handler.o(i.softdevice_ble_evt_handler_set)
    softdevice_enable                        0x0001fb59   Thumb Code    14  softdevice_handler.o(i.softdevice_enable)
    softdevice_enable_get_default_config     0x0001fb6d   Thumb Code    38  softdevice_handler.o(i.softdevice_enable_get_default_config)
    softdevice_fault_handler                 0x0001fb93   Thumb Code     4  softdevice_handler.o(i.softdevice_fault_handler)
    softdevice_handler_init                  0x0001fb99   Thumb Code    38  softdevice_handler.o(i.softdevice_handler_init)
    softdevice_sys_evt_handler_set           0x0001fbc9   Thumb Code    14  softdevice_handler.o(i.softdevice_sys_evt_handler_set)
    m_service_context_store                  0x000203bc   Data          16  device_manager_peripheral.o(.constdata)
    m_service_context_load                   0x000203cc   Data          16  device_manager_peripheral.o(.constdata)
    m_service_context_apply                  0x000203dc   Data          16  device_manager_peripheral.o(.constdata)
    Region$$Table$$Base                      0x0002041c   Number         0  anon$$obj.o(Region$$Table)
    Region$$Table$$Limit                     0x0002043c   Number         0  anon$$obj.o(Region$$Table)
    Image$$RW_IRAM1$$Base                    0x20001f00   Number         0  anon$$obj.o ABSOLUTE
    callum_testing_var                       0x20001f0c   Data           4  main.o(.data)
    SystemCoreClock                          0x20001f64   Data           4  system_nrf52.o(.data)
    __initial_sp                             0x200047b8   Data           0  arm_startup_nrf52.o(STACK)



==============================================================================

Memory Map of the image

  Image Entry point : 0x0001b401

  Load Region LR_IROM1 (Base: 0x0001b000, Size: 0x000055a8, Max: 0x00065000, ABSOLUTE, COMPRESSED[0x00005460])

    Execution Region ER_IROM1 (Base: 0x0001b000, Size: 0x0000543c, Max: 0x00065000, ABSOLUTE)

    Base Addr    Size         Type   Attr      Idx    E Section Name        Object

    0x0001b000   0x00000400   Data   RO          541    RESET               arm_startup_nrf52.o
    0x0001b400   0x00000000   Code   RO         2885  * .ARM.Collect$$$$00000000  mc_w.l(entry.o)
    0x0001b400   0x00000004   Code   RO         2928    .ARM.Collect$$$$00000001  mc_w.l(entry2.o)
    0x0001b404   0x00000004   Code   RO         2931    .ARM.Collect$$$$00000004  mc_w.l(entry5.o)
    0x0001b408   0x00000000   Code   RO         2933    .ARM.Collect$$$$00000008  mc_w.l(entry7b.o)
    0x0001b408   0x00000000   Code   RO         2935    .ARM.Collect$$$$0000000A  mc_w.l(entry8b.o)
    0x0001b408   0x00000008   Code   RO         2936    .ARM.Collect$$$$0000000B  mc_w.l(entry9a.o)
    0x0001b410   0x00000000   Code   RO         2938    .ARM.Collect$$$$0000000D  mc_w.l(entry10a.o)
    0x0001b410   0x00000000   Code   RO         2940    .ARM.Collect$$$$0000000F  mc_w.l(entry11a.o)
    0x0001b410   0x00000004   Code   RO         2929    .ARM.Collect$$$$00002712  mc_w.l(entry2.o)
    0x0001b414   0x00000076   Code   RO         2440    .emb_text           app_timer.o
    0x0001b48a   0x00000002   PAD
    0x0001b48c   0x00000024   Code   RO          542    .text               arm_startup_nrf52.o
    0x0001b4b0   0x00000024   Code   RO         2888    .text               mc_w.l(memcpya.o)
    0x0001b4d4   0x00000024   Code   RO         2890    .text               mc_w.l(memseta.o)
    0x0001b4f8   0x0000000e   Code   RO         2892    .text               mc_w.l(strlen.o)
    0x0001b506   0x0000001a   Code   RO         2894    .text               mc_w.l(memcmp.o)
    0x0001b520   0x00000024   Code   RO         2957    .text               mc_w.l(init.o)
    0x0001b544   0x0000003a   Code   RO         2975    .text               mc_w.l(__dczerorl.o)
    0x0001b57e   0x00000002   PAD
    0x0001b580   0x00000104   Code   RO         1772    i.GPIOTE_IRQHandler  nrf_drv_gpiote.o
    0x0001b684   0x00000016   Code   RO         2441    i.NVIC_ClearPendingIRQ  app_timer.o
    0x0001b69a   0x00000016   Code   RO         2442    i.NVIC_EnableIRQ    app_timer.o
    0x0001b6b0   0x00000016   Code   RO         2443    i.NVIC_SetPendingIRQ  app_timer.o
    0x0001b6c6   0x00000020   Code   RO         2444    i.NVIC_SetPriority  app_timer.o
    0x0001b6e6   0x00000002   PAD
    0x0001b6e8   0x00000024   Code   RO         2445    i.RTC1_IRQHandler   app_timer.o
    0x0001b70c   0x00000004   Code   RO         2446    i.SWI0_EGU0_IRQHandler  app_timer.o
    0x0001b710   0x00000024   Code   RO         2794    i.SWI2_EGU2_IRQHandler  softdevice_handler.o
    0x0001b734   0x0000025c   Code   RO          550    i.SystemInit        system_nrf52.o
    0x0001b990   0x00000014   Code   RO         1971    i.UARTE0_UART0_IRQHandler  nrf_drv_uart.o
    0x0001b9a4   0x0000000e   Code   RO         2969    i.__scatterload_copy  mc_w.l(handlers.o)
    0x0001b9b2   0x00000002   Code   RO         2970    i.__scatterload_null  mc_w.l(handlers.o)
    0x0001b9b4   0x0000000e   Code   RO         2971    i.__scatterload_zeroinit  mc_w.l(handlers.o)
    0x0001b9c2   0x00000202   Code   RO          589    i.adv_data_encode   ble_advdata.o
    0x0001bbc4   0x00000036   Code   RO          499    i.advertising_buttons_configure  bsp_btn_ble.o
    0x0001bbfa   0x00000002   PAD
    0x0001bbfc   0x00000020   Code   RO          388    i.alert_timer_handler  bsp.o
    0x0001bc1c   0x00000024   Code   RO         2311    i.app_button_enable  app_button.o
    0x0001bc40   0x00000070   Code   RO         2312    i.app_button_init   app_button.o
    0x0001bcb0   0x00000024   Code   RO         2384    i.app_error_fault_handler  app_error.o
    0x0001bcd4   0x00000014   Code   RO         2386    i.app_error_handler_bare  app_error.o
    0x0001bce8   0x0000000c   Code   RO         1101    i.app_evt_notify    device_manager_peripheral.o
    0x0001bcf4   0x0000002c   Code   RO         1457    i.app_notify        pstorage.o
    0x0001bd20   0x00000024   Code   RO         1458    i.app_notify_error_state_transit  pstorage.o
    0x0001bd44   0x00000024   Code   RO         2449    i.app_timer_create  app_timer.o
    0x0001bd68   0x00000090   Code   RO         2450    i.app_timer_init    app_timer.o
    0x0001bdf8   0x00000080   Code   RO         2451    i.app_timer_start   app_timer.o
    0x0001be78   0x00000050   Code   RO         2452    i.app_timer_stop    app_timer.o
    0x0001bec8   0x0000014e   Code   RO          833    i.battery_level_char_add  ble_bas.o
    0x0001c016   0x00000002   PAD
    0x0001c018   0x00000040   Code   RO            5    i.battery_level_meas_timeout_handler  main.o
    0x0001c058   0x00000068   Code   RO          590    i.ble_advdata_set   ble_advdata.o
    0x0001c0c0   0x0000011c   Code   RO          674    i.ble_advertising_init  ble_advertising.o
    0x0001c1dc   0x00000080   Code   RO          675    i.ble_advertising_on_ble_evt  ble_advertising.o
    0x0001c25c   0x00000034   Code   RO          676    i.ble_advertising_on_sys_evt  ble_advertising.o
    0x0001c290   0x00000010   Code   RO          678    i.ble_advertising_peer_address_clear  ble_advertising.o
    0x0001c2a0   0x00000038   Code   RO          679    i.ble_advertising_restart_without_whitelist  ble_advertising.o
    0x0001c2d8   0x000001d8   Code   RO          680    i.ble_advertising_start  ble_advertising.o
    0x0001c4b0   0x0000007a   Code   RO          834    i.ble_bas_battery_level_update  ble_bas.o
    0x0001c52a   0x00000044   Code   RO          835    i.ble_bas_init      ble_bas.o
    0x0001c56e   0x00000058   Code   RO          836    i.ble_bas_on_ble_evt  ble_bas.o
    0x0001c5c6   0x00000002   PAD
    0x0001c5c8   0x00000058   Code   RO          759    i.ble_conn_params_init  ble_conn_params.o
    0x0001c620   0x0000008c   Code   RO          760    i.ble_conn_params_on_ble_evt  ble_conn_params.o
    0x0001c6ac   0x00000098   Code   RO          877    i.ble_cscs_init     ble_cscs.o
    0x0001c744   0x0000005c   Code   RO          878    i.ble_cscs_measurement_send  ble_cscs.o
    0x0001c7a0   0x00000056   Code   RO          879    i.ble_cscs_on_ble_evt  ble_cscs.o
    0x0001c7f6   0x0000005e   Code   RO          591    i.ble_device_addr_encode  ble_advdata.o
    0x0001c854   0x0000012c   Code   RO         1010    i.ble_dis_init      ble_dis.o
    0x0001c980   0x0000003c   Code   RO            6    i.ble_evt_dispatch  main.o
    0x0001c9bc   0x000000ec   Code   RO          948    i.ble_sc_ctrlpt_init  ble_sc_ctrlpt.o
    0x0001caa8   0x00000070   Code   RO          949    i.ble_sc_ctrlpt_on_ble_evt  ble_sc_ctrlpt.o
    0x0001cb18   0x0000005c   Code   RO          950    i.ble_sc_ctrlpt_rsp_send  ble_sc_ctrlpt.o
    0x0001cb74   0x00000012   Code   RO         1054    i.ble_srv_ascii_to_utf8  ble_srv_common.o
    0x0001cb86   0x0000000c   Code   RO         1055    i.ble_srv_report_ref_encode  ble_srv_common.o
    0x0001cb92   0x00000002   PAD
    0x0001cb94   0x0000006c   Code   RO            7    i.ble_stack_init    main.o
    0x0001cc00   0x00000048   Code   RO         1102    i.bond_data_load    device_manager_peripheral.o
    0x0001cc48   0x0000004c   Code   RO          500    i.bsp_btn_ble_init  bsp_btn_ble.o
    0x0001cc94   0x00000070   Code   RO          501    i.bsp_btn_ble_on_ble_evt  bsp_btn_ble.o
    0x0001cd04   0x00000012   Code   RO          502    i.bsp_btn_ble_sleep_mode_prepare  bsp_btn_ble.o
    0x0001cd16   0x00000002   PAD
    0x0001cd18   0x000000a8   Code   RO          389    i.bsp_button_event_handler  bsp.o
    0x0001cdc0   0x0000002c   Code   RO          390    i.bsp_button_is_pressed  bsp.o
    0x0001cdec   0x0000003c   Code   RO            8    i.bsp_event_handler  main.o
    0x0001ce28   0x00000044   Code   RO          394    i.bsp_event_to_button_action_assign  bsp.o
    0x0001ce6c   0x00000018   Code   RO          395    i.bsp_indication_set  bsp.o
    0x0001ce84   0x000000a4   Code   RO          397    i.bsp_init          bsp.o
    0x0001cf28   0x00000224   Code   RO          398    i.bsp_led_indication  bsp.o
    0x0001d14c   0x0000003c   Code   RO          399    i.bsp_wakeup_buttons_set  bsp.o
    0x0001d188   0x00000008   Code   RO          400    i.button_timer_handler  bsp.o
    0x0001d190   0x0000001c   Code   RO         1773    i.channel_free      nrf_drv_gpiote.o
    0x0001d1ac   0x00000048   Code   RO         1774    i.channel_port_alloc  nrf_drv_gpiote.o
    0x0001d1f4   0x00000010   Code   RO         1775    i.channel_port_get  nrf_drv_gpiote.o
    0x0001d204   0x000000a0   Code   RO         1011    i.char_add          ble_dis.o
    0x0001d2a4   0x000000fc   Code   RO         1459    i.clear_operation_execute  pstorage.o
    0x0001d3a0   0x00000020   Code   RO         1460    i.clear_post_processing_run  pstorage.o
    0x0001d3c0   0x00000034   Code   RO         1461    i.cmd_process       pstorage.o
    0x0001d3f4   0x00000020   Code   RO         1462    i.cmd_queue_element_init  pstorage.o
    0x0001d414   0x00000054   Code   RO         1463    i.cmd_queue_enqueue  pstorage.o
    0x0001d468   0x00000040   Code   RO         1464    i.command_end_procedure_run  pstorage.o
    0x0001d4a8   0x000000ac   Code   RO         2454    i.compare_reg_update  app_timer.o
    0x0001d554   0x00000088   Code   RO          592    i.conn_int_encode   ble_advdata.o
    0x0001d5dc   0x00000004   Code   RO            9    i.conn_params_error_handler  main.o
    0x0001d5e0   0x0000005c   Code   RO          762    i.conn_params_negotiation  ble_conn_params.o
    0x0001d63c   0x0000002c   Code   RO         1103    i.connection_instance_find  device_manager_peripheral.o
    0x0001d668   0x00000028   Code   RO         1104    i.connection_instance_init  device_manager_peripheral.o
    0x0001d690   0x00000094   Code   RO          880    i.csc_feature_char_add  ble_cscs.o
    0x0001d724   0x00000058   Code   RO           10    i.csc_meas_timeout_handler  main.o
    0x0001d77c   0x000000ca   Code   RO          881    i.csc_measurement_char_add  ble_cscs.o
    0x0001d846   0x00000068   Code   RO          882    i.csc_measurement_encode  ble_cscs.o
    0x0001d8ae   0x0000009a   Code   RO          883    i.csc_sensor_loc_char_add  ble_cscs.o
    0x0001d948   0x000000b0   Code   RO           11    i.csc_sim_measurement  main.o
    0x0001d9f8   0x00000034   Code   RO          951    i.ctrlpt_rsp_encode  ble_sc_ctrlpt.o
    0x0001da2c   0x00000054   Code   RO         1465    i.data_page_erase_state_run  pstorage.o
    0x0001da80   0x00000020   Code   RO         1466    i.data_to_swap_write_state_run  pstorage.o
    0x0001daa0   0x00000060   Code   RO         2314    i.detection_delay_timeout_handler  app_button.o
    0x0001db00   0x000000bc   Code   RO         1105    i.device_context_store  device_manager_peripheral.o
    0x0001dbbc   0x00000048   Code   RO         1106    i.device_instance_find  device_manager_peripheral.o
    0x0001dc04   0x0000002c   Code   RO         1107    i.device_instance_free  device_manager_peripheral.o
    0x0001dc30   0x0000000e   Code   RO           12    i.device_manager_evt_handler  main.o
    0x0001dc3e   0x00000002   PAD
    0x0001dc40   0x0000006c   Code   RO           13    i.device_manager_init  main.o
    0x0001dcac   0x00000458   Code   RO         1112    i.dm_ble_evt_handler  device_manager_peripheral.o
    0x0001e104   0x00000016   Code   RO         1118    i.dm_handle_initialize  device_manager_peripheral.o
    0x0001e11a   0x00000002   PAD
    0x0001e11c   0x000000c8   Code   RO         1119    i.dm_init           device_manager_peripheral.o
    0x0001e1e4   0x00000164   Code   RO         1122    i.dm_pstorage_cb_handler  device_manager_peripheral.o
    0x0001e348   0x00000064   Code   RO         1123    i.dm_register       device_manager_peripheral.o
    0x0001e3ac   0x00000040   Code   RO         2455    i.elapsed_ticks_acquire  app_timer.o
    0x0001e3ec   0x0000001c   Code   RO         1467    i.flash_api_err_code_process  pstorage.o
    0x0001e408   0x0000008c   Code   RO         1468    i.flash_operation_success_run  pstorage.o
    0x0001e494   0x00000006   Code   RO         1469    i.flash_page_erase  pstorage.o
    0x0001e49a   0x00000006   Code   RO         1470    i.flash_write       pstorage.o
    0x0001e4a0   0x00000064   Code   RO           14    i.gap_params_init   main.o
    0x0001e504   0x00000004   Code   RO         1130    i.gattc_context_apply  device_manager_peripheral.o
    0x0001e508   0x00000004   Code   RO         1131    i.gattc_context_load  device_manager_peripheral.o
    0x0001e50c   0x00000004   Code   RO         1132    i.gattc_context_store  device_manager_peripheral.o
    0x0001e510   0x000000b0   Code   RO         1133    i.gatts_context_apply  device_manager_peripheral.o
    0x0001e5c0   0x00000038   Code   RO         1134    i.gatts_context_load  device_manager_peripheral.o
    0x0001e5f8   0x000000c8   Code   RO         1135    i.gatts_context_store  device_manager_peripheral.o
    0x0001e6c0   0x00000004   Code   RO         1136    i.gattsc_context_apply  device_manager_peripheral.o
    0x0001e6c4   0x00000004   Code   RO         1137    i.gattsc_context_load  device_manager_peripheral.o
    0x0001e6c8   0x00000004   Code   RO         1138    i.gattsc_context_store  device_manager_peripheral.o
    0x0001e6cc   0x0000000e   Code   RO          338    i.gpio_pin_in_init  gpio_lib.o
    0x0001e6da   0x00000002   PAD
    0x0001e6dc   0x00000058   Code   RO         2315    i.gpiote_event_handler  app_button.o
    0x0001e734   0x00000078   Code   RO         1471    i.head_restore_state_run  pstorage.o
    0x0001e7ac   0x00000070   Code   RO         2795    i.intern_softdevice_events_execute  softdevice_handler.o
    0x0001e81c   0x0000001c   Code   RO          763    i.is_conn_params_ok  ble_conn_params.o
    0x0001e838   0x00000044   Code   RO         1472    i.is_page_erase_required  pstorage.o
    0x0001e87c   0x0000000c   Code   RO         1473    i.is_word_aligned   pstorage.o
    0x0001e888   0x00000054   Code   RO          593    i.le_role_encode    ble_advdata.o
    0x0001e8dc   0x00000014   Code   RO          401    i.leds_timer_handler  bsp.o
    0x0001e8f0   0x000000bc   Code   RO         2456    i.list_deletions_handler  app_timer.o
    0x0001e9ac   0x000000cc   Code   RO         2457    i.list_insertions_handler  app_timer.o
    0x0001ea78   0x0000016c   Code   RO           15    i.main              main.o
    0x0001ebe4   0x00000014   Code   RO         1474    i.main_state_err_busy_process  pstorage.o
    0x0001ebf8   0x00000064   Code   RO          594    i.manuf_specific_data_encode  ble_advdata.o
    0x0001ec5c   0x0000009c   Code   RO          595    i.name_encode       ble_advdata.o
    0x0001ecf8   0x00000004   Code   RO         1139    i.no_service_context_apply  device_manager_peripheral.o
    0x0001ecfc   0x00000004   Code   RO         1140    i.no_service_context_load  device_manager_peripheral.o
    0x0001ed00   0x00000004   Code   RO         1141    i.no_service_context_store  device_manager_peripheral.o
    0x0001ed04   0x00000038   Code   RO         1703    i.nrf_drv_common_irq_enable  nrf_drv_common.o
    0x0001ed3c   0x000000a4   Code   RO         1778    i.nrf_drv_gpiote_in_event_enable  nrf_drv_gpiote.o
    0x0001ede0   0x000000b8   Code   RO         1779    i.nrf_drv_gpiote_in_init  nrf_drv_gpiote.o
    0x0001ee98   0x00000014   Code   RO         1780    i.nrf_drv_gpiote_in_is_set  nrf_drv_gpiote.o
    0x0001eeac   0x00000054   Code   RO         1782    i.nrf_drv_gpiote_init  nrf_drv_gpiote.o
    0x0001ef00   0x00000014   Code   RO         1783    i.nrf_drv_gpiote_is_init  nrf_drv_gpiote.o
    0x0001ef14   0x00000022   Code   RO         1795    i.nrf_gpio_cfg      nrf_drv_gpiote.o
    0x0001ef36   0x0000001c   Code   RO         1797    i.nrf_gpio_cfg_sense_set  nrf_drv_gpiote.o
    0x0001ef52   0x00000002   PAD
    0x0001ef54   0x00000014   Code   RO         1798    i.nrf_gpiote_event_clear  nrf_drv_gpiote.o
    0x0001ef68   0x00000010   Code   RO         1799    i.nrf_gpiote_event_is_set  nrf_drv_gpiote.o
    0x0001ef78   0x0000000a   Code   RO         1989    i.nrf_uart_event_check  nrf_drv_uart.o
    0x0001ef82   0x0000000c   Code   RO         1990    i.nrf_uart_int_enable_check  nrf_drv_uart.o
    0x0001ef8e   0x0000000a   Code   RO         1991    i.nrf_uarte_event_check  nrf_drv_uart.o
    0x0001ef98   0x00000024   Code   RO           16    i.on_adv_evt        main.o
    0x0001efbc   0x0000007c   Code   RO           17    i.on_ble_evt        main.o
    0x0001f038   0x0000001c   Code   RO           18    i.on_conn_params_evt  main.o
    0x0001f054   0x000001d0   Code   RO          952    i.on_ctrlpt_write   ble_sc_ctrlpt.o
    0x0001f224   0x00000014   Code   RO          682    i.peer_address_exists  ble_advertising.o
    0x0001f238   0x0000003c   Code   RO         1142    i.peer_instance_init  device_manager_peripheral.o
    0x0001f274   0x00000018   Code   RO         1800    i.pin_in_use_by_port  nrf_drv_gpiote.o
    0x0001f28c   0x00000018   Code   RO         1801    i.pin_in_use_by_te  nrf_drv_gpiote.o
    0x0001f2a4   0x00000034   Code   RO         1012    i.pnp_id_encode     ble_dis.o
    0x0001f2d8   0x00000024   Code   RO         1475    i.pstorage_access_status_get  pstorage.o
    0x0001f2fc   0x0000004c   Code   RO         1476    i.pstorage_block_identifier_get  pstorage.o
    0x0001f348   0x00000094   Code   RO         1477    i.pstorage_clear    pstorage.o
    0x0001f3dc   0x0000001e   Code   RO         1478    i.pstorage_flash_page_end  pstorage.o
    0x0001f3fa   0x0000000a   Code   RO         1479    i.pstorage_flash_page_size  pstorage.o
    0x0001f404   0x0000004c   Code   RO         1480    i.pstorage_init     pstorage.o
    0x0001f450   0x0000009c   Code   RO         1481    i.pstorage_load     pstorage.o
    0x0001f4ec   0x000000b4   Code   RO         1482    i.pstorage_register  pstorage.o
    0x0001f5a0   0x00000080   Code   RO         1483    i.pstorage_store    pstorage.o
    0x0001f620   0x00000048   Code   RO         1484    i.pstorage_sys_event_handler  pstorage.o
    0x0001f668   0x00000080   Code   RO         1485    i.pstorage_update   pstorage.o
    0x0001f6e8   0x0000003c   Code   RO         2458    i.rtc1_stop         app_timer.o
    0x0001f724   0x00000030   Code   RO         1993    i.rx_byte           nrf_drv_uart.o
    0x0001f754   0x00000020   Code   RO         1994    i.rx_done_event     nrf_drv_uart.o
    0x0001f774   0x00000020   Code   RO           19    i.sc_ctrlpt_event_handler  main.o
    0x0001f794   0x00000078   Code   RO          953    i.sc_ctrlpt_resp_send  ble_sc_ctrlpt.o
    0x0001f80c   0x00000010   Code   RO         2796    i.sd_check_ram_start  softdevice_handler.o
    0x0001f81c   0x00000064   Code   RO           20    i.sensor_simulator_init  main.o
    0x0001f880   0x0000001c   Code   RO         2759    i.sensorsim_decrement  sensorsim.o
    0x0001f89c   0x0000001c   Code   RO         2760    i.sensorsim_increment  sensorsim.o
    0x0001f8b8   0x00000016   Code   RO         2761    i.sensorsim_init    sensorsim.o
    0x0001f8ce   0x0000001a   Code   RO         2762    i.sensorsim_measure  sensorsim.o
    0x0001f8e8   0x00000088   Code   RO          596    i.service_data_encode  ble_advdata.o
    0x0001f970   0x00000170   Code   RO           21    i.services_init     main.o
    0x0001fae0   0x00000028   Code   RO           22    i.sleep_mode_enter  main.o
    0x0001fb08   0x0000003c   Code   RO         1486    i.sm_state_change   pstorage.o
    0x0001fb44   0x00000014   Code   RO         2797    i.softdevice_ble_evt_handler_set  softdevice_handler.o
    0x0001fb58   0x00000014   Code   RO         2798    i.softdevice_enable  softdevice_handler.o
    0x0001fb6c   0x00000026   Code   RO         2799    i.softdevice_enable_get_default_config  softdevice_handler.o
    0x0001fb92   0x00000004   Code   RO         2800    i.softdevice_fault_handler  softdevice_handler.o
    0x0001fb96   0x00000002   PAD
    0x0001fb98   0x00000030   Code   RO         2801    i.softdevice_handler_init  softdevice_handler.o
    0x0001fbc8   0x00000014   Code   RO         2804    i.softdevice_sys_evt_handler_set  softdevice_handler.o
    0x0001fbdc   0x00000068   Code   RO         1487    i.state_data_erase_swap_entry_run  pstorage.o
    0x0001fc44   0x0000000c   Code   RO         1488    i.state_erase_data_page_entry_run  pstorage.o
    0x0001fc50   0x0000002c   Code   RO         1489    i.state_restore_head_entry_run  pstorage.o
    0x0001fc7c   0x00000050   Code   RO         1490    i.state_restore_tail_entry_run  pstorage.o
    0x0001fccc   0x0000001e   Code   RO         1491    i.state_swap_erase_entry_run  pstorage.o
    0x0001fcea   0x00000002   PAD
    0x0001fcec   0x00000030   Code   RO         1492    i.state_write_data_swap_entry_run  pstorage.o
    0x0001fd1c   0x00000004   Code   RO         1143    i.storage_operation_dummy_handler  device_manager_peripheral.o
    0x0001fd20   0x0000005c   Code   RO         1493    i.store_cmd_flash_write_execute  pstorage.o
    0x0001fd7c   0x00000018   Code   RO         1494    i.swap_erase_state_run  pstorage.o
    0x0001fd94   0x00000014   Code   RO         1495    i.swap_sub_state_err_busy_process  pstorage.o
    0x0001fda8   0x00000014   Code   RO         1496    i.swap_sub_state_state_change  pstorage.o
    0x0001fdbc   0x00000012   Code   RO           23    i.sys_evt_dispatch  main.o
    0x0001fdce   0x00000042   Code   RO         1013    i.sys_id_encode     ble_dis.o
    0x0001fe10   0x00000014   Code   RO         1497    i.tail_restore_state_run  pstorage.o
    0x0001fe24   0x0000008c   Code   RO         2459    i.timer_list_handler  app_timer.o
    0x0001feb0   0x0000003c   Code   RO         2460    i.timer_list_insert  app_timer.o
    0x0001feec   0x00000084   Code   RO         2461    i.timer_timeouts_check  app_timer.o
    0x0001ff70   0x00000024   Code   RO         1996    i.tx_byte           nrf_drv_uart.o
    0x0001ff94   0x00000024   Code   RO         1997    i.tx_done_event     nrf_drv_uart.o
    0x0001ffb8   0x00000108   Code   RO         1998    i.uart_irq_handler  nrf_drv_uart.o
    0x000200c0   0x000000d8   Code   RO         1999    i.uarte_irq_handler  nrf_drv_uart.o
    0x00020198   0x0000000a   Code   RO          597    i.uint16_encode     ble_advdata.o
    0x000201a2   0x0000000a   Code   RO          884    i.uint16_encode     ble_cscs.o
    0x000201ac   0x00000014   Code   RO         1144    i.update_status_bit_reset  device_manager_peripheral.o
    0x000201c0   0x00000060   Code   RO          764    i.update_timeout_handler  ble_conn_params.o
    0x00020220   0x00000044   Code   RO         2462    i.user_id_get       app_timer.o
    0x00020264   0x00000028   Code   RO         2463    i.user_op_alloc     app_timer.o
    0x0002028c   0x00000030   Code   RO          598    i.uuid_list_encode  ble_advdata.o
    0x000202bc   0x0000009e   Code   RO          599    i.uuid_list_sized_encode  ble_advdata.o
    0x0002035a   0x0000000e   Code   RO          683    i.whitelist_has_entries  ble_advertising.o
    0x00020368   0x00000008   Data   RO           27    .constdata          main.o
    0x00020370   0x0000003c   Data   RO          406    .constdata          bsp.o
    0x000203ac   0x00000004   Data   RO          767    .constdata          ble_conn_params.o
    0x000203b0   0x0000000c   Data   RO          954    .constdata          ble_sc_ctrlpt.o
    0x000203bc   0x00000030   Data   RO         1146    .constdata          device_manager_peripheral.o
    0x000203ec   0x00000028   Data   RO         1499    .constdata          pstorage.o
    0x00020414   0x00000008   Data   RO         2317    .constdata          app_button.o
    0x0002041c   0x00000020   Data   RO         2967    Region$$Table       anon$$obj.o


    Execution Region RW_IRAM1 (Base: 0x20001f00, Size: 0x000028b8, Max: 0x00006100, ABSOLUTE, COMPRESSED[0x00000024])

    Base Addr    Size         Type   Attr      Idx    E Section Name        Object

    0x20001f00   0x00000042   Data   RW           28    .data               main.o
    0x20001f42   0x00000002   PAD
    0x20001f44   0x00000018   Data   RW          407    .data               bsp.o
    0x20001f5c   0x00000008   Data   RW          503    .data               bsp_btn_ble.o
    0x20001f64   0x00000004   Data   RW          551    .data               system_nrf52.o
    0x20001f68   0x0000001f   Data   RW          685    .data               ble_advertising.o
    0x20001f87   0x00000001   PAD
    0x20001f88   0x00000014   Data   RW          768    .data               ble_conn_params.o
    0x20001f9c   0x0000004a   Data   RW         1014    .data               ble_dis.o
    0x20001fe6   0x00000002   PAD
    0x20001fe8   0x00000018   Data   RW         1148    .data               device_manager_peripheral.o
    0x20002000   0x00000024   Data   RW         1500    .data               pstorage.o
    0x20002024   0x00000014   Data   RW         2318    .data               app_button.o
    0x20002038   0x00000020   Data   RW         2464    .data               app_timer.o
    0x20002058   0x00000014   Data   RW         2805    .data               softdevice_handler.o
    0x2000206c   0x00000020   Zero   RW           24    .bss                main.o
    0x2000208c   0x00000020   Zero   RW           25    .bss                main.o
    0x200020ac   0x000002c0   Zero   RW           26    .bss                main.o
    0x2000236c   0x00000020   Zero   RW          402    .bss                bsp.o
    0x2000238c   0x00000020   Zero   RW          403    .bss                bsp.o
    0x200023ac   0x0000000c   Zero   RW          404    .bss                bsp.o
    0x200023b8   0x00000020   Zero   RW          405    .bss                bsp.o
    0x200023d8   0x00000103   Zero   RW          684    .bss                ble_advertising.o
    0x200024db   0x00000001   PAD
    0x200024dc   0x00000020   Zero   RW          765    .bss                ble_conn_params.o
    0x200024fc   0x0000001c   Zero   RW          766    .bss                ble_conn_params.o
    0x20002518   0x0000012b   Zero   RW         1145    .bss                device_manager_peripheral.o
    0x20002643   0x00000001   PAD
    0x20002644   0x000000d8   Zero   RW         1498    .bss                pstorage.o
    0x2000271c   0x00000058   Zero   RW         1802    .bss                nrf_drv_gpiote.o
    0x20002774   0x00000020   Zero   RW         2000    .bss                nrf_drv_uart.o
    0x20002794   0x00000020   Zero   RW         2316    .bss                app_button.o
    0x200027b4   0x00000004   PAD
    0x200027b8   0x00002000   Zero   RW          539    STACK               arm_startup_nrf52.o


==============================================================================

Image component sizes


      Code (inc. data)   RO Data    RW Data    ZI Data      Debug   Object Name

       332         34          8         20         32      12446   app_button.o
        56         10          0          0          0       2839   app_error.o
      1772        100          0         32          0      50247   app_timer.o
        36         10       1024          0       8192        864   arm_startup_nrf52.o
      1540          0          0          0          0      19192   ble_advdata.o
      1042         44          0         31        259      14169   ble_advertising.o
       612          0          0          0          0       6227   ble_bas.o
       444         56          4         20         60      13372   ble_conn_params.o
       948          0          0          0          0      16174   ble_cscs.o
       578          8          0         74          0       5631   ble_dis.o
      1076          6         12          0          0      20177   ble_sc_ctrlpt.o
        30          0          0          0          0       2276   ble_srv_common.o
      1136        108         60         24        108      10581   bsp.o
       260         10          0          8          0       4925   bsp_btn_ble.o
      2814        148         48         24        299      31541   device_manager_peripheral.o
        14          0          0          0          0        579   gpio_lib.o
      1892        160          8         66        768     128778   main.o
        56          0          0          0          0      28839   nrf_drv_common.o
       994         92          0          0         88      23212   nrf_drv_gpiote.o
       684         56          0          0         32      20502   nrf_drv_uart.o
      2706        246         40         36        216      37758   pstorage.o
       104          0          0          0          0       3163   sensorsim.o
       314         44          0         20          0       9565   softdevice_handler.o
       604         42          0          4          0      28966   system_nrf52.o

    ----------------------------------------------------------------------
     20070       1174       1236        364      10060     492023   Object Totals
         0          0         32          0          0          0   (incl. Generated)
        26          0          0          5          6          0   (incl. Padding)

    ----------------------------------------------------------------------

      Code (inc. data)   RO Data    RW Data    ZI Data      Debug   Library Member Name

        58          0          0          0          0          0   __dczerorl.o
         0          0          0          0          0          0   entry.o
         0          0          0          0          0          0   entry10a.o
         0          0          0          0          0          0   entry11a.o
         8          4          0          0          0          0   entry2.o
         4          0          0          0          0          0   entry5.o
         0          0          0          0          0          0   entry7b.o
         0          0          0          0          0          0   entry8b.o
         8          4          0          0          0          0   entry9a.o
        30          0          0          0          0          0   handlers.o
        36          8          0          0          0         68   init.o
        26          0          0          0          0         80   memcmp.o
        36          0          0          0          0         68   memcpya.o
        36          0          0          0          0        108   memseta.o
        14          0          0          0          0         68   strlen.o

    ----------------------------------------------------------------------
       258         16          0          0          0        392   Library Totals
         2          0          0          0          0          0   (incl. Padding)

    ----------------------------------------------------------------------

      Code (inc. data)   RO Data    RW Data    ZI Data      Debug   Library Name

       256         16          0          0          0        392   mc_w.l

    ----------------------------------------------------------------------
       258         16          0          0          0        392   Library Totals

    ----------------------------------------------------------------------

==============================================================================


      Code (inc. data)   RO Data    RW Data    ZI Data      Debug   

     20328       1190       1236        364      10060     471595   Grand Totals
     20328       1190       1236         36      10060     471595   ELF Image Totals (compressed)
     20328       1190       1236         36          0          0   ROM Totals

==============================================================================

    Total RO  Size (Code + RO Data)                21564 (  21.06kB)
    Total RW  Size (RW Data + ZI Data)             10424 (  10.18kB)
    Total ROM Size (Code + RO Data + RW Data)      21600 (  21.09kB)

==============================================================================

