<!doctype html public "-//w3c//dtd html 4.0 transitional//en">
<html><head>
<title>Static Call Graph - [.\_build\nrf51422_xxaa_s130.axf]</title></head>
<body><HR>
<H1>Static Call Graph for image .\_build\nrf51422_xxaa_s130.axf</H1><HR>
<BR><P>#&#060CALLGRAPH&#062# ARM Linker, 5060061: Last Updated: Sun Apr 10 16:59:35 2016
<BR><P>
<H3>Maximum Stack Usage =        584 bytes + Unknown(Cycles, Untraceable Function Pointers)</H3><H3>
Call chain for Maximum Stack Depth:</H3>
ble_evt_dispatch &rArr; pm_ble_evt_handler &rArr; gcm_ble_evt_handler &rArr; local_db_update_in_evt &rArr; gscm_local_db_cache_update &rArr; pdb_write_buf_store &rArr; write_or_update &rArr; pds_peer_data_write_prepared &rArr; fds_write_reserved &rArr; write_enqueue &rArr; cmd_queue_process_start &rArr; cmd_queue_process &rArr;  cmd_queue_process (Cycle)
<P>
<H3>
Mutually Recursive functions
</H3> <LI><a href="#[2]">NMI_Handler</a>&nbsp;&nbsp;&nbsp;&rArr;&nbsp;&nbsp;&nbsp;<a href="#[2]">NMI_Handler</a><BR>
 <LI><a href="#[3]">HardFault_Handler</a>&nbsp;&nbsp;&nbsp;&rArr;&nbsp;&nbsp;&nbsp;<a href="#[3]">HardFault_Handler</a><BR>
 <LI><a href="#[4]">SVC_Handler</a>&nbsp;&nbsp;&nbsp;&rArr;&nbsp;&nbsp;&nbsp;<a href="#[4]">SVC_Handler</a><BR>
 <LI><a href="#[5]">PendSV_Handler</a>&nbsp;&nbsp;&nbsp;&rArr;&nbsp;&nbsp;&nbsp;<a href="#[5]">PendSV_Handler</a><BR>
 <LI><a href="#[6]">SysTick_Handler</a>&nbsp;&nbsp;&nbsp;&rArr;&nbsp;&nbsp;&nbsp;<a href="#[6]">SysTick_Handler</a><BR>
 <LI><a href="#[d]">ADC_IRQHandler</a>&nbsp;&nbsp;&nbsp;&rArr;&nbsp;&nbsp;&nbsp;<a href="#[d]">ADC_IRQHandler</a><BR>
 <LI><a href="#[48]">__asm___11_app_timer_c_cd27f9c3__nrf_delay_us</a>&nbsp;&nbsp;&nbsp;&rArr;&nbsp;&nbsp;&nbsp;<a href="#[48]">__asm___11_app_timer_c_cd27f9c3__nrf_delay_us</a><BR>
 <LI><a href="#[ca]">cmd_queue_process</a>&nbsp;&nbsp;&nbsp;&rArr;&nbsp;&nbsp;&nbsp;<a href="#[ca]">cmd_queue_process</a><BR>
</UL>
<P>
<H3>
Function Pointers
</H3><UL>
 <LI><a href="#[d]">ADC_IRQHandler</a> from arm_startup_nrf51.o(.text) referenced from arm_startup_nrf51.o(RESET)
 <LI><a href="#[15]">CCM_AAR_IRQHandler</a> from arm_startup_nrf51.o(.text) referenced from arm_startup_nrf51.o(RESET)
 <LI><a href="#[14]">ECB_IRQHandler</a> from arm_startup_nrf51.o(.text) referenced from arm_startup_nrf51.o(RESET)
 <LI><a href="#[c]">GPIOTE_IRQHandler</a> from nrf_drv_gpiote.o(i.GPIOTE_IRQHandler) referenced from arm_startup_nrf51.o(RESET)
 <LI><a href="#[3]">HardFault_Handler</a> from arm_startup_nrf51.o(.text) referenced from arm_startup_nrf51.o(RESET)
 <LI><a href="#[19]">LPCOMP_IRQHandler</a> from arm_startup_nrf51.o(.text) referenced from arm_startup_nrf51.o(RESET)
 <LI><a href="#[2]">NMI_Handler</a> from arm_startup_nrf51.o(.text) referenced from arm_startup_nrf51.o(RESET)
 <LI><a href="#[7]">POWER_CLOCK_IRQHandler</a> from arm_startup_nrf51.o(.text) referenced from arm_startup_nrf51.o(RESET)
 <LI><a href="#[5]">PendSV_Handler</a> from arm_startup_nrf51.o(.text) referenced from arm_startup_nrf51.o(RESET)
 <LI><a href="#[18]">QDEC_IRQHandler</a> from arm_startup_nrf51.o(.text) referenced from arm_startup_nrf51.o(RESET)
 <LI><a href="#[8]">RADIO_IRQHandler</a> from arm_startup_nrf51.o(.text) referenced from arm_startup_nrf51.o(RESET)
 <LI><a href="#[13]">RNG_IRQHandler</a> from arm_startup_nrf51.o(.text) referenced from arm_startup_nrf51.o(RESET)
 <LI><a href="#[11]">RTC0_IRQHandler</a> from arm_startup_nrf51.o(.text) referenced from arm_startup_nrf51.o(RESET)
 <LI><a href="#[17]">RTC1_IRQHandler</a> from app_timer.o(i.RTC1_IRQHandler) referenced from arm_startup_nrf51.o(RESET)
 <LI><a href="#[1]">Reset_Handler</a> from arm_startup_nrf51.o(.text) referenced from arm_startup_nrf51.o(RESET)
 <LI><a href="#[a]">SPI0_TWI0_IRQHandler</a> from arm_startup_nrf51.o(.text) referenced from arm_startup_nrf51.o(RESET)
 <LI><a href="#[b]">SPI1_TWI1_IRQHandler</a> from arm_startup_nrf51.o(.text) referenced from arm_startup_nrf51.o(RESET)
 <LI><a href="#[4]">SVC_Handler</a> from arm_startup_nrf51.o(.text) referenced from arm_startup_nrf51.o(RESET)
 <LI><a href="#[1a]">SWI0_IRQHandler</a> from app_timer.o(i.SWI0_IRQHandler) referenced from arm_startup_nrf51.o(RESET)
 <LI><a href="#[1b]">SWI1_IRQHandler</a> from arm_startup_nrf51.o(.text) referenced from arm_startup_nrf51.o(RESET)
 <LI><a href="#[1c]">SWI2_IRQHandler</a> from softdevice_handler.o(i.SWI2_IRQHandler) referenced from arm_startup_nrf51.o(RESET)
 <LI><a href="#[1d]">SWI3_IRQHandler</a> from arm_startup_nrf51.o(.text) referenced from arm_startup_nrf51.o(RESET)
 <LI><a href="#[1e]">SWI4_IRQHandler</a> from arm_startup_nrf51.o(.text) referenced from arm_startup_nrf51.o(RESET)
 <LI><a href="#[1f]">SWI5_IRQHandler</a> from arm_startup_nrf51.o(.text) referenced from arm_startup_nrf51.o(RESET)
 <LI><a href="#[6]">SysTick_Handler</a> from arm_startup_nrf51.o(.text) referenced from arm_startup_nrf51.o(RESET)
 <LI><a href="#[21]">SystemInit</a> from system_nrf51.o(i.SystemInit) referenced from arm_startup_nrf51.o(.text)
 <LI><a href="#[12]">TEMP_IRQHandler</a> from arm_startup_nrf51.o(.text) referenced from arm_startup_nrf51.o(RESET)
 <LI><a href="#[e]">TIMER0_IRQHandler</a> from arm_startup_nrf51.o(.text) referenced from arm_startup_nrf51.o(RESET)
 <LI><a href="#[f]">TIMER1_IRQHandler</a> from arm_startup_nrf51.o(.text) referenced from arm_startup_nrf51.o(RESET)
 <LI><a href="#[10]">TIMER2_IRQHandler</a> from arm_startup_nrf51.o(.text) referenced from arm_startup_nrf51.o(RESET)
 <LI><a href="#[9]">UART0_IRQHandler</a> from nrf_drv_uart.o(i.UART0_IRQHandler) referenced from arm_startup_nrf51.o(RESET)
 <LI><a href="#[16]">WDT_IRQHandler</a> from arm_startup_nrf51.o(.text) referenced from arm_startup_nrf51.o(RESET)
 <LI><a href="#[22]">__main</a> from entry.o(.ARM.Collect$$$$00000000) referenced from arm_startup_nrf51.o(.text)
 <LI><a href="#[2d]">alert_timer_handler</a> from bsp.o(i.alert_timer_handler) referenced from bsp.o(i.bsp_init)
 <LI><a href="#[29]">ble_evt_dispatch</a> from main.o(i.ble_evt_dispatch) referenced from main.o(i.ble_stack_init)
 <LI><a href="#[45]">bsp_button_event_handler</a> from bsp.o(i.bsp_button_event_handler) referenced 4 times from bsp.o(.constdata)
 <LI><a href="#[2b]">button_timer_handler</a> from bsp.o(i.button_timer_handler) referenced from bsp.o(i.bsp_init)
 <LI><a href="#[38]">conn_params_error_handler</a> from main.o(i.conn_params_error_handler) referenced from main.o(i.main)
 <LI><a href="#[27]">db_discover_evt_handler</a> from ble_hrs_c.o(i.db_discover_evt_handler) referenced from ble_hrs_c.o(i.ble_hrs_c_init)
 <LI><a href="#[28]">db_discover_evt_handler</a> from ble_rscs_c.o(i.db_discover_evt_handler) referenced from ble_rscs_c.o(i.ble_rscs_c_init)
 <LI><a href="#[24]">detection_delay_timeout_handler</a> from app_button.o(i.detection_delay_timeout_handler) referenced from app_button.o(i.app_button_init)
 <LI><a href="#[3b]">fds_evt_handler</a> from peer_data_storage.o(i.fds_evt_handler) referenced from peer_data_storage.o(i.pds_register)
 <LI><a href="#[0]">fs_callback</a> from fds.o(i.fs_callback) referenced 2 times from fds.o(fs_data)
 <LI><a href="#[30]">gccm_evt_handler</a> from gatt_cache_manager.o(i.gccm_evt_handler) referenced from gatt_cache_manager.o(i.gcm_init)
 <LI><a href="#[3f]">gcm_evt_handler</a> from peer_manager.o(i.gcm_evt_handler) referenced from peer_manager.o(i.pm_init)
 <LI><a href="#[23]">gpiote_event_handler</a> from app_button.o(i.gpiote_event_handler) referenced from app_button.o(i.app_button_init)
 <LI><a href="#[2f]">gscm_evt_handler</a> from gatt_cache_manager.o(i.gscm_evt_handler) referenced from gatt_cache_manager.o(i.gcm_init)
 <LI><a href="#[36]">hrs_c_evt_handler</a> from main.o(i.hrs_c_evt_handler) referenced from main.o(i.main)
 <LI><a href="#[31]">im_evt_handler</a> from gatt_cache_manager.o(i.im_evt_handler) referenced from gatt_cache_manager.o(i.gcm_init)
 <LI><a href="#[40]">im_evt_handler</a> from peer_manager.o(i.im_evt_handler) referenced from peer_manager.o(i.pm_init)
 <LI><a href="#[2c]">leds_timer_handler</a> from bsp.o(i.leds_timer_handler) referenced from bsp.o(i.bsp_init)
 <LI><a href="#[20]">main</a> from main.o(i.main) referenced from entry9a.o(.ARM.Collect$$$$0000000B)
 <LI><a href="#[39]">on_adv_evt</a> from main.o(i.on_adv_evt) referenced from main.o(i.main)
 <LI><a href="#[2e]">pdb_evt_handler</a> from gattc_cache_manager.o(i.pdb_evt_handler) referenced from gattc_cache_manager.o(i.gccm_init)
 <LI><a href="#[33]">pdb_evt_handler</a> from gatts_cache_manager.o(i.pdb_evt_handler) referenced from gatts_cache_manager.o(i.gscm_init)
 <LI><a href="#[34]">pdb_evt_handler</a> from id_manager.o(i.pdb_evt_handler) referenced from id_manager.o(i.im_register)
 <LI><a href="#[3d]">pdb_evt_handler</a> from peer_manager.o(i.pdb_evt_handler) referenced from peer_manager.o(i.pm_init)
 <LI><a href="#[41]">pdb_evt_handler</a> from security_manager.o(i.pdb_evt_handler) referenced from security_manager.o(i.sm_register)
 <LI><a href="#[43]">pdb_evt_handler</a> from security_dispatcher.o(i.pdb_evt_handler) referenced from security_dispatcher.o(i.smd_register)
 <LI><a href="#[3a]">pds_evt_handler</a> from peer_database.o(i.pds_evt_handler) referenced from peer_database.o(i.pdb_register)
 <LI><a href="#[3c]">pm_evt_handler</a> from main.o(i.pm_evt_handler) referenced from main.o(i.peer_manager_init)
 <LI><a href="#[37]">rscs_c_evt_handler</a> from main.o(i.rscs_c_evt_handler) referenced from main.o(i.main)
 <LI><a href="#[3e]">sm_evt_handler</a> from peer_manager.o(i.sm_evt_handler) referenced from peer_manager.o(i.pm_init)
 <LI><a href="#[32]">smd_evt_handler</a> from gatt_cache_manager.o(i.smd_evt_handler) referenced from gatt_cache_manager.o(i.gcm_init)
 <LI><a href="#[42]">smd_evt_handler</a> from security_manager.o(i.smd_evt_handler) referenced from security_manager.o(i.sm_register)
 <LI><a href="#[44]">softdevice_fault_handler</a> from softdevice_handler.o(i.softdevice_fault_handler) referenced from softdevice_handler.o(i.softdevice_handler_init)
 <LI><a href="#[2a]">sys_evt_dispatch</a> from main.o(i.sys_evt_dispatch) referenced from main.o(i.ble_stack_init)
 <LI><a href="#[35]">uart_error_cb</a> from nrf_log.o(i.uart_error_cb) referenced from nrf_log.o(i.log_uart_init)
 <LI><a href="#[25]">uart_event_handler</a> from app_uart.o(i.uart_event_handler) referenced from app_uart.o(i.app_uart_init)
 <LI><a href="#[26]">update_timeout_handler</a> from ble_conn_params.o(i.update_timeout_handler) referenced from ble_conn_params.o(i.ble_conn_params_init)
</UL>
<P>
<H3>
Global Symbols
</H3>
<P><STRONG><a name="[22]"></a>__main</STRONG> (Thumb, 0 bytes, Stack size unknown bytes, entry.o(.ARM.Collect$$$$00000000))
<BR>[Address Reference Count : 1]<UL><LI> arm_startup_nrf51.o(.text)
</UL>
<P><STRONG><a name="[195]"></a>_main_stk</STRONG> (Thumb, 0 bytes, Stack size unknown bytes, entry2.o(.ARM.Collect$$$$00000001))

<P><STRONG><a name="[46]"></a>_main_scatterload</STRONG> (Thumb, 0 bytes, Stack size unknown bytes, entry5.o(.ARM.Collect$$$$00000004))
<BR><BR>[Calls]<UL><LI><a href="#[47]">&gt;&gt;</a>&nbsp;&nbsp;&nbsp;__scatterload
</UL>

<P><STRONG><a name="[4c]"></a>__main_after_scatterload</STRONG> (Thumb, 0 bytes, Stack size unknown bytes, entry5.o(.ARM.Collect$$$$00000004))
<BR><BR>[Called By]<UL><LI><a href="#[47]">&gt;&gt;</a>&nbsp;&nbsp;&nbsp;__scatterload
</UL>

<P><STRONG><a name="[196]"></a>_main_clock</STRONG> (Thumb, 0 bytes, Stack size unknown bytes, entry7b.o(.ARM.Collect$$$$00000008))

<P><STRONG><a name="[197]"></a>_main_cpp_init</STRONG> (Thumb, 0 bytes, Stack size unknown bytes, entry8b.o(.ARM.Collect$$$$0000000A))

<P><STRONG><a name="[198]"></a>_main_init</STRONG> (Thumb, 0 bytes, Stack size unknown bytes, entry9a.o(.ARM.Collect$$$$0000000B))

<P><STRONG><a name="[199]"></a>__rt_final_cpp</STRONG> (Thumb, 0 bytes, Stack size unknown bytes, entry10a.o(.ARM.Collect$$$$0000000D))

<P><STRONG><a name="[19a]"></a>__rt_final_exit</STRONG> (Thumb, 0 bytes, Stack size unknown bytes, entry11a.o(.ARM.Collect$$$$0000000F))

<P><STRONG><a name="[48]"></a>__asm___11_app_timer_c_cd27f9c3__nrf_delay_us</STRONG> (Thumb, 30 bytes, Stack size 0 bytes, app_timer.o(.emb_text))
<BR><BR>[Calls]<UL><LI><a href="#[48]">&gt;&gt;</a>&nbsp;&nbsp;&nbsp;__asm___11_app_timer_c_cd27f9c3__nrf_delay_us
</UL>
<BR>[Called By]<UL><LI><a href="#[48]">&gt;&gt;</a>&nbsp;&nbsp;&nbsp;__asm___11_app_timer_c_cd27f9c3__nrf_delay_us
<LI><a href="#[6e]">&gt;&gt;</a>&nbsp;&nbsp;&nbsp;rtc1_stop
<LI><a href="#[d3]">&gt;&gt;</a>&nbsp;&nbsp;&nbsp;compare_reg_update
</UL>

<P><STRONG><a name="[1]"></a>Reset_Handler</STRONG> (Thumb, 26 bytes, Stack size 0 bytes, arm_startup_nrf51.o(.text))
<BR>[Address Reference Count : 1]<UL><LI> arm_startup_nrf51.o(RESET)
</UL>
<P><STRONG><a name="[2]"></a>NMI_Handler</STRONG> (Thumb, 2 bytes, Stack size 0 bytes, arm_startup_nrf51.o(.text))
<BR><BR>[Calls]<UL><LI><a href="#[2]">&gt;&gt;</a>&nbsp;&nbsp;&nbsp;NMI_Handler
</UL>
<BR>[Called By]<UL><LI><a href="#[2]">&gt;&gt;</a>&nbsp;&nbsp;&nbsp;NMI_Handler
</UL>
<BR>[Address Reference Count : 1]<UL><LI> arm_startup_nrf51.o(RESET)
</UL>
<P><STRONG><a name="[3]"></a>HardFault_Handler</STRONG> (Thumb, 2 bytes, Stack size 0 bytes, arm_startup_nrf51.o(.text))
<BR><BR>[Calls]<UL><LI><a href="#[3]">&gt;&gt;</a>&nbsp;&nbsp;&nbsp;HardFault_Handler
</UL>
<BR>[Called By]<UL><LI><a href="#[3]">&gt;&gt;</a>&nbsp;&nbsp;&nbsp;HardFault_Handler
</UL>
<BR>[Address Reference Count : 1]<UL><LI> arm_startup_nrf51.o(RESET)
</UL>
<P><STRONG><a name="[4]"></a>SVC_Handler</STRONG> (Thumb, 2 bytes, Stack size 0 bytes, arm_startup_nrf51.o(.text))
<BR><BR>[Calls]<UL><LI><a href="#[4]">&gt;&gt;</a>&nbsp;&nbsp;&nbsp;SVC_Handler
</UL>
<BR>[Called By]<UL><LI><a href="#[4]">&gt;&gt;</a>&nbsp;&nbsp;&nbsp;SVC_Handler
</UL>
<BR>[Address Reference Count : 1]<UL><LI> arm_startup_nrf51.o(RESET)
</UL>
<P><STRONG><a name="[5]"></a>PendSV_Handler</STRONG> (Thumb, 2 bytes, Stack size 0 bytes, arm_startup_nrf51.o(.text))
<BR><BR>[Calls]<UL><LI><a href="#[5]">&gt;&gt;</a>&nbsp;&nbsp;&nbsp;PendSV_Handler
</UL>
<BR>[Called By]<UL><LI><a href="#[5]">&gt;&gt;</a>&nbsp;&nbsp;&nbsp;PendSV_Handler
</UL>
<BR>[Address Reference Count : 1]<UL><LI> arm_startup_nrf51.o(RESET)
</UL>
<P><STRONG><a name="[6]"></a>SysTick_Handler</STRONG> (Thumb, 2 bytes, Stack size 0 bytes, arm_startup_nrf51.o(.text))
<BR><BR>[Calls]<UL><LI><a href="#[6]">&gt;&gt;</a>&nbsp;&nbsp;&nbsp;SysTick_Handler
</UL>
<BR>[Called By]<UL><LI><a href="#[6]">&gt;&gt;</a>&nbsp;&nbsp;&nbsp;SysTick_Handler
</UL>
<BR>[Address Reference Count : 1]<UL><LI> arm_startup_nrf51.o(RESET)
</UL>
<P><STRONG><a name="[d]"></a>ADC_IRQHandler</STRONG> (Thumb, 0 bytes, Stack size 0 bytes, arm_startup_nrf51.o(.text))
<BR><BR>[Calls]<UL><LI><a href="#[d]">&gt;&gt;</a>&nbsp;&nbsp;&nbsp;ADC_IRQHandler
</UL>
<BR>[Called By]<UL><LI><a href="#[d]">&gt;&gt;</a>&nbsp;&nbsp;&nbsp;ADC_IRQHandler
</UL>
<BR>[Address Reference Count : 1]<UL><LI> arm_startup_nrf51.o(RESET)
</UL>
<P><STRONG><a name="[15]"></a>CCM_AAR_IRQHandler</STRONG> (Thumb, 0 bytes, Stack size 0 bytes, arm_startup_nrf51.o(.text))
<BR>[Address Reference Count : 1]<UL><LI> arm_startup_nrf51.o(RESET)
</UL>
<P><STRONG><a name="[14]"></a>ECB_IRQHandler</STRONG> (Thumb, 0 bytes, Stack size 0 bytes, arm_startup_nrf51.o(.text))
<BR>[Address Reference Count : 1]<UL><LI> arm_startup_nrf51.o(RESET)
</UL>
<P><STRONG><a name="[19]"></a>LPCOMP_IRQHandler</STRONG> (Thumb, 0 bytes, Stack size 0 bytes, arm_startup_nrf51.o(.text))
<BR>[Address Reference Count : 1]<UL><LI> arm_startup_nrf51.o(RESET)
</UL>
<P><STRONG><a name="[7]"></a>POWER_CLOCK_IRQHandler</STRONG> (Thumb, 0 bytes, Stack size 0 bytes, arm_startup_nrf51.o(.text))
<BR>[Address Reference Count : 1]<UL><LI> arm_startup_nrf51.o(RESET)
</UL>
<P><STRONG><a name="[18]"></a>QDEC_IRQHandler</STRONG> (Thumb, 0 bytes, Stack size 0 bytes, arm_startup_nrf51.o(.text))
<BR>[Address Reference Count : 1]<UL><LI> arm_startup_nrf51.o(RESET)
</UL>
<P><STRONG><a name="[8]"></a>RADIO_IRQHandler</STRONG> (Thumb, 0 bytes, Stack size 0 bytes, arm_startup_nrf51.o(.text))
<BR>[Address Reference Count : 1]<UL><LI> arm_startup_nrf51.o(RESET)
</UL>
<P><STRONG><a name="[13]"></a>RNG_IRQHandler</STRONG> (Thumb, 0 bytes, Stack size 0 bytes, arm_startup_nrf51.o(.text))
<BR>[Address Reference Count : 1]<UL><LI> arm_startup_nrf51.o(RESET)
</UL>
<P><STRONG><a name="[11]"></a>RTC0_IRQHandler</STRONG> (Thumb, 0 bytes, Stack size 0 bytes, arm_startup_nrf51.o(.text))
<BR>[Address Reference Count : 1]<UL><LI> arm_startup_nrf51.o(RESET)
</UL>
<P><STRONG><a name="[a]"></a>SPI0_TWI0_IRQHandler</STRONG> (Thumb, 0 bytes, Stack size 0 bytes, arm_startup_nrf51.o(.text))
<BR>[Address Reference Count : 1]<UL><LI> arm_startup_nrf51.o(RESET)
</UL>
<P><STRONG><a name="[b]"></a>SPI1_TWI1_IRQHandler</STRONG> (Thumb, 0 bytes, Stack size 0 bytes, arm_startup_nrf51.o(.text))
<BR>[Address Reference Count : 1]<UL><LI> arm_startup_nrf51.o(RESET)
</UL>
<P><STRONG><a name="[1b]"></a>SWI1_IRQHandler</STRONG> (Thumb, 0 bytes, Stack size 0 bytes, arm_startup_nrf51.o(.text))
<BR>[Address Reference Count : 1]<UL><LI> arm_startup_nrf51.o(RESET)
</UL>
<P><STRONG><a name="[1d]"></a>SWI3_IRQHandler</STRONG> (Thumb, 0 bytes, Stack size 0 bytes, arm_startup_nrf51.o(.text))
<BR>[Address Reference Count : 1]<UL><LI> arm_startup_nrf51.o(RESET)
</UL>
<P><STRONG><a name="[1e]"></a>SWI4_IRQHandler</STRONG> (Thumb, 0 bytes, Stack size 0 bytes, arm_startup_nrf51.o(.text))
<BR>[Address Reference Count : 1]<UL><LI> arm_startup_nrf51.o(RESET)
</UL>
<P><STRONG><a name="[1f]"></a>SWI5_IRQHandler</STRONG> (Thumb, 0 bytes, Stack size 0 bytes, arm_startup_nrf51.o(.text))
<BR>[Address Reference Count : 1]<UL><LI> arm_startup_nrf51.o(RESET)
</UL>
<P><STRONG><a name="[12]"></a>TEMP_IRQHandler</STRONG> (Thumb, 0 bytes, Stack size 0 bytes, arm_startup_nrf51.o(.text))
<BR>[Address Reference Count : 1]<UL><LI> arm_startup_nrf51.o(RESET)
</UL>
<P><STRONG><a name="[e]"></a>TIMER0_IRQHandler</STRONG> (Thumb, 0 bytes, Stack size 0 bytes, arm_startup_nrf51.o(.text))
<BR>[Address Reference Count : 1]<UL><LI> arm_startup_nrf51.o(RESET)
</UL>
<P><STRONG><a name="[f]"></a>TIMER1_IRQHandler</STRONG> (Thumb, 0 bytes, Stack size 0 bytes, arm_startup_nrf51.o(.text))
<BR>[Address Reference Count : 1]<UL><LI> arm_startup_nrf51.o(RESET)
</UL>
<P><STRONG><a name="[10]"></a>TIMER2_IRQHandler</STRONG> (Thumb, 0 bytes, Stack size 0 bytes, arm_startup_nrf51.o(.text))
<BR>[Address Reference Count : 1]<UL><LI> arm_startup_nrf51.o(RESET)
</UL>
<P><STRONG><a name="[16]"></a>WDT_IRQHandler</STRONG> (Thumb, 0 bytes, Stack size 0 bytes, arm_startup_nrf51.o(.text))
<BR>[Address Reference Count : 1]<UL><LI> arm_startup_nrf51.o(RESET)
</UL>
<P><STRONG><a name="[19b]"></a>__aeabi_uidiv</STRONG> (Thumb, 0 bytes, Stack size 12 bytes, uidiv.o(.text), UNUSED)

<P><STRONG><a name="[c7]"></a>__aeabi_uidivmod</STRONG> (Thumb, 44 bytes, Stack size 12 bytes, uidiv.o(.text))
<BR><BR>[Stack]<UL><LI>Max Depth = 12<LI>Call Chain = __aeabi_uidivmod
</UL>
<BR>[Called By]<UL><LI><a href="#[c5]">&gt;&gt;</a>&nbsp;&nbsp;&nbsp;bsp_led_indication
<LI><a href="#[11b]">&gt;&gt;</a>&nbsp;&nbsp;&nbsp;pdb_write_buf_get
<LI><a href="#[161]">&gt;&gt;</a>&nbsp;&nbsp;&nbsp;peer_data_point_to_buffer
</UL>

<P><STRONG><a name="[19c]"></a>___aeabi_memcpy8$move</STRONG> (Thumb, 0 bytes, Stack size 8 bytes, memmovea.o(.text), UNUSED)

<P><STRONG><a name="[8a]"></a>__aeabi_memcpy</STRONG> (Thumb, 64 bytes, Stack size 8 bytes, memmovea.o(.text))
<BR><BR>[Stack]<UL><LI>Max Depth = 8<LI>Call Chain = __aeabi_memcpy
</UL>
<BR>[Called By]<UL><LI><a href="#[5f]">&gt;&gt;</a>&nbsp;&nbsp;&nbsp;service_data_encode
<LI><a href="#[5e]">&gt;&gt;</a>&nbsp;&nbsp;&nbsp;manuf_specific_data_encode
<LI><a href="#[5a]">&gt;&gt;</a>&nbsp;&nbsp;&nbsp;ble_device_addr_encode
<LI><a href="#[8b]">&gt;&gt;</a>&nbsp;&nbsp;&nbsp;ble_conn_params_on_ble_evt
<LI><a href="#[89]">&gt;&gt;</a>&nbsp;&nbsp;&nbsp;ble_conn_params_init
<LI><a href="#[a6]">&gt;&gt;</a>&nbsp;&nbsp;&nbsp;on_ble_central_evt
<LI><a href="#[124]">&gt;&gt;</a>&nbsp;&nbsp;&nbsp;new_connection
<LI><a href="#[122]">&gt;&gt;</a>&nbsp;&nbsp;&nbsp;im_ble_addr_get
<LI><a href="#[121]">&gt;&gt;</a>&nbsp;&nbsp;&nbsp;im_address_resolve
<LI><a href="#[a2]">&gt;&gt;</a>&nbsp;&nbsp;&nbsp;on_characteristic_discovery_rsp
<LI><a href="#[9e]">&gt;&gt;</a>&nbsp;&nbsp;&nbsp;discovery_complete_evt_trigger
<LI><a href="#[184]">&gt;&gt;</a>&nbsp;&nbsp;&nbsp;sm_sec_params_set
</UL>

<P><STRONG><a name="[76]"></a>__aeabi_memcpy4</STRONG> (Thumb, 0 bytes, Stack size 8 bytes, memmovea.o(.text))
<BR><BR>[Stack]<UL><LI>Max Depth = 8<LI>Call Chain = __aeabi_memcpy4
</UL>
<BR>[Called By]<UL><LI><a href="#[94]">&gt;&gt;</a>&nbsp;&nbsp;&nbsp;ble_conn_state_on_ble_evt
<LI><a href="#[89]">&gt;&gt;</a>&nbsp;&nbsp;&nbsp;ble_conn_params_init
<LI><a href="#[81]">&gt;&gt;</a>&nbsp;&nbsp;&nbsp;ble_advertising_init
<LI><a href="#[107]">&gt;&gt;</a>&nbsp;&nbsp;&nbsp;gcm_ble_evt_handler
<LI><a href="#[10b]">&gt;&gt;</a>&nbsp;&nbsp;&nbsp;service_changed_pending_flags_check
<LI><a href="#[8e]">&gt;&gt;</a>&nbsp;&nbsp;&nbsp;sdk_mapped_flags_key_list_get
<LI><a href="#[75]">&gt;&gt;</a>&nbsp;&nbsp;&nbsp;app_uart_init
<LI><a href="#[c8]">&gt;&gt;</a>&nbsp;&nbsp;&nbsp;cmd_enqueue
</UL>

<P><STRONG><a name="[11f]"></a>__aeabi_memmove</STRONG> (Thumb, 0 bytes, Stack size 8 bytes, memmovea.o(.text))
<BR><BR>[Stack]<UL><LI>Max Depth = 8<LI>Call Chain = __aeabi_memmove
</UL>
<BR>[Called By]<UL><LI><a href="#[ae]">&gt;&gt;</a>&nbsp;&nbsp;&nbsp;hrm_encode
</UL>

<P><STRONG><a name="[19d]"></a>__aeabi_memmove4</STRONG> (Thumb, 0 bytes, Stack size 8 bytes, memmovea.o(.text), UNUSED)

<P><STRONG><a name="[19e]"></a>__aeabi_memmove8</STRONG> (Thumb, 0 bytes, Stack size 8 bytes, memmovea.o(.text), UNUSED)

<P><STRONG><a name="[4a]"></a>__aeabi_memset</STRONG> (Thumb, 14 bytes, Stack size 0 bytes, memseta.o(.text))
<BR><BR>[Called By]<UL><LI><a href="#[4b]">&gt;&gt;</a>&nbsp;&nbsp;&nbsp;_memset$wrapper
<LI><a href="#[49]">&gt;&gt;</a>&nbsp;&nbsp;&nbsp;__aeabi_memclr
</UL>

<P><STRONG><a name="[19f]"></a>__aeabi_memset4</STRONG> (Thumb, 0 bytes, Stack size 0 bytes, memseta.o(.text), UNUSED)

<P><STRONG><a name="[1a0]"></a>__aeabi_memset8</STRONG> (Thumb, 0 bytes, Stack size 0 bytes, memseta.o(.text), UNUSED)

<P><STRONG><a name="[49]"></a>__aeabi_memclr</STRONG> (Thumb, 4 bytes, Stack size 0 bytes, memseta.o(.text))
<BR><BR>[Calls]<UL><LI><a href="#[4a]">&gt;&gt;</a>&nbsp;&nbsp;&nbsp;__aeabi_memset
</UL>
<BR>[Called By]<UL><LI><a href="#[9c]">&gt;&gt;</a>&nbsp;&nbsp;&nbsp;ble_db_discovery_on_ble_evt
<LI><a href="#[a6]">&gt;&gt;</a>&nbsp;&nbsp;&nbsp;on_ble_central_evt
<LI><a href="#[17a]">&gt;&gt;</a>&nbsp;&nbsp;&nbsp;pm_mutex_init
<LI><a href="#[175]">&gt;&gt;</a>&nbsp;&nbsp;&nbsp;peer_id_init
</UL>

<P><STRONG><a name="[64]"></a>__aeabi_memclr4</STRONG> (Thumb, 0 bytes, Stack size 0 bytes, memseta.o(.text))
<BR><BR>[Called By]<UL><LI><a href="#[82]">&gt;&gt;</a>&nbsp;&nbsp;&nbsp;ble_advertising_peer_address_clear
<LI><a href="#[bd]">&gt;&gt;</a>&nbsp;&nbsp;&nbsp;softdevice_enable_get_default_config
<LI><a href="#[84]">&gt;&gt;</a>&nbsp;&nbsp;&nbsp;ble_advertising_start
<LI><a href="#[81]">&gt;&gt;</a>&nbsp;&nbsp;&nbsp;ble_advertising_init
<LI><a href="#[20]">&gt;&gt;</a>&nbsp;&nbsp;&nbsp;main
<LI><a href="#[13e]">&gt;&gt;</a>&nbsp;&nbsp;&nbsp;services_init
<LI><a href="#[63]">&gt;&gt;</a>&nbsp;&nbsp;&nbsp;ah
<LI><a href="#[106]">&gt;&gt;</a>&nbsp;&nbsp;&nbsp;pdb_register
<LI><a href="#[110]">&gt;&gt;</a>&nbsp;&nbsp;&nbsp;im_register
<LI><a href="#[b0]">&gt;&gt;</a>&nbsp;&nbsp;&nbsp;heart_rate_measurement_char_add
<LI><a href="#[b1]">&gt;&gt;</a>&nbsp;&nbsp;&nbsp;body_sensor_location_char_add
<LI><a href="#[18a]">&gt;&gt;</a>&nbsp;&nbsp;&nbsp;smd_params_reply
<LI><a href="#[15a]">&gt;&gt;</a>&nbsp;&nbsp;&nbsp;pds_register
<LI><a href="#[b7]">&gt;&gt;</a>&nbsp;&nbsp;&nbsp;rsc_measurement_char_add
<LI><a href="#[b8]">&gt;&gt;</a>&nbsp;&nbsp;&nbsp;rsc_feature_char_add
<LI><a href="#[ca]">&gt;&gt;</a>&nbsp;&nbsp;&nbsp;cmd_queue_process
<LI><a href="#[c8]">&gt;&gt;</a>&nbsp;&nbsp;&nbsp;cmd_enqueue
</UL>

<P><STRONG><a name="[1a1]"></a>__aeabi_memclr8</STRONG> (Thumb, 0 bytes, Stack size 0 bytes, memseta.o(.text), UNUSED)

<P><STRONG><a name="[4b]"></a>_memset$wrapper</STRONG> (Thumb, 18 bytes, Stack size 8 bytes, memseta.o(.text), UNUSED)
<BR><BR>[Calls]<UL><LI><a href="#[4a]">&gt;&gt;</a>&nbsp;&nbsp;&nbsp;__aeabi_memset
</UL>

<P><STRONG><a name="[57]"></a>memcmp</STRONG> (Thumb, 26 bytes, Stack size 12 bytes, memcmp.o(.text))
<BR><BR>[Stack]<UL><LI>Max Depth = 12<LI>Call Chain = memcmp
</UL>
<BR>[Called By]<UL><LI><a href="#[a6]">&gt;&gt;</a>&nbsp;&nbsp;&nbsp;on_ble_central_evt
<LI><a href="#[129]">&gt;&gt;</a>&nbsp;&nbsp;&nbsp;master_id_compare
<LI><a href="#[12a]">&gt;&gt;</a>&nbsp;&nbsp;&nbsp;is_duplicate_bonding_data
<LI><a href="#[121]">&gt;&gt;</a>&nbsp;&nbsp;&nbsp;im_address_resolve
<LI><a href="#[56]">&gt;&gt;</a>&nbsp;&nbsp;&nbsp;addr_compare
</UL>

<P><STRONG><a name="[14f]"></a>__aeabi_uread4</STRONG> (Thumb, 20 bytes, Stack size 0 bytes, uread4.o(.text))
<BR><BR>[Called By]<UL><LI><a href="#[b3]">&gt;&gt;</a>&nbsp;&nbsp;&nbsp;on_hvx
</UL>

<P><STRONG><a name="[1a2]"></a>__rt_uread4</STRONG> (Thumb, 0 bytes, Stack size 0 bytes, uread4.o(.text), UNUSED)

<P><STRONG><a name="[1a3]"></a>_uread4</STRONG> (Thumb, 0 bytes, Stack size 0 bytes, uread4.o(.text), UNUSED)

<P><STRONG><a name="[47]"></a>__scatterload</STRONG> (Thumb, 28 bytes, Stack size 0 bytes, init.o(.text))
<BR><BR>[Calls]<UL><LI><a href="#[4c]">&gt;&gt;</a>&nbsp;&nbsp;&nbsp;__main_after_scatterload
</UL>
<BR>[Called By]<UL><LI><a href="#[46]">&gt;&gt;</a>&nbsp;&nbsp;&nbsp;_main_scatterload
</UL>

<P><STRONG><a name="[1a4]"></a>__scatterload_rt2</STRONG> (Thumb, 0 bytes, Stack size 0 bytes, init.o(.text), UNUSED)

<P><STRONG><a name="[1a5]"></a>__decompress</STRONG> (Thumb, 0 bytes, Stack size unknown bytes, __dczerorl2.o(.text), UNUSED)

<P><STRONG><a name="[1a6]"></a>__decompress1</STRONG> (Thumb, 86 bytes, Stack size unknown bytes, __dczerorl2.o(.text), UNUSED)

<P><STRONG><a name="[c]"></a>GPIOTE_IRQHandler</STRONG> (Thumb, 234 bytes, Stack size 24 bytes, nrf_drv_gpiote.o(i.GPIOTE_IRQHandler))
<BR><BR>[Stack]<UL><LI>Max Depth = 24<LI>Call Chain = GPIOTE_IRQHandler
</UL>
<BR>[Calls]<UL><LI><a href="#[4d]">&gt;&gt;</a>&nbsp;&nbsp;&nbsp;nrf_gpiote_event_is_set
<LI><a href="#[4f]">&gt;&gt;</a>&nbsp;&nbsp;&nbsp;nrf_gpio_cfg_sense_set
<LI><a href="#[4e]">&gt;&gt;</a>&nbsp;&nbsp;&nbsp;channel_port_get
</UL>
<BR>[Address Reference Count : 1]<UL><LI> arm_startup_nrf51.o(RESET)
</UL>
<P><STRONG><a name="[17]"></a>RTC1_IRQHandler</STRONG> (Thumb, 28 bytes, Stack size 8 bytes, app_timer.o(i.RTC1_IRQHandler))
<BR><BR>[Stack]<UL><LI>Max Depth = 48<LI>Call Chain = RTC1_IRQHandler &rArr; timer_timeouts_check &rArr; app_error_handler_bare
</UL>
<BR>[Calls]<UL><LI><a href="#[50]">&gt;&gt;</a>&nbsp;&nbsp;&nbsp;timer_timeouts_check
</UL>
<BR>[Address Reference Count : 1]<UL><LI> arm_startup_nrf51.o(RESET)
</UL>
<P><STRONG><a name="[1a]"></a>SWI0_IRQHandler</STRONG> (Thumb, 8 bytes, Stack size 8 bytes, app_timer.o(i.SWI0_IRQHandler))
<BR><BR>[Stack]<UL><LI>Max Depth = 80<LI>Call Chain = SWI0_IRQHandler &rArr; timer_list_handler &rArr; compare_reg_update &rArr; rtc1_stop
</UL>
<BR>[Calls]<UL><LI><a href="#[51]">&gt;&gt;</a>&nbsp;&nbsp;&nbsp;timer_list_handler
</UL>
<BR>[Address Reference Count : 1]<UL><LI> arm_startup_nrf51.o(RESET)
</UL>
<P><STRONG><a name="[1c]"></a>SWI2_IRQHandler</STRONG> (Thumb, 28 bytes, Stack size 8 bytes, softdevice_handler.o(i.SWI2_IRQHandler))
<BR><BR>[Stack]<UL><LI>Max Depth = 48<LI>Call Chain = SWI2_IRQHandler &rArr; intern_softdevice_events_execute &rArr; app_error_handler_bare
</UL>
<BR>[Calls]<UL><LI><a href="#[52]">&gt;&gt;</a>&nbsp;&nbsp;&nbsp;app_error_handler_bare
<LI><a href="#[53]">&gt;&gt;</a>&nbsp;&nbsp;&nbsp;intern_softdevice_events_execute
</UL>
<BR>[Address Reference Count : 1]<UL><LI> arm_startup_nrf51.o(RESET)
</UL>
<P><STRONG><a name="[21]"></a>SystemInit</STRONG> (Thumb, 64 bytes, Stack size 8 bytes, system_nrf51.o(i.SystemInit))
<BR><BR>[Stack]<UL><LI>Max Depth = 8<LI>Call Chain = SystemInit
</UL>
<BR>[Calls]<UL><LI><a href="#[54]">&gt;&gt;</a>&nbsp;&nbsp;&nbsp;is_manual_peripheral_setup_needed
</UL>
<BR>[Address Reference Count : 1]<UL><LI> arm_startup_nrf51.o(.text)
</UL>
<P><STRONG><a name="[9]"></a>UART0_IRQHandler</STRONG> (Thumb, 8 bytes, Stack size 8 bytes, nrf_drv_uart.o(i.UART0_IRQHandler))
<BR><BR>[Stack]<UL><LI>Max Depth = 72<LI>Call Chain = UART0_IRQHandler &rArr; uart_irq_handler &rArr; tx_done_event
</UL>
<BR>[Calls]<UL><LI><a href="#[55]">&gt;&gt;</a>&nbsp;&nbsp;&nbsp;uart_irq_handler
</UL>
<BR>[Address Reference Count : 1]<UL><LI> arm_startup_nrf51.o(RESET)
</UL>
<P><STRONG><a name="[c6]"></a>__ARM_common_switch8</STRONG> (Thumb, 26 bytes, Stack size 8 bytes, main.o(i.__ARM_common_switch8))
<BR><BR>[Stack]<UL><LI>Max Depth = 8<LI>Call Chain = __ARM_common_switch8
</UL>
<BR>[Called By]<UL><LI><a href="#[c5]">&gt;&gt;</a>&nbsp;&nbsp;&nbsp;bsp_led_indication
<LI><a href="#[3c]">&gt;&gt;</a>&nbsp;&nbsp;&nbsp;pm_evt_handler
<LI><a href="#[3b]">&gt;&gt;</a>&nbsp;&nbsp;&nbsp;fds_evt_handler
<LI><a href="#[16e]">&gt;&gt;</a>&nbsp;&nbsp;&nbsp;peer_data_parts_get
<LI><a href="#[7e]">&gt;&gt;</a>&nbsp;&nbsp;&nbsp;pdb_write_buf_store
<LI><a href="#[11b]">&gt;&gt;</a>&nbsp;&nbsp;&nbsp;pdb_write_buf_get
<LI><a href="#[42]">&gt;&gt;</a>&nbsp;&nbsp;&nbsp;smd_evt_handler
<LI><a href="#[41]">&gt;&gt;</a>&nbsp;&nbsp;&nbsp;pdb_evt_handler
<LI><a href="#[3e]">&gt;&gt;</a>&nbsp;&nbsp;&nbsp;sm_evt_handler
<LI><a href="#[3d]">&gt;&gt;</a>&nbsp;&nbsp;&nbsp;pdb_evt_handler
<LI><a href="#[3f]">&gt;&gt;</a>&nbsp;&nbsp;&nbsp;gcm_evt_handler
<LI><a href="#[161]">&gt;&gt;</a>&nbsp;&nbsp;&nbsp;peer_data_point_to_buffer
<LI><a href="#[3a]">&gt;&gt;</a>&nbsp;&nbsp;&nbsp;pds_evt_handler
<LI><a href="#[e9]">&gt;&gt;</a>&nbsp;&nbsp;&nbsp;fds_init
<LI><a href="#[16b]">&gt;&gt;</a>&nbsp;&nbsp;&nbsp;pds_peer_data_update
<LI><a href="#[cc]">&gt;&gt;</a>&nbsp;&nbsp;&nbsp;store_execute
<LI><a href="#[cd]">&gt;&gt;</a>&nbsp;&nbsp;&nbsp;gc_execute
<LI><a href="#[ca]">&gt;&gt;</a>&nbsp;&nbsp;&nbsp;cmd_queue_process
</UL>

<P><STRONG><a name="[1a7]"></a>__scatterload_copy</STRONG> (Thumb, 14 bytes, Stack size unknown bytes, handlers.o(i.__scatterload_copy), UNUSED)

<P><STRONG><a name="[1a8]"></a>__scatterload_null</STRONG> (Thumb, 2 bytes, Stack size unknown bytes, handlers.o(i.__scatterload_null), UNUSED)

<P><STRONG><a name="[1a9]"></a>__scatterload_zeroinit</STRONG> (Thumb, 14 bytes, Stack size unknown bytes, handlers.o(i.__scatterload_zeroinit), UNUSED)

<P><STRONG><a name="[56]"></a>addr_compare</STRONG> (Thumb, 40 bytes, Stack size 8 bytes, id_manager.o(i.addr_compare))
<BR><BR>[Stack]<UL><LI>Max Depth = 20<LI>Call Chain = addr_compare &rArr; memcmp
</UL>
<BR>[Calls]<UL><LI><a href="#[57]">&gt;&gt;</a>&nbsp;&nbsp;&nbsp;memcmp
</UL>
<BR>[Called By]<UL><LI><a href="#[12a]">&gt;&gt;</a>&nbsp;&nbsp;&nbsp;is_duplicate_bonding_data
<LI><a href="#[123]">&gt;&gt;</a>&nbsp;&nbsp;&nbsp;im_ble_evt_handler
</UL>

<P><STRONG><a name="[58]"></a>adv_data_encode</STRONG> (Thumb, 534 bytes, Stack size 48 bytes, ble_advdata.o(i.adv_data_encode))
<BR><BR>[Stack]<UL><LI>Max Depth = 144<LI>Call Chain = adv_data_encode &rArr; uuid_list_encode &rArr; uuid_list_sized_encode
</UL>
<BR>[Calls]<UL><LI><a href="#[5c]">&gt;&gt;</a>&nbsp;&nbsp;&nbsp;uuid_list_encode
<LI><a href="#[5b]">&gt;&gt;</a>&nbsp;&nbsp;&nbsp;uint16_encode
<LI><a href="#[5f]">&gt;&gt;</a>&nbsp;&nbsp;&nbsp;service_data_encode
<LI><a href="#[60]">&gt;&gt;</a>&nbsp;&nbsp;&nbsp;name_encode
<LI><a href="#[5e]">&gt;&gt;</a>&nbsp;&nbsp;&nbsp;manuf_specific_data_encode
<LI><a href="#[59]">&gt;&gt;</a>&nbsp;&nbsp;&nbsp;le_role_encode
<LI><a href="#[5d]">&gt;&gt;</a>&nbsp;&nbsp;&nbsp;conn_int_encode
<LI><a href="#[5a]">&gt;&gt;</a>&nbsp;&nbsp;&nbsp;ble_device_addr_encode
</UL>
<BR>[Called By]<UL><LI><a href="#[80]">&gt;&gt;</a>&nbsp;&nbsp;&nbsp;ble_advdata_set
</UL>

<P><STRONG><a name="[63]"></a>ah</STRONG> (Thumb, 78 bytes, Stack size 72 bytes, id_manager.o(i.ah))
<BR><BR>[Stack]<UL><LI>Max Depth = 72<LI>Call Chain = ah
</UL>
<BR>[Calls]<UL><LI><a href="#[64]">&gt;&gt;</a>&nbsp;&nbsp;&nbsp;__aeabi_memclr4
</UL>
<BR>[Called By]<UL><LI><a href="#[121]">&gt;&gt;</a>&nbsp;&nbsp;&nbsp;im_address_resolve
</UL>

<P><STRONG><a name="[65]"></a>app_button_enable</STRONG> (Thumb, 32 bytes, Stack size 16 bytes, app_button.o(i.app_button_enable))
<BR><BR>[Stack]<UL><LI>Max Depth = 48<LI>Call Chain = app_button_enable &rArr; nrf_drv_gpiote_in_event_enable
</UL>
<BR>[Calls]<UL><LI><a href="#[66]">&gt;&gt;</a>&nbsp;&nbsp;&nbsp;nrf_drv_gpiote_in_event_enable
</UL>
<BR>[Called By]<UL><LI><a href="#[c4]">&gt;&gt;</a>&nbsp;&nbsp;&nbsp;bsp_init
</UL>

<P><STRONG><a name="[67]"></a>app_button_init</STRONG> (Thumb, 100 bytes, Stack size 24 bytes, app_button.o(i.app_button_init))
<BR><BR>[Stack]<UL><LI>Max Depth = 76<LI>Call Chain = app_button_init &rArr; nrf_drv_gpiote_in_init &rArr; channel_port_alloc
</UL>
<BR>[Calls]<UL><LI><a href="#[6b]">&gt;&gt;</a>&nbsp;&nbsp;&nbsp;app_timer_create
<LI><a href="#[6a]">&gt;&gt;</a>&nbsp;&nbsp;&nbsp;nrf_drv_gpiote_in_init
<LI><a href="#[68]">&gt;&gt;</a>&nbsp;&nbsp;&nbsp;nrf_drv_gpiote_is_init
<LI><a href="#[69]">&gt;&gt;</a>&nbsp;&nbsp;&nbsp;nrf_drv_gpiote_init
</UL>
<BR>[Called By]<UL><LI><a href="#[c4]">&gt;&gt;</a>&nbsp;&nbsp;&nbsp;bsp_init
</UL>

<P><STRONG><a name="[6c]"></a>app_error_fault_handler</STRONG> (Thumb, 18 bytes, Stack size 0 bytes, app_error.o(i.app_error_fault_handler))
<BR><BR>[Called By]<UL><LI><a href="#[52]">&gt;&gt;</a>&nbsp;&nbsp;&nbsp;app_error_handler_bare
<LI><a href="#[44]">&gt;&gt;</a>&nbsp;&nbsp;&nbsp;softdevice_fault_handler
</UL>

<P><STRONG><a name="[52]"></a>app_error_handler_bare</STRONG> (Thumb, 18 bytes, Stack size 16 bytes, app_error.o(i.app_error_handler_bare))
<BR><BR>[Stack]<UL><LI>Max Depth = 16<LI>Call Chain = app_error_handler_bare
</UL>
<BR>[Calls]<UL><LI><a href="#[6c]">&gt;&gt;</a>&nbsp;&nbsp;&nbsp;app_error_fault_handler
</UL>
<BR>[Called By]<UL><LI><a href="#[94]">&gt;&gt;</a>&nbsp;&nbsp;&nbsp;ble_conn_state_on_ble_evt
<LI><a href="#[20]">&gt;&gt;</a>&nbsp;&nbsp;&nbsp;main
<LI><a href="#[13e]">&gt;&gt;</a>&nbsp;&nbsp;&nbsp;services_init
<LI><a href="#[13f]">&gt;&gt;</a>&nbsp;&nbsp;&nbsp;scan_start
<LI><a href="#[37]">&gt;&gt;</a>&nbsp;&nbsp;&nbsp;rscs_c_evt_handler
<LI><a href="#[3c]">&gt;&gt;</a>&nbsp;&nbsp;&nbsp;pm_evt_handler
<LI><a href="#[13c]">&gt;&gt;</a>&nbsp;&nbsp;&nbsp;peer_manager_init
<LI><a href="#[a6]">&gt;&gt;</a>&nbsp;&nbsp;&nbsp;on_ble_central_evt
<LI><a href="#[39]">&gt;&gt;</a>&nbsp;&nbsp;&nbsp;on_adv_evt
<LI><a href="#[36]">&gt;&gt;</a>&nbsp;&nbsp;&nbsp;hrs_c_evt_handler
<LI><a href="#[38]">&gt;&gt;</a>&nbsp;&nbsp;&nbsp;conn_params_error_handler
<LI><a href="#[bb]">&gt;&gt;</a>&nbsp;&nbsp;&nbsp;ble_stack_init
<LI><a href="#[139]">&gt;&gt;</a>&nbsp;&nbsp;&nbsp;lock_by_mask
<LI><a href="#[179]">&gt;&gt;</a>&nbsp;&nbsp;&nbsp;pm_mutex_unlock
<LI><a href="#[50]">&gt;&gt;</a>&nbsp;&nbsp;&nbsp;timer_timeouts_check
<LI><a href="#[53]">&gt;&gt;</a>&nbsp;&nbsp;&nbsp;intern_softdevice_events_execute
<LI><a href="#[1c]">&gt;&gt;</a>&nbsp;&nbsp;&nbsp;SWI2_IRQHandler
<LI><a href="#[35]">&gt;&gt;</a>&nbsp;&nbsp;&nbsp;uart_error_cb
</UL>

<P><STRONG><a name="[6b]"></a>app_timer_create</STRONG> (Thumb, 40 bytes, Stack size 0 bytes, app_timer.o(i.app_timer_create))
<BR><BR>[Called By]<UL><LI><a href="#[67]">&gt;&gt;</a>&nbsp;&nbsp;&nbsp;app_button_init
<LI><a href="#[c4]">&gt;&gt;</a>&nbsp;&nbsp;&nbsp;bsp_init
<LI><a href="#[89]">&gt;&gt;</a>&nbsp;&nbsp;&nbsp;ble_conn_params_init
</UL>

<P><STRONG><a name="[6d]"></a>app_timer_init</STRONG> (Thumb, 126 bytes, Stack size 40 bytes, app_timer.o(i.app_timer_init))
<BR><BR>[Stack]<UL><LI>Max Depth = 56<LI>Call Chain = app_timer_init &rArr; rtc1_stop
</UL>
<BR>[Calls]<UL><LI><a href="#[6e]">&gt;&gt;</a>&nbsp;&nbsp;&nbsp;rtc1_stop
<LI><a href="#[6f]">&gt;&gt;</a>&nbsp;&nbsp;&nbsp;NVIC_SetPriority
</UL>
<BR>[Called By]<UL><LI><a href="#[20]">&gt;&gt;</a>&nbsp;&nbsp;&nbsp;main
</UL>

<P><STRONG><a name="[70]"></a>app_timer_start</STRONG> (Thumb, 114 bytes, Stack size 32 bytes, app_timer.o(i.app_timer_start))
<BR><BR>[Stack]<UL><LI>Max Depth = 32<LI>Call Chain = app_timer_start
</UL>
<BR>[Calls]<UL><LI><a href="#[72]">&gt;&gt;</a>&nbsp;&nbsp;&nbsp;user_op_alloc
<LI><a href="#[71]">&gt;&gt;</a>&nbsp;&nbsp;&nbsp;user_id_get
<LI><a href="#[73]">&gt;&gt;</a>&nbsp;&nbsp;&nbsp;timer_list_handler_sched
</UL>
<BR>[Called By]<UL><LI><a href="#[c5]">&gt;&gt;</a>&nbsp;&nbsp;&nbsp;bsp_led_indication
<LI><a href="#[45]">&gt;&gt;</a>&nbsp;&nbsp;&nbsp;bsp_button_event_handler
<LI><a href="#[8c]">&gt;&gt;</a>&nbsp;&nbsp;&nbsp;conn_params_negotiation
<LI><a href="#[23]">&gt;&gt;</a>&nbsp;&nbsp;&nbsp;gpiote_event_handler
</UL>

<P><STRONG><a name="[74]"></a>app_timer_stop</STRONG> (Thumb, 78 bytes, Stack size 24 bytes, app_timer.o(i.app_timer_stop))
<BR><BR>[Stack]<UL><LI>Max Depth = 24<LI>Call Chain = app_timer_stop
</UL>
<BR>[Calls]<UL><LI><a href="#[72]">&gt;&gt;</a>&nbsp;&nbsp;&nbsp;user_op_alloc
<LI><a href="#[71]">&gt;&gt;</a>&nbsp;&nbsp;&nbsp;user_id_get
<LI><a href="#[73]">&gt;&gt;</a>&nbsp;&nbsp;&nbsp;timer_list_handler_sched
</UL>
<BR>[Called By]<UL><LI><a href="#[c5]">&gt;&gt;</a>&nbsp;&nbsp;&nbsp;bsp_led_indication
<LI><a href="#[45]">&gt;&gt;</a>&nbsp;&nbsp;&nbsp;bsp_button_event_handler
<LI><a href="#[8b]">&gt;&gt;</a>&nbsp;&nbsp;&nbsp;ble_conn_params_on_ble_evt
<LI><a href="#[23]">&gt;&gt;</a>&nbsp;&nbsp;&nbsp;gpiote_event_handler
</UL>

<P><STRONG><a name="[75]"></a>app_uart_init</STRONG> (Thumb, 118 bytes, Stack size 48 bytes, app_uart.o(i.app_uart_init))
<BR><BR>[Stack]<UL><LI>Max Depth = 108<LI>Call Chain = app_uart_init &rArr; nrf_drv_uart_rx &rArr; nrf_drv_uart_rx_for_uart &rArr; rx_byte
</UL>
<BR>[Calls]<UL><LI><a href="#[78]">&gt;&gt;</a>&nbsp;&nbsp;&nbsp;nrf_drv_uart_rx_enable
<LI><a href="#[79]">&gt;&gt;</a>&nbsp;&nbsp;&nbsp;nrf_drv_uart_rx
<LI><a href="#[77]">&gt;&gt;</a>&nbsp;&nbsp;&nbsp;nrf_drv_uart_init
<LI><a href="#[76]">&gt;&gt;</a>&nbsp;&nbsp;&nbsp;__aeabi_memcpy4
</UL>
<BR>[Called By]<UL><LI><a href="#[13b]">&gt;&gt;</a>&nbsp;&nbsp;&nbsp;log_uart_init
</UL>

<P><STRONG><a name="[80]"></a>ble_advdata_set</STRONG> (Thumb, 104 bytes, Stack size 96 bytes, ble_advdata.o(i.ble_advdata_set))
<BR><BR>[Stack]<UL><LI>Max Depth = 240<LI>Call Chain = ble_advdata_set &rArr; adv_data_encode &rArr; uuid_list_encode &rArr; uuid_list_sized_encode
</UL>
<BR>[Calls]<UL><LI><a href="#[58]">&gt;&gt;</a>&nbsp;&nbsp;&nbsp;adv_data_encode
</UL>
<BR>[Called By]<UL><LI><a href="#[84]">&gt;&gt;</a>&nbsp;&nbsp;&nbsp;ble_advertising_start
<LI><a href="#[81]">&gt;&gt;</a>&nbsp;&nbsp;&nbsp;ble_advertising_init
</UL>

<P><STRONG><a name="[81]"></a>ble_advertising_init</STRONG> (Thumb, 284 bytes, Stack size 16 bytes, ble_advertising.o(i.ble_advertising_init))
<BR><BR>[Stack]<UL><LI>Max Depth = 256<LI>Call Chain = ble_advertising_init &rArr; ble_advdata_set &rArr; adv_data_encode &rArr; uuid_list_encode &rArr; uuid_list_sized_encode
</UL>
<BR>[Calls]<UL><LI><a href="#[82]">&gt;&gt;</a>&nbsp;&nbsp;&nbsp;ble_advertising_peer_address_clear
<LI><a href="#[80]">&gt;&gt;</a>&nbsp;&nbsp;&nbsp;ble_advdata_set
<LI><a href="#[64]">&gt;&gt;</a>&nbsp;&nbsp;&nbsp;__aeabi_memclr4
<LI><a href="#[76]">&gt;&gt;</a>&nbsp;&nbsp;&nbsp;__aeabi_memcpy4
</UL>
<BR>[Called By]<UL><LI><a href="#[20]">&gt;&gt;</a>&nbsp;&nbsp;&nbsp;main
</UL>

<P><STRONG><a name="[83]"></a>ble_advertising_on_ble_evt</STRONG> (Thumb, 118 bytes, Stack size 8 bytes, ble_advertising.o(i.ble_advertising_on_ble_evt))
<BR><BR>[Stack]<UL><LI>Max Depth = 296<LI>Call Chain = ble_advertising_on_ble_evt &rArr; ble_advertising_start &rArr; ble_advdata_set &rArr; adv_data_encode &rArr; uuid_list_encode &rArr; uuid_list_sized_encode
</UL>
<BR>[Calls]<UL><LI><a href="#[84]">&gt;&gt;</a>&nbsp;&nbsp;&nbsp;ble_advertising_start
</UL>
<BR>[Called By]<UL><LI><a href="#[29]">&gt;&gt;</a>&nbsp;&nbsp;&nbsp;ble_evt_dispatch
</UL>

<P><STRONG><a name="[85]"></a>ble_advertising_on_sys_evt</STRONG> (Thumb, 42 bytes, Stack size 8 bytes, ble_advertising.o(i.ble_advertising_on_sys_evt))
<BR><BR>[Stack]<UL><LI>Max Depth = 296<LI>Call Chain = ble_advertising_on_sys_evt &rArr; ble_advertising_start &rArr; ble_advdata_set &rArr; adv_data_encode &rArr; uuid_list_encode &rArr; uuid_list_sized_encode
</UL>
<BR>[Calls]<UL><LI><a href="#[84]">&gt;&gt;</a>&nbsp;&nbsp;&nbsp;ble_advertising_start
</UL>
<BR>[Called By]<UL><LI><a href="#[2a]">&gt;&gt;</a>&nbsp;&nbsp;&nbsp;sys_evt_dispatch
</UL>

<P><STRONG><a name="[84]"></a>ble_advertising_start</STRONG> (Thumb, 470 bytes, Stack size 48 bytes, ble_advertising.o(i.ble_advertising_start))
<BR><BR>[Stack]<UL><LI>Max Depth = 288<LI>Call Chain = ble_advertising_start &rArr; ble_advdata_set &rArr; adv_data_encode &rArr; uuid_list_encode &rArr; uuid_list_sized_encode
</UL>
<BR>[Calls]<UL><LI><a href="#[86]">&gt;&gt;</a>&nbsp;&nbsp;&nbsp;pstorage_access_status_get
<LI><a href="#[88]">&gt;&gt;</a>&nbsp;&nbsp;&nbsp;whitelist_has_entries
<LI><a href="#[87]">&gt;&gt;</a>&nbsp;&nbsp;&nbsp;peer_address_exists
<LI><a href="#[82]">&gt;&gt;</a>&nbsp;&nbsp;&nbsp;ble_advertising_peer_address_clear
<LI><a href="#[80]">&gt;&gt;</a>&nbsp;&nbsp;&nbsp;ble_advdata_set
<LI><a href="#[64]">&gt;&gt;</a>&nbsp;&nbsp;&nbsp;__aeabi_memclr4
</UL>
<BR>[Called By]<UL><LI><a href="#[85]">&gt;&gt;</a>&nbsp;&nbsp;&nbsp;ble_advertising_on_sys_evt
<LI><a href="#[83]">&gt;&gt;</a>&nbsp;&nbsp;&nbsp;ble_advertising_on_ble_evt
<LI><a href="#[20]">&gt;&gt;</a>&nbsp;&nbsp;&nbsp;main
<LI><a href="#[39]">&gt;&gt;</a>&nbsp;&nbsp;&nbsp;on_adv_evt
</UL>

<P><STRONG><a name="[89]"></a>ble_conn_params_init</STRONG> (Thumb, 68 bytes, Stack size 16 bytes, ble_conn_params.o(i.ble_conn_params_init))
<BR><BR>[Stack]<UL><LI>Max Depth = 24<LI>Call Chain = ble_conn_params_init &rArr; __aeabi_memcpy4
</UL>
<BR>[Calls]<UL><LI><a href="#[6b]">&gt;&gt;</a>&nbsp;&nbsp;&nbsp;app_timer_create
<LI><a href="#[76]">&gt;&gt;</a>&nbsp;&nbsp;&nbsp;__aeabi_memcpy4
<LI><a href="#[8a]">&gt;&gt;</a>&nbsp;&nbsp;&nbsp;__aeabi_memcpy
</UL>
<BR>[Called By]<UL><LI><a href="#[20]">&gt;&gt;</a>&nbsp;&nbsp;&nbsp;main
</UL>

<P><STRONG><a name="[8b]"></a>ble_conn_params_on_ble_evt</STRONG> (Thumb, 132 bytes, Stack size 24 bytes, ble_conn_params.o(i.ble_conn_params_on_ble_evt))
<BR><BR>[Stack]<UL><LI>Max Depth = 80<LI>Call Chain = ble_conn_params_on_ble_evt &rArr; conn_params_negotiation &rArr; app_timer_start
</UL>
<BR>[Calls]<UL><LI><a href="#[74]">&gt;&gt;</a>&nbsp;&nbsp;&nbsp;app_timer_stop
<LI><a href="#[8c]">&gt;&gt;</a>&nbsp;&nbsp;&nbsp;conn_params_negotiation
<LI><a href="#[8a]">&gt;&gt;</a>&nbsp;&nbsp;&nbsp;__aeabi_memcpy
</UL>
<BR>[Called By]<UL><LI><a href="#[29]">&gt;&gt;</a>&nbsp;&nbsp;&nbsp;ble_evt_dispatch
</UL>

<P><STRONG><a name="[8d]"></a>ble_conn_state_conn_handles</STRONG> (Thumb, 14 bytes, Stack size 8 bytes, ble_conn_state.o(i.ble_conn_state_conn_handles))
<BR><BR>[Stack]<UL><LI>Max Depth = 72<LI>Call Chain = ble_conn_state_conn_handles &rArr; sdk_mapped_flags_key_list_get &rArr; __aeabi_memcpy4
</UL>
<BR>[Calls]<UL><LI><a href="#[8e]">&gt;&gt;</a>&nbsp;&nbsp;&nbsp;sdk_mapped_flags_key_list_get
</UL>
<BR>[Called By]<UL><LI><a href="#[112]">&gt;&gt;</a>&nbsp;&nbsp;&nbsp;gcm_local_database_has_changed
<LI><a href="#[107]">&gt;&gt;</a>&nbsp;&nbsp;&nbsp;gcm_ble_evt_handler
<LI><a href="#[10b]">&gt;&gt;</a>&nbsp;&nbsp;&nbsp;service_changed_pending_flags_check
<LI><a href="#[151]">&gt;&gt;</a>&nbsp;&nbsp;&nbsp;params_reply_pending_process
<LI><a href="#[136]">&gt;&gt;</a>&nbsp;&nbsp;&nbsp;link_secure_pending_process
</UL>

<P><STRONG><a name="[8f]"></a>ble_conn_state_encrypted</STRONG> (Thumb, 16 bytes, Stack size 8 bytes, ble_conn_state.o(i.ble_conn_state_encrypted))
<BR><BR>[Stack]<UL><LI>Max Depth = 16<LI>Call Chain = ble_conn_state_encrypted &rArr; sdk_mapped_flags_get_by_key
</UL>
<BR>[Calls]<UL><LI><a href="#[90]">&gt;&gt;</a>&nbsp;&nbsp;&nbsp;sdk_mapped_flags_get_by_key
</UL>
<BR>[Called By]<UL><LI><a href="#[188]">&gt;&gt;</a>&nbsp;&nbsp;&nbsp;smd_ble_evt_handler
</UL>

<P><STRONG><a name="[91]"></a>ble_conn_state_mitm_protected</STRONG> (Thumb, 16 bytes, Stack size 8 bytes, ble_conn_state.o(i.ble_conn_state_mitm_protected))
<BR><BR>[Stack]<UL><LI>Max Depth = 16<LI>Call Chain = ble_conn_state_mitm_protected &rArr; sdk_mapped_flags_get_by_key
</UL>
<BR>[Calls]<UL><LI><a href="#[90]">&gt;&gt;</a>&nbsp;&nbsp;&nbsp;sdk_mapped_flags_get_by_key
</UL>
<BR>[Called By]<UL><LI><a href="#[188]">&gt;&gt;</a>&nbsp;&nbsp;&nbsp;smd_ble_evt_handler
</UL>

<P><STRONG><a name="[92]"></a>ble_conn_state_n_centrals</STRONG> (Thumb, 16 bytes, Stack size 8 bytes, ble_conn_state.o(i.ble_conn_state_n_centrals))
<BR><BR>[Stack]<UL><LI>Max Depth = 24<LI>Call Chain = ble_conn_state_n_centrals &rArr; sdk_mapped_flags_n_flags_set
</UL>
<BR>[Calls]<UL><LI><a href="#[93]">&gt;&gt;</a>&nbsp;&nbsp;&nbsp;sdk_mapped_flags_n_flags_set
</UL>
<BR>[Called By]<UL><LI><a href="#[a6]">&gt;&gt;</a>&nbsp;&nbsp;&nbsp;on_ble_central_evt
</UL>

<P><STRONG><a name="[94]"></a>ble_conn_state_on_ble_evt</STRONG> (Thumb, 238 bytes, Stack size 72 bytes, ble_conn_state.o(i.ble_conn_state_on_ble_evt))
<BR><BR>[Stack]<UL><LI>Max Depth = 136<LI>Call Chain = ble_conn_state_on_ble_evt &rArr; sdk_mapped_flags_key_list_get &rArr; __aeabi_memcpy4
</UL>
<BR>[Calls]<UL><LI><a href="#[52]">&gt;&gt;</a>&nbsp;&nbsp;&nbsp;app_error_handler_bare
<LI><a href="#[97]">&gt;&gt;</a>&nbsp;&nbsp;&nbsp;sdk_mapped_flags_update_by_key
<LI><a href="#[8e]">&gt;&gt;</a>&nbsp;&nbsp;&nbsp;sdk_mapped_flags_key_list_get
<LI><a href="#[96]">&gt;&gt;</a>&nbsp;&nbsp;&nbsp;sdk_mapped_flags_first_key_index_get
<LI><a href="#[95]">&gt;&gt;</a>&nbsp;&nbsp;&nbsp;sdk_mapped_flags_bulk_update_by_key
<LI><a href="#[76]">&gt;&gt;</a>&nbsp;&nbsp;&nbsp;__aeabi_memcpy4
</UL>
<BR>[Called By]<UL><LI><a href="#[29]">&gt;&gt;</a>&nbsp;&nbsp;&nbsp;ble_evt_dispatch
</UL>

<P><STRONG><a name="[7b]"></a>ble_conn_state_role</STRONG> (Thumb, 46 bytes, Stack size 16 bytes, ble_conn_state.o(i.ble_conn_state_role))
<BR><BR>[Stack]<UL><LI>Max Depth = 24<LI>Call Chain = ble_conn_state_role &rArr; sdk_mapped_flags_get_by_key
</UL>
<BR>[Calls]<UL><LI><a href="#[90]">&gt;&gt;</a>&nbsp;&nbsp;&nbsp;sdk_mapped_flags_get_by_key
</UL>
<BR>[Called By]<UL><LI><a href="#[29]">&gt;&gt;</a>&nbsp;&nbsp;&nbsp;ble_evt_dispatch
<LI><a href="#[18a]">&gt;&gt;</a>&nbsp;&nbsp;&nbsp;smd_params_reply
<LI><a href="#[12d]">&gt;&gt;</a>&nbsp;&nbsp;&nbsp;smd_link_secure
<LI><a href="#[7a]">&gt;&gt;</a>&nbsp;&nbsp;&nbsp;auth_status_success_process
</UL>

<P><STRONG><a name="[98]"></a>ble_conn_state_user_flag_acquire</STRONG> (Thumb, 42 bytes, Stack size 8 bytes, ble_conn_state.o(i.ble_conn_state_user_flag_acquire))
<BR><BR>[Stack]<UL><LI>Max Depth = 8<LI>Call Chain = ble_conn_state_user_flag_acquire
</UL>
<BR>[Calls]<UL><LI><a href="#[99]">&gt;&gt;</a>&nbsp;&nbsp;&nbsp;user_flag_is_acquired
</UL>
<BR>[Called By]<UL><LI><a href="#[17c]">&gt;&gt;</a>&nbsp;&nbsp;&nbsp;pm_init
<LI><a href="#[110]">&gt;&gt;</a>&nbsp;&nbsp;&nbsp;im_register
<LI><a href="#[10e]">&gt;&gt;</a>&nbsp;&nbsp;&nbsp;gcm_init
<LI><a href="#[f8]">&gt;&gt;</a>&nbsp;&nbsp;&nbsp;flag_id_init
<LI><a href="#[f7]">&gt;&gt;</a>&nbsp;&nbsp;&nbsp;flag_id_init
</UL>

<P><STRONG><a name="[9a]"></a>ble_conn_state_user_flag_collection</STRONG> (Thumb, 20 bytes, Stack size 8 bytes, ble_conn_state.o(i.ble_conn_state_user_flag_collection))
<BR><BR>[Stack]<UL><LI>Max Depth = 8<LI>Call Chain = ble_conn_state_user_flag_collection
</UL>
<BR>[Calls]<UL><LI><a href="#[99]">&gt;&gt;</a>&nbsp;&nbsp;&nbsp;user_flag_is_acquired
</UL>
<BR>[Called By]<UL><LI><a href="#[107]">&gt;&gt;</a>&nbsp;&nbsp;&nbsp;gcm_ble_evt_handler
<LI><a href="#[10b]">&gt;&gt;</a>&nbsp;&nbsp;&nbsp;service_changed_pending_flags_check
<LI><a href="#[151]">&gt;&gt;</a>&nbsp;&nbsp;&nbsp;params_reply_pending_process
<LI><a href="#[136]">&gt;&gt;</a>&nbsp;&nbsp;&nbsp;link_secure_pending_process
</UL>

<P><STRONG><a name="[9b]"></a>ble_conn_state_user_flag_get</STRONG> (Thumb, 32 bytes, Stack size 16 bytes, ble_conn_state.o(i.ble_conn_state_user_flag_get))
<BR><BR>[Stack]<UL><LI>Max Depth = 24<LI>Call Chain = ble_conn_state_user_flag_get &rArr; sdk_mapped_flags_get_by_key
</UL>
<BR>[Calls]<UL><LI><a href="#[90]">&gt;&gt;</a>&nbsp;&nbsp;&nbsp;sdk_mapped_flags_get_by_key
<LI><a href="#[99]">&gt;&gt;</a>&nbsp;&nbsp;&nbsp;user_flag_is_acquired
</UL>
<BR>[Called By]<UL><LI><a href="#[115]">&gt;&gt;</a>&nbsp;&nbsp;&nbsp;get_free_connection
<LI><a href="#[114]">&gt;&gt;</a>&nbsp;&nbsp;&nbsp;get_connection_by_conn_handle
<LI><a href="#[107]">&gt;&gt;</a>&nbsp;&nbsp;&nbsp;gcm_ble_evt_handler
<LI><a href="#[10b]">&gt;&gt;</a>&nbsp;&nbsp;&nbsp;service_changed_pending_flags_check
<LI><a href="#[151]">&gt;&gt;</a>&nbsp;&nbsp;&nbsp;params_reply_pending_process
<LI><a href="#[136]">&gt;&gt;</a>&nbsp;&nbsp;&nbsp;link_secure_pending_process
<LI><a href="#[188]">&gt;&gt;</a>&nbsp;&nbsp;&nbsp;smd_ble_evt_handler
<LI><a href="#[d9]">&gt;&gt;</a>&nbsp;&nbsp;&nbsp;pairing_failure
<LI><a href="#[d8]">&gt;&gt;</a>&nbsp;&nbsp;&nbsp;disconnect_process
<LI><a href="#[3e]">&gt;&gt;</a>&nbsp;&nbsp;&nbsp;sm_evt_handler
</UL>

<P><STRONG><a name="[7d]"></a>ble_conn_state_user_flag_set</STRONG> (Thumb, 36 bytes, Stack size 16 bytes, ble_conn_state.o(i.ble_conn_state_user_flag_set))
<BR><BR>[Stack]<UL><LI>Max Depth = 40<LI>Call Chain = ble_conn_state_user_flag_set &rArr; sdk_mapped_flags_update_by_key &rArr; sdk_mapped_flags_bulk_update_by_key
</UL>
<BR>[Calls]<UL><LI><a href="#[97]">&gt;&gt;</a>&nbsp;&nbsp;&nbsp;sdk_mapped_flags_update_by_key
<LI><a href="#[99]">&gt;&gt;</a>&nbsp;&nbsp;&nbsp;user_flag_is_acquired
</UL>
<BR>[Called By]<UL><LI><a href="#[124]">&gt;&gt;</a>&nbsp;&nbsp;&nbsp;new_connection
<LI><a href="#[112]">&gt;&gt;</a>&nbsp;&nbsp;&nbsp;gcm_local_database_has_changed
<LI><a href="#[107]">&gt;&gt;</a>&nbsp;&nbsp;&nbsp;gcm_ble_evt_handler
<LI><a href="#[10b]">&gt;&gt;</a>&nbsp;&nbsp;&nbsp;service_changed_pending_flags_check
<LI><a href="#[10a]">&gt;&gt;</a>&nbsp;&nbsp;&nbsp;local_db_update_in_evt
<LI><a href="#[108]">&gt;&gt;</a>&nbsp;&nbsp;&nbsp;local_db_apply_in_evt
<LI><a href="#[31]">&gt;&gt;</a>&nbsp;&nbsp;&nbsp;im_evt_handler
<LI><a href="#[2f]">&gt;&gt;</a>&nbsp;&nbsp;&nbsp;gscm_evt_handler
<LI><a href="#[12c]">&gt;&gt;</a>&nbsp;&nbsp;&nbsp;link_secure
<LI><a href="#[f9]">&gt;&gt;</a>&nbsp;&nbsp;&nbsp;flags_set_from_err_code
<LI><a href="#[188]">&gt;&gt;</a>&nbsp;&nbsp;&nbsp;smd_ble_evt_handler
<LI><a href="#[131]">&gt;&gt;</a>&nbsp;&nbsp;&nbsp;sec_proc_start
<LI><a href="#[d9]">&gt;&gt;</a>&nbsp;&nbsp;&nbsp;pairing_failure
<LI><a href="#[da]">&gt;&gt;</a>&nbsp;&nbsp;&nbsp;encryption_failure
<LI><a href="#[7a]">&gt;&gt;</a>&nbsp;&nbsp;&nbsp;auth_status_success_process
<LI><a href="#[3e]">&gt;&gt;</a>&nbsp;&nbsp;&nbsp;sm_evt_handler
<LI><a href="#[40]">&gt;&gt;</a>&nbsp;&nbsp;&nbsp;im_evt_handler
</UL>

<P><STRONG><a name="[ac]"></a>ble_db_discovery_evt_register</STRONG> (Thumb, 66 bytes, Stack size 12 bytes, ble_db_discovery.o(i.ble_db_discovery_evt_register))
<BR><BR>[Stack]<UL><LI>Max Depth = 12<LI>Call Chain = ble_db_discovery_evt_register
</UL>
<BR>[Called By]<UL><LI><a href="#[b2]">&gt;&gt;</a>&nbsp;&nbsp;&nbsp;ble_rscs_c_init
<LI><a href="#[ab]">&gt;&gt;</a>&nbsp;&nbsp;&nbsp;ble_hrs_c_init
</UL>

<P><STRONG><a name="[13d]"></a>ble_db_discovery_init</STRONG> (Thumb, 16 bytes, Stack size 0 bytes, ble_db_discovery.o(i.ble_db_discovery_init))
<BR><BR>[Called By]<UL><LI><a href="#[20]">&gt;&gt;</a>&nbsp;&nbsp;&nbsp;main
</UL>

<P><STRONG><a name="[9c]"></a>ble_db_discovery_on_ble_evt</STRONG> (Thumb, 156 bytes, Stack size 16 bytes, ble_db_discovery.o(i.ble_db_discovery_on_ble_evt))
<BR><BR>[Stack]<UL><LI>Max Depth = 112<LI>Call Chain = ble_db_discovery_on_ble_evt &rArr; on_characteristic_discovery_rsp &rArr; on_srv_disc_completion &rArr; discovery_error_evt_trigger &rArr; registered_handler_get
</UL>
<BR>[Calls]<UL><LI><a href="#[9f]">&gt;&gt;</a>&nbsp;&nbsp;&nbsp;on_srv_disc_completion
<LI><a href="#[9d]">&gt;&gt;</a>&nbsp;&nbsp;&nbsp;on_descriptor_discovery_rsp
<LI><a href="#[a2]">&gt;&gt;</a>&nbsp;&nbsp;&nbsp;on_characteristic_discovery_rsp
<LI><a href="#[a1]">&gt;&gt;</a>&nbsp;&nbsp;&nbsp;discovery_error_evt_trigger
<LI><a href="#[9e]">&gt;&gt;</a>&nbsp;&nbsp;&nbsp;discovery_complete_evt_trigger
<LI><a href="#[a0]">&gt;&gt;</a>&nbsp;&nbsp;&nbsp;characteristics_discover
<LI><a href="#[49]">&gt;&gt;</a>&nbsp;&nbsp;&nbsp;__aeabi_memclr
</UL>
<BR>[Called By]<UL><LI><a href="#[29]">&gt;&gt;</a>&nbsp;&nbsp;&nbsp;ble_evt_dispatch
</UL>

<P><STRONG><a name="[14d]"></a>ble_db_discovery_start</STRONG> (Thumb, 86 bytes, Stack size 16 bytes, ble_db_discovery.o(i.ble_db_discovery_start))
<BR><BR>[Stack]<UL><LI>Max Depth = 16<LI>Call Chain = ble_db_discovery_start
</UL>
<BR>[Called By]<UL><LI><a href="#[a6]">&gt;&gt;</a>&nbsp;&nbsp;&nbsp;on_ble_central_evt
</UL>

<P><STRONG><a name="[a9]"></a>ble_hrs_c_hrm_notif_enable</STRONG> (Thumb, 68 bytes, Stack size 16 bytes, ble_hrs_c.o(i.ble_hrs_c_hrm_notif_enable))
<BR><BR>[Stack]<UL><LI>Max Depth = 24<LI>Call Chain = ble_hrs_c_hrm_notif_enable &rArr; tx_buffer_process
</UL>
<BR>[Calls]<UL><LI><a href="#[aa]">&gt;&gt;</a>&nbsp;&nbsp;&nbsp;tx_buffer_process
</UL>
<BR>[Called By]<UL><LI><a href="#[36]">&gt;&gt;</a>&nbsp;&nbsp;&nbsp;hrs_c_evt_handler
</UL>

<P><STRONG><a name="[ab]"></a>ble_hrs_c_init</STRONG> (Thumb, 52 bytes, Stack size 8 bytes, ble_hrs_c.o(i.ble_hrs_c_init))
<BR><BR>[Stack]<UL><LI>Max Depth = 20<LI>Call Chain = ble_hrs_c_init &rArr; ble_db_discovery_evt_register
</UL>
<BR>[Calls]<UL><LI><a href="#[ac]">&gt;&gt;</a>&nbsp;&nbsp;&nbsp;ble_db_discovery_evt_register
</UL>
<BR>[Called By]<UL><LI><a href="#[20]">&gt;&gt;</a>&nbsp;&nbsp;&nbsp;main
</UL>

<P><STRONG><a name="[a7]"></a>ble_hrs_c_on_ble_evt</STRONG> (Thumb, 84 bytes, Stack size 8 bytes, ble_hrs_c.o(i.ble_hrs_c_on_ble_evt))
<BR><BR>[Stack]<UL><LI>Max Depth = 16<LI>Call Chain = ble_hrs_c_on_ble_evt &rArr; tx_buffer_process
</UL>
<BR>[Calls]<UL><LI><a href="#[aa]">&gt;&gt;</a>&nbsp;&nbsp;&nbsp;tx_buffer_process
</UL>
<BR>[Called By]<UL><LI><a href="#[29]">&gt;&gt;</a>&nbsp;&nbsp;&nbsp;ble_evt_dispatch
</UL>

<P><STRONG><a name="[ad]"></a>ble_hrs_heart_rate_measurement_send</STRONG> (Thumb, 82 bytes, Stack size 56 bytes, ble_hrs.o(i.ble_hrs_heart_rate_measurement_send))
<BR><BR>[Stack]<UL><LI>Max Depth = 96<LI>Call Chain = ble_hrs_heart_rate_measurement_send &rArr; hrm_encode &rArr; __aeabi_memmove
</UL>
<BR>[Calls]<UL><LI><a href="#[ae]">&gt;&gt;</a>&nbsp;&nbsp;&nbsp;hrm_encode
</UL>
<BR>[Called By]<UL><LI><a href="#[36]">&gt;&gt;</a>&nbsp;&nbsp;&nbsp;hrs_c_evt_handler
</UL>

<P><STRONG><a name="[af]"></a>ble_hrs_init</STRONG> (Thumb, 86 bytes, Stack size 16 bytes, ble_hrs.o(i.ble_hrs_init))
<BR><BR>[Stack]<UL><LI>Max Depth = 160<LI>Call Chain = ble_hrs_init &rArr; heart_rate_measurement_char_add &rArr; hrm_encode &rArr; __aeabi_memmove
</UL>
<BR>[Calls]<UL><LI><a href="#[b0]">&gt;&gt;</a>&nbsp;&nbsp;&nbsp;heart_rate_measurement_char_add
<LI><a href="#[b1]">&gt;&gt;</a>&nbsp;&nbsp;&nbsp;body_sensor_location_char_add
</UL>
<BR>[Called By]<UL><LI><a href="#[13e]">&gt;&gt;</a>&nbsp;&nbsp;&nbsp;services_init
</UL>

<P><STRONG><a name="[a4]"></a>ble_hrs_on_ble_evt</STRONG> (Thumb, 80 bytes, Stack size 16 bytes, ble_hrs.o(i.ble_hrs_on_ble_evt))
<BR><BR>[Stack]<UL><LI>Max Depth = 16<LI>Call Chain = ble_hrs_on_ble_evt
</UL>
<BR>[Called By]<UL><LI><a href="#[29]">&gt;&gt;</a>&nbsp;&nbsp;&nbsp;ble_evt_dispatch
</UL>

<P><STRONG><a name="[b2]"></a>ble_rscs_c_init</STRONG> (Thumb, 52 bytes, Stack size 8 bytes, ble_rscs_c.o(i.ble_rscs_c_init))
<BR><BR>[Stack]<UL><LI>Max Depth = 20<LI>Call Chain = ble_rscs_c_init &rArr; ble_db_discovery_evt_register
</UL>
<BR>[Calls]<UL><LI><a href="#[ac]">&gt;&gt;</a>&nbsp;&nbsp;&nbsp;ble_db_discovery_evt_register
</UL>
<BR>[Called By]<UL><LI><a href="#[20]">&gt;&gt;</a>&nbsp;&nbsp;&nbsp;main
</UL>

<P><STRONG><a name="[a8]"></a>ble_rscs_c_on_ble_evt</STRONG> (Thumb, 42 bytes, Stack size 8 bytes, ble_rscs_c.o(i.ble_rscs_c_on_ble_evt))
<BR><BR>[Stack]<UL><LI>Max Depth = 48<LI>Call Chain = ble_rscs_c_on_ble_evt &rArr; on_hvx
</UL>
<BR>[Calls]<UL><LI><a href="#[b4]">&gt;&gt;</a>&nbsp;&nbsp;&nbsp;tx_buffer_process
<LI><a href="#[b3]">&gt;&gt;</a>&nbsp;&nbsp;&nbsp;on_hvx
</UL>
<BR>[Called By]<UL><LI><a href="#[29]">&gt;&gt;</a>&nbsp;&nbsp;&nbsp;ble_evt_dispatch
</UL>

<P><STRONG><a name="[b5]"></a>ble_rscs_c_rsc_notif_enable</STRONG> (Thumb, 68 bytes, Stack size 16 bytes, ble_rscs_c.o(i.ble_rscs_c_rsc_notif_enable))
<BR><BR>[Stack]<UL><LI>Max Depth = 24<LI>Call Chain = ble_rscs_c_rsc_notif_enable &rArr; tx_buffer_process
</UL>
<BR>[Calls]<UL><LI><a href="#[b4]">&gt;&gt;</a>&nbsp;&nbsp;&nbsp;tx_buffer_process
</UL>
<BR>[Called By]<UL><LI><a href="#[37]">&gt;&gt;</a>&nbsp;&nbsp;&nbsp;rscs_c_evt_handler
</UL>

<P><STRONG><a name="[b6]"></a>ble_rscs_init</STRONG> (Thumb, 74 bytes, Stack size 16 bytes, ble_rscs.o(i.ble_rscs_init))
<BR><BR>[Stack]<UL><LI>Max Depth = 140<LI>Call Chain = ble_rscs_init &rArr; rsc_measurement_char_add &rArr; rsc_measurement_encode
</UL>
<BR>[Calls]<UL><LI><a href="#[b7]">&gt;&gt;</a>&nbsp;&nbsp;&nbsp;rsc_measurement_char_add
<LI><a href="#[b8]">&gt;&gt;</a>&nbsp;&nbsp;&nbsp;rsc_feature_char_add
</UL>
<BR>[Called By]<UL><LI><a href="#[13e]">&gt;&gt;</a>&nbsp;&nbsp;&nbsp;services_init
</UL>

<P><STRONG><a name="[b9]"></a>ble_rscs_measurement_send</STRONG> (Thumb, 92 bytes, Stack size 56 bytes, ble_rscs.o(i.ble_rscs_measurement_send))
<BR><BR>[Stack]<UL><LI>Max Depth = 76<LI>Call Chain = ble_rscs_measurement_send &rArr; rsc_measurement_encode
</UL>
<BR>[Calls]<UL><LI><a href="#[ba]">&gt;&gt;</a>&nbsp;&nbsp;&nbsp;rsc_measurement_encode
</UL>
<BR>[Called By]<UL><LI><a href="#[37]">&gt;&gt;</a>&nbsp;&nbsp;&nbsp;rscs_c_evt_handler
</UL>

<P><STRONG><a name="[a5]"></a>ble_rscs_on_ble_evt</STRONG> (Thumb, 88 bytes, Stack size 16 bytes, ble_rscs.o(i.ble_rscs_on_ble_evt))
<BR><BR>[Stack]<UL><LI>Max Depth = 16<LI>Call Chain = ble_rscs_on_ble_evt
</UL>
<BR>[Called By]<UL><LI><a href="#[29]">&gt;&gt;</a>&nbsp;&nbsp;&nbsp;ble_evt_dispatch
</UL>

<P><STRONG><a name="[c2]"></a>bsp_btn_ble_init</STRONG> (Thumb, 80 bytes, Stack size 24 bytes, bsp_btn_ble.o(i.bsp_btn_ble_init))
<BR><BR>[Stack]<UL><LI>Max Depth = 48<LI>Call Chain = bsp_btn_ble_init &rArr; advertising_buttons_configure &rArr; bsp_event_to_button_action_assign
</UL>
<BR>[Calls]<UL><LI><a href="#[61]">&gt;&gt;</a>&nbsp;&nbsp;&nbsp;advertising_buttons_configure
<LI><a href="#[c3]">&gt;&gt;</a>&nbsp;&nbsp;&nbsp;bsp_button_is_pressed
</UL>
<BR>[Called By]<UL><LI><a href="#[20]">&gt;&gt;</a>&nbsp;&nbsp;&nbsp;main
</UL>

<P><STRONG><a name="[c3]"></a>bsp_button_is_pressed</STRONG> (Thumb, 34 bytes, Stack size 0 bytes, bsp.o(i.bsp_button_is_pressed))
<BR><BR>[Called By]<UL><LI><a href="#[c2]">&gt;&gt;</a>&nbsp;&nbsp;&nbsp;bsp_btn_ble_init
</UL>

<P><STRONG><a name="[62]"></a>bsp_event_to_button_action_assign</STRONG> (Thumb, 66 bytes, Stack size 16 bytes, bsp.o(i.bsp_event_to_button_action_assign))
<BR><BR>[Stack]<UL><LI>Max Depth = 16<LI>Call Chain = bsp_event_to_button_action_assign
</UL>
<BR>[Called By]<UL><LI><a href="#[61]">&gt;&gt;</a>&nbsp;&nbsp;&nbsp;advertising_buttons_configure
<LI><a href="#[c4]">&gt;&gt;</a>&nbsp;&nbsp;&nbsp;bsp_init
</UL>

<P><STRONG><a name="[c4]"></a>bsp_init</STRONG> (Thumb, 134 bytes, Stack size 16 bytes, bsp.o(i.bsp_init))
<BR><BR>[Stack]<UL><LI>Max Depth = 92<LI>Call Chain = bsp_init &rArr; app_button_init &rArr; nrf_drv_gpiote_in_init &rArr; channel_port_alloc
</UL>
<BR>[Calls]<UL><LI><a href="#[6b]">&gt;&gt;</a>&nbsp;&nbsp;&nbsp;app_timer_create
<LI><a href="#[67]">&gt;&gt;</a>&nbsp;&nbsp;&nbsp;app_button_init
<LI><a href="#[65]">&gt;&gt;</a>&nbsp;&nbsp;&nbsp;app_button_enable
<LI><a href="#[62]">&gt;&gt;</a>&nbsp;&nbsp;&nbsp;bsp_event_to_button_action_assign
</UL>
<BR>[Called By]<UL><LI><a href="#[20]">&gt;&gt;</a>&nbsp;&nbsp;&nbsp;main
</UL>

<P><STRONG><a name="[194]"></a>chunk_queue_next</STRONG> (Thumb, 20 bytes, Stack size 0 bytes, fds.o(i.chunk_queue_next))
<BR><BR>[Called By]<UL><LI><a href="#[f3]">&gt;&gt;</a>&nbsp;&nbsp;&nbsp;write_enqueue
</UL>

<P><STRONG><a name="[df]"></a>fds_clear</STRONG> (Thumb, 64 bytes, Stack size 16 bytes, fds.o(i.fds_clear))
<BR><BR>[Stack]<UL><LI>Max Depth = 208<LI>Call Chain = fds_clear &rArr; cmd_queue_process_start &rArr; cmd_queue_process &rArr;  cmd_queue_process (Cycle)
</UL>
<BR>[Calls]<UL><LI><a href="#[e0]">&gt;&gt;</a>&nbsp;&nbsp;&nbsp;queue_reserve
<LI><a href="#[d1]">&gt;&gt;</a>&nbsp;&nbsp;&nbsp;flag_is_set
<LI><a href="#[d0]">&gt;&gt;</a>&nbsp;&nbsp;&nbsp;cmd_queue_process_start
</UL>
<BR>[Called By]<UL><LI><a href="#[153]">&gt;&gt;</a>&nbsp;&nbsp;&nbsp;pds_peer_data_clear
</UL>

<P><STRONG><a name="[e1]"></a>fds_clear_by_instance</STRONG> (Thumb, 64 bytes, Stack size 16 bytes, fds.o(i.fds_clear_by_instance))
<BR><BR>[Stack]<UL><LI>Max Depth = 208<LI>Call Chain = fds_clear_by_instance &rArr; cmd_queue_process_start &rArr; cmd_queue_process &rArr;  cmd_queue_process (Cycle)
</UL>
<BR>[Calls]<UL><LI><a href="#[e0]">&gt;&gt;</a>&nbsp;&nbsp;&nbsp;queue_reserve
<LI><a href="#[d1]">&gt;&gt;</a>&nbsp;&nbsp;&nbsp;flag_is_set
<LI><a href="#[d0]">&gt;&gt;</a>&nbsp;&nbsp;&nbsp;cmd_queue_process_start
</UL>
<BR>[Called By]<UL><LI><a href="#[156]">&gt;&gt;</a>&nbsp;&nbsp;&nbsp;pds_peer_id_free
</UL>

<P><STRONG><a name="[e2]"></a>fds_close</STRONG> (Thumb, 42 bytes, Stack size 8 bytes, fds.o(i.fds_close))
<BR><BR>[Stack]<UL><LI>Max Depth = 8<LI>Call Chain = fds_close
</UL>
<BR>[Calls]<UL><LI><a href="#[e3]">&gt;&gt;</a>&nbsp;&nbsp;&nbsp;page_id_within_bounds
</UL>
<BR>[Called By]<UL><LI><a href="#[168]">&gt;&gt;</a>&nbsp;&nbsp;&nbsp;peer_ids_init
<LI><a href="#[158]">&gt;&gt;</a>&nbsp;&nbsp;&nbsp;pds_peer_data_read_ptr_get
</UL>

<P><STRONG><a name="[16f]"></a>fds_descriptor_from_rec_id</STRONG> (Thumb, 20 bytes, Stack size 0 bytes, fds.o(i.fds_descriptor_from_rec_id))
<BR><BR>[Called By]<UL><LI><a href="#[16b]">&gt;&gt;</a>&nbsp;&nbsp;&nbsp;pds_peer_data_update
</UL>

<P><STRONG><a name="[e6]"></a>fds_find</STRONG> (Thumb, 14 bytes, Stack size 24 bytes, fds.o(i.fds_find))
<BR><BR>[Stack]<UL><LI>Max Depth = 88<LI>Call Chain = fds_find &rArr; find_record_by_key &rArr; find_next_valid
</UL>
<BR>[Calls]<UL><LI><a href="#[e7]">&gt;&gt;</a>&nbsp;&nbsp;&nbsp;find_record_by_key
</UL>
<BR>[Called By]<UL><LI><a href="#[158]">&gt;&gt;</a>&nbsp;&nbsp;&nbsp;pds_peer_data_read_ptr_get
<LI><a href="#[153]">&gt;&gt;</a>&nbsp;&nbsp;&nbsp;pds_peer_data_clear
</UL>

<P><STRONG><a name="[e8]"></a>fds_find_by_type</STRONG> (Thumb, 16 bytes, Stack size 16 bytes, fds.o(i.fds_find_by_type))
<BR><BR>[Stack]<UL><LI>Max Depth = 80<LI>Call Chain = fds_find_by_type &rArr; find_record_by_key &rArr; find_next_valid
</UL>
<BR>[Calls]<UL><LI><a href="#[e7]">&gt;&gt;</a>&nbsp;&nbsp;&nbsp;find_record_by_key
</UL>
<BR>[Called By]<UL><LI><a href="#[168]">&gt;&gt;</a>&nbsp;&nbsp;&nbsp;peer_ids_init
</UL>

<P><STRONG><a name="[e9]"></a>fds_init</STRONG> (Thumb, 146 bytes, Stack size 40 bytes, fds.o(i.fds_init))
<BR><BR>[Stack]<UL><LI>Max Depth = 232<LI>Call Chain = fds_init &rArr; cmd_queue_process_start &rArr; cmd_queue_process &rArr;  cmd_queue_process (Cycle)
</UL>
<BR>[Calls]<UL><LI><a href="#[c6]">&gt;&gt;</a>&nbsp;&nbsp;&nbsp;__ARM_common_switch8
<LI><a href="#[e0]">&gt;&gt;</a>&nbsp;&nbsp;&nbsp;queue_reserve
<LI><a href="#[eb]">&gt;&gt;</a>&nbsp;&nbsp;&nbsp;pages_init
<LI><a href="#[d2]">&gt;&gt;</a>&nbsp;&nbsp;&nbsp;flag_set
<LI><a href="#[d1]">&gt;&gt;</a>&nbsp;&nbsp;&nbsp;flag_is_set
<LI><a href="#[cf]">&gt;&gt;</a>&nbsp;&nbsp;&nbsp;flag_clear
<LI><a href="#[d0]">&gt;&gt;</a>&nbsp;&nbsp;&nbsp;cmd_queue_process_start
<LI><a href="#[ce]">&gt;&gt;</a>&nbsp;&nbsp;&nbsp;app_notify
<LI><a href="#[ea]">&gt;&gt;</a>&nbsp;&nbsp;&nbsp;fs_init
</UL>
<BR>[Called By]<UL><LI><a href="#[15a]">&gt;&gt;</a>&nbsp;&nbsp;&nbsp;pds_register
</UL>

<P><STRONG><a name="[ec]"></a>fds_open</STRONG> (Thumb, 82 bytes, Stack size 16 bytes, fds.o(i.fds_open))
<BR><BR>[Stack]<UL><LI>Max Depth = 64<LI>Call Chain = fds_open &rArr; find_record &rArr; find_next_valid
</UL>
<BR>[Calls]<UL><LI><a href="#[e3]">&gt;&gt;</a>&nbsp;&nbsp;&nbsp;page_id_within_bounds
<LI><a href="#[ee]">&gt;&gt;</a>&nbsp;&nbsp;&nbsp;header_is_valid
<LI><a href="#[ed]">&gt;&gt;</a>&nbsp;&nbsp;&nbsp;find_record
</UL>
<BR>[Called By]<UL><LI><a href="#[168]">&gt;&gt;</a>&nbsp;&nbsp;&nbsp;peer_ids_init
<LI><a href="#[158]">&gt;&gt;</a>&nbsp;&nbsp;&nbsp;pds_peer_data_read_ptr_get
</UL>

<P><STRONG><a name="[170]"></a>fds_record_id_from_desc</STRONG> (Thumb, 20 bytes, Stack size 0 bytes, fds.o(i.fds_record_id_from_desc))
<BR><BR>[Called By]<UL><LI><a href="#[172]">&gt;&gt;</a>&nbsp;&nbsp;&nbsp;pds_peer_data_write_prepared
<LI><a href="#[171]">&gt;&gt;</a>&nbsp;&nbsp;&nbsp;pds_peer_data_write
<LI><a href="#[16b]">&gt;&gt;</a>&nbsp;&nbsp;&nbsp;pds_peer_data_update
</UL>

<P><STRONG><a name="[176]"></a>fds_register</STRONG> (Thumb, 28 bytes, Stack size 8 bytes, fds.o(i.fds_register))
<BR><BR>[Stack]<UL><LI>Max Depth = 8<LI>Call Chain = fds_register
</UL>
<BR>[Called By]<UL><LI><a href="#[15a]">&gt;&gt;</a>&nbsp;&nbsp;&nbsp;pds_register
</UL>

<P><STRONG><a name="[ef]"></a>fds_reserve</STRONG> (Thumb, 50 bytes, Stack size 16 bytes, fds.o(i.fds_reserve))
<BR><BR>[Stack]<UL><LI>Max Depth = 28<LI>Call Chain = fds_reserve &rArr; write_space_reserve
</UL>
<BR>[Calls]<UL><LI><a href="#[f0]">&gt;&gt;</a>&nbsp;&nbsp;&nbsp;write_space_reserve
<LI><a href="#[d1]">&gt;&gt;</a>&nbsp;&nbsp;&nbsp;flag_is_set
</UL>
<BR>[Called By]<UL><LI><a href="#[166]">&gt;&gt;</a>&nbsp;&nbsp;&nbsp;pds_peer_data_write_prepare
</UL>

<P><STRONG><a name="[f1]"></a>fds_reserve_cancel</STRONG> (Thumb, 68 bytes, Stack size 8 bytes, fds.o(i.fds_reserve_cancel))
<BR><BR>[Stack]<UL><LI>Max Depth = 8<LI>Call Chain = fds_reserve_cancel
</UL>
<BR>[Calls]<UL><LI><a href="#[e3]">&gt;&gt;</a>&nbsp;&nbsp;&nbsp;page_id_within_bounds
<LI><a href="#[d1]">&gt;&gt;</a>&nbsp;&nbsp;&nbsp;flag_is_set
</UL>
<BR>[Called By]<UL><LI><a href="#[162]">&gt;&gt;</a>&nbsp;&nbsp;&nbsp;pds_peer_data_write_prepare_cancel
</UL>

<P><STRONG><a name="[f2]"></a>fds_update</STRONG> (Thumb, 16 bytes, Stack size 24 bytes, fds.o(i.fds_update))
<BR><BR>[Stack]<UL><LI>Max Depth = 288<LI>Call Chain = fds_update &rArr; write_enqueue &rArr; cmd_queue_process_start &rArr; cmd_queue_process &rArr;  cmd_queue_process (Cycle)
</UL>
<BR>[Calls]<UL><LI><a href="#[f3]">&gt;&gt;</a>&nbsp;&nbsp;&nbsp;write_enqueue
</UL>
<BR>[Called By]<UL><LI><a href="#[16b]">&gt;&gt;</a>&nbsp;&nbsp;&nbsp;pds_peer_data_update
</UL>

<P><STRONG><a name="[f4]"></a>fds_write</STRONG> (Thumb, 14 bytes, Stack size 16 bytes, fds.o(i.fds_write))
<BR><BR>[Stack]<UL><LI>Max Depth = 280<LI>Call Chain = fds_write &rArr; write_enqueue &rArr; cmd_queue_process_start &rArr; cmd_queue_process &rArr;  cmd_queue_process (Cycle)
</UL>
<BR>[Calls]<UL><LI><a href="#[f3]">&gt;&gt;</a>&nbsp;&nbsp;&nbsp;write_enqueue
</UL>
<BR>[Called By]<UL><LI><a href="#[171]">&gt;&gt;</a>&nbsp;&nbsp;&nbsp;pds_peer_data_write
</UL>

<P><STRONG><a name="[f5]"></a>fds_write_reserved</STRONG> (Thumb, 28 bytes, Stack size 24 bytes, fds.o(i.fds_write_reserved))
<BR><BR>[Stack]<UL><LI>Max Depth = 288<LI>Call Chain = fds_write_reserved &rArr; write_enqueue &rArr; cmd_queue_process_start &rArr; cmd_queue_process &rArr;  cmd_queue_process (Cycle)
</UL>
<BR>[Calls]<UL><LI><a href="#[f3]">&gt;&gt;</a>&nbsp;&nbsp;&nbsp;write_enqueue
</UL>
<BR>[Called By]<UL><LI><a href="#[172]">&gt;&gt;</a>&nbsp;&nbsp;&nbsp;pds_peer_data_write_prepared
</UL>

<P><STRONG><a name="[fa]"></a>fs_erase</STRONG> (Thumb, 94 bytes, Stack size 40 bytes, fstorage.o(i.fs_erase))
<BR><BR>[Stack]<UL><LI>Max Depth = 88<LI>Call Chain = fs_erase &rArr; cmd_enqueue &rArr; queue_process &rArr; app_notify
</UL>
<BR>[Calls]<UL><LI><a href="#[c8]">&gt;&gt;</a>&nbsp;&nbsp;&nbsp;cmd_enqueue
<LI><a href="#[fb]">&gt;&gt;</a>&nbsp;&nbsp;&nbsp;check_config
</UL>
<BR>[Called By]<UL><LI><a href="#[cb]">&gt;&gt;</a>&nbsp;&nbsp;&nbsp;init_execute
<LI><a href="#[101]">&gt;&gt;</a>&nbsp;&nbsp;&nbsp;gc_swap
<LI><a href="#[102]">&gt;&gt;</a>&nbsp;&nbsp;&nbsp;gc_erase_swap
</UL>

<P><STRONG><a name="[ea]"></a>fs_init</STRONG> (Thumb, 102 bytes, Stack size 20 bytes, fstorage.o(i.fs_init))
<BR><BR>[Stack]<UL><LI>Max Depth = 20<LI>Call Chain = fs_init
</UL>
<BR>[Called By]<UL><LI><a href="#[e9]">&gt;&gt;</a>&nbsp;&nbsp;&nbsp;fds_init
</UL>

<P><STRONG><a name="[fc]"></a>fs_store</STRONG> (Thumb, 94 bytes, Stack size 40 bytes, fstorage.o(i.fs_store))
<BR><BR>[Stack]<UL><LI>Max Depth = 88<LI>Call Chain = fs_store &rArr; cmd_enqueue &rArr; queue_process &rArr; app_notify
</UL>
<BR>[Calls]<UL><LI><a href="#[c8]">&gt;&gt;</a>&nbsp;&nbsp;&nbsp;cmd_enqueue
<LI><a href="#[fb]">&gt;&gt;</a>&nbsp;&nbsp;&nbsp;check_config
</UL>
<BR>[Called By]<UL><LI><a href="#[18c]">&gt;&gt;</a>&nbsp;&nbsp;&nbsp;write_chunks
<LI><a href="#[cc]">&gt;&gt;</a>&nbsp;&nbsp;&nbsp;store_execute
<LI><a href="#[103]">&gt;&gt;</a>&nbsp;&nbsp;&nbsp;page_tag_write_valid
<LI><a href="#[104]">&gt;&gt;</a>&nbsp;&nbsp;&nbsp;page_tag_write_swap
<LI><a href="#[100]">&gt;&gt;</a>&nbsp;&nbsp;&nbsp;gc_copy_record
</UL>

<P><STRONG><a name="[fd]"></a>fs_sys_event_handler</STRONG> (Thumb, 114 bytes, Stack size 8 bytes, fstorage.o(i.fs_sys_event_handler))
<BR><BR>[Stack]<UL><LI>Max Depth = 40<LI>Call Chain = fs_sys_event_handler &rArr; queue_process &rArr; app_notify
</UL>
<BR>[Calls]<UL><LI><a href="#[c9]">&gt;&gt;</a>&nbsp;&nbsp;&nbsp;queue_process
<LI><a href="#[ff]">&gt;&gt;</a>&nbsp;&nbsp;&nbsp;queue_advance
<LI><a href="#[fe]">&gt;&gt;</a>&nbsp;&nbsp;&nbsp;app_notify
</UL>
<BR>[Called By]<UL><LI><a href="#[2a]">&gt;&gt;</a>&nbsp;&nbsp;&nbsp;sys_evt_dispatch
</UL>

<P><STRONG><a name="[105]"></a>gccm_init</STRONG> (Thumb, 26 bytes, Stack size 8 bytes, gattc_cache_manager.o(i.gccm_init))
<BR><BR>[Stack]<UL><LI>Max Depth = 288<LI>Call Chain = gccm_init &rArr; pdb_register &rArr; pds_register &rArr; fds_init &rArr; cmd_queue_process_start &rArr; cmd_queue_process &rArr;  cmd_queue_process (Cycle)
</UL>
<BR>[Calls]<UL><LI><a href="#[106]">&gt;&gt;</a>&nbsp;&nbsp;&nbsp;pdb_register
</UL>
<BR>[Called By]<UL><LI><a href="#[10e]">&gt;&gt;</a>&nbsp;&nbsp;&nbsp;gcm_init
</UL>

<P><STRONG><a name="[107]"></a>gcm_ble_evt_handler</STRONG> (Thumb, 218 bytes, Stack size 64 bytes, gatt_cache_manager.o(i.gcm_ble_evt_handler))
<BR><BR>[Stack]<UL><LI>Max Depth = 560<LI>Call Chain = gcm_ble_evt_handler &rArr; local_db_update_in_evt &rArr; gscm_local_db_cache_update &rArr; pdb_write_buf_store &rArr; write_or_update &rArr; pds_peer_data_write_prepared &rArr; fds_write_reserved &rArr; write_enqueue &rArr; cmd_queue_process_start &rArr; cmd_queue_process &rArr;  cmd_queue_process (Cycle)
</UL>
<BR>[Calls]<UL><LI><a href="#[7c]">&gt;&gt;</a>&nbsp;&nbsp;&nbsp;im_peer_id_get_by_conn_handle
<LI><a href="#[109]">&gt;&gt;</a>&nbsp;&nbsp;&nbsp;gscm_peer_was_notified_of_db_change
<LI><a href="#[10b]">&gt;&gt;</a>&nbsp;&nbsp;&nbsp;service_changed_pending_flags_check
<LI><a href="#[10a]">&gt;&gt;</a>&nbsp;&nbsp;&nbsp;local_db_update_in_evt
<LI><a href="#[108]">&gt;&gt;</a>&nbsp;&nbsp;&nbsp;local_db_apply_in_evt
<LI><a href="#[7d]">&gt;&gt;</a>&nbsp;&nbsp;&nbsp;ble_conn_state_user_flag_set
<LI><a href="#[9b]">&gt;&gt;</a>&nbsp;&nbsp;&nbsp;ble_conn_state_user_flag_get
<LI><a href="#[9a]">&gt;&gt;</a>&nbsp;&nbsp;&nbsp;ble_conn_state_user_flag_collection
<LI><a href="#[8d]">&gt;&gt;</a>&nbsp;&nbsp;&nbsp;ble_conn_state_conn_handles
<LI><a href="#[76]">&gt;&gt;</a>&nbsp;&nbsp;&nbsp;__aeabi_memcpy4
</UL>
<BR>[Called By]<UL><LI><a href="#[a3]">&gt;&gt;</a>&nbsp;&nbsp;&nbsp;pm_ble_evt_handler
</UL>

<P><STRONG><a name="[3f]"></a>gcm_evt_handler</STRONG> (Thumb, 128 bytes, Stack size 32 bytes, peer_manager.o(i.gcm_evt_handler))
<BR><BR>[Stack]<UL><LI>Max Depth = 48<LI>Call Chain = gcm_evt_handler &rArr; evt_send
</UL>
<BR>[Calls]<UL><LI><a href="#[c6]">&gt;&gt;</a>&nbsp;&nbsp;&nbsp;__ARM_common_switch8
<LI><a href="#[10c]">&gt;&gt;</a>&nbsp;&nbsp;&nbsp;im_conn_handle_get
<LI><a href="#[10d]">&gt;&gt;</a>&nbsp;&nbsp;&nbsp;evt_send
</UL>
<BR>[Address Reference Count : 1]<UL><LI> peer_manager.o(i.pm_init)
</UL>
<P><STRONG><a name="[10e]"></a>gcm_init</STRONG> (Thumb, 102 bytes, Stack size 16 bytes, gatt_cache_manager.o(i.gcm_init))
<BR><BR>[Stack]<UL><LI>Max Depth = 312<LI>Call Chain = gcm_init &rArr; smd_register &rArr; pdb_register &rArr; pds_register &rArr; fds_init &rArr; cmd_queue_process_start &rArr; cmd_queue_process &rArr;  cmd_queue_process (Cycle)
</UL>
<BR>[Calls]<UL><LI><a href="#[111]">&gt;&gt;</a>&nbsp;&nbsp;&nbsp;smd_register
<LI><a href="#[110]">&gt;&gt;</a>&nbsp;&nbsp;&nbsp;im_register
<LI><a href="#[10f]">&gt;&gt;</a>&nbsp;&nbsp;&nbsp;gscm_init
<LI><a href="#[105]">&gt;&gt;</a>&nbsp;&nbsp;&nbsp;gccm_init
<LI><a href="#[98]">&gt;&gt;</a>&nbsp;&nbsp;&nbsp;ble_conn_state_user_flag_acquire
</UL>
<BR>[Called By]<UL><LI><a href="#[17c]">&gt;&gt;</a>&nbsp;&nbsp;&nbsp;pm_init
</UL>

<P><STRONG><a name="[112]"></a>gcm_local_database_has_changed</STRONG> (Thumb, 66 bytes, Stack size 40 bytes, gatt_cache_manager.o(i.gcm_local_database_has_changed))
<BR><BR>[Stack]<UL><LI>Max Depth = 480<LI>Call Chain = gcm_local_database_has_changed &rArr; gscm_local_database_has_changed &rArr; pdb_raw_store &rArr; write_or_update &rArr; pds_peer_data_write_prepared &rArr; fds_write_reserved &rArr; write_enqueue &rArr; cmd_queue_process_start &rArr; cmd_queue_process &rArr;  cmd_queue_process (Cycle)
</UL>
<BR>[Calls]<UL><LI><a href="#[7c]">&gt;&gt;</a>&nbsp;&nbsp;&nbsp;im_peer_id_get_by_conn_handle
<LI><a href="#[113]">&gt;&gt;</a>&nbsp;&nbsp;&nbsp;gscm_local_database_has_changed
<LI><a href="#[10b]">&gt;&gt;</a>&nbsp;&nbsp;&nbsp;service_changed_pending_flags_check
<LI><a href="#[7d]">&gt;&gt;</a>&nbsp;&nbsp;&nbsp;ble_conn_state_user_flag_set
<LI><a href="#[8d]">&gt;&gt;</a>&nbsp;&nbsp;&nbsp;ble_conn_state_conn_handles
</UL>
<BR>[Called By]<UL><LI><a href="#[181]">&gt;&gt;</a>&nbsp;&nbsp;&nbsp;pm_local_database_has_changed
</UL>

<P><STRONG><a name="[114]"></a>get_connection_by_conn_handle</STRONG> (Thumb, 48 bytes, Stack size 8 bytes, id_manager.o(i.get_connection_by_conn_handle))
<BR><BR>[Stack]<UL><LI>Max Depth = 32<LI>Call Chain = get_connection_by_conn_handle &rArr; ble_conn_state_user_flag_get &rArr; sdk_mapped_flags_get_by_key
</UL>
<BR>[Calls]<UL><LI><a href="#[9b]">&gt;&gt;</a>&nbsp;&nbsp;&nbsp;ble_conn_state_user_flag_get
</UL>
<BR>[Called By]<UL><LI><a href="#[124]">&gt;&gt;</a>&nbsp;&nbsp;&nbsp;new_connection
<LI><a href="#[125]">&gt;&gt;</a>&nbsp;&nbsp;&nbsp;im_new_peer_id
<LI><a href="#[122]">&gt;&gt;</a>&nbsp;&nbsp;&nbsp;im_ble_addr_get
<LI><a href="#[7c]">&gt;&gt;</a>&nbsp;&nbsp;&nbsp;im_peer_id_get_by_conn_handle
</UL>

<P><STRONG><a name="[115]"></a>get_free_connection</STRONG> (Thumb, 44 bytes, Stack size 16 bytes, id_manager.o(i.get_free_connection))
<BR><BR>[Stack]<UL><LI>Max Depth = 40<LI>Call Chain = get_free_connection &rArr; ble_conn_state_user_flag_get &rArr; sdk_mapped_flags_get_by_key
</UL>
<BR>[Calls]<UL><LI><a href="#[9b]">&gt;&gt;</a>&nbsp;&nbsp;&nbsp;ble_conn_state_user_flag_get
</UL>
<BR>[Called By]<UL><LI><a href="#[124]">&gt;&gt;</a>&nbsp;&nbsp;&nbsp;new_connection
</UL>

<P><STRONG><a name="[10f]"></a>gscm_init</STRONG> (Thumb, 26 bytes, Stack size 8 bytes, gatts_cache_manager.o(i.gscm_init))
<BR><BR>[Stack]<UL><LI>Max Depth = 288<LI>Call Chain = gscm_init &rArr; pdb_register &rArr; pds_register &rArr; fds_init &rArr; cmd_queue_process_start &rArr; cmd_queue_process &rArr;  cmd_queue_process (Cycle)
</UL>
<BR>[Calls]<UL><LI><a href="#[106]">&gt;&gt;</a>&nbsp;&nbsp;&nbsp;pdb_register
</UL>
<BR>[Called By]<UL><LI><a href="#[10e]">&gt;&gt;</a>&nbsp;&nbsp;&nbsp;gcm_init
</UL>

<P><STRONG><a name="[113]"></a>gscm_local_database_has_changed</STRONG> (Thumb, 50 bytes, Stack size 24 bytes, gatts_cache_manager.o(i.gscm_local_database_has_changed))
<BR><BR>[Stack]<UL><LI>Max Depth = 440<LI>Call Chain = gscm_local_database_has_changed &rArr; pdb_raw_store &rArr; write_or_update &rArr; pds_peer_data_write_prepared &rArr; fds_write_reserved &rArr; write_enqueue &rArr; cmd_queue_process_start &rArr; cmd_queue_process &rArr;  cmd_queue_process (Cycle)
</UL>
<BR>[Calls]<UL><LI><a href="#[116]">&gt;&gt;</a>&nbsp;&nbsp;&nbsp;pdb_next_peer_id_get
<LI><a href="#[117]">&gt;&gt;</a>&nbsp;&nbsp;&nbsp;pdb_raw_store
</UL>
<BR>[Called By]<UL><LI><a href="#[112]">&gt;&gt;</a>&nbsp;&nbsp;&nbsp;gcm_local_database_has_changed
</UL>

<P><STRONG><a name="[118]"></a>gscm_local_db_cache_apply</STRONG> (Thumb, 122 bytes, Stack size 32 bytes, gatts_cache_manager.o(i.gscm_local_db_cache_apply))
<BR><BR>[Stack]<UL><LI>Max Depth = 192<LI>Call Chain = gscm_local_db_cache_apply &rArr; pdb_read_buf_get &rArr; pds_peer_data_read_ptr_get &rArr; fds_find &rArr; find_record_by_key &rArr; find_next_valid
</UL>
<BR>[Calls]<UL><LI><a href="#[119]">&gt;&gt;</a>&nbsp;&nbsp;&nbsp;pdb_read_buf_get
<LI><a href="#[7c]">&gt;&gt;</a>&nbsp;&nbsp;&nbsp;im_peer_id_get_by_conn_handle
</UL>
<BR>[Called By]<UL><LI><a href="#[108]">&gt;&gt;</a>&nbsp;&nbsp;&nbsp;local_db_apply_in_evt
</UL>

<P><STRONG><a name="[11a]"></a>gscm_local_db_cache_update</STRONG> (Thumb, 138 bytes, Stack size 32 bytes, gatts_cache_manager.o(i.gscm_local_db_cache_update))
<BR><BR>[Stack]<UL><LI>Max Depth = 464<LI>Call Chain = gscm_local_db_cache_update &rArr; pdb_write_buf_store &rArr; write_or_update &rArr; pds_peer_data_write_prepared &rArr; fds_write_reserved &rArr; write_enqueue &rArr; cmd_queue_process_start &rArr; cmd_queue_process &rArr;  cmd_queue_process (Cycle)
</UL>
<BR>[Calls]<UL><LI><a href="#[7e]">&gt;&gt;</a>&nbsp;&nbsp;&nbsp;pdb_write_buf_store
<LI><a href="#[11c]">&gt;&gt;</a>&nbsp;&nbsp;&nbsp;pdb_write_buf_release
<LI><a href="#[11b]">&gt;&gt;</a>&nbsp;&nbsp;&nbsp;pdb_write_buf_get
<LI><a href="#[11d]">&gt;&gt;</a>&nbsp;&nbsp;&nbsp;pdb_clear
<LI><a href="#[7c]">&gt;&gt;</a>&nbsp;&nbsp;&nbsp;im_peer_id_get_by_conn_handle
</UL>
<BR>[Called By]<UL><LI><a href="#[10a]">&gt;&gt;</a>&nbsp;&nbsp;&nbsp;local_db_update_in_evt
</UL>

<P><STRONG><a name="[109]"></a>gscm_peer_was_notified_of_db_change</STRONG> (Thumb, 36 bytes, Stack size 16 bytes, gatts_cache_manager.o(i.gscm_peer_was_notified_of_db_change))
<BR><BR>[Stack]<UL><LI>Max Depth = 432<LI>Call Chain = gscm_peer_was_notified_of_db_change &rArr; pdb_raw_store &rArr; write_or_update &rArr; pds_peer_data_write_prepared &rArr; fds_write_reserved &rArr; write_enqueue &rArr; cmd_queue_process_start &rArr; cmd_queue_process &rArr;  cmd_queue_process (Cycle)
</UL>
<BR>[Calls]<UL><LI><a href="#[117]">&gt;&gt;</a>&nbsp;&nbsp;&nbsp;pdb_raw_store
</UL>
<BR>[Called By]<UL><LI><a href="#[107]">&gt;&gt;</a>&nbsp;&nbsp;&nbsp;gcm_ble_evt_handler
</UL>

<P><STRONG><a name="[11e]"></a>gscm_service_changed_ind_needed</STRONG> (Thumb, 30 bytes, Stack size 16 bytes, gatts_cache_manager.o(i.gscm_service_changed_ind_needed))
<BR><BR>[Stack]<UL><LI>Max Depth = 176<LI>Call Chain = gscm_service_changed_ind_needed &rArr; pdb_read_buf_get &rArr; pds_peer_data_read_ptr_get &rArr; fds_find &rArr; find_record_by_key &rArr; find_next_valid
</UL>
<BR>[Calls]<UL><LI><a href="#[119]">&gt;&gt;</a>&nbsp;&nbsp;&nbsp;pdb_read_buf_get
<LI><a href="#[7c]">&gt;&gt;</a>&nbsp;&nbsp;&nbsp;im_peer_id_get_by_conn_handle
</UL>
<BR>[Called By]<UL><LI><a href="#[31]">&gt;&gt;</a>&nbsp;&nbsp;&nbsp;im_evt_handler
</UL>

<P><STRONG><a name="[187]"></a>gscm_service_changed_ind_send</STRONG> (Thumb, 38 bytes, Stack size 24 bytes, gatts_cache_manager.o(i.gscm_service_changed_ind_send))
<BR><BR>[Stack]<UL><LI>Max Depth = 24<LI>Call Chain = gscm_service_changed_ind_send
</UL>
<BR>[Called By]<UL><LI><a href="#[10b]">&gt;&gt;</a>&nbsp;&nbsp;&nbsp;service_changed_pending_flags_check
</UL>

<P><STRONG><a name="[121]"></a>im_address_resolve</STRONG> (Thumb, 64 bytes, Stack size 24 bytes, id_manager.o(i.im_address_resolve))
[...]
</UL>

<P><STRONG><a name="[137]"></a>list_insertions_handler</STRONG> (Thumb, 202 bytes, Stack size 24 bytes, app_timer.o(i.list_insertions_handler))
<BR><BR>[Stack]<UL><LI>Max Depth = 32<LI>Call Chain = list_insertions_handler &rArr; timer_list_insert
</UL>
<BR>[Calls]<UL><LI><a href="#[138]">&gt;&gt;</a>&nbsp;&nbsp;&nbsp;timer_list_insert
</UL>
<BR>[Called By]<UL><LI><a href="#[51]">&gt;&gt;</a>&nbsp;&nbsp;&nbsp;timer_list_handler
</UL>

<P><STRONG><a name="[6e]"></a>rtc1_stop</STRONG> (Thumb, 50 bytes, Stack size 16 bytes, app_timer.o(i.rtc1_stop))
<BR><BR>[Stack]<UL><LI>Max Depth = 16<LI>Call Chain = rtc1_stop
</UL>
<BR>[Calls]<UL><LI><a href="#[48]">&gt;&gt;</a>&nbsp;&nbsp;&nbsp;__asm___11_app_timer_c_cd27f9c3__nrf_delay_us
</UL>
<BR>[Called By]<UL><LI><a href="#[6d]">&gt;&gt;</a>&nbsp;&nbsp;&nbsp;app_timer_init
<LI><a href="#[d3]">&gt;&gt;</a>&nbsp;&nbsp;&nbsp;compare_reg_update
</UL>

<P><STRONG><a name="[51]"></a>timer_list_handler</STRONG> (Thumb, 128 bytes, Stack size 32 bytes, app_timer.o(i.timer_list_handler))
<BR><BR>[Stack]<UL><LI>Max Depth = 72<LI>Call Chain = timer_list_handler &rArr; compare_reg_update &rArr; rtc1_stop
</UL>
<BR>[Calls]<UL><LI><a href="#[137]">&gt;&gt;</a>&nbsp;&nbsp;&nbsp;list_insertions_handler
<LI><a href="#[18e]">&gt;&gt;</a>&nbsp;&nbsp;&nbsp;list_deletions_handler
<LI><a href="#[18d]">&gt;&gt;</a>&nbsp;&nbsp;&nbsp;elapsed_ticks_acquire
<LI><a href="#[d3]">&gt;&gt;</a>&nbsp;&nbsp;&nbsp;compare_reg_update
</UL>
<BR>[Called By]<UL><LI><a href="#[1a]">&gt;&gt;</a>&nbsp;&nbsp;&nbsp;SWI0_IRQHandler
</UL>

<P><STRONG><a name="[73]"></a>timer_list_handler_sched</STRONG> (Thumb, 10 bytes, Stack size 0 bytes, app_timer.o(i.timer_list_handler_sched))
<BR><BR>[Called By]<UL><LI><a href="#[74]">&gt;&gt;</a>&nbsp;&nbsp;&nbsp;app_timer_stop
<LI><a href="#[70]">&gt;&gt;</a>&nbsp;&nbsp;&nbsp;app_timer_start
<LI><a href="#[50]">&gt;&gt;</a>&nbsp;&nbsp;&nbsp;timer_timeouts_check
</UL>

<P><STRONG><a name="[138]"></a>timer_list_insert</STRONG> (Thumb, 60 bytes, Stack size 8 bytes, app_timer.o(i.timer_list_insert))
<BR><BR>[Stack]<UL><LI>Max Depth = 8<LI>Call Chain = timer_list_insert
</UL>
<BR>[Called By]<UL><LI><a href="#[137]">&gt;&gt;</a>&nbsp;&nbsp;&nbsp;list_insertions_handler
</UL>

<P><STRONG><a name="[50]"></a>timer_timeouts_check</STRONG> (Thumb, 118 bytes, Stack size 24 bytes, app_timer.o(i.timer_timeouts_check))
<BR><BR>[Stack]<UL><LI>Max Depth = 40<LI>Call Chain = timer_timeouts_check &rArr; app_error_handler_bare
</UL>
<BR>[Calls]<UL><LI><a href="#[52]">&gt;&gt;</a>&nbsp;&nbsp;&nbsp;app_error_handler_bare
<LI><a href="#[73]">&gt;&gt;</a>&nbsp;&nbsp;&nbsp;timer_list_handler_sched
</UL>
<BR>[Called By]<UL><LI><a href="#[17]">&gt;&gt;</a>&nbsp;&nbsp;&nbsp;RTC1_IRQHandler
</UL>

<P><STRONG><a name="[71]"></a>user_id_get</STRONG> (Thumb, 74 bytes, Stack size 0 bytes, app_timer.o(i.user_id_get))
<BR><BR>[Called By]<UL><LI><a href="#[74]">&gt;&gt;</a>&nbsp;&nbsp;&nbsp;app_timer_stop
<LI><a href="#[70]">&gt;&gt;</a>&nbsp;&nbsp;&nbsp;app_timer_start
</UL>

<P><STRONG><a name="[72]"></a>user_op_alloc</STRONG> (Thumb, 38 bytes, Stack size 0 bytes, app_timer.o(i.user_op_alloc))
<BR><BR>[Called By]<UL><LI><a href="#[74]">&gt;&gt;</a>&nbsp;&nbsp;&nbsp;app_timer_stop
<LI><a href="#[70]">&gt;&gt;</a>&nbsp;&nbsp;&nbsp;app_timer_start
</UL>

<P><STRONG><a name="[ce]"></a>app_notify</STRONG> (Thumb, 30 bytes, Stack size 16 bytes, fds.o(i.app_notify))
<BR><BR>[Stack]<UL><LI>Max Depth = 16<LI>Call Chain = app_notify
</UL>
<BR>[Called By]<UL><LI><a href="#[e9]">&gt;&gt;</a>&nbsp;&nbsp;&nbsp;fds_init
<LI><a href="#[ca]">&gt;&gt;</a>&nbsp;&nbsp;&nbsp;cmd_queue_process
</UL>

<P><STRONG><a name="[ca]"></a>cmd_queue_process</STRONG> (Thumb, 240 bytes, Stack size 40 bytes, fds.o(i.cmd_queue_process))
<BR><BR>[Stack]<UL><LI>Max Depth = 184 + In Cycle
<LI>Call Chain = cmd_queue_process &rArr;  cmd_queue_process (Cycle)
</UL>
<BR>[Calls]<UL><LI><a href="#[c6]">&gt;&gt;</a>&nbsp;&nbsp;&nbsp;__ARM_common_switch8
<LI><a href="#[cc]">&gt;&gt;</a>&nbsp;&nbsp;&nbsp;store_execute
<LI><a href="#[cb]">&gt;&gt;</a>&nbsp;&nbsp;&nbsp;init_execute
<LI><a href="#[cd]">&gt;&gt;</a>&nbsp;&nbsp;&nbsp;gc_execute
<LI><a href="#[cf]">&gt;&gt;</a>&nbsp;&nbsp;&nbsp;flag_clear
<LI><a href="#[ca]">&gt;&gt;</a>&nbsp;&nbsp;&nbsp;cmd_queue_process
<LI><a href="#[ce]">&gt;&gt;</a>&nbsp;&nbsp;&nbsp;app_notify
<LI><a href="#[64]">&gt;&gt;</a>&nbsp;&nbsp;&nbsp;__aeabi_memclr4
</UL>
<BR>[Called By]<UL><LI><a href="#[0]">&gt;&gt;</a>&nbsp;&nbsp;&nbsp;fs_callback
<LI><a href="#[d0]">&gt;&gt;</a>&nbsp;&nbsp;&nbsp;cmd_queue_process_start
<LI><a href="#[ca]">&gt;&gt;</a>&nbsp;&nbsp;&nbsp;cmd_queue_process
</UL>

<P><STRONG><a name="[d0]"></a>cmd_queue_process_start</STRONG> (Thumb, 32 bytes, Stack size 8 bytes, fds.o(i.cmd_queue_process_start))
<BR><BR>[Stack]<UL><LI>Max Depth = 192<LI>Call Chain = cmd_queue_process_start &rArr; cmd_queue_process &rArr;  cmd_queue_process (Cycle)
</UL>
<BR>[Calls]<UL><LI><a href="#[d2]">&gt;&gt;</a>&nbsp;&nbsp;&nbsp;flag_set
<LI><a href="#[d1]">&gt;&gt;</a>&nbsp;&nbsp;&nbsp;flag_is_set
<LI><a href="#[ca]">&gt;&gt;</a>&nbsp;&nbsp;&nbsp;cmd_queue_process
</UL>
<BR>[Called By]<UL><LI><a href="#[e9]">&gt;&gt;</a>&nbsp;&nbsp;&nbsp;fds_init
<LI><a href="#[e1]">&gt;&gt;</a>&nbsp;&nbsp;&nbsp;fds_clear_by_instance
<LI><a href="#[df]">&gt;&gt;</a>&nbsp;&nbsp;&nbsp;fds_clear
<LI><a href="#[f3]">&gt;&gt;</a>&nbsp;&nbsp;&nbsp;write_enqueue
</UL>

<P><STRONG><a name="[f6]"></a>find_next_valid</STRONG> (Thumb, 78 bytes, Stack size 24 bytes, fds.o(i.find_next_valid))
<BR><BR>[Stack]<UL><LI>Max Depth = 24<LI>Call Chain = find_next_valid
</UL>
<BR>[Calls]<UL><LI><a href="#[ee]">&gt;&gt;</a>&nbsp;&nbsp;&nbsp;header_is_valid
</UL>
<BR>[Called By]<UL><LI><a href="#[100]">&gt;&gt;</a>&nbsp;&nbsp;&nbsp;gc_copy_record
<LI><a href="#[e7]">&gt;&gt;</a>&nbsp;&nbsp;&nbsp;find_record_by_key
<LI><a href="#[ed]">&gt;&gt;</a>&nbsp;&nbsp;&nbsp;find_record
</UL>

<P><STRONG><a name="[ed]"></a>find_record</STRONG> (Thumb, 104 bytes, Stack size 24 bytes, fds.o(i.find_record))
<BR><BR>[Stack]<UL><LI>Max Depth = 48<LI>Call Chain = find_record &rArr; find_next_valid
</UL>
<BR>[Calls]<UL><LI><a href="#[e3]">&gt;&gt;</a>&nbsp;&nbsp;&nbsp;page_id_within_bounds
<LI><a href="#[f6]">&gt;&gt;</a>&nbsp;&nbsp;&nbsp;find_next_valid
</UL>
<BR>[Called By]<UL><LI><a href="#[ec]">&gt;&gt;</a>&nbsp;&nbsp;&nbsp;fds_open
<LI><a href="#[cc]">&gt;&gt;</a>&nbsp;&nbsp;&nbsp;store_execute
</UL>

<P><STRONG><a name="[e7]"></a>find_record_by_key</STRONG> (Thumb, 192 bytes, Stack size 40 bytes, fds.o(i.find_record_by_key))
<BR><BR>[Stack]<UL><LI>Max Depth = 64<LI>Call Chain = find_record_by_key &rArr; find_next_valid
</UL>
<BR>[Calls]<UL><LI><a href="#[d1]">&gt;&gt;</a>&nbsp;&nbsp;&nbsp;flag_is_set
<LI><a href="#[f6]">&gt;&gt;</a>&nbsp;&nbsp;&nbsp;find_next_valid
</UL>
<BR>[Called By]<UL><LI><a href="#[e8]">&gt;&gt;</a>&nbsp;&nbsp;&nbsp;fds_find_by_type
<LI><a href="#[e6]">&gt;&gt;</a>&nbsp;&nbsp;&nbsp;fds_find
<LI><a href="#[cc]">&gt;&gt;</a>&nbsp;&nbsp;&nbsp;store_execute
</UL>

<P><STRONG><a name="[cf]"></a>flag_clear</STRONG> (Thumb, 10 bytes, Stack size 0 bytes, fds.o(i.flag_clear))
<BR><BR>[Called By]<UL><LI><a href="#[e9]">&gt;&gt;</a>&nbsp;&nbsp;&nbsp;fds_init
<LI><a href="#[cb]">&gt;&gt;</a>&nbsp;&nbsp;&nbsp;init_execute
<LI><a href="#[ca]">&gt;&gt;</a>&nbsp;&nbsp;&nbsp;cmd_queue_process
</UL>

<P><STRONG><a name="[d1]"></a>flag_is_set</STRONG> (Thumb, 16 bytes, Stack size 0 bytes, fds.o(i.flag_is_set))
<BR><BR>[Called By]<UL><LI><a href="#[f1]">&gt;&gt;</a>&nbsp;&nbsp;&nbsp;fds_reserve_cancel
<LI><a href="#[ef]">&gt;&gt;</a>&nbsp;&nbsp;&nbsp;fds_reserve
<LI><a href="#[e9]">&gt;&gt;</a>&nbsp;&nbsp;&nbsp;fds_init
<LI><a href="#[e1]">&gt;&gt;</a>&nbsp;&nbsp;&nbsp;fds_clear_by_instance
<LI><a href="#[df]">&gt;&gt;</a>&nbsp;&nbsp;&nbsp;fds_clear
<LI><a href="#[f3]">&gt;&gt;</a>&nbsp;&nbsp;&nbsp;write_enqueue
<LI><a href="#[e7]">&gt;&gt;</a>&nbsp;&nbsp;&nbsp;find_record_by_key
<LI><a href="#[d0]">&gt;&gt;</a>&nbsp;&nbsp;&nbsp;cmd_queue_process_start
</UL>

<P><STRONG><a name="[d2]"></a>flag_set</STRONG> (Thumb, 10 bytes, Stack size 0 bytes, fds.o(i.flag_set))
<BR><BR>[Called By]<UL><LI><a href="#[e9]">&gt;&gt;</a>&nbsp;&nbsp;&nbsp;fds_init
<LI><a href="#[cb]">&gt;&gt;</a>&nbsp;&nbsp;&nbsp;init_execute
<LI><a href="#[d0]">&gt;&gt;</a>&nbsp;&nbsp;&nbsp;cmd_queue_process_start
</UL>

<P><STRONG><a name="[0]"></a>fs_callback</STRONG> (Thumb, 12 bytes, Stack size 8 bytes, fds.o(i.fs_callback))
<BR><BR>[Stack]<UL><LI>Max Depth = 192<LI>Call Chain = fs_callback &rArr; cmd_queue_process &rArr;  cmd_queue_process (Cycle)
</UL>
<BR>[Calls]<UL><LI><a href="#[ca]">&gt;&gt;</a>&nbsp;&nbsp;&nbsp;cmd_queue_process
</UL>
<BR>[Address Reference Count : 1]<UL><LI> fds.o(fs_data)
</UL>
<P><STRONG><a name="[100]"></a>gc_copy_record</STRONG> (Thumb, 60 bytes, Stack size 16 bytes, fds.o(i.gc_copy_record))
<BR><BR>[Stack]<UL><LI>Max Depth = 120<LI>Call Chain = gc_copy_record &rArr; gc_swap &rArr; gc_erase_swap &rArr; fs_erase &rArr; cmd_enqueue &rArr; queue_process &rArr; app_notify
</UL>
<BR>[Calls]<UL><LI><a href="#[101]">&gt;&gt;</a>&nbsp;&nbsp;&nbsp;gc_swap
<LI><a href="#[f6]">&gt;&gt;</a>&nbsp;&nbsp;&nbsp;find_next_valid
<LI><a href="#[fc]">&gt;&gt;</a>&nbsp;&nbsp;&nbsp;fs_store
</UL>
<BR>[Called By]<UL><LI><a href="#[cd]">&gt;&gt;</a>&nbsp;&nbsp;&nbsp;gc_execute
</UL>

<P><STRONG><a name="[102]"></a>gc_erase_swap</STRONG> (Thumb, 26 bytes, Stack size 8 bytes, fds.o(i.gc_erase_swap))
<BR><BR>[Stack]<UL><LI>Max Depth = 96<LI>Call Chain = gc_erase_swap &rArr; fs_erase &rArr; cmd_enqueue &rArr; queue_process &rArr; app_notify
</UL>
<BR>[Calls]<UL><LI><a href="#[fa]">&gt;&gt;</a>&nbsp;&nbsp;&nbsp;fs_erase
</UL>
<BR>[Called By]<UL><LI><a href="#[101]">&gt;&gt;</a>&nbsp;&nbsp;&nbsp;gc_swap
<LI><a href="#[cd]">&gt;&gt;</a>&nbsp;&nbsp;&nbsp;gc_execute
</UL>

<P><STRONG><a name="[cd]"></a>gc_execute</STRONG> (Thumb, 182 bytes, Stack size 24 bytes, fds.o(i.gc_execute))
<BR><BR>[Stack]<UL><LI>Max Depth = 144<LI>Call Chain = gc_execute &rArr; gc_copy_record &rArr; gc_swap &rArr; gc_erase_swap &rArr; fs_erase &rArr; cmd_enqueue &rArr; queue_process &rArr; app_notify
</UL>
<BR>[Calls]<UL><LI><a href="#[c6]">&gt;&gt;</a>&nbsp;&nbsp;&nbsp;__ARM_common_switch8
<LI><a href="#[103]">&gt;&gt;</a>&nbsp;&nbsp;&nbsp;page_tag_write_valid
<LI><a href="#[104]">&gt;&gt;</a>&nbsp;&nbsp;&nbsp;page_tag_write_swap
<LI><a href="#[102]">&gt;&gt;</a>&nbsp;&nbsp;&nbsp;gc_erase_swap
<LI><a href="#[100]">&gt;&gt;</a>&nbsp;&nbsp;&nbsp;gc_copy_record
</UL>
<BR>[Called By]<UL><LI><a href="#[ca]">&gt;&gt;</a>&nbsp;&nbsp;&nbsp;cmd_queue_process
</UL>

<P><STRONG><a name="[101]"></a>gc_swap</STRONG> (Thumb, 54 bytes, Stack size 8 bytes, fds.o(i.gc_swap))
<BR><BR>[Stack]<UL><LI>Max Depth = 104<LI>Call Chain = gc_swap &rArr; gc_erase_swap &rArr; fs_erase &rArr; cmd_enqueue &rArr; queue_process &rArr; app_notify
</UL>
<BR>[Calls]<UL><LI><a href="#[102]">&gt;&gt;</a>&nbsp;&nbsp;&nbsp;gc_erase_swap
<LI><a href="#[fa]">&gt;&gt;</a>&nbsp;&nbsp;&nbsp;fs_erase
</UL>
<BR>[Called By]<UL><LI><a href="#[100]">&gt;&gt;</a>&nbsp;&nbsp;&nbsp;gc_copy_record
</UL>

<P><STRONG><a name="[ee]"></a>header_is_valid</STRONG> (Thumb, 22 bytes, Stack size 0 bytes, fds.o(i.header_is_valid))
<BR><BR>[Called By]<UL><LI><a href="#[ec]">&gt;&gt;</a>&nbsp;&nbsp;&nbsp;fds_open
<LI><a href="#[150]">&gt;&gt;</a>&nbsp;&nbsp;&nbsp;page_scan
<LI><a href="#[f6]">&gt;&gt;</a>&nbsp;&nbsp;&nbsp;find_next_valid
</UL>

<P><STRONG><a name="[cb]"></a>init_execute</STRONG> (Thumb, 178 bytes, Stack size 24 bytes, fds.o(i.init_execute))
<BR><BR>[Stack]<UL><LI>Max Depth = 120<LI>Call Chain = init_execute &rArr; page_tag_write_valid &rArr; fs_store &rArr; cmd_enqueue &rArr; queue_process &rArr; app_notify
</UL>
<BR>[Calls]<UL><LI><a href="#[103]">&gt;&gt;</a>&nbsp;&nbsp;&nbsp;page_tag_write_valid
<LI><a href="#[104]">&gt;&gt;</a>&nbsp;&nbsp;&nbsp;page_tag_write_swap
<LI><a href="#[d2]">&gt;&gt;</a>&nbsp;&nbsp;&nbsp;flag_set
<LI><a href="#[cf]">&gt;&gt;</a>&nbsp;&nbsp;&nbsp;flag_clear
<LI><a href="#[fa]">&gt;&gt;</a>&nbsp;&nbsp;&nbsp;fs_erase
</UL>
<BR>[Called By]<UL><LI><a href="#[ca]">&gt;&gt;</a>&nbsp;&nbsp;&nbsp;cmd_queue_process
</UL>

<P><STRONG><a name="[e3]"></a>page_id_within_bounds</STRONG> (Thumb, 12 bytes, Stack size 0 bytes, fds.o(i.page_id_within_bounds))
<BR><BR>[Called By]<UL><LI><a href="#[f1]">&gt;&gt;</a>&nbsp;&nbsp;&nbsp;fds_reserve_cancel
<LI><a href="#[ec]">&gt;&gt;</a>&nbsp;&nbsp;&nbsp;fds_open
<LI><a href="#[e2]">&gt;&gt;</a>&nbsp;&nbsp;&nbsp;fds_close
<LI><a href="#[ed]">&gt;&gt;</a>&nbsp;&nbsp;&nbsp;find_record
</UL>

<P><STRONG><a name="[150]"></a>page_scan</STRONG> (Thumb, 86 bytes, Stack size 32 bytes, fds.o(i.page_scan))
<BR><BR>[Stack]<UL><LI>Max Depth = 32<LI>Call Chain = page_scan
</UL>
<BR>[Calls]<UL><LI><a href="#[ee]">&gt;&gt;</a>&nbsp;&nbsp;&nbsp;header_is_valid
</UL>
<BR>[Called By]<UL><LI><a href="#[eb]">&gt;&gt;</a>&nbsp;&nbsp;&nbsp;pages_init
</UL>

<P><STRONG><a name="[104]"></a>page_tag_write_swap</STRONG> (Thumb, 18 bytes, Stack size 8 bytes, fds.o(i.page_tag_write_swap))
<BR><BR>[Stack]<UL><LI>Max Depth = 96<LI>Call Chain = page_tag_write_swap &rArr; fs_store &rArr; cmd_enqueue &rArr; queue_process &rArr; app_notify
</UL>
<BR>[Calls]<UL><LI><a href="#[fc]">&gt;&gt;</a>&nbsp;&nbsp;&nbsp;fs_store
</UL>
<BR>[Called By]<UL><LI><a href="#[cb]">&gt;&gt;</a>&nbsp;&nbsp;&nbsp;init_execute
<LI><a href="#[cd]">&gt;&gt;</a>&nbsp;&nbsp;&nbsp;gc_execute
</UL>

<P><STRONG><a name="[103]"></a>page_tag_write_valid</STRONG> (Thumb, 16 bytes, Stack size 8 bytes, fds.o(i.page_tag_write_valid))
<BR><BR>[Stack]<UL><LI>Max Depth = 96<LI>Call Chain = page_tag_write_valid &rArr; fs_store &rArr; cmd_enqueue &rArr; queue_process &rArr; app_notify
</UL>
<BR>[Calls]<UL><LI><a href="#[fc]">&gt;&gt;</a>&nbsp;&nbsp;&nbsp;fs_store
</UL>
<BR>[Called By]<UL><LI><a href="#[cb]">&gt;&gt;</a>&nbsp;&nbsp;&nbsp;init_execute
<LI><a href="#[cd]">&gt;&gt;</a>&nbsp;&nbsp;&nbsp;gc_execute
</UL>

<P><STRONG><a name="[eb]"></a>pages_init</STRONG> (Thumb, 168 bytes, Stack size 24 bytes, fds.o(i.pages_init))
<BR><BR>[Stack]<UL><LI>Max Depth = 56<LI>Call Chain = pages_init &rArr; page_scan
</UL>
<BR>[Calls]<UL><LI><a href="#[150]">&gt;&gt;</a>&nbsp;&nbsp;&nbsp;page_scan
</UL>
<BR>[Called By]<UL><LI><a href="#[e9]">&gt;&gt;</a>&nbsp;&nbsp;&nbsp;fds_init
</UL>

<P><STRONG><a name="[e0]"></a>queue_reserve</STRONG> (Thumb, 82 bytes, Stack size 20 bytes, fds.o(i.queue_reserve))
<BR><BR>[Stack]<UL><LI>Max Depth = 20<LI>Call Chain = queue_reserve
</UL>
<BR>[Called By]<UL><LI><a href="#[e9]">&gt;&gt;</a>&nbsp;&nbsp;&nbsp;fds_init
<LI><a href="#[e1]">&gt;&gt;</a>&nbsp;&nbsp;&nbsp;fds_clear_by_instance
<LI><a href="#[df]">&gt;&gt;</a>&nbsp;&nbsp;&nbsp;fds_clear
<LI><a href="#[f3]">&gt;&gt;</a>&nbsp;&nbsp;&nbsp;write_enqueue
</UL>

<P><STRONG><a name="[cc]"></a>store_execute</STRONG> (Thumb, 364 bytes, Stack size 40 bytes, fds.o(i.store_execute))
<BR><BR>[Stack]<UL><LI>Max Depth = 144<LI>Call Chain = store_execute &rArr; write_chunks &rArr; fs_store &rArr; cmd_enqueue &rArr; queue_process &rArr; app_notify
</UL>
<BR>[Calls]<UL><LI><a href="#[c6]">&gt;&gt;</a>&nbsp;&nbsp;&nbsp;__ARM_common_switch8
<LI><a href="#[18c]">&gt;&gt;</a>&nbsp;&nbsp;&nbsp;write_chunks
<LI><a href="#[18b]">&gt;&gt;</a>&nbsp;&nbsp;&nbsp;update_page_offsets
<LI><a href="#[e7]">&gt;&gt;</a>&nbsp;&nbsp;&nbsp;find_record_by_key
<LI><a href="#[ed]">&gt;&gt;</a>&nbsp;&nbsp;&nbsp;find_record
<LI><a href="#[fc]">&gt;&gt;</a>&nbsp;&nbsp;&nbsp;fs_store
</UL>
<BR>[Called By]<UL><LI><a href="#[ca]">&gt;&gt;</a>&nbsp;&nbsp;&nbsp;cmd_queue_process
</UL>

<P><STRONG><a name="[18b]"></a>update_page_offsets</STRONG> (Thumb, 18 bytes, Stack size 0 bytes, fds.o(i.update_page_offsets))
<BR><BR>[Called By]<UL><LI><a href="#[cc]">&gt;&gt;</a>&nbsp;&nbsp;&nbsp;store_execute
</UL>

<P><STRONG><a name="[18c]"></a>write_chunks</STRONG> (Thumb, 72 bytes, Stack size 16 bytes, fds.o(i.write_chunks))
<BR><BR>[Stack]<UL><LI>Max Depth = 104<LI>Call Chain = write_chunks &rArr; fs_store &rArr; cmd_enqueue &rArr; queue_process &rArr; app_notify
</UL>
<BR>[Calls]<UL><LI><a href="#[fc]">&gt;&gt;</a>&nbsp;&nbsp;&nbsp;fs_store
</UL>
<BR>[Called By]<UL><LI><a href="#[cc]">&gt;&gt;</a>&nbsp;&nbsp;&nbsp;store_execute
</UL>

<P><STRONG><a name="[f3]"></a>write_enqueue</STRONG> (Thumb, 278 bytes, Stack size 72 bytes, fds.o(i.write_enqueue))
<BR><BR>[Stack]<UL><LI>Max Depth = 264<LI>Call Chain = write_enqueue &rArr; cmd_queue_process_start &rArr; cmd_queue_process &rArr;  cmd_queue_process (Cycle)
</UL>
<BR>[Calls]<UL><LI><a href="#[f0]">&gt;&gt;</a>&nbsp;&nbsp;&nbsp;write_space_reserve
<LI><a href="#[e0]">&gt;&gt;</a>&nbsp;&nbsp;&nbsp;queue_reserve
<LI><a href="#[d1]">&gt;&gt;</a>&nbsp;&nbsp;&nbsp;flag_is_set
<LI><a href="#[d0]">&gt;&gt;</a>&nbsp;&nbsp;&nbsp;cmd_queue_process_start
<LI><a href="#[194]">&gt;&gt;</a>&nbsp;&nbsp;&nbsp;chunk_queue_next
</UL>
<BR>[Called By]<UL><LI><a href="#[f5]">&gt;&gt;</a>&nbsp;&nbsp;&nbsp;fds_write_reserved
<LI><a href="#[f4]">&gt;&gt;</a>&nbsp;&nbsp;&nbsp;fds_write
<LI><a href="#[f2]">&gt;&gt;</a>&nbsp;&nbsp;&nbsp;fds_update
</UL>

<P><STRONG><a name="[f0]"></a>write_space_reserve</STRONG> (Thumb, 70 bytes, Stack size 12 bytes, fds.o(i.write_space_reserve))
<BR><BR>[Stack]<UL><LI>Max Depth = 12<LI>Call Chain = write_space_reserve
</UL>
<BR>[Called By]<UL><LI><a href="#[ef]">&gt;&gt;</a>&nbsp;&nbsp;&nbsp;fds_reserve
<LI><a href="#[f3]">&gt;&gt;</a>&nbsp;&nbsp;&nbsp;write_enqueue
</UL>

<P><STRONG><a name="[fe]"></a>app_notify</STRONG> (Thumb, 62 bytes, Stack size 16 bytes, fstorage.o(i.app_notify))
<BR><BR>[Stack]<UL><LI>Max Depth = 16<LI>Call Chain = app_notify
</UL>
<BR>[Called By]<UL><LI><a href="#[fd]">&gt;&gt;</a>&nbsp;&nbsp;&nbsp;fs_sys_event_handler
<LI><a href="#[c9]">&gt;&gt;</a>&nbsp;&nbsp;&nbsp;queue_process
</UL>

<P><STRONG><a name="[fb]"></a>check_config</STRONG> (Thumb, 24 bytes, Stack size 0 bytes, fstorage.o(i.check_config))
<BR><BR>[Called By]<UL><LI><a href="#[fc]">&gt;&gt;</a>&nbsp;&nbsp;&nbsp;fs_store
<LI><a href="#[fa]">&gt;&gt;</a>&nbsp;&nbsp;&nbsp;fs_erase
</UL>

<P><STRONG><a name="[c8]"></a>cmd_enqueue</STRONG> (Thumb, 76 bytes, Stack size 16 bytes, fstorage.o(i.cmd_enqueue))
<BR><BR>[Stack]<UL><LI>Max Depth = 48<LI>Call Chain = cmd_enqueue &rArr; queue_process &rArr; app_notify
</UL>
<BR>[Calls]<UL><LI><a href="#[64]">&gt;&gt;</a>&nbsp;&nbsp;&nbsp;__aeabi_memclr4
<LI><a href="#[76]">&gt;&gt;</a>&nbsp;&nbsp;&nbsp;__aeabi_memcpy4
<LI><a href="#[c9]">&gt;&gt;</a>&nbsp;&nbsp;&nbsp;queue_process
</UL>
<BR>[Called By]<UL><LI><a href="#[fc]">&gt;&gt;</a>&nbsp;&nbsp;&nbsp;fs_store
<LI><a href="#[fa]">&gt;&gt;</a>&nbsp;&nbsp;&nbsp;fs_erase
</UL>

<P><STRONG><a name="[ff]"></a>queue_advance</STRONG> (Thumb, 42 bytes, Stack size 0 bytes, fstorage.o(i.queue_advance))
<BR><BR>[Called By]<UL><LI><a href="#[fd]">&gt;&gt;</a>&nbsp;&nbsp;&nbsp;fs_sys_event_handler
</UL>

<P><STRONG><a name="[c9]"></a>queue_process</STRONG> (Thumb, 130 bytes, Stack size 16 bytes, fstorage.o(i.queue_process))
<BR><BR>[Stack]<UL><LI>Max Depth = 32<LI>Call Chain = queue_process &rArr; app_notify
</UL>
<BR>[Calls]<UL><LI><a href="#[fe]">&gt;&gt;</a>&nbsp;&nbsp;&nbsp;app_notify
</UL>
<BR>[Called By]<UL><LI><a href="#[fd]">&gt;&gt;</a>&nbsp;&nbsp;&nbsp;fs_sys_event_handler
<LI><a href="#[c8]">&gt;&gt;</a>&nbsp;&nbsp;&nbsp;cmd_enqueue
</UL>

<P><STRONG><a name="[185]"></a>sdk_mapped_flags_get_by_index</STRONG> (Thumb, 16 bytes, Stack size 0 bytes, sdk_mapped_flags.o(i.sdk_mapped_flags_get_by_index))
<BR><BR>[Called By]<UL><LI><a href="#[93]">&gt;&gt;</a>&nbsp;&nbsp;&nbsp;sdk_mapped_flags_n_flags_set
<LI><a href="#[8e]">&gt;&gt;</a>&nbsp;&nbsp;&nbsp;sdk_mapped_flags_key_list_get
<LI><a href="#[90]">&gt;&gt;</a>&nbsp;&nbsp;&nbsp;sdk_mapped_flags_get_by_key
<LI><a href="#[96]">&gt;&gt;</a>&nbsp;&nbsp;&nbsp;sdk_mapped_flags_first_key_index_get
</UL>
<P>
<H3>
Undefined Global Symbols
</H3><HR></body></html>
