Component: ARM Compiler 5.06 update 1 (build 61) Tool: armlink [4d35a8]

==============================================================================

Section Cross References

    main.o(i.assert_nrf_callback) refers to app_error.o(i.app_error_handler) for app_error_handler
    main.o(i.ble_evt_dispatch) refers to ble_conn_state.o(i.ble_conn_state_on_ble_evt) for ble_conn_state_on_ble_evt
    main.o(i.ble_evt_dispatch) refers to peer_manager.o(i.pm_ble_evt_handler) for pm_ble_evt_handler
    main.o(i.ble_evt_dispatch) refers to ble_conn_state.o(i.ble_conn_state_role) for ble_conn_state_role
    main.o(i.ble_evt_dispatch) refers to ble_advertising.o(i.ble_advertising_on_ble_evt) for ble_advertising_on_ble_evt
    main.o(i.ble_evt_dispatch) refers to ble_conn_params.o(i.ble_conn_params_on_ble_evt) for ble_conn_params_on_ble_evt
    main.o(i.ble_evt_dispatch) refers to ble_hrs.o(i.ble_hrs_on_ble_evt) for ble_hrs_on_ble_evt
    main.o(i.ble_evt_dispatch) refers to ble_rscs.o(i.ble_rscs_on_ble_evt) for ble_rscs_on_ble_evt
    main.o(i.ble_evt_dispatch) refers to main.o(i.on_ble_central_evt) for on_ble_central_evt
    main.o(i.ble_evt_dispatch) refers to ble_hrs_c.o(i.ble_hrs_c_on_ble_evt) for ble_hrs_c_on_ble_evt
    main.o(i.ble_evt_dispatch) refers to ble_rscs_c.o(i.ble_rscs_c_on_ble_evt) for ble_rscs_c_on_ble_evt
    main.o(i.ble_evt_dispatch) refers to ble_db_discovery.o(i.ble_db_discovery_on_ble_evt) for ble_db_discovery_on_ble_evt
    main.o(i.ble_evt_dispatch) refers to main.o(.bss) for .bss
    main.o(i.ble_evt_dispatch) refers to main.o(.data) for .data
    main.o(i.ble_stack_init) refers to softdevice_handler.o(i.softdevice_handler_init) for softdevice_handler_init
    main.o(i.ble_stack_init) refers to app_error.o(i.app_error_handler_bare) for app_error_handler_bare
    main.o(i.ble_stack_init) refers to softdevice_handler.o(i.softdevice_enable_get_default_config) for softdevice_enable_get_default_config
    main.o(i.ble_stack_init) refers to softdevice_handler.o(i.sd_check_ram_start) for sd_check_ram_start
    main.o(i.ble_stack_init) refers to softdevice_handler.o(i.softdevice_enable) for softdevice_enable
    main.o(i.ble_stack_init) refers to softdevice_handler.o(i.softdevice_ble_evt_handler_set) for softdevice_ble_evt_handler_set
    main.o(i.ble_stack_init) refers to softdevice_handler.o(i.softdevice_sys_evt_handler_set) for softdevice_sys_evt_handler_set
    main.o(i.ble_stack_init) refers to main.o(.bss) for .bss
    main.o(i.ble_stack_init) refers to main.o(i.ble_evt_dispatch) for ble_evt_dispatch
    main.o(i.ble_stack_init) refers to main.o(i.sys_evt_dispatch) for sys_evt_dispatch
    main.o(i.conn_params_error_handler) refers to app_error.o(i.app_error_handler_bare) for app_error_handler_bare
    main.o(i.hrs_c_evt_handler) refers to ble_hrs.o(i.ble_hrs_heart_rate_measurement_send) for ble_hrs_heart_rate_measurement_send
    main.o(i.hrs_c_evt_handler) refers to peer_manager.o(i.pm_link_secure) for pm_link_secure
    main.o(i.hrs_c_evt_handler) refers to app_error.o(i.app_error_handler_bare) for app_error_handler_bare
    main.o(i.hrs_c_evt_handler) refers to ble_hrs_c.o(i.ble_hrs_c_hrm_notif_enable) for ble_hrs_c_hrm_notif_enable
    main.o(i.hrs_c_evt_handler) refers to main.o(.bss) for .bss
    main.o(i.main) refers to nrf_log.o(i.log_uart_init) for log_uart_init
    main.o(i.main) refers to app_error.o(i.app_error_handler_bare) for app_error_handler_bare
    main.o(i.main) refers to app_timer.o(i.app_timer_init) for app_timer_init
    main.o(i.main) refers to bsp.o(i.bsp_init) for bsp_init
    main.o(i.main) refers to bsp_btn_ble.o(i.bsp_btn_ble_init) for bsp_btn_ble_init
    main.o(i.main) refers to main.o(i.ble_stack_init) for ble_stack_init
    main.o(i.main) refers to main.o(i.peer_manager_init) for peer_manager_init
    main.o(i.main) refers to ble_db_discovery.o(i.ble_db_discovery_init) for ble_db_discovery_init
    main.o(i.main) refers to ble_hrs_c.o(i.ble_hrs_c_init) for ble_hrs_c_init
    main.o(i.main) refers to ble_rscs_c.o(i.ble_rscs_c_init) for ble_rscs_c_init
    main.o(i.main) refers to memseta.o(.text) for __aeabi_memclr4
    main.o(i.main) refers to ble_conn_params.o(i.ble_conn_params_init) for ble_conn_params_init
    main.o(i.main) refers to main.o(i.services_init) for services_init
    main.o(i.main) refers to ble_advertising.o(i.ble_advertising_init) for ble_advertising_init
    main.o(i.main) refers to main.o(i.scan_start) for scan_start
    main.o(i.main) refers to ble_advertising.o(i.ble_advertising_start) for ble_advertising_start
    main.o(i.main) refers to main.o(.bss) for .bss
    main.o(i.main) refers to main.o(i.hrs_c_evt_handler) for hrs_c_evt_handler
    main.o(i.main) refers to main.o(i.rscs_c_evt_handler) for rscs_c_evt_handler
    main.o(i.main) refers to main.o(i.conn_params_error_handler) for conn_params_error_handler
    main.o(i.main) refers to main.o(.data) for .data
    main.o(i.main) refers to main.o(i.on_adv_evt) for on_adv_evt
[...]
    m_conn_handle                            0x20002fe2   Data           2  ble_conn_params.o(.data)
    m_preferred_conn_params                  0x20002fe4   Data           8  ble_conn_params.o(.data)
    m_current_conn_params                    0x20002fec   Data           8  ble_conn_params.o(.data)
    .data                                    0x20002ff4   Section       12  ble_db_discovery.o(.data)
    m_initialized                            0x20002ff4   Data           1  ble_db_discovery.o(.data)
    m_pending_usr_evt_index                  0x20002ff8   Data           4  ble_db_discovery.o(.data)
    m_num_of_handlers_reg                    0x20002ffc   Data           4  ble_db_discovery.o(.data)
    .data                                    0x20003000   Section        8  gatt_cache_manager.o(.data)
    m_gcm                                    0x20003000   Data           8  gatt_cache_manager.o(.data)
    .data                                    0x20003008   Section        4  gattc_cache_manager.o(.data)
    m_gccm                                   0x20003008   Data           4  gattc_cache_manager.o(.data)
    .data                                    0x2000300c   Section        8  gatts_cache_manager.o(.data)
    start_handle                             0x2000300c   Data           2  gatts_cache_manager.o(.data)
    m_gscm                                   0x20003010   Data           4  gatts_cache_manager.o(.data)
    .data                                    0x20003014   Section        1  peer_database.o(.data)
    mutex_memory                             0x20003014   Data           1  peer_database.o(.data)
    .data                                    0x20003018   Section       16  security_dispatcher.o(.data)
    m_smd                                    0x20003018   Data          16  security_dispatcher.o(.data)
    .data                                    0x20003028   Section       28  security_manager.o(.data)
    m_sm                                     0x20003028   Data          28  security_manager.o(.data)
    .data                                    0x20003044   Section       12  ble_hrs_c.o(.data)
    m_tx_insert_index                        0x20003044   Data           4  ble_hrs_c.o(.data)
    m_tx_index                               0x20003048   Data           4  ble_hrs_c.o(.data)
    mp_ble_hrs_c                             0x2000304c   Data           4  ble_hrs_c.o(.data)
    .data                                    0x20003050   Section       12  ble_rscs_c.o(.data)
    m_tx_insert_index                        0x20003050   Data           4  ble_rscs_c.o(.data)
    m_tx_index                               0x20003054   Data           4  ble_rscs_c.o(.data)
    mp_ble_rscs_c                            0x20003058   Data           4  ble_rscs_c.o(.data)
    .data                                    0x2000305c   Section        8  app_uart.o(.data)
    tx_buffer                                0x2000305c   Data           1  app_uart.o(.data)
    rx_buffer                                0x2000305d   Data           1  app_uart.o(.data)
    rx_done                                  0x2000305e   Data           1  app_uart.o(.data)
    m_event_handler                          0x20003060   Data           4  app_uart.o(.data)
    .data                                    0x20003064   Section       36  pstorage.o(.data)
    m_state                                  0x20003064   Data           1  pstorage.o(.data)
    m_swap_sub_state                         0x20003065   Data           1  pstorage.o(.data)
    m_next_app_instance                      0x20003066   Data           2  pstorage.o(.data)
    m_flags                                  0x20003068   Data           4  pstorage.o(.data)
    m_next_page_addr                         0x2000306c   Data           4  pstorage.o(.data)
    m_head_word_size                         0x20003070   Data           4  pstorage.o(.data)
    m_tail_word_size                         0x20003074   Data           4  pstorage.o(.data)
    m_current_page_id                        0x20003078   Data           4  pstorage.o(.data)
    m_num_of_command_retries                 0x2000307c   Data           4  pstorage.o(.data)
    m_num_of_bytes_written                   0x20003080   Data           4  pstorage.o(.data)
    m_app_data_size                          0x20003084   Data           4  pstorage.o(.data)
    .data                                    0x20003088   Section       20  app_button.o(.data)
    m_button_count                           0x20003088   Data           1  app_button.o(.data)
    mp_buttons                               0x2000308c   Data           4  app_button.o(.data)
    m_detection_delay                        0x20003090   Data           4  app_button.o(.data)
    m_pin_state                              0x20003094   Data           4  app_button.o(.data)
    m_pin_transition                         0x20003098   Data           4  app_button.o(.data)
    .data                                    0x2000309c   Section       32  app_timer.o(.data)
    m_user_array_size                        0x2000309c   Data           1  app_timer.o(.data)
    m_ticks_elapsed_q_read_ind               0x2000309d   Data           1  app_timer.o(.data)
    m_ticks_elapsed_q_write_ind              0x2000309e   Data           1  app_timer.o(.data)
    m_rtc1_running                           0x2000309f   Data           1  app_timer.o(.data)
    m_rtc1_reset                             0x200030a0   Data           1  app_timer.o(.data)
    mp_users                                 0x200030a4   Data           4  app_timer.o(.data)
    mp_timer_id_head                         0x200030a8   Data           4  app_timer.o(.data)
    m_ticks_latest                           0x200030ac   Data           4  app_timer.o(.data)
    m_evt_schedule_func                      0x200030b0   Data           4  app_timer.o(.data)
    m_ticks_elapsed                          0x200030b4   Data           8  app_timer.o(.data)
    .data                                    0x200030bc   Section       16  fds.o(.data)
    m_flags                                  0x200030bc   Data           1  fds.o(.data)
    m_users                                  0x200030bd   Data           1  fds.o(.data)
    m_last_rec_id                            0x200030c0   Data           4  fds.o(.data)
    m_swap_page                              0x200030c4   Data           8  fds.o(.data)
    .data                                    0x200030cc   Section        4  fstorage.o(.data)
    m_flags                                  0x200030cc   Data           1  fstorage.o(.data)
    m_retry_count                            0x200030ce   Data           2  fstorage.o(.data)
    .data                                    0x200030d0   Section        5  nrf_log.o(.data)
    initialized                              0x200030d0   Data           1  nrf_log.o(.data)
    rx_buf                                   0x200030d1   Data           1  nrf_log.o(.data)
    hex_string                               0x200030d2   Data           3  nrf_log.o(.data)
    .data                                    0x200030d8   Section       20  softdevice_handler.o(.data)
    m_softdevice_enabled                     0x200030d8   Data           1  softdevice_handler.o(.data)
    m_ble_evt_buffer_size                    0x200030da   Data           2  softdevice_handler.o(.data)
    m_evt_schedule_func                      0x200030dc   Data           4  softdevice_handler.o(.data)
    mp_ble_evt_buffer                        0x200030e0   Data           4  softdevice_handler.o(.data)
    m_ble_evt_handler                        0x200030e4   Data           4  softdevice_handler.o(.data)
    m_sys_evt_handler                        0x200030e8   Data           4  softdevice_handler.o(.data)
    fs_data                                  0x200030ec   Section       16  fds.o(fs_data)
    __tagsym$$used                           0x200030ec   Number         0  fds.o(fs_data)
    fs_config                                0x200030ec   Data          16  fds.o(fs_data)
    .bss                                     0x200030fc   Section      764  main.o(.bss)
    BLE_EVT_BUFFER                           0x200030fc   Data          72  main.o(.bss)
    APP_TIMER_BUF                            0x20003144   Data         312  main.o(.bss)
    m_ble_hrs_c                              0x2000327c   Data          12  main.o(.bss)
    m_ble_rsc_c                              0x20003288   Data          12  main.o(.bss)
    m_ble_db_discovery_hrs                   0x20003294   Data         124  main.o(.bss)
    m_ble_db_discovery_rsc                   0x20003310   Data         124  main.o(.bss)
    m_hrs                                    0x2000338c   Data          80  main.o(.bss)
    m_rscs                                   0x200033dc   Data          28  main.o(.bss)
    .bss                                     0x200033f8   Section       32  bsp.o(.bss)
    m_leds_timer_id_data                     0x200033f8   Data          32  bsp.o(.bss)
    .bss                                     0x20003418   Section       32  bsp.o(.bss)
    m_alert_timer_id_data                    0x20003418   Data          32  bsp.o(.bss)
    .bss                                     0x20003438   Section       12  bsp.o(.bss)
    m_events_list                            0x20003438   Data          12  bsp.o(.bss)
    .bss                                     0x20003444   Section       32  bsp.o(.bss)
    m_button_timer_id_data                   0x20003444   Data          32  bsp.o(.bss)
    .bss                                     0x20003464   Section      259  ble_advertising.o(.bss)
    m_advdata                                0x20003464   Data          56  ble_advertising.o(.bss)
    m_adv_modes_config                       0x2000349c   Data          36  ble_advertising.o(.bss)
    m_whitelist                              0x200034c0   Data          16  ble_advertising.o(.bss)
    mp_whitelist_addr                        0x200034d0   Data          32  ble_advertising.o(.bss)
    mp_whitelist_irk                         0x200034f0   Data          32  ble_advertising.o(.bss)
    m_manuf_specific_data                    0x20003510   Data          12  ble_advertising.o(.bss)
    m_manuf_data_array                       0x2000351c   Data          31  ble_advertising.o(.bss)
    m_service_data                           0x2000353c   Data          12  ble_advertising.o(.bss)
    m_service_data_array                     0x20003548   Data          31  ble_advertising.o(.bss)
    .bss                                     0x20003568   Section       32  ble_conn_params.o(.bss)
    m_conn_params_timer_id_data              0x20003568   Data          32  ble_conn_params.o(.bss)
    .bss                                     0x20003588   Section       28  ble_conn_params.o(.bss)
    m_conn_params_config                     0x20003588   Data          28  ble_conn_params.o(.bss)
    .bss                                     0x200035a4   Section       40  ble_conn_state.o(.bss)
    m_bcs                                    0x200035a4   Data          40  ble_conn_state.o(.bss)
    .bss                                     0x200035cc   Section      152  ble_db_discovery.o(.bss)
    m_registered_handlers                    0x200035cc   Data          16  ble_db_discovery.o(.bss)
    m_pending_user_evts                      0x200035dc   Data         136  ble_db_discovery.o(.bss)
    .bss                                     0x20003664   Section      312  id_manager.o(.bss)
    m_im                                     0x20003664   Data         312  id_manager.o(.bss)
    .bss                                     0x2000379c   Section       32  peer_data_storage.o(.bss)
    m_pds                                    0x2000379c   Data          32  peer_data_storage.o(.bss)
    .bss                                     0x200037bc   Section      848  peer_database.o(.bss)
    m_pdb                                    0x200037bc   Data         208  peer_database.o(.bss)
    buffer_memory                            0x2000388c   Data         640  peer_database.o(.bss)
    .bss                                     0x20003b0c   Section       32  peer_id.o(.bss)
    m_pi                                     0x20003b0c   Data          32  peer_id.o(.bss)
    .bss                                     0x20003b2c   Section       20  peer_manager.o(.bss)
    m_pm                                     0x20003b2c   Data          20  peer_manager.o(.bss)
    .bss                                     0x20003b40   Section      160  ble_hrs_c.o(.bss)
    m_tx_buffer                              0x20003b40   Data         160  ble_hrs_c.o(.bss)
    .bss                                     0x20003be0   Section      160  ble_rscs_c.o(.bss)
    m_tx_buffer                              0x20003be0   Data         160  ble_rscs_c.o(.bss)
    .bss                                     0x20003c80   Section      216  pstorage.o(.bss)
    m_cmd_queue                              0x20003c80   Data         204  pstorage.o(.bss)
    m_app_table                              0x20003d4c   Data          12  pstorage.o(.bss)
    .bss                                     0x20003d58   Section       72  nrf_drv_gpiote.o(.bss)
    m_cb                                     0x20003d58   Data          72  nrf_drv_gpiote.o(.bss)
    .bss                                     0x20003da0   Section       28  nrf_drv_uart.o(.bss)
    m_cb                                     0x20003da0   Data          28  nrf_drv_uart.o(.bss)
    .bss                                     0x20003dbc   Section       32  app_button.o(.bss)
    m_detection_delay_timer_id_data          0x20003dbc   Data          32  app_button.o(.bss)
    .bss                                     0x20003ddc   Section      236  fds.o(.bss)
    tok                                      0x20003ddc   Data          12  fds.o(.bss)
    m_cb_table                               0x20003de8   Data          12  fds.o(.bss)
    m_cmd_queue                              0x20003df4   Data         100  fds.o(.bss)
    m_chunk_queue                            0x20003e58   Data          68  fds.o(.bss)
    m_pages                                  0x20003e9c   Data          32  fds.o(.bss)
    m_gc                                     0x20003ebc   Data          12  fds.o(.bss)
    .bss                                     0x20003ec8   Section       84  fstorage.o(.bss)
    m_cmd_queue                              0x20003ec8   Data          84  fstorage.o(.bss)
    .bss                                     0x20003f1c   Section      267  nrf_log.o(.bss)
    tx_buf                                   0x20003f1c   Data         256  nrf_log.o(.bss)
    hex_string                               0x2000401c   Data          11  nrf_log.o(.bss)
    STACK                                    0x20004028   Section     2048  arm_startup_nrf51.o(STACK)

    Global Symbols

    Symbol Name                              Value     Ov Type        Size  Object(Section)

    BuildAttributes$$THM_ISAv3M$S$PE$A:L22$X:L11$S22$IEEE1$IW$USESV6$~STKCKD$USESV7$~SHL$OSPACE$ROPI$EBA8$MICROLIB$REQ8$PRES8$EABIv2 0x00000000   Number         0  anon$$obj.o ABSOLUTE
    __ARM_use_no_argv                        0x00000000   Number         0  main.o ABSOLUTE
    __cpp_initialize__aeabi_                  - Undefined Weak Reference
    __cxa_finalize                            - Undefined Weak Reference
    _clock_init                               - Undefined Weak Reference
    _microlib_exit                            - Undefined Weak Reference
    __Vectors_Size                           0x000000c0   Number         0  arm_startup_nrf51.o ABSOLUTE
    __Vectors                                0x0001b000   Data           4  arm_startup_nrf51.o(RESET)
    __Vectors_End                            0x0001b0c0   Data           0  arm_startup_nrf51.o(RESET)
    __main                                   0x0001b0c1   Thumb Code     0  entry.o(.ARM.Collect$$$$00000000)
    _main_stk                                0x0001b0c1   Thumb Code     0  entry2.o(.ARM.Collect$$$$00000001)
    _main_scatterload                        0x0001b0c5   Thumb Code     0  entry5.o(.ARM.Collect$$$$00000004)
    __main_after_scatterload                 0x0001b0c9   Thumb Code     0  entry5.o(.ARM.Collect$$$$00000004)
    _main_clock                              0x0001b0c9   Thumb Code     0  entry7b.o(.ARM.Collect$$$$00000008)
    _main_cpp_init                           0x0001b0c9   Thumb Code     0  entry8b.o(.ARM.Collect$$$$0000000A)
    _main_init                               0x0001b0c9   Thumb Code     0  entry9a.o(.ARM.Collect$$$$0000000B)
    __rt_final_cpp                           0x0001b0d1   Thumb Code     0  entry10a.o(.ARM.Collect$$$$0000000D)
    __rt_final_exit                          0x0001b0d1   Thumb Code     0  entry11a.o(.ARM.Collect$$$$0000000F)
    __asm___11_app_timer_c_cd27f9c3__nrf_delay_us 0x0001b0d5   Thumb Code    30  app_timer.o(.emb_text)
    Reset_Handler                            0x0001b0f5   Thumb Code    26  arm_startup_nrf51.o(.text)
    NMI_Handler                              0x0001b10f   Thumb Code     2  arm_startup_nrf51.o(.text)
    HardFault_Handler                        0x0001b111   Thumb Code     2  arm_startup_nrf51.o(.text)
    SVC_Handler                              0x0001b113   Thumb Code     2  arm_startup_nrf51.o(.text)
    PendSV_Handler                           0x0001b115   Thumb Code     2  arm_startup_nrf51.o(.text)
    SysTick_Handler                          0x0001b117   Thumb Code     2  arm_startup_nrf51.o(.text)
    ADC_IRQHandler                           0x0001b119   Thumb Code     0  arm_startup_nrf51.o(.text)
    CCM_AAR_IRQHandler                       0x0001b119   Thumb Code     0  arm_startup_nrf51.o(.text)
    ECB_IRQHandler                           0x0001b119   Thumb Code     0  arm_startup_nrf51.o(.text)
    LPCOMP_IRQHandler                        0x0001b119   Thumb Code     0  arm_startup_nrf51.o(.text)
    POWER_CLOCK_IRQHandler                   0x0001b119   Thumb Code     0  arm_startup_nrf51.o(.text)
    QDEC_IRQHandler                          0x0001b119   Thumb Code     0  arm_startup_nrf51.o(.text)
    RADIO_IRQHandler                         0x0001b119   Thumb Code     0  arm_startup_nrf51.o(.text)
    RNG_IRQHandler                           0x0001b119   Thumb Code     0  arm_startup_nrf51.o(.text)
    RTC0_IRQHandler                          0x0001b119   Thumb Code     0  arm_startup_nrf51.o(.text)
    SPI0_TWI0_IRQHandler                     0x0001b119   Thumb Code     0  arm_startup_nrf51.o(.text)
    SPI1_TWI1_IRQHandler                     0x0001b119   Thumb Code     0  arm_startup_nrf51.o(.text)
    SWI1_IRQHandler                          0x0001b119   Thumb Code     0  arm_startup_nrf51.o(.text)
    SWI3_IRQHandler                          0x0001b119   Thumb Code     0  arm_startup_nrf51.o(.text)
    SWI4_IRQHandler                          0x0001b119   Thumb Code     0  arm_startup_nrf51.o(.text)
    SWI5_IRQHandler                          0x0001b119   Thumb Code     0  arm_startup_nrf51.o(.text)
    TEMP_IRQHandler                          0x0001b119   Thumb Code     0  arm_startup_nrf51.o(.text)
    TIMER0_IRQHandler                        0x0001b119   Thumb Code     0  arm_startup_nrf51.o(.text)
    TIMER1_IRQHandler                        0x0001b119   Thumb Code     0  arm_startup_nrf51.o(.text)
    TIMER2_IRQHandler                        0x0001b119   Thumb Code     0  arm_startup_nrf51.o(.text)
    WDT_IRQHandler                           0x0001b119   Thumb Code     0  arm_startup_nrf51.o(.text)
    __aeabi_uidiv                            0x0001b12d   Thumb Code     0  uidiv.o(.text)
    __aeabi_uidivmod                         0x0001b12d   Thumb Code    44  uidiv.o(.text)
    ___aeabi_memcpy8$move                    0x0001b159   Thumb Code     0  memmovea.o(.text)
    __aeabi_memcpy                           0x0001b159   Thumb Code    64  memmovea.o(.text)
    __aeabi_memcpy4                          0x0001b159   Thumb Code     0  memmovea.o(.text)
    __aeabi_memmove                          0x0001b159   Thumb Code     0  memmovea.o(.text)
    __aeabi_memmove4                         0x0001b159   Thumb Code     0  memmovea.o(.text)
    __aeabi_memmove8                         0x0001b159   Thumb Code     0  memmovea.o(.text)
    __aeabi_memset                           0x0001b199   Thumb Code    14  memseta.o(.text)
    __aeabi_memset4                          0x0001b199   Thumb Code     0  memseta.o(.text)
    __aeabi_memset8                          0x0001b199   Thumb Code     0  memseta.o(.text)
    __aeabi_memclr                           0x0001b1a7   Thumb Code     4  memseta.o(.text)
    __aeabi_memclr4                          0x0001b1a7   Thumb Code     0  memseta.o(.text)
    __aeabi_memclr8                          0x0001b1a7   Thumb Code     0  memseta.o(.text)
    _memset$wrapper                          0x0001b1ab   Thumb Code    18  memseta.o(.text)
    memcmp                                   0x0001b1bd   Thumb Code    26  memcmp.o(.text)
    __aeabi_uread4                           0x0001b1d7   Thumb Code    20  uread4.o(.text)
    __rt_uread4                              0x0001b1d7   Thumb Code     0  uread4.o(.text)
    _uread4                                  0x0001b1d7   Thumb Code     0  uread4.o(.text)
    __scatterload                            0x0001b1ed   Thumb Code    28  init.o(.text)
    __scatterload_rt2                        0x0001b1ed   Thumb Code     0  init.o(.text)
    __decompress                             0x0001b211   Thumb Code     0  __dczerorl2.o(.text)
    __decompress1                            0x0001b211   Thumb Code    86  __dczerorl2.o(.text)
    GPIOTE_IRQHandler                        0x0001b269   Thumb Code   234  nrf_drv_gpiote.o(i.GPIOTE_IRQHandler)
    RTC1_IRQHandler                          0x0001b3d1   Thumb Code    28  app_timer.o(i.RTC1_IRQHandler)
    SWI0_IRQHandler                          0x0001b3f1   Thumb Code     8  app_timer.o(i.SWI0_IRQHandler)
    SWI2_IRQHandler                          0x0001b3f9   Thumb Code    28  softdevice_handler.o(i.SWI2_IRQHandler)
    SystemInit                               0x0001b419   Thumb Code    64  system_nrf51.o(i.SystemInit)
    UART0_IRQHandler                         0x0001b46d   Thumb Code     8  nrf_drv_uart.o(i.UART0_IRQHandler)
    __ARM_common_switch8                     0x0001b475   Thumb Code    26  main.o(i.__ARM_common_switch8)
    __scatterload_copy                       0x0001b48f   Thumb Code    14  handlers.o(i.__scatterload_copy)
    __scatterload_null                       0x0001b49d   Thumb Code     2  handlers.o(i.__scatterload_null)
    __scatterload_zeroinit                   0x0001b49f   Thumb Code    14  handlers.o(i.__scatterload_zeroinit)
    addr_compare                             0x0001b4ad   Thumb Code    40  id_manager.o(i.addr_compare)
    adv_data_encode                          0x0001b4d5   Thumb Code   534  ble_advdata.o(i.adv_data_encode)
    ah                                       0x0001b755   Thumb Code    78  id_manager.o(i.ah)
    app_button_enable                        0x0001b7bd   Thumb Code    32  app_button.o(i.app_button_enable)
    app_button_init                          0x0001b7e1   Thumb Code   100  app_button.o(i.app_button_init)
    app_error_fault_handler                  0x0001b855   Thumb Code    18  app_error.o(i.app_error_fault_handler)
    app_error_handler_bare                   0x0001b871   Thumb Code    18  app_error.o(i.app_error_handler_bare)
    app_timer_create                         0x0001b8ed   Thumb Code    40  app_timer.o(i.app_timer_create)
    app_timer_init                           0x0001b919   Thumb Code   126  app_timer.o(i.app_timer_init)
    app_timer_start                          0x0001b9a9   Thumb Code   114  app_timer.o(i.app_timer_start)
    app_timer_stop                           0x0001ba25   Thumb Code    78  app_timer.o(i.app_timer_stop)
    app_uart_init                            0x0001ba79   Thumb Code   118  app_uart.o(i.app_uart_init)
    ble_advdata_set                          0x0001bba5   Thumb Code   104  ble_advdata.o(i.ble_advdata_set)
    ble_advertising_init                     0x0001bc0d   Thumb Code   284  ble_advertising.o(i.ble_advertising_init)
    ble_advertising_on_ble_evt               0x0001bd31   Thumb Code   118  ble_advertising.o(i.ble_advertising_on_ble_evt)
    ble_advertising_on_sys_evt               0x0001bdad   Thumb Code    42  ble_advertising.o(i.ble_advertising_on_sys_evt)
    ble_advertising_start                    0x0001bded   Thumb Code   470  ble_advertising.o(i.ble_advertising_start)
    ble_conn_params_init                     0x0001bfcd   Thumb Code    68  ble_conn_params.o(i.ble_conn_params_init)
    ble_conn_params_on_ble_evt               0x0001c021   Thumb Code   132  ble_conn_params.o(i.ble_conn_params_on_ble_evt)
    ble_conn_state_conn_handles              0x0001c0b1   Thumb Code    14  ble_conn_state.o(i.ble_conn_state_conn_handles)
    ble_conn_state_encrypted                 0x0001c0c5   Thumb Code    16  ble_conn_state.o(i.ble_conn_state_encrypted)
    ble_conn_state_mitm_protected            0x0001c0d9   Thumb Code    16  ble_conn_state.o(i.ble_conn_state_mitm_protected)
    ble_conn_state_n_centrals                0x0001c0ed   Thumb Code    16  ble_conn_state.o(i.ble_conn_state_n_centrals)
    ble_conn_state_on_ble_evt                0x0001c101   Thumb Code   238  ble_conn_state.o(i.ble_conn_state_on_ble_evt)
    ble_conn_state_role                      0x0001c1f9   Thumb Code    46  ble_conn_state.o(i.ble_conn_state_role)
    ble_conn_state_user_flag_acquire         0x0001c22d   Thumb Code    42  ble_conn_state.o(i.ble_conn_state_user_flag_acquire)
    ble_conn_state_user_flag_collection      0x0001c25d   Thumb Code    20  ble_conn_state.o(i.ble_conn_state_user_flag_collection)
    ble_conn_state_user_flag_get             0x0001c275   Thumb Code    32  ble_conn_state.o(i.ble_conn_state_user_flag_get)
    ble_conn_state_user_flag_set             0x0001c299   Thumb Code    36  ble_conn_state.o(i.ble_conn_state_user_flag_set)
    ble_db_discovery_evt_register            0x0001c2c1   Thumb Code    66  ble_db_discovery.o(i.ble_db_discovery_evt_register)
    ble_db_discovery_init                    0x0001c30d   Thumb Code    16  ble_db_discovery.o(i.ble_db_discovery_init)
    ble_db_discovery_on_ble_evt              0x0001c321   Thumb Code   156  ble_db_discovery.o(i.ble_db_discovery_on_ble_evt)
    ble_db_discovery_start                   0x0001c3c1   Thumb Code    86  ble_db_discovery.o(i.ble_db_discovery_start)
    ble_hrs_c_hrm_notif_enable               0x0001c549   Thumb Code    68  ble_hrs_c.o(i.ble_hrs_c_hrm_notif_enable)
    ble_hrs_c_init                           0x0001c595   Thumb Code    52  ble_hrs_c.o(i.ble_hrs_c_init)
    ble_hrs_c_on_ble_evt                     0x0001c5d5   Thumb Code    84  ble_hrs_c.o(i.ble_hrs_c_on_ble_evt)
    ble_hrs_heart_rate_measurement_send      0x0001c629   Thumb Code    82  ble_hrs.o(i.ble_hrs_heart_rate_measurement_send)
    ble_hrs_init                             0x0001c681   Thumb Code    86  ble_hrs.o(i.ble_hrs_init)
    ble_hrs_on_ble_evt                       0x0001c6dd   Thumb Code    80  ble_hrs.o(i.ble_hrs_on_ble_evt)
    ble_rscs_c_init                          0x0001c72d   Thumb Code    52  ble_rscs_c.o(i.ble_rscs_c_init)
    ble_rscs_c_on_ble_evt                    0x0001c76d   Thumb Code    42  ble_rscs_c.o(i.ble_rscs_c_on_ble_evt)
    ble_rscs_c_rsc_notif_enable              0x0001c799   Thumb Code    68  ble_rscs_c.o(i.ble_rscs_c_rsc_notif_enable)
    ble_rscs_init                            0x0001c7e5   Thumb Code    74  ble_rscs.o(i.ble_rscs_init)
    ble_rscs_measurement_send                0x0001c835   Thumb Code    92  ble_rscs.o(i.ble_rscs_measurement_send)
    ble_rscs_on_ble_evt                      0x0001c895   Thumb Code    88  ble_rscs.o(i.ble_rscs_on_ble_evt)
    bsp_btn_ble_init                         0x0001c9ed   Thumb Code    80  bsp_btn_ble.o(i.bsp_btn_ble_init)
    bsp_button_is_pressed                    0x0001cae1   Thumb Code    34  bsp.o(i.bsp_button_is_pressed)
    bsp_event_to_button_action_assign        0x0001cb0d   Thumb Code    66  bsp.o(i.bsp_event_to_button_action_assign)
    bsp_init                                 0x0001cb55   Thumb Code   134  bsp.o(i.bsp_init)
    chunk_queue_next                         0x0001cec9   Thumb Code    20  fds.o(i.chunk_queue_next)
    fds_clear                                0x0001d641   Thumb Code    64  fds.o(i.fds_clear)
    fds_clear_by_instance                    0x0001d681   Thumb Code    64  fds.o(i.fds_clear_by_instance)
    fds_close                                0x0001d6c5   Thumb Code    42  fds.o(i.fds_close)
    fds_descriptor_from_rec_id               0x0001d6f5   Thumb Code    20  fds.o(i.fds_descriptor_from_rec_id)
    fds_find                                 0x0001d7bd   Thumb Code    14  fds.o(i.fds_find)
    fds_find_by_type                         0x0001d7cb   Thumb Code    16  fds.o(i.fds_find_by_type)
    fds_init                                 0x0001d7db   Thumb Code   146  fds.o(i.fds_init)
    fds_open                                 0x0001d86d   Thumb Code    82  fds.o(i.fds_open)
    fds_record_id_from_desc                  0x0001d8c5   Thumb Code    20  fds.o(i.fds_record_id_from_desc)
    fds_register                             0x0001d8d9   Thumb Code    28  fds.o(i.fds_register)
    fds_reserve                              0x0001d8fd   Thumb Code    50  fds.o(i.fds_reserve)
    fds_reserve_cancel                       0x0001d931   Thumb Code    68  fds.o(i.fds_reserve_cancel)
    fds_update                               0x0001d979   Thumb Code    16  fds.o(i.fds_update)
    fds_write                                0x0001d989   Thumb Code    14  fds.o(i.fds_write)
    fds_write_reserved                       0x0001d997   Thumb Code    28  fds.o(i.fds_write_reserved)
    fs_erase                                 0x0001dc0d   Thumb Code    94  fstorage.o(i.fs_erase)
    fs_init                                  0x0001dc71   Thumb Code   102  fstorage.o(i.fs_init)
    fs_store                                 0x0001dced   Thumb Code    94  fstorage.o(i.fs_store)
    fs_sys_event_handler                     0x0001dd51   Thumb Code   114  fstorage.o(i.fs_sys_event_handler)
    gccm_init                                0x0001df45   Thumb Code    26  gattc_cache_manager.o(i.gccm_init)
    gcm_ble_evt_handler                      0x0001df69   Thumb Code   218  gatt_cache_manager.o(i.gcm_ble_evt_handler)
    gcm_evt_handler                          0x0001e04d   Thumb Code   128  peer_manager.o(i.gcm_evt_handler)
    gcm_init                                 0x0001e0cd   Thumb Code   102  gatt_cache_manager.o(i.gcm_init)
    gcm_local_database_has_changed           0x0001e149   Thumb Code    66  gatt_cache_manager.o(i.gcm_local_database_has_changed)
    get_connection_by_conn_handle            0x0001e195   Thumb Code    48  id_manager.o(i.get_connection_by_conn_handle)
    get_free_connection                      0x0001e1cd   Thumb Code    44  id_manager.o(i.get_free_connection)
    gscm_init                                0x0001e2b1   Thumb Code    26  gatts_cache_manager.o(i.gscm_init)
    gscm_local_database_has_changed          0x0001e2d5   Thumb Code    50  gatts_cache_manager.o(i.gscm_local_database_has_changed)
    gscm_local_db_cache_apply                0x0001e315   Thumb Code   122  gatts_cache_manager.o(i.gscm_local_db_cache_apply)
    gscm_local_db_cache_update               0x0001e399   Thumb Code   138  gatts_cache_manager.o(i.gscm_local_db_cache_update)
    gscm_peer_was_notified_of_db_change      0x0001e431   Thumb Code    36  gatts_cache_manager.o(i.gscm_peer_was_notified_of_db_change)
    gscm_service_changed_ind_needed          0x0001e45d   Thumb Code    30  gatts_cache_manager.o(i.gscm_service_changed_ind_needed)
    gscm_service_changed_ind_send            0x0001e47d   Thumb Code    38  gatts_cache_manager.o(i.gscm_service_changed_ind_send)
    im_address_resolve                       0x0001e661   Thumb Code    64  id_manager.o(i.im_address_resolve)
    im_ble_addr_get                          0x0001e6a1   Thumb Code    56  id_manager.o(i.im_ble_addr_get)
    im_ble_evt_handler                       0x0001e6dd   Thumb Code   172  id_manager.o(i.im_ble_evt_handler)
    im_conn_handle_get                       0x0001e791   Thumb Code    36  id_manager.o(i.im_conn_handle_get)
    im_evt_handler                           0x0001e7e9   Thumb Code    70  peer_manager.o(i.im_evt_handler)
    im_master_id_is_valid                    0x0001e835   Thumb Code    28  id_manager.o(i.im_master_id_is_valid)
    im_new_peer_id                           0x0001e851   Thumb Code    24  id_manager.o(i.im_new_peer_id)
    im_peer_id_get_by_conn_handle            0x0001e86d   Thumb Code    32  id_manager.o(i.im_peer_id_get_by_conn_handle)
    im_peer_id_get_by_master_id              0x0001e895   Thumb Code    68  id_manager.o(i.im_peer_id_get_by_master_id)
    im_register                              0x0001e8dd   Thumb Code   104  id_manager.o(i.im_register)
    intern_softdevice_events_execute         0x0001ea19   Thumb Code   116  softdevice_handler.o(i.intern_softdevice_events_execute)
    is_duplicate_bonding_data                0x0001eaef   Thumb Code    56  id_manager.o(i.is_duplicate_bonding_data)
    is_valid_irk                             0x0001eb71   Thumb Code    22  id_manager.o(i.is_valid_irk)
    log_uart_init                            0x0001f199   Thumb Code    60  nrf_log.o(i.log_uart_init)
    main                                     0x0001f1e5   Thumb Code   374  main.o(i.main)
    master_id_compare                        0x0001f3f1   Thumb Code    44  id_manager.o(i.master_id_compare)
    new_connection                           0x0001f4bd   Thumb Code    78  id_manager.o(i.new_connection)
    nrf_drv_common_irq_enable                0x0001f519   Thumb Code    78  nrf_drv_common.o(i.nrf_drv_common_irq_enable)
    nrf_drv_gpiote_in_event_enable           0x0001f579   Thumb Code   138  nrf_drv_gpiote.o(i.nrf_drv_gpiote_in_event_enable)
    nrf_drv_gpiote_in_init                   0x0001f619   Thumb Code   146  nrf_drv_gpiote.o(i.nrf_drv_gpiote_in_init)
    nrf_drv_gpiote_in_is_set                 0x0001f6bd   Thumb Code    16  nrf_drv_gpiote.o(i.nrf_drv_gpiote_in_is_set)
    nrf_drv_gpiote_init                      0x0001f6d1   Thumb Code    76  nrf_drv_gpiote.o(i.nrf_drv_gpiote_init)
    nrf_drv_gpiote_is_init                   0x0001f725   Thumb Code    12  nrf_drv_gpiote.o(i.nrf_drv_gpiote_is_init)
    nrf_drv_uart_init                        0x0001f735   Thumb Code   170  nrf_drv_uart.o(i.nrf_drv_uart_init)
    nrf_drv_uart_rx                          0x0001f7fd   Thumb Code    66  nrf_drv_uart.o(i.nrf_drv_uart_rx)
    nrf_drv_uart_rx_enable                   0x0001f849   Thumb Code    20  nrf_drv_uart.o(i.nrf_drv_uart_rx_enable)
    pdb_clear                                0x0001ff81   Thumb Code    20  peer_database.o(i.pdb_clear)
    pdb_evt_handler                          0x0002006d   Thumb Code   128  peer_manager.o(i.pdb_evt_handler)
    pdb_next_peer_id_get                     0x00020175   Thumb Code    20  peer_database.o(i.pdb_next_peer_id_get)
    pdb_peer_allocate                        0x00020191   Thumb Code    20  peer_database.o(i.pdb_peer_allocate)
    pdb_peer_free                            0x000201ad   Thumb Code    20  peer_database.o(i.pdb_peer_free)
    pdb_raw_store                            0x000201c5   Thumb Code    32  peer_database.o(i.pdb_raw_store)
    pdb_read_buf_get                         0x000201e9   Thumb Code    20  peer_database.o(i.pdb_read_buf_get)
    pdb_register                             0x00020201   Thumb Code   116  peer_database.o(i.pdb_register)
    pdb_write_buf_get                        0x00020281   Thumb Code   306  peer_database.o(i.pdb_write_buf_get)
    pdb_write_buf_release                    0x000203c1   Thumb Code    54  peer_database.o(i.pdb_write_buf_release)
    pdb_write_buf_store                      0x000203fd   Thumb Code   258  peer_database.o(i.pdb_write_buf_store)
    pdb_write_buf_store_prepare              0x00020505   Thumb Code    98  peer_database.o(i.pdb_write_buf_store_prepare)
    pds_next_peer_id_get                     0x00020671   Thumb Code    36  peer_data_storage.o(i.pds_next_peer_id_get)
    pds_peer_data_clear                      0x0002069d   Thumb Code   110  peer_data_storage.o(i.pds_peer_data_clear)
    pds_peer_data_read_ptr_get               0x00020711   Thumb Code   144  peer_data_storage.o(i.pds_peer_data_read_ptr_get)
    pds_peer_data_update                     0x000207a5   Thumb Code   164  peer_data_storage.o(i.pds_peer_data_update)
    pds_peer_data_write                      0x0002084d   Thumb Code   158  peer_data_storage.o(i.pds_peer_data_write)
    pds_peer_data_write_prepare              0x000208f1   Thumb Code    60  peer_data_storage.o(i.pds_peer_data_write_prepare)
    pds_peer_data_write_prepare_cancel       0x00020931   Thumb Code    38  peer_data_storage.o(i.pds_peer_data_write_prepare_cancel)
    pds_peer_data_write_prepared             0x0002095d   Thumb Code   170  peer_data_storage.o(i.pds_peer_data_write_prepared)
    pds_peer_id_allocate                     0x00020a0d   Thumb Code    36  peer_data_storage.o(i.pds_peer_id_allocate)
    pds_peer_id_free                         0x00020a39   Thumb Code    74  peer_data_storage.o(i.pds_peer_id_free)
    pds_peer_id_is_allocated                 0x00020a89   Thumb Code    30  peer_data_storage.o(i.pds_peer_id_is_allocated)
    pds_register                             0x00020aad   Thumb Code    82  peer_data_storage.o(i.pds_register)
    peer_data_parts_get                      0x00020b29   Thumb Code    92  peer_data.o(i.peer_data_parts_get)
    peer_id_allocate                         0x00020bd1   Thumb Code    54  peer_id.o(i.peer_id_allocate)
    peer_id_free                             0x00020c11   Thumb Code    16  peer_id.o(i.peer_id_free)
    peer_id_init                             0x00020c25   Thumb Code    22  peer_id.o(i.peer_id_init)
    peer_id_is_allocated                     0x00020c41   Thumb Code    20  peer_id.o(i.peer_id_is_allocated)
    peer_id_next_id_get                      0x00020c59   Thumb Code    46  peer_id.o(i.peer_id_next_id_get)
    pm_ble_evt_handler                       0x00020db1   Thumb Code    32  peer_manager.o(i.pm_ble_evt_handler)
    pm_buffer_block_acquire                  0x00020dd5   Thumb Code    94  pm_buffer.o(i.pm_buffer_block_acquire)
    pm_buffer_init                           0x00020e33   Thumb Code    66  pm_buffer.o(i.pm_buffer_init)
    pm_buffer_ptr_get                        0x00020e75   Thumb Code    46  pm_buffer.o(i.pm_buffer_ptr_get)
    pm_buffer_release                        0x00020ea3   Thumb Code    42  pm_buffer.o(i.pm_buffer_release)
    pm_init                                  0x00020f0d   Thumb Code    80  peer_manager.o(i.pm_init)
    pm_link_secure                           0x00020f71   Thumb Code    20  peer_manager.o(i.pm_link_secure)
    pm_local_database_has_changed            0x00020f89   Thumb Code     8  peer_manager.o(i.pm_local_database_has_changed)
    pm_mutex_init                            0x00020f91   Thumb Code    16  pm_mutex.o(i.pm_mutex_init)
    pm_mutex_lock                            0x00020fa1   Thumb Code    28  pm_mutex.o(i.pm_mutex_lock)
    pm_mutex_lock_first_available            0x00020fbd   Thumb Code    52  pm_mutex.o(i.pm_mutex_lock_first_available)
    pm_mutex_lock_status_get                 0x00020ff1   Thumb Code    24  pm_mutex.o(i.pm_mutex_lock_status_get)
    pm_mutex_unlock                          0x00021009   Thumb Code    96  pm_mutex.o(i.pm_mutex_unlock)
    pm_peer_delete_all                       0x00021069   Thumb Code    32  peer_manager.o(i.pm_peer_delete_all)
    pm_register                              0x0002108d   Thumb Code    38  peer_manager.o(i.pm_register)
    pm_sec_params_set                        0x000210b9   Thumb Code    26  peer_manager.o(i.pm_sec_params_set)
    pstorage_access_status_get               0x000210d9   Thumb Code    30  pstorage.o(i.pstorage_access_status_get)
    sd_check_ram_start                       0x00021541   Thumb Code    10  softdevice_handler.o(i.sd_check_ram_start)
    sdk_mapped_flags_bulk_update_by_key      0x00021551   Thumb Code    70  sdk_mapped_flags.o(i.sdk_mapped_flags_bulk_update_by_key)
    sdk_mapped_flags_first_key_index_get     0x00021599   Thumb Code    34  sdk_mapped_flags.o(i.sdk_mapped_flags_first_key_index_get)
    sdk_mapped_flags_get_by_key              0x000215d1   Thumb Code    38  sdk_mapped_flags.o(i.sdk_mapped_flags_get_by_key)
    sdk_mapped_flags_key_list_get            0x000215f7   Thumb Code    70  sdk_mapped_flags.o(i.sdk_mapped_flags_key_list_get)
    sdk_mapped_flags_n_flags_set             0x0002163d   Thumb Code    32  sdk_mapped_flags.o(i.sdk_mapped_flags_n_flags_set)
    sdk_mapped_flags_update_by_key           0x0002165d   Thumb Code    14  sdk_mapped_flags.o(i.sdk_mapped_flags_update_by_key)
    sm_ble_evt_handler                       0x000219c1   Thumb Code    22  security_manager.o(i.sm_ble_evt_handler)
    sm_evt_handler                           0x000219dd   Thumb Code   312  peer_manager.o(i.sm_evt_handler)
    sm_link_secure                           0x00021b19   Thumb Code    26  security_manager.o(i.sm_link_secure)
    sm_register                              0x00021b39   Thumb Code   132  security_manager.o(i.sm_register)
    sm_sec_params_set                        0x00021bc9   Thumb Code    58  security_manager.o(i.sm_sec_params_set)
    smd_ble_evt_handler                      0x00021c09   Thumb Code   216  security_dispatcher.o(i.smd_ble_evt_handler)
    smd_link_secure                          0x00021d71   Thumb Code    64  security_dispatcher.o(i.smd_link_secure)
    smd_params_reply                         0x00021db9   Thumb Code   274  security_dispatcher.o(i.smd_params_reply)
    smd_register                             0x00021f11   Thumb Code    90  security_dispatcher.o(i.smd_register)
    softdevice_ble_evt_handler_set           0x00021f75   Thumb Code    16  softdevice_handler.o(i.softdevice_ble_evt_handler_set)
    softdevice_enable                        0x00021f89   Thumb Code    14  softdevice_handler.o(i.softdevice_enable)
    softdevice_enable_get_default_config     0x00021f9d   Thumb Code    40  softdevice_handler.o(i.softdevice_enable_get_default_config)
    softdevice_fault_handler                 0x00021fc5   Thumb Code     8  softdevice_handler.o(i.softdevice_fault_handler)
    softdevice_handler_init                  0x00021fcd   Thumb Code    40  softdevice_handler.o(i.softdevice_handler_init)
    softdevice_sys_evt_handler_set           0x00021ffd   Thumb Code    16  softdevice_handler.o(i.softdevice_sys_evt_handler_set)
    uart_error_cb                            0x000223c5   Thumb Code    20  nrf_log.o(i.uart_error_cb)
    uart_event_handler                       0x000223d9   Thumb Code    84  app_uart.o(i.uart_event_handler)
    Region$$Table$$Base                      0x00022b14   Number         0  anon$$obj.o(Region$$Table)
    Region$$Table$$Limit                     0x00022b34   Number         0  anon$$obj.o(Region$$Table)
    Image$$RW_IRAM1$$Base                    0x20002f80   Number         0  anon$$obj.o ABSOLUTE
    SystemCoreClock                          0x20002fbc   Data           4  system_nrf51.o(.data)
    fs_data$$Base                            0x200030ec   Number         0  fds.o(fs_data)
    fs_data$$Limit                           0x200030fc   Number         0  fds.o(fs_data)
    __initial_sp                             0x20004828   Data           0  arm_startup_nrf51.o(STACK)



==============================================================================

Memory Map of the image

  Image Entry point : 0x0001b0c1

  Load Region LR_IROM1 (Base: 0x0001b000, Size: 0x00007cb0, Max: 0x00025000, ABSOLUTE, COMPRESSED[0x00007b58])

    Execution Region ER_IROM1 (Base: 0x0001b000, Size: 0x00007b34, Max: 0x00025000, ABSOLUTE)

    Base Addr    Size         Type   Attr      Idx    E Section Name        Object

    0x0001b000   0x000000c0   Data   RO          462    RESET               arm_startup_nrf51.o
    0x0001b0c0   0x00000000   Code   RO         4325  * .ARM.Collect$$$$00000000  mc_p.l(entry.o)
    0x0001b0c0   0x00000004   Code   RO         4378    .ARM.Collect$$$$00000001  mc_p.l(entry2.o)
    0x0001b0c4   0x00000004   Code   RO         4381    .ARM.Collect$$$$00000004  mc_p.l(entry5.o)
    0x0001b0c8   0x00000000   Code   RO         4383    .ARM.Collect$$$$00000008  mc_p.l(entry7b.o)
    0x0001b0c8   0x00000000   Code   RO         4385    .ARM.Collect$$$$0000000A  mc_p.l(entry8b.o)
    0x0001b0c8   0x00000008   Code   RO         4386    .ARM.Collect$$$$0000000B  mc_p.l(entry9a.o)
    0x0001b0d0   0x00000000   Code   RO         4388    .ARM.Collect$$$$0000000D  mc_p.l(entry10a.o)
    0x0001b0d0   0x00000000   Code   RO         4390    .ARM.Collect$$$$0000000F  mc_p.l(entry11a.o)
    0x0001b0d0   0x00000004   Code   RO         4379    .ARM.Collect$$$$00002712  mc_p.l(entry2.o)
    0x0001b0d4   0x0000001e   Code   RO         3546    .emb_text           app_timer.o
    0x0001b0f2   0x00000002   PAD
    0x0001b0f4   0x00000038   Code   RO          463    .text               arm_startup_nrf51.o
    0x0001b12c   0x0000002c   Code   RO         4328    .text               mc_p.l(uidiv.o)
    0x0001b158   0x00000040   Code   RO         4334    .text               mc_p.l(memmovea.o)
    0x0001b198   0x00000024   Code   RO         4336    .text               mc_p.l(memseta.o)
    0x0001b1bc   0x0000001a   Code   RO         4340    .text               mc_p.l(memcmp.o)
    0x0001b1d6   0x00000014   Code   RO         4376    .text               mc_p.l(uread4.o)
    0x0001b1ea   0x00000002   PAD
    0x0001b1ec   0x00000024   Code   RO         4405    .text               mc_p.l(init.o)
    0x0001b210   0x00000056   Code   RO         4425    .text               mc_p.l(__dczerorl2.o)
    0x0001b266   0x00000002   PAD
    0x0001b268   0x00000108   Code   RO         2932    i.GPIOTE_IRQHandler  nrf_drv_gpiote.o
    0x0001b370   0x00000044   Code   RO         3547    i.NVIC_SetPriority  app_timer.o
    0x0001b3b4   0x0000000c   Code   RO         1423    i.PM_PEER_DATA_ID_IS_VALID  peer_data_storage.o
    0x0001b3c0   0x0000000e   Code   RO         1574    i.PM_REMOTE_DB_N_WORDS  peer_database.o
    0x0001b3ce   0x00000002   PAD
    0x0001b3d0   0x00000020   Code   RO         3548    i.RTC1_IRQHandler   app_timer.o
    0x0001b3f0   0x00000008   Code   RO         3549    i.SWI0_IRQHandler   app_timer.o
    0x0001b3f8   0x00000020   Code   RO         4240    i.SWI2_IRQHandler   softdevice_handler.o
    0x0001b418   0x00000054   Code   RO          470    i.SystemInit        system_nrf51.o
    0x0001b46c   0x00000008   Code   RO         3122    i.UART0_IRQHandler  nrf_drv_uart.o
    0x0001b474   0x0000001a   Code   RO           94    i.__ARM_common_switch8  main.o
    0x0001b48e   0x0000000e   Code   RO         4419    i.__scatterload_copy  mc_p.l(handlers.o)
    0x0001b49c   0x00000002   Code   RO         4420    i.__scatterload_null  mc_p.l(handlers.o)
    0x0001b49e   0x0000000e   Code   RO         4421    i.__scatterload_zeroinit  mc_p.l(handlers.o)
    0x0001b4ac   0x00000028   Code   RO         1244    i.addr_compare      id_manager.o
    0x0001b4d4   0x00000216   Code   RO          506    i.adv_data_encode   ble_advdata.o
    0x0001b6ea   0x0000002e   Code   RO            3    i.adv_report_parse  main.o
    0x0001b718   0x0000003c   Code   RO          423    i.advertising_buttons_configure  bsp_btn_ble.o
    0x0001b754   0x0000004e   Code   RO         1245    i.ah                id_manager.o
    0x0001b7a2   0x00000002   PAD
    0x0001b7a4   0x00000018   Code   RO          316    i.alert_timer_handler  bsp.o
    0x0001b7bc   0x00000024   Code   RO         3429    i.app_button_enable  app_button.o
    0x0001b7e0   0x00000074   Code   RO         3430    i.app_button_init   app_button.o
    0x0001b854   0x0000001c   Code   RO         3498    i.app_error_fault_handler  app_error.o
    0x0001b870   0x00000018   Code   RO         3500    i.app_error_handler_bare  app_error.o
    0x0001b888   0x00000024   Code   RO         3692    i.app_notify        fds.o
    0x0001b8ac   0x0000003e   Code   RO         3966    i.app_notify        fstorage.o
    0x0001b8ea   0x00000002   PAD
    0x0001b8ec   0x0000002c   Code   RO         3552    i.app_timer_create  app_timer.o
    0x0001b918   0x00000090   Code   RO         3553    i.app_timer_init    app_timer.o
    0x0001b9a8   0x0000007c   Code   RO         3554    i.app_timer_start   app_timer.o
    0x0001ba24   0x00000054   Code   RO         3555    i.app_timer_stop    app_timer.o
    0x0001ba78   0x00000084   Code   RO         2562    i.app_uart_init     app_uart.o
    0x0001bafc   0x000000a8   Code   RO         2063    i.auth_status_success_process  security_dispatcher.o
    0x0001bba4   0x00000068   Code   RO          507    i.ble_advdata_set   ble_advdata.o
    0x0001bc0c   0x00000124   Code   RO          590    i.ble_advertising_init  ble_advertising.o
    0x0001bd30   0x0000007c   Code   RO          591    i.ble_advertising_on_ble_evt  ble_advertising.o
    0x0001bdac   0x00000030   Code   RO          592    i.ble_advertising_on_sys_evt  ble_advertising.o
    0x0001bddc   0x00000010   Code   RO          594    i.ble_advertising_peer_address_clear  ble_advertising.o
    0x0001bdec   0x000001e0   Code   RO          596    i.ble_advertising_start  ble_advertising.o
    0x0001bfcc   0x00000054   Code   RO          681    i.ble_conn_params_init  ble_conn_params.o
    0x0001c020   0x00000090   Code   RO          682    i.ble_conn_params_on_ble_evt  ble_conn_params.o
    0x0001c0b0   0x00000014   Code   RO          753    i.ble_conn_state_conn_handles  ble_conn_state.o
    0x0001c0c4   0x00000014   Code   RO          754    i.ble_conn_state_encrypted  ble_conn_state.o
    0x0001c0d8   0x00000014   Code   RO          756    i.ble_conn_state_mitm_protected  ble_conn_state.o
    0x0001c0ec   0x00000014   Code   RO          757    i.ble_conn_state_n_centrals  ble_conn_state.o
    0x0001c100   0x000000f8   Code   RO          760    i.ble_conn_state_on_ble_evt  ble_conn_state.o
    0x0001c1f8   0x00000034   Code   RO          762    i.ble_conn_state_role  ble_conn_state.o
    0x0001c22c   0x00000030   Code   RO          764    i.ble_conn_state_user_flag_acquire  ble_conn_state.o
    0x0001c25c   0x00000018   Code   RO          765    i.ble_conn_state_user_flag_collection  ble_conn_state.o
    0x0001c274   0x00000024   Code   RO          766    i.ble_conn_state_user_flag_get  ble_conn_state.o
    0x0001c298   0x00000028   Code   RO          767    i.ble_conn_state_user_flag_set  ble_conn_state.o
    0x0001c2c0   0x0000004c   Code   RO          884    i.ble_db_discovery_evt_register  ble_db_discovery.o
    0x0001c30c   0x00000014   Code   RO          885    i.ble_db_discovery_init  ble_db_discovery.o
    0x0001c320   0x000000a0   Code   RO          886    i.ble_db_discovery_on_ble_evt  ble_db_discovery.o
    0x0001c3c0   0x00000060   Code   RO          887    i.ble_db_discovery_start  ble_db_discovery.o
    0x0001c420   0x0000005e   Code   RO          508    i.ble_device_addr_encode  ble_advdata.o
    0x0001c47e   0x00000002   PAD
    0x0001c480   0x000000c8   Code   RO            5    i.ble_evt_dispatch  main.o
    0x0001c548   0x0000004c   Code   RO         2359    i.ble_hrs_c_hrm_notif_enable  ble_hrs_c.o
    0x0001c594   0x00000040   Code   RO         2360    i.ble_hrs_c_init    ble_hrs_c.o
    0x0001c5d4   0x00000054   Code   RO         2361    i.ble_hrs_c_on_ble_evt  ble_hrs_c.o
    0x0001c628   0x00000058   Code   RO         2280    i.ble_hrs_heart_rate_measurement_send  ble_hrs.o
    0x0001c680   0x0000005c   Code   RO         2281    i.ble_hrs_init      ble_hrs.o
    0x0001c6dc   0x00000050   Code   RO         2282    i.ble_hrs_on_ble_evt  ble_hrs.o
    0x0001c72c   0x00000040   Code   RO         2462    i.ble_rscs_c_init   ble_rscs_c.o
    0x0001c76c   0x0000002a   Code   RO         2463    i.ble_rscs_c_on_ble_evt  ble_rscs_c.o
    0x0001c796   0x00000002   PAD
    0x0001c798   0x0000004c   Code   RO         2464    i.ble_rscs_c_rsc_notif_enable  ble_rscs_c.o
    0x0001c7e4   0x00000050   Code   RO         2408    i.ble_rscs_init     ble_rscs.o
    0x0001c834   0x00000060   Code   RO         2409    i.ble_rscs_measurement_send  ble_rscs.o
    0x0001c894   0x00000058   Code   RO         2410    i.ble_rscs_on_ble_evt  ble_rscs.o
    0x0001c8ec   0x00000078   Code   RO            6    i.ble_stack_init    main.o
    0x0001c964   0x00000088   Code   RO         2287    i.body_sensor_location_char_add  ble_hrs.o
    0x0001c9ec   0x00000054   Code   RO          424    i.bsp_btn_ble_init  bsp_btn_ble.o
    0x0001ca40   0x000000a0   Code   RO          317    i.bsp_button_event_handler  bsp.o
    0x0001cae0   0x0000002c   Code   RO          318    i.bsp_button_is_pressed  bsp.o
    0x0001cb0c   0x00000048   Code   RO          322    i.bsp_event_to_button_action_assign  bsp.o
    0x0001cb54   0x000000a0   Code   RO          325    i.bsp_init          bsp.o
    0x0001cbf4   0x000001f8   Code   RO          326    i.bsp_led_indication  bsp.o
    0x0001cdec   0x0000000c   Code   RO          328    i.button_timer_handler  bsp.o
    0x0001cdf8   0x0000001c   Code   RO         2933    i.channel_free      nrf_drv_gpiote.o
    0x0001ce14   0x00000048   Code   RO         2934    i.channel_port_alloc  nrf_drv_gpiote.o
    0x0001ce5c   0x00000010   Code   RO         2935    i.channel_port_get  nrf_drv_gpiote.o
    0x0001ce6c   0x0000003c   Code   RO          888    i.characteristics_discover  ble_db_discovery.o
    0x0001cea8   0x00000020   Code   RO         3967    i.check_config      fstorage.o
    0x0001cec8   0x00000018   Code   RO         3693    i.chunk_queue_next  fds.o
    0x0001cee0   0x00000054   Code   RO         3968    i.cmd_enqueue       fstorage.o
    0x0001cf34   0x000000f8   Code   RO         3694    i.cmd_queue_process  fds.o
    0x0001d02c   0x00000020   Code   RO         3695    i.cmd_queue_process_start  fds.o
    0x0001d04c   0x000000a8   Code   RO         3557    i.compare_reg_update  app_timer.o
    0x0001d0f4   0x00000088   Code   RO          509    i.conn_int_encode   ble_advdata.o
    0x0001d17c   0x00000008   Code   RO            7    i.conn_params_error_handler  main.o
    0x0001d184   0x00000068   Code   RO          684    i.conn_params_negotiation  ble_conn_params.o
    0x0001d1ec   0x0000000a   Code   RO         1424    i.convert_peer_data_id_to_type_id  peer_data_storage.o
    0x0001d1f6   0x0000000a   Code   RO         1425    i.convert_peer_id_to_instance_id  peer_data_storage.o
    0x0001d200   0x0000000a   Code   RO         1426    i.convert_type_id_to_peer_data_id  peer_data_storage.o
    0x0001d20a   0x00000002   PAD
    0x0001d20c   0x00000044   Code   RO         2000    i.current_int_priority_get  pm_mutex.o
    0x0001d250   0x00000064   Code   RO         2362    i.db_discover_evt_handler  ble_hrs_c.o
    0x0001d2b4   0x00000068   Code   RO         2465    i.db_discover_evt_handler  ble_rscs_c.o
    0x0001d31c   0x00000084   Code   RO          889    i.descriptors_discover  ble_db_discovery.o
    0x0001d3a0   0x00000060   Code   RO         3432    i.detection_delay_timeout_handler  app_button.o
    0x0001d400   0x0000005c   Code   RO         2064    i.disconnect_process  security_dispatcher.o
    0x0001d45c   0x0000006c   Code   RO          890    i.discovery_complete_evt_trigger  ble_db_discovery.o
    0x0001d4c8   0x00000050   Code   RO          891    i.discovery_error_evt_trigger  ble_db_discovery.o
    0x0001d518   0x00000040   Code   RO         3558    i.elapsed_ticks_acquire  app_timer.o
    0x0001d558   0x00000030   Code   RO         2065    i.encryption_failure  security_dispatcher.o
    0x0001d588   0x00000032   Code   RO         2172    i.events_send_from_err_code  security_manager.o
    0x0001d5ba   0x00000002   PAD
    0x0001d5bc   0x00000020   Code   RO         1246    i.evt_send          id_manager.o
    0x0001d5dc   0x00000024   Code   RO         1781    i.evt_send          peer_manager.o
    0x0001d600   0x00000020   Code   RO         2066    i.evt_send          security_dispatcher.o
    0x0001d620   0x00000020   Code   RO         2173    i.evt_send          security_manager.o
    0x0001d640   0x00000040   Code   RO         3696    i.fds_clear         fds.o
    0x0001d680   0x00000044   Code   RO         3697    i.fds_clear_by_instance  fds.o
    0x0001d6c4   0x00000030   Code   RO         3698    i.fds_close         fds.o
    0x0001d6f4   0x00000014   Code   RO         3699    i.fds_descriptor_from_rec_id  fds.o
    0x0001d708   0x000000b4   Code   RO         1427    i.fds_evt_handler   peer_data_storage.o
    0x0001d7bc   0x0000000e   Code   RO         3700    i.fds_find          fds.o
    0x0001d7ca   0x00000010   Code   RO         3702    i.fds_find_by_type  fds.o
    0x0001d7da   0x00000092   Code   RO         3704    i.fds_init          fds.o
    0x0001d86c   0x00000058   Code   RO         3705    i.fds_open          fds.o
    0x0001d8c4   0x00000014   Code   RO         3706    i.fds_record_id_from_desc  fds.o
    0x0001d8d8   0x00000024   Code   RO         3707    i.fds_register      fds.o
    0x0001d8fc   0x00000032   Code   RO         3708    i.fds_reserve       fds.o
    0x0001d92e   0x00000002   PAD
    0x0001d930   0x00000048   Code   RO         3709    i.fds_reserve_cancel  fds.o
    0x0001d978   0x00000010   Code   RO         3710    i.fds_update        fds.o
    0x0001d988   0x0000000e   Code   RO         3711    i.fds_write         fds.o
    0x0001d996   0x0000001c   Code   RO         3712    i.fds_write_reserved  fds.o
    0x0001d9b2   0x00000002   PAD
    0x0001d9b4   0x00000054   Code   RO         3713    i.find_next_valid   fds.o
    0x0001da08   0x00000070   Code   RO         3714    i.find_record       fds.o
    0x0001da78   0x000000d0   Code   RO         3715    i.find_record_by_key  fds.o
    0x0001db48   0x00000010   Code   RO         3716    i.flag_clear        fds.o
    0x0001db58   0x00000012   Code   RO         2067    i.flag_id_init      security_dispatcher.o
    0x0001db6a   0x00000012   Code   RO         2174    i.flag_id_init      security_manager.o
    0x0001db7c   0x00000014   Code   RO         3717    i.flag_is_set       fds.o
    0x0001db90   0x00000010   Code   RO         3718    i.flag_set          fds.o
    0x0001dba0   0x00000060   Code   RO         2175    i.flags_set_from_err_code  security_manager.o
    0x0001dc00   0x0000000c   Code   RO         3719    i.fs_callback       fds.o
    0x0001dc0c   0x00000064   Code   RO         3969    i.fs_erase          fstorage.o
    0x0001dc70   0x0000007c   Code   RO         3970    i.fs_init           fstorage.o
    0x0001dcec   0x00000064   Code   RO         3971    i.fs_store          fstorage.o
    0x0001dd50   0x0000007c   Code   RO         3972    i.fs_sys_event_handler  fstorage.o
    0x0001ddcc   0x00000048   Code   RO         3720    i.gc_copy_record    fds.o
    0x0001de14   0x00000028   Code   RO         3721    i.gc_erase_swap     fds.o
    0x0001de3c   0x000000c0   Code   RO         3722    i.gc_execute        fds.o
    0x0001defc   0x00000044   Code   RO         3723    i.gc_swap           fds.o
    0x0001df40   0x00000002   Code   RO          989    i.gccm_evt_handler  gatt_cache_manager.o
    0x0001df42   0x00000002   PAD
    0x0001df44   0x00000024   Code   RO         1115    i.gccm_init         gattc_cache_manager.o
    0x0001df68   0x000000e4   Code   RO          990    i.gcm_ble_evt_handler  gatt_cache_manager.o
    0x0001e04c   0x00000080   Code   RO         1782    i.gcm_evt_handler   peer_manager.o
    0x0001e0cc   0x0000007c   Code   RO          991    i.gcm_init          gatt_cache_manager.o
    0x0001e148   0x0000004c   Code   RO          992    i.gcm_local_database_has_changed  gatt_cache_manager.o
    0x0001e194   0x00000038   Code   RO         1247    i.get_connection_by_conn_handle  id_manager.o
    0x0001e1cc   0x00000030   Code   RO         1248    i.get_free_connection  id_manager.o
    0x0001e1fc   0x00000050   Code   RO         3433    i.gpiote_event_handler  app_button.o
    0x0001e24c   0x00000064   Code   RO          998    i.gscm_evt_handler  gatt_cache_manager.o
    0x0001e2b0   0x00000024   Code   RO         1154    i.gscm_init         gatts_cache_manager.o
    0x0001e2d4   0x00000040   Code   RO         1155    i.gscm_local_database_has_changed  gatts_cache_manager.o
    0x0001e314   0x00000084   Code   RO         1156    i.gscm_local_db_cache_apply  gatts_cache_manager.o
    0x0001e398   0x00000098   Code   RO         1159    i.gscm_local_db_cache_update  gatts_cache_manager.o
    0x0001e430   0x0000002c   Code   RO         1160    i.gscm_peer_was_notified_of_db_change  gatts_cache_manager.o
    0x0001e45c   0x0000001e   Code   RO         1161    i.gscm_service_changed_ind_needed  gatts_cache_manager.o
    0x0001e47a   0x00000002   PAD
    0x0001e47c   0x00000034   Code   RO         1162    i.gscm_service_changed_ind_send  gatts_cache_manager.o
    0x0001e4b0   0x0000001c   Code   RO         3724    i.header_is_valid   fds.o
    0x0001e4cc   0x000000b0   Code   RO         2288    i.heart_rate_measurement_char_add  ble_hrs.o
    0x0001e57c   0x00000088   Code   RO         2289    i.hrm_encode        ble_hrs.o
    0x0001e604   0x0000005c   Code   RO            8    i.hrs_c_evt_handler  main.o
    0x0001e660   0x00000040   Code   RO         1249    i.im_address_resolve  id_manager.o
    0x0001e6a0   0x0000003c   Code   RO         1250    i.im_ble_addr_get   id_manager.o
    0x0001e6dc   0x000000b4   Code   RO         1251    i.im_ble_evt_handler  id_manager.o
    0x0001e790   0x0000002c   Code   RO         1252    i.im_conn_handle_get  id_manager.o
    0x0001e7bc   0x0000002c   Code   RO          999    i.im_evt_handler    gatt_cache_manager.o
    0x0001e7e8   0x0000004c   Code   RO         1783    i.im_evt_handler    peer_manager.o
    0x0001e834   0x0000001c   Code   RO         1253    i.im_master_id_is_valid  id_manager.o
    0x0001e850   0x0000001c   Code   RO         1254    i.im_new_peer_id    id_manager.o
    0x0001e86c   0x00000028   Code   RO         1255    i.im_peer_id_get_by_conn_handle  id_manager.o
    0x0001e894   0x00000048   Code   RO         1257    i.im_peer_id_get_by_master_id  id_manager.o
    0x0001e8dc   0x00000078   Code   RO         1258    i.im_register       id_manager.o
    0x0001e954   0x000000c4   Code   RO         3725    i.init_execute      fds.o
    0x0001ea18   0x00000078   Code   RO         4241    i.intern_softdevice_events_execute  softdevice_handler.o
    0x0001ea90   0x0000001c   Code   RO          685    i.is_conn_params_ok  ble_conn_params.o
    0x0001eaac   0x00000042   Code   RO          892    i.is_desc_discovery_reqd  ble_db_discovery.o
    0x0001eaee   0x00000038   Code   RO         1261    i.is_duplicate_bonding_data  id_manager.o
    0x0001eb26   0x00000002   PAD
    0x0001eb28   0x00000048   Code   RO          471    i.is_manual_peripheral_setup_needed  system_nrf51.o
    0x0001eb70   0x00000016   Code   RO         1262    i.is_valid_irk      id_manager.o
    0x0001eb86   0x00000054   Code   RO          510    i.le_role_encode    ble_advdata.o
    0x0001ebda   0x00000002   PAD
    0x0001ebdc   0x00000018   Code   RO          329    i.leds_timer_handler  bsp.o
    0x0001ebf4   0x000000a0   Code   RO         2176    i.link_secure       security_manager.o
    0x0001ec94   0x00000088   Code   RO         2068    i.link_secure_central  security_dispatcher.o
    0x0001ed1c   0x000000ce   Code   RO         2069    i.link_secure_central_existing_peer  security_dispatcher.o
    0x0001edea   0x00000002   PAD
    0x0001edec   0x00000074   Code   RO         2070    i.link_secure_central_new_peer  security_dispatcher.o
    0x0001ee60   0x0000005c   Code   RO         2177    i.link_secure_pending_process  security_manager.o
    0x0001eebc   0x000000bc   Code   RO         3559    i.list_deletions_handler  app_timer.o
    0x0001ef78   0x000000d4   Code   RO         3560    i.list_insertions_handler  app_timer.o
    0x0001f04c   0x00000078   Code   RO         1000    i.local_db_apply_in_evt  gatt_cache_manager.o
    0x0001f0c4   0x00000078   Code   RO         1001    i.local_db_update_in_evt  gatt_cache_manager.o
    0x0001f13c   0x0000005a   Code   RO         2001    i.lock_by_mask      pm_mutex.o
    0x0001f196   0x00000002   PAD
    0x0001f198   0x0000004c   Code   RO         4052    i.log_uart_init     nrf_log.o
    0x0001f1e4   0x000001a4   Code   RO            9    i.main              main.o
    0x0001f388   0x00000068   Code   RO          511    i.manuf_specific_data_encode  ble_advdata.o
    0x0001f3f0   0x0000002c   Code   RO         1263    i.master_id_compare  id_manager.o
    0x0001f41c   0x0000009e   Code   RO          512    i.name_encode       ble_advdata.o
    0x0001f4ba   0x00000002   PAD
    0x0001f4bc   0x0000005c   Code   RO         1264    i.new_connection    id_manager.o
    0x0001f518   0x00000060   Code   RO         2875    i.nrf_drv_common_irq_enable  nrf_drv_common.o
    0x0001f578   0x000000a0   Code   RO         2938    i.nrf_drv_gpiote_in_event_enable  nrf_drv_gpiote.o
    0x0001f618   0x000000a4   Code   RO         2939    i.nrf_drv_gpiote_in_init  nrf_drv_gpiote.o
    0x0001f6bc   0x00000014   Code   RO         2940    i.nrf_drv_gpiote_in_is_set  nrf_drv_gpiote.o
    0x0001f6d0   0x00000054   Code   RO         2942    i.nrf_drv_gpiote_init  nrf_drv_gpiote.o
    0x0001f724   0x00000010   Code   RO         2943    i.nrf_drv_gpiote_is_init  nrf_drv_gpiote.o
    0x0001f734   0x000000c8   Code   RO         3124    i.nrf_drv_uart_init  nrf_drv_uart.o
    0x0001f7fc   0x0000004c   Code   RO         3125    i.nrf_drv_uart_rx   nrf_drv_uart.o
    0x0001f848   0x00000018   Code   RO         3128    i.nrf_drv_uart_rx_enable  nrf_drv_uart.o
    0x0001f860   0x0000009c   Code   RO         3129    i.nrf_drv_uart_rx_for_uart  nrf_drv_uart.o
    0x0001f8fc   0x00000024   Code   RO         2955    i.nrf_gpio_cfg      nrf_drv_gpiote.o
    0x0001f920   0x00000024   Code   RO         3134    i.nrf_gpio_cfg      nrf_drv_uart.o
    0x0001f944   0x00000012   Code   RO         3136    i.nrf_gpio_cfg_input  nrf_drv_uart.o
    0x0001f956   0x00000014   Code   RO         3137    i.nrf_gpio_cfg_output  nrf_drv_uart.o
    0x0001f96a   0x00000002   PAD
    0x0001f96c   0x00000020   Code   RO         2957    i.nrf_gpio_cfg_sense_set  nrf_drv_gpiote.o
    0x0001f98c   0x00000014   Code   RO         2958    i.nrf_gpiote_event_is_set  nrf_drv_gpiote.o
    0x0001f9a0   0x0000000a   Code   RO         3138    i.nrf_uart_event_check  nrf_drv_uart.o
    0x0001f9aa   0x00000010   Code   RO         3139    i.nrf_uart_int_enable_check  nrf_drv_uart.o
    0x0001f9ba   0x00000002   PAD
    0x0001f9bc   0x0000002c   Code   RO           10    i.on_adv_evt        main.o
    0x0001f9e8   0x00000180   Code   RO           11    i.on_ble_central_evt  main.o
    0x0001fb68   0x000000bc   Code   RO          893    i.on_characteristic_discovery_rsp  ble_db_discovery.o
    0x0001fc24   0x0000009c   Code   RO          894    i.on_descriptor_discovery_rsp  ble_db_discovery.o
    0x0001fcc0   0x0000007a   Code   RO         2466    i.on_hvx            ble_rscs_c.o
    0x0001fd3a   0x00000002   PAD
    0x0001fd3c   0x0000005c   Code   RO          895    i.on_srv_disc_completion  ble_db_discovery.o
    0x0001fd98   0x0000000c   Code   RO         3726    i.page_id_within_bounds  fds.o
    0x0001fda4   0x0000005c   Code   RO         3727    i.page_scan         fds.o
    0x0001fe00   0x00000020   Code   RO         3728    i.page_tag_write_swap  fds.o
    0x0001fe20   0x00000018   Code   RO         3729    i.page_tag_write_valid  fds.o
    0x0001fe38   0x000000bc   Code   RO         3730    i.pages_init        fds.o
    0x0001fef4   0x00000050   Code   RO         2071    i.pairing_failure   security_dispatcher.o
    0x0001ff44   0x0000003c   Code   RO         2178    i.params_reply_pending_process  security_manager.o
    0x0001ff80   0x00000018   Code   RO         1575    i.pdb_clear         peer_database.o
    0x0001ff98   0x0000001c   Code   RO         1118    i.pdb_evt_handler   gattc_cache_manager.o
    0x0001ffb4   0x00000040   Code   RO         1163    i.pdb_evt_handler   gatts_cache_manager.o
    0x0001fff4   0x00000078   Code   RO         1265    i.pdb_evt_handler   id_manager.o
    0x0002006c   0x00000080   Code   RO         1784    i.pdb_evt_handler   peer_manager.o
    0x000200ec   0x00000034   Code   RO         2072    i.pdb_evt_handler   security_dispatcher.o
    0x00020120   0x00000034   Code   RO         2179    i.pdb_evt_handler   security_manager.o
    0x00020154   0x00000020   Code   RO         1576    i.pdb_evt_send      peer_database.o
    0x00020174   0x0000001c   Code   RO         1578    i.pdb_next_peer_id_get  peer_database.o
    0x00020190   0x0000001c   Code   RO         1579    i.pdb_peer_allocate  peer_database.o
    0x000201ac   0x00000018   Code   RO         1580    i.pdb_peer_free     peer_database.o
    0x000201c4   0x00000024   Code   RO         1582    i.pdb_raw_store     peer_database.o
    0x000201e8   0x00000018   Code   RO         1583    i.pdb_read_buf_get  peer_database.o
    0x00020200   0x00000080   Code   RO         1584    i.pdb_register      peer_database.o
    0x00020280   0x00000140   Code   RO         1585    i.pdb_write_buf_get  peer_database.o
    0x000203c0   0x0000003c   Code   RO         1586    i.pdb_write_buf_release  peer_database.o
    0x000203fc   0x00000108   Code   RO         1587    i.pdb_write_buf_store  peer_database.o
    0x00020504   0x00000068   Code   RO         1588    i.pdb_write_buf_store_prepare  peer_database.o
    0x0002056c   0x00000104   Code   RO         1589    i.pds_evt_handler   peer_database.o
    0x00020670   0x0000002c   Code   RO         1429    i.pds_next_peer_id_get  peer_data_storage.o
    0x0002069c   0x00000074   Code   RO         1430    i.pds_peer_data_clear  peer_data_storage.o
    0x00020710   0x00000094   Code   RO         1433    i.pds_peer_data_read_ptr_get  peer_data_storage.o
    0x000207a4   0x000000a8   Code   RO         1434    i.pds_peer_data_update  peer_data_storage.o
    0x0002084c   0x000000a4   Code   RO         1436    i.pds_peer_data_write  peer_data_storage.o
    0x000208f0   0x00000040   Code   RO         1437    i.pds_peer_data_write_prepare  peer_data_storage.o
    0x00020930   0x0000002c   Code   RO         1438    i.pds_peer_data_write_prepare_cancel  peer_data_storage.o
    0x0002095c   0x000000b0   Code   RO         1439    i.pds_peer_data_write_prepared  peer_data_storage.o
    0x00020a0c   0x0000002c   Code   RO         1440    i.pds_peer_id_allocate  peer_data_storage.o
    0x00020a38   0x00000050   Code   RO         1441    i.pds_peer_id_free  peer_data_storage.o
    0x00020a88   0x00000024   Code   RO         1442    i.pds_peer_id_is_allocated  peer_data_storage.o
    0x00020aac   0x0000005c   Code   RO         1443    i.pds_register      peer_data_storage.o
    0x00020b08   0x00000016   Code   RO          598    i.peer_address_exists  ble_advertising.o
    0x00020b1e   0x0000000a   Code   RO         1590    i.peer_data_const_point_to_buffer  peer_database.o
    0x00020b28   0x0000005c   Code   RO         1389    i.peer_data_parts_get  peer_data.o
    0x00020b84   0x0000004a   Code   RO         1591    i.peer_data_point_to_buffer  peer_database.o
    0x00020bce   0x00000002   PAD
    0x00020bd0   0x00000040   Code   RO         1729    i.peer_id_allocate  peer_id.o
    0x00020c10   0x00000014   Code   RO         1730    i.peer_id_free      peer_id.o
    0x00020c24   0x0000001c   Code   RO         1731    i.peer_id_init      peer_id.o
    0x00020c40   0x00000018   Code   RO         1732    i.peer_id_is_allocated  peer_id.o
    0x00020c58   0x00000038   Code   RO         1734    i.peer_id_next_id_get  peer_id.o
    0x00020c90   0x00000054   Code   RO         1444    i.peer_ids_init     peer_data_storage.o
    0x00020ce4   0x00000070   Code   RO           12    i.peer_manager_init  main.o
    0x00020d54   0x0000002c   Code   RO          896    i.pending_user_evts_send  ble_db_discovery.o
    0x00020d80   0x00000018   Code   RO         2959    i.pin_in_use_by_port  nrf_drv_gpiote.o
    0x00020d98   0x00000018   Code   RO         2960    i.pin_in_use_by_te  nrf_drv_gpiote.o
    0x00020db0   0x00000024   Code   RO         1785    i.pm_ble_evt_handler  peer_manager.o
    0x00020dd4   0x0000005e   Code   RO         1968    i.pm_buffer_block_acquire  pm_buffer.o
    0x00020e32   0x00000042   Code   RO         1969    i.pm_buffer_init    pm_buffer.o
    0x00020e74   0x0000002e   Code   RO         1970    i.pm_buffer_ptr_get  pm_buffer.o
    0x00020ea2   0x0000002a   Code   RO         1971    i.pm_buffer_release  pm_buffer.o
    0x00020ecc   0x00000040   Code   RO           13    i.pm_evt_handler    main.o
    0x00020f0c   0x00000064   Code   RO         1787    i.pm_init           peer_manager.o
    0x00020f70   0x00000018   Code   RO         1788    i.pm_link_secure    peer_manager.o
    0x00020f88   0x00000008   Code   RO         1790    i.pm_local_database_has_changed  peer_manager.o
    0x00020f90   0x00000010   Code   RO         2002    i.pm_mutex_init     pm_mutex.o
    0x00020fa0   0x0000001c   Code   RO         2003    i.pm_mutex_lock     pm_mutex.o
    0x00020fbc   0x00000034   Code   RO         2004    i.pm_mutex_lock_first_available  pm_mutex.o
    0x00020ff0   0x00000018   Code   RO         2005    i.pm_mutex_lock_status_get  pm_mutex.o
    0x00021008   0x00000060   Code   RO         2006    i.pm_mutex_unlock   pm_mutex.o
    0x00021068   0x00000024   Code   RO         1797    i.pm_peer_delete_all  peer_manager.o
    0x0002108c   0x0000002c   Code   RO         1800    i.pm_register       peer_manager.o
    0x000210b8   0x00000020   Code   RO         1802    i.pm_sec_params_set  peer_manager.o
    0x000210d8   0x00000028   Code   RO         2651    i.pstorage_access_status_get  pstorage.o
    0x00021100   0x00000034   Code   RO         3973    i.queue_advance     fstorage.o
    0x00021134   0x0000008c   Code   RO         3974    i.queue_process     fstorage.o
    0x000211c0   0x00000058   Code   RO         3731    i.queue_reserve     fds.o
    0x00021218   0x0000003c   Code   RO          897    i.registered_handler_get  ble_db_discovery.o
    0x00021254   0x0000008c   Code   RO         2411    i.rsc_feature_char_add  ble_rscs.o
    0x000212e0   0x000000b0   Code   RO         2412    i.rsc_measurement_char_add  ble_rscs.o
    0x00021390   0x00000064   Code   RO         2413    i.rsc_measurement_encode  ble_rscs.o
    0x000213f4   0x0000007c   Code   RO           14    i.rscs_c_evt_handler  main.o
    0x00021470   0x00000044   Code   RO         3561    i.rtc1_stop         app_timer.o
    0x000214b4   0x00000038   Code   RO         3140    i.rx_byte           nrf_drv_uart.o
    0x000214ec   0x0000001c   Code   RO         3141    i.rx_done_event     nrf_drv_uart.o
    0x00021508   0x0000001c   Code   RO         3142    i.rx_enable         nrf_drv_uart.o
    0x00021524   0x0000001c   Code   RO           15    i.scan_start        main.o
    0x00021540   0x00000010   Code   RO         4242    i.sd_check_ram_start  softdevice_handler.o
    0x00021550   0x00000046   Code   RO         4179    i.sdk_mapped_flags_bulk_update_by_key  sdk_mapped_flags.o
    0x00021596   0x00000002   PAD
    0x00021598   0x00000028   Code   RO         4180    i.sdk_mapped_flags_first_key_index_get  sdk_mapped_flags.o
    0x000215c0   0x00000010   Code   RO         4181    i.sdk_mapped_flags_get_by_index  sdk_mapped_flags.o
    0x000215d0   0x00000026   Code   RO         4182    i.sdk_mapped_flags_get_by_key  sdk_mapped_flags.o
    0x000215f6   0x00000046   Code   RO         4183    i.sdk_mapped_flags_key_list_get  sdk_mapped_flags.o
    0x0002163c   0x00000020   Code   RO         4184    i.sdk_mapped_flags_n_flags_set  sdk_mapped_flags.o
    0x0002165c   0x0000000e   Code   RO         4185    i.sdk_mapped_flags_update_by_key  sdk_mapped_flags.o
    0x0002166a   0x00000002   PAD
    0x0002166c   0x000000a8   Code   RO         2073    i.sec_info_request_process  security_dispatcher.o
    0x00021714   0x0000006e   Code   RO         2180    i.sec_params_verify  security_manager.o
    0x00021782   0x00000002   PAD
    0x00021784   0x0000004c   Code   RO         2074    i.sec_proc_start    security_dispatcher.o
    0x000217d0   0x0000001c   Code   RO         2075    i.sec_start_send    security_dispatcher.o
    0x000217ec   0x00000098   Code   RO         1002    i.service_changed_pending_flags_check  gatt_cache_manager.o
    0x00021884   0x0000008e   Code   RO          513    i.service_data_encode  ble_advdata.o
    0x00021912   0x00000002   PAD
    0x00021914   0x000000ac   Code   RO           16    i.services_init     main.o
    0x000219c0   0x0000001c   Code   RO         2181    i.sm_ble_evt_handler  security_manager.o
    0x000219dc   0x0000013c   Code   RO         1805    i.sm_evt_handler    peer_manager.o
    0x00021b18   0x00000020   Code   RO         2182    i.sm_link_secure    security_manager.o
    0x00021b38   0x00000090   Code   RO         2183    i.sm_register       security_manager.o
    0x00021bc8   0x00000040   Code   RO         2185    i.sm_sec_params_set  security_manager.o
    0x00021c08   0x000000e0   Code   RO         2076    i.smd_ble_evt_handler  security_dispatcher.o
    0x00021ce8   0x00000010   Code   RO         1003    i.smd_evt_handler   gatt_cache_manager.o
    0x00021cf8   0x00000078   Code   RO         2186    i.smd_evt_handler   security_manager.o
    0x00021d70   0x00000048   Code   RO         2077    i.smd_link_secure   security_dispatcher.o
    0x00021db8   0x00000120   Code   RO         2078    i.smd_params_reply  security_dispatcher.o
    0x00021ed8   0x00000038   Code   RO         2187    i.smd_params_reply_perform  security_manager.o
    0x00021f10   0x00000064   Code   RO         2079    i.smd_register      security_dispatcher.o
    0x00021f74   0x00000014   Code   RO         4243    i.softdevice_ble_evt_handler_set  softdevice_handler.o
    0x00021f88   0x00000014   Code   RO         4244    i.softdevice_enable  softdevice_handler.o
    0x00021f9c   0x00000028   Code   RO         4245    i.softdevice_enable_get_default_config  softdevice_handler.o
    0x00021fc4   0x00000008   Code   RO         4246    i.softdevice_fault_handler  softdevice_handler.o
    0x00021fcc   0x00000030   Code   RO         4247    i.softdevice_handler_init  softdevice_handler.o
    0x00021ffc   0x00000014   Code   RO         4250    i.softdevice_sys_evt_handler_set  softdevice_handler.o
    0x00022010   0x0000017c   Code   RO         3732    i.store_execute     fds.o
    0x0002218c   0x00000010   Code   RO           17    i.sys_evt_dispatch  main.o
    0x0002219c   0x00000084   Code   RO         3562    i.timer_list_handler  app_timer.o
    0x00022220   0x00000010   Code   RO         3563    i.timer_list_handler_sched  app_timer.o
    0x00022230   0x00000040   Code   RO         3564    i.timer_list_insert  app_timer.o
    0x00022270   0x00000080   Code   RO         3565    i.timer_timeouts_check  app_timer.o
    0x000222f0   0x00000044   Code   RO         2363    i.tx_buffer_process  ble_hrs_c.o
    0x00022334   0x00000044   Code   RO         2467    i.tx_buffer_process  ble_rscs_c.o
    0x00022378   0x0000002c   Code   RO         3143    i.tx_byte           nrf_drv_uart.o
    0x000223a4   0x00000020   Code   RO         3144    i.tx_done_event     nrf_drv_uart.o
    0x000223c4   0x00000014   Code   RO         4057    i.uart_error_cb     nrf_log.o
    0x000223d8   0x00000058   Code   RO         2564    i.uart_event_handler  app_uart.o
    0x00022430   0x00000128   Code   RO         3145    i.uart_irq_handler  nrf_drv_uart.o
    0x00022558   0x0000000a   Code   RO          514    i.uint16_encode     ble_advdata.o
    0x00022562   0x00000012   Code   RO         3733    i.update_page_offsets  fds.o
    0x00022574   0x00000064   Code   RO          686    i.update_timeout_handler  ble_conn_params.o
    0x000225d8   0x00000018   Code   RO          769    i.user_flag_is_acquired  ble_conn_state.o
    0x000225f0   0x00000054   Code   RO         3566    i.user_id_get       app_timer.o
    0x00022644   0x00000026   Code   RO         3567    i.user_op_alloc     app_timer.o
    0x0002266a   0x00000030   Code   RO          515    i.uuid_list_encode  ble_advdata.o
    0x0002269a   0x000000ae   Code   RO          516    i.uuid_list_sized_encode  ble_advdata.o
    0x00022748   0x00000010   Code   RO          599    i.whitelist_has_entries  ble_advertising.o
    0x00022758   0x00000034   Code   RO         1592    i.write_buffer_record_find  peer_database.o
    0x0002278c   0x00000024   Code   RO         1593    i.write_buffer_record_invalidate  peer_database.o
    0x000227b0   0x0000002c   Code   RO         1594    i.write_buffer_record_release  peer_database.o
    0x000227dc   0x00000050   Code   RO         3734    i.write_chunks      fds.o
    0x0002282c   0x00000124   Code   RO         3735    i.write_enqueue     fds.o
    0x00022950   0x0000004c   Code   RO         1595    i.write_or_update   peer_database.o
    0x0002299c   0x0000004c   Code   RO         3736    i.write_space_reserve  fds.o
    0x000229e8   0x00000018   Data   RO           19    .constdata          main.o
    0x00022a00   0x0000003c   Data   RO          334    .constdata          bsp.o
    0x00022a3c   0x00000004   Data   RO          689    .constdata          ble_conn_params.o
    0x00022a40   0x00000001   Data   RO         1164    .constdata          gatts_cache_manager.o
    0x00022a41   0x00000003   PAD
    0x00022a44   0x00000010   Data   RO         1165    .constdata          gatts_cache_manager.o
    0x00022a54   0x00000001   Data   RO         1166    .constdata          gatts_cache_manager.o
    0x00022a55   0x00000003   PAD
    0x00022a58   0x00000054   Data   RO         2080    .constdata          security_dispatcher.o
    0x00022aac   0x00000020   Data   RO         2565    .constdata          app_uart.o
    0x00022acc   0x00000020   Data   RO         3147    .constdata          nrf_drv_uart.o
    0x00022aec   0x00000008   Data   RO         3435    .constdata          app_button.o
    0x00022af4   0x00000014   Data   RO         3738    .constdata          fds.o
    0x00022b08   0x0000000c   Data   RO         4059    .constdata          nrf_log.o
    0x00022b14   0x00000020   Data   RO         4417    Region$$Table       anon$$obj.o


    Execution Region RW_IRAM1 (Base: 0x20002f80, Size: 0x000018a8, Max: 0x00005080, ABSOLUTE, COMPRESSED[0x00000024])

    Base Addr    Size         Type   Attr      Idx    E Section Name        Object

    0x20002f80   0x0000001a   Data   RW           20    .data               main.o
    0x20002f9a   0x00000002   PAD
    0x20002f9c   0x00000018   Data   RW          335    .data               bsp.o
    0x20002fb4   0x00000008   Data   RW          427    .data               bsp_btn_ble.o
    0x20002fbc   0x00000004   Data   RW          472    .data               system_nrf51.o
    0x20002fc0   0x0000001f   Data   RW          601    .data               ble_advertising.o
    0x20002fdf   0x00000001   PAD
    0x20002fe0   0x00000014   Data   RW          690    .data               ble_conn_params.o
    0x20002ff4   0x0000000c   Data   RW          899    .data               ble_db_discovery.o
    0x20003000   0x00000008   Data   RW         1004    .data               gatt_cache_manager.o
    0x20003008   0x00000004   Data   RW         1119    .data               gattc_cache_manager.o
    0x2000300c   0x00000008   Data   RW         1167    .data               gatts_cache_manager.o
    0x20003014   0x00000001   Data   RW         1597    .data               peer_database.o
    0x20003015   0x00000003   PAD
    0x20003018   0x00000010   Data   RW         2081    .data               security_dispatcher.o
    0x20003028   0x0000001c   Data   RW         2188    .data               security_manager.o
    0x20003044   0x0000000c   Data   RW         2365    .data               ble_hrs_c.o
    0x20003050   0x0000000c   Data   RW         2469    .data               ble_rscs_c.o
    0x2000305c   0x00000008   Data   RW         2566    .data               app_uart.o
    0x20003064   0x00000024   Data   RW         2676    .data               pstorage.o
    0x20003088   0x00000014   Data   RW         3436    .data               app_button.o
    0x2000309c   0x00000020   Data   RW         3568    .data               app_timer.o
    0x200030bc   0x00000010   Data   RW         3739    .data               fds.o
    0x200030cc   0x00000004   Data   RW         3976    .data               fstorage.o
    0x200030d0   0x00000005   Data   RW         4060    .data               nrf_log.o
    0x200030d5   0x00000003   PAD
    0x200030d8   0x00000014   Data   RW         4251    .data               softdevice_handler.o
    0x200030ec   0x00000010   Data   RW         3740    fs_data             fds.o
    0x200030fc   0x000002fc   Zero   RW           18    .bss                main.o
    0x200033f8   0x00000020   Zero   RW          330    .bss                bsp.o
    0x20003418   0x00000020   Zero   RW          331    .bss                bsp.o
    0x20003438   0x0000000c   Zero   RW          332    .bss                bsp.o
    0x20003444   0x00000020   Zero   RW          333    .bss                bsp.o
    0x20003464   0x00000103   Zero   RW          600    .bss                ble_advertising.o
    0x20003567   0x00000001   PAD
    0x20003568   0x00000020   Zero   RW          687    .bss                ble_conn_params.o
    0x20003588   0x0000001c   Zero   RW          688    .bss                ble_conn_params.o
    0x200035a4   0x00000028   Zero   RW          770    .bss                ble_conn_state.o
    0x200035cc   0x00000098   Zero   RW          898    .bss                ble_db_discovery.o
    0x20003664   0x00000138   Zero   RW         1266    .bss                id_manager.o
    0x2000379c   0x00000020   Zero   RW         1445    .bss                peer_data_storage.o
    0x200037bc   0x00000350   Zero   RW         1596    .bss                peer_database.o
    0x20003b0c   0x00000020   Zero   RW         1735    .bss                peer_id.o
    0x20003b2c   0x00000014   Zero   RW         1806    .bss                peer_manager.o
    0x20003b40   0x000000a0   Zero   RW         2364    .bss                ble_hrs_c.o
    0x20003be0   0x000000a0   Zero   RW         2468    .bss                ble_rscs_c.o
    0x20003c80   0x000000d8   Zero   RW         2674    .bss                pstorage.o
    0x20003d58   0x00000048   Zero   RW         2961    .bss                nrf_drv_gpiote.o
    0x20003da0   0x0000001c   Zero   RW         3146    .bss                nrf_drv_uart.o
    0x20003dbc   0x00000020   Zero   RW         3434    .bss                app_button.o
    0x20003ddc   0x000000ec   Zero   RW         3737    .bss                fds.o
    0x20003ec8   0x00000054   Zero   RW         3975    .bss                fstorage.o
    0x20003f1c   0x0000010b   Zero   RW         4058    .bss                nrf_log.o
    0x20004027   0x00000001   PAD
    0x20004028   0x00000800   Zero   RW          460    STACK               arm_startup_nrf51.o


==============================================================================

Image component sizes


      Code (inc. data)   RO Data    RW Data    ZI Data      Debug   Object Name

       328         34          8         20         32      11926   app_button.o
        52         16          0          0          0       9319   app_error.o
      1696        152          0         32          0      29403   app_timer.o
       220         18         32          8          0      11633   app_uart.o
        56         18        192          0       2048        748   arm_startup_nrf51.o
      1588          6          0          0          0      19752   ble_advdata.o
       998         34          0         31        259      13713   ble_advertising.o
       460         58          4         20         60      13564   ble_conn_params.o
       552         56          0          0         40      11885   ble_conn_state.o
      1338         78          0         12        152      16119   ble_db_discovery.o
       708         22          0          0          0       8722   ble_hrs.o
       392         44          0         12        160       8509   ble_hrs_c.o
       680         20          0          0          0      11378   ble_rscs.o
       476         44          0         12        160       9244   ble_rscs_c.o
      1000        102         60         24        108       9456   bsp.o
       144          4          0          8          0       3595   bsp_btn_ble.o
      3386        312         20         32        236      42954   fds.o
       818         80          0          4         84      10710   fstorage.o
       982         90          0          8          0      20462   gatt_cache_manager.o
        64         16          0          4          0       2616   gattc_cache_manager.o
       574         74         18          8          0      14399   gatts_cache_manager.o
      1224         86          0          0        312      17312   id_manager.o
      1856        168         24         26        764     121523   main.o
        96         18          0          0          0       8648   nrf_drv_common.o
       960        128          0          0         72      21380   nrf_drv_gpiote.o
      1048        124         32          0         28      23238   nrf_drv_uart.o
        96         16         12          5        267       6217   nrf_log.o
        92          8          0          0          0       7186   peer_data.o
      1482        110          0          0         32      22885   peer_data_storage.o
      1638        134          0          1        848      26605   peer_database.o
       192         34          0          0         32       4566   peer_id.o
       964         96          0          0         20      22342   peer_manager.o
       248          0          0          0          0       4227   pm_buffer.o
       374          8          0          0          0      13001   pm_mutex.o
        40         10          0         36        216      10597   pstorage.o
       280          6          0          0          0       8039   sdk_mapped_flags.o
      1904        110         84         16          0      20090   security_dispatcher.o
      1114         92          0         28          0      16412   security_manager.o
       324         36          0         20          0       9796   softdevice_handler.o
       156         26          0          4          0       2303   system_nrf51.o

    ----------------------------------------------------------------------
     30650       2488        524        380       5932     646474   Object Totals
         0          0         32          0          0          0   (incl. Generated)
        50          0          6          9          2          0   (incl. Padding)

    ----------------------------------------------------------------------

      Code (inc. data)   RO Data    RW Data    ZI Data      Debug   Library Member Name

        86          0          0          0          0          0   __dczerorl2.o
         0          0          0          0          0          0   entry.o
         0          0          0          0          0          0   entry10a.o
         0          0          0          0          0          0   entry11a.o
         8          4          0          0          0          0   entry2.o
         4          0          0          0          0          0   entry5.o
         0          0          0          0          0          0   entry7b.o
         0          0          0          0          0          0   entry8b.o
         8          4          0          0          0          0   entry9a.o
        30          0          0          0          0          0   handlers.o
        36          8          0          0          0         68   init.o
        26          0          0          0          0         72   memcmp.o
        64          0          0          0          0         68   memmovea.o
        36          0          0          0          0        100   memseta.o
        44          0          0          0          0         72   uidiv.o
        20          0          0          0          0         60   uread4.o

    ----------------------------------------------------------------------
       366         16          0          0          0        440   Library Totals
         4          0          0          0          0          0   (incl. Padding)

    ----------------------------------------------------------------------

      Code (inc. data)   RO Data    RW Data    ZI Data      Debug   Library Name

       362         16          0          0          0        440   mc_p.l

    ----------------------------------------------------------------------
       366         16          0          0          0        440   Library Totals

    ----------------------------------------------------------------------

==============================================================================


      Code (inc. data)   RO Data    RW Data    ZI Data      Debug   

     31016       2504        524        380       5932     631114   Grand Totals
     31016       2504        524         36       5932     631114   ELF Image Totals (compressed)
     31016       2504        524         36          0          0   ROM Totals

==============================================================================

    Total RO  Size (Code + RO Data)                31540 (  30.80kB)
    Total RW  Size (RW Data + ZI Data)              6312 (   6.16kB)
    Total ROM Size (Code + RO Data + RW Data)      31576 (  30.84kB)

==============================================================================

